
1D Advection-Reaction Test Problem

Number of Processors = 4
Mesh Info:
  NX = 100, NXL = 25, dx = 0.010000, xmax = 1.000000
Problem Parameters:
  A = 1
  B = 3.5
  k = 1
  c = 0.01
Integrator Options:
  order            = 3
  method           = imex
  fused vector ops = 0
  t0               = 0
  tf               = 10
  reltol           = 1.0e-06
  abstol           = 1.0e-09
  nout             = 40
  nonlinear solver = global
Output directory: .

          t         ||u||_rms   ||v||_rms   ||w||_rms
   ----------------------------------------------------
       0.000000     1.060205     3.559930     3.059949
       0.250000     1.134977     3.463305     3.499974
       0.500000     1.251257     3.307478     3.499895
       0.750000     1.421771     3.076176     3.500021
       1.000000     1.617966     2.789700     3.499924
       1.250000     1.738606     2.525649     3.499881
       1.500000     1.724309     2.346654     3.499958
       1.750000     1.609329     2.267415     3.499974
       2.000000     1.441936     2.284800     3.500169
       2.250000     1.254548     2.387118     3.499966
       2.500000     1.067860     2.552985     3.499980
       2.750000     0.894918     2.755798     3.499996
       3.000000     0.742704     2.972704     3.500006
       3.250000     0.614432     3.189677     3.499910
       3.500000     0.511713     3.400288     3.500089
       3.750000     0.435032     3.602341     3.499969
       4.000000     0.382893     3.795601     3.499896
       4.250000     0.351273     3.980783     3.499993
       4.500000     0.334679     4.159056     3.500124
       4.750000     0.328001     4.331666     3.499963
       5.000000     0.327577     4.499576     3.500305
       5.250000     0.331182     4.663347     3.500008
       5.500000     0.337620     4.823153     3.500230
       5.750000     0.346346     4.978832     3.500273
       6.000000     0.357244     5.129924     3.499922
       6.250000     0.370526     5.275645     3.500232
       6.500000     0.386740     5.414794     3.500075
       6.750000     0.406895     5.545536     3.499910
       7.000000     0.432796     5.664927     3.499997
       7.250000     0.467852     5.767874     3.500058
       7.500000     0.519318     5.844470     3.499868
       7.750000     0.605981     5.871567     3.499926
       8.000000     0.797124     5.775371     3.499977
       8.250000     1.628607     5.135226     3.499969
       8.500000     3.774953     3.499496     3.499955
       8.750000     4.025834     2.194943     3.499863
       9.000000     3.877408     0.967643     3.499993
       9.250000     3.148971     1.087201     3.500018
       9.500000     2.471616     1.322834     3.499913
       9.750000     1.912391     1.594879     3.499999
      10.000000     1.450302     1.896118     3.500006

Final Solver Statistics (for processor 0):
   Internal solver steps = 12891 (attempted = 14043)
   Total RHS evals:  Fe = 55023,  Fi = 144886
   Total number of error test failures = 1152
   Total number of nonlinear solver convergence failures = 1
   Total number of nonlinear iterations = 89863
   Total number of linear iterations = 307651
   Total number of preconditioner setups = 226
   Total number of preconditioner solves = 397514
