
Nonlinear Kvaerno-Prothero-Robinson test problem with mass matrix:
    time domain:  (-3,7]
    Time-dependent mass matrix
    DIRK solver, order = 4
    Newton nonlinear solver
    Adaptive run with reltol = 1e-05, abstol = 1e-11
    G =     -100
    g =       10
    e =      0.5

        t           u           v       uerr      verr
   ------------------------------------------------------
   -3.000000    0.710636    1.363407  0.00e+00  0.00e+00
   -2.900000    0.717304    1.326931  2.44e-06  2.26e-06
   -2.800000    0.727248    1.290352  1.79e-07  1.79e-06
   -2.700000    0.740246    1.254040  3.58e-07  1.19e-06
   -2.600000    0.756013    1.218399  2.38e-07  8.34e-07
   -2.500000    0.774229    1.183861  1.13e-06  3.58e-07
   -2.400001    0.794546    1.150886  3.58e-07  2.38e-07
   -2.300001    0.816617    1.119955  6.56e-07  1.31e-06
   -2.200001    0.840090    1.091564  7.75e-07  3.58e-06
   -2.100001    0.864624    1.066209  6.56e-07  4.65e-06
   -2.000001    0.889903    1.044372  2.38e-07  4.77e-06
   -1.900001    0.915616    1.026504  8.34e-07  4.89e-06
   -1.800001    0.941488    1.012997  6.56e-07  4.65e-06
   -1.700001    0.967253    1.004163  4.17e-07  4.17e-06
   -1.600001    0.992672    1.000218  8.34e-07  4.41e-06
   -1.500001    1.017531    1.001257  1.19e-07  5.48e-06
   -1.400001    1.041626    1.007255  3.58e-07  6.56e-06
   -1.300001    1.064776    1.018064  1.19e-07  6.44e-06
   -1.200001    1.086820    1.033428  2.38e-07  5.84e-06
   -1.100001    1.107609    1.052998  3.58e-07  5.60e-06
   -1.000001    1.127009    1.076355  4.77e-07  5.48e-06
   -0.900001    1.144906    1.103034  1.91e-06  5.01e-06
   -0.800001    1.161186    1.132545  5.96e-07  6.56e-06
   -0.700001    1.175764    1.164388  2.38e-07  7.63e-06
   -0.600001    1.188563    1.198064  6.32e-06  1.19e-07
   -0.500001    1.199510    1.233114  1.35e-05  1.07e-06
   -0.400001    1.208533    1.269093  8.58e-06  6.32e-06
   -0.300001    1.215595    1.305563  8.34e-07  6.08e-06
   -0.200001    1.220669    1.342142  0.00e+00  5.96e-06
   -0.100001    1.223724    1.378467  1.19e-06  2.38e-06
   -0.000001    1.224744    1.414213  8.34e-07  0.00e+00
    0.099999    1.223725    1.449084  5.96e-07  4.41e-06
    0.199999    1.220669    1.482795  0.00e+00  4.17e-06
    0.299999    1.215594    1.515101  2.38e-07  3.58e-06
    0.399999    1.208524    1.545778  0.00e+00  3.46e-06
    0.499999    1.199496    1.574622  3.58e-07  2.98e-06
    0.599999    1.188557    1.601452  5.96e-07  2.26e-06
    0.699999    1.175764    1.626107  1.19e-07  2.15e-06
    0.799999    1.161186    1.648442  3.58e-07  1.43e-06
    0.899999    1.144904    1.668329  4.77e-07  1.91e-06
    0.999999    1.127010    1.685663  3.58e-07  2.86e-06
    1.099999    1.107611    1.700352  1.55e-06  2.98e-06
    1.199999    1.086820    1.712316  2.38e-07  3.58e-06
    1.299999    1.064778    1.721494  1.07e-06  4.41e-06
    1.399999    1.041625    1.727840  1.19e-07  5.60e-06
    1.500000    1.017531    1.731319  0.00e+00  8.58e-06
    1.600000    0.992673    1.731919  1.19e-07  9.06e-06
    1.700000    0.967253    1.729634  2.38e-07  8.58e-06
    1.800000    0.941488    1.724476  5.96e-08  8.46e-06
    1.900000    0.915617    1.716471  1.19e-07  8.11e-06
    2.000000    0.889903    1.705659  0.00e+00  7.27e-06
    2.100000    0.864625    1.692095  1.79e-07  6.68e-06
    2.200000    0.840089    1.675850  1.19e-07  6.68e-06
    2.299999    0.816615    1.657011  8.94e-07  6.08e-06
    2.399999    0.794546    1.635679  3.58e-07  5.84e-06
    2.499999    0.774226    1.611973  1.61e-06  5.25e-06
    2.599999    0.756012    1.586029  1.55e-06  4.89e-06
    2.699999    0.740247    1.558000  6.56e-07  5.48e-06
    2.799999    0.727243    1.528062  4.71e-06  5.01e-06
    2.899999    0.717304    1.496407  2.62e-06  5.36e-06
    2.999999    0.710628    1.463252  8.64e-06  5.36e-06
    3.099999    0.707420    1.428835  7.33e-06  4.53e-06
    3.199999    0.707737    1.393414  2.72e-05  9.06e-06
    3.299999    0.711529    1.357291  9.18e-06  6.08e-06
    3.399998    0.718750    1.320777  5.96e-07  3.22e-06
    3.499998    0.729227    1.284216  8.94e-07  2.86e-06
    3.599998    0.742712    1.247989  7.75e-07  1.91e-06
    3.699998    0.758914    1.212503  1.79e-07  4.77e-07
    3.799998    0.777506    1.178195  1.19e-07  2.38e-07
    3.899998    0.798144    1.145529  0.00e+00  2.38e-07
    3.999998    0.820474    1.114989  1.79e-07  7.15e-07
    4.099998    0.844149    1.087072  1.19e-07  1.19e-06
    4.199998    0.868832    1.062276  5.96e-07  1.91e-06
    4.299998    0.894203    1.041076  2.38e-07  2.50e-06
    4.399998    0.919964    1.023916  2.38e-07  2.74e-06
    4.499998    0.945834    1.011176  1.79e-07  3.34e-06
    4.599998    0.971557    1.003156  7.75e-07  6.44e-06
    4.699997    0.996897    1.000045  2.98e-07  6.91e-06
    4.799997    1.021640    1.001923  1.19e-07  7.27e-06
    4.899997    1.045588    1.008743  2.38e-07  7.75e-06
    4.999997    1.068565    1.020338  2.38e-07  7.63e-06
    5.099997    1.090407    1.036436  0.00e+00  7.27e-06
    5.199997    1.110973    1.056674  1.79e-06  7.63e-06
    5.299997    1.130126    1.080623  4.77e-07  7.39e-06
    5.399997    1.147756    1.107815  2.38e-07  8.82e-06
    5.499997    1.163758    1.137752  1.19e-07  1.01e-05
    5.599997    1.178042    1.169937  3.58e-07  9.78e-06
    5.699996    1.190529    1.203882  2.03e-06  8.58e-06
    5.799996    1.201148    1.239116  1.07e-06  5.48e-06
    5.899996    1.209854    1.275200  3.70e-06  5.72e-06
    5.999996    1.216587    1.311716  5.96e-07  6.44e-06
    6.099996    1.221325    1.348276  1.19e-07  5.84e-06
    6.199996    1.224038    1.384528  8.34e-07  4.05e-06
    6.299996    1.224713    1.420140  3.46e-06  4.65e-06
    6.399996    1.223351    1.454831  1.67e-06  3.70e-06
    6.499996    1.219958    1.488331  1.19e-06  4.89e-06
    6.599996    1.214544    1.520379  2.38e-07  4.77e-06
    6.699996    1.207142    1.550761  3.58e-07  4.41e-06
    6.799995    1.197790    1.579279  1.19e-07  3.58e-06
    6.899995    1.186534    1.605754  5.96e-07  3.22e-06
    6.999995    1.173435    1.630028  1.07e-06  2.86e-06
   ------------------------------------------------------

Final Solver Statistics:
   Internal solver steps = 125 (attempted = 180)
   Total number of error test failures = 0
   Total RHS evals:  Fe = 0,  Fi = 4006
   Total mass matrix setups = 818
   Total mass matrix solves = 763
   Total mass times evals = 3368
   Total number of Jacobian evaluations = 348
   Total linear solver setups = 416
   Total number of Nonlinear iterations = 3243
   Total number of Nonlinear convergence failures = 347
   Errors: u = 3.67893e-06, v = 5.26677e-06, total = 4.54277e-06
