
Nonlinear Kvaerno-Prothero-Robinson test problem with mass matrix:
    time domain:  (-3,7]
    Fixed mass matrix
    ARK solver, order = 4
    Newton nonlinear solver
    Adaptive run with reltol = 1e-05, abstol = 1e-11
    G =      -10
    g =       10
    e =      0.5

        t           u           v       uerr      verr
   ------------------------------------------------------
   -3.000000    0.710636    1.363407  0.00e+00  0.00e+00
   -2.900000    0.717304    1.326932  2.50e-06  3.58e-07
   -2.800000    0.727266    1.290350  1.90e-05  3.34e-06
   -2.700000    0.740302    1.254035  5.61e-05  6.20e-06
   -2.600000    0.756057    1.218398  4.39e-05  2.38e-06
   -2.500000    0.774265    1.183858  3.76e-05  3.81e-06
   -2.400001    0.794599    1.150884  5.36e-05  1.79e-06
   -2.300001    0.816647    1.119955  3.11e-05  1.67e-06
   -2.200001    0.840115    1.091566  2.60e-05  5.84e-06
   -2.100001    0.864660    1.066210  3.50e-05  6.08e-06
   -2.000001    0.889919    1.044378  1.65e-05  1.06e-05
   -1.900001    0.915622    1.026526  5.30e-06  2.68e-05
   -1.800001    0.941497    1.013008  9.48e-06  1.56e-05
   -1.700001    0.967257    1.004168  4.65e-06  8.94e-06
   -1.600001    0.992641    1.000275  3.20e-05  6.15e-05
   -1.500001    1.017465    1.001326  6.57e-05  7.46e-05
   -1.400001    1.041559    1.007276  6.68e-05  2.73e-05
   -1.300001    1.064736    1.018071  4.07e-05  1.32e-05
   -1.200001    1.086711    1.033478  1.09e-04  5.64e-05
   -1.100001    1.107392    1.053069  2.17e-04  7.70e-05
   -1.000001    1.126731    1.076407  2.79e-04  5.70e-05
   -0.900001    1.144682    1.103052  2.22e-04  2.32e-05
   -0.800001    1.161075    1.132547  1.11e-04  8.46e-06
   -0.700001    1.175602    1.164379  1.62e-04  1.43e-06
   -0.600001    1.188297    1.198068  2.60e-04  4.05e-06
   -0.500001    1.199208    1.233135  2.88e-04  1.99e-05
   -0.400001    1.208368    1.269105  1.56e-04  1.80e-05
   -0.300001    1.215480    1.305556  1.13e-04  5.96e-07
   -0.200001    1.220496    1.342133  1.73e-04  3.70e-06
   -0.100001    1.223511    1.378475  2.13e-04  1.00e-05
   -0.000001    1.224616    1.414227  1.29e-04  1.32e-05
    0.099999    1.223630    1.449079  9.51e-05  7.15e-07
    0.199999    1.220520    1.482787  1.49e-04  3.58e-06
    0.299999    1.215410    1.515103  1.83e-04  6.08e-06
    0.399999    1.208415    1.545782  1.09e-04  7.63e-06
    0.499999    1.199411    1.574616  8.55e-05  2.98e-06
    0.599999    1.188423    1.601445  1.34e-04  4.65e-06
    0.699999    1.175604    1.626108  1.60e-04  3.22e-06
    0.799999    1.161095    1.648444  9.18e-05  3.34e-06
    0.899999    1.144829    1.668326  7.53e-05  3.93e-06
    0.999999    1.126894    1.685664  1.15e-04  2.50e-06
    1.099999    1.107476    1.700361  1.34e-04  6.20e-06
    1.199999    1.086746    1.712326  7.47e-05  6.08e-06
    1.299999    1.064717    1.721496  6.02e-05  2.38e-06
    1.399999    1.041538    1.727841  8.80e-05  4.17e-06
    1.500000    1.017432    1.731330  9.89e-05  2.86e-06
    1.600000    0.992618    1.731931  5.58e-05  3.70e-06
    1.700000    0.967216    1.729637  3.64e-05  5.60e-06
    1.800000    0.941445    1.724476  4.25e-05  9.30e-06
    1.900000    0.915575    1.716476  4.21e-05  3.46e-06
    2.000000    0.889879    1.705668  2.40e-05  1.67e-06
    2.100000    0.864616    1.692103  9.06e-06  9.54e-07
    2.200000    0.840084    1.675857  4.95e-06  3.58e-07
    2.299999    0.816667    1.657002  5.05e-05  1.51e-05
    2.399999    0.794754    1.635635  2.08e-04  4.94e-05
    2.499999    0.774615    1.611906  3.87e-04  7.20e-05
    2.599999    0.756516    1.585965  5.03e-04  6.84e-05
    2.699999    0.740725    1.557963  4.79e-04  4.28e-05
    2.799999    0.727511    1.528049  2.64e-04  1.79e-05
    2.899999    0.717400    1.496404  9.91e-05  8.58e-06
    2.999999    0.710673    1.463252  3.73e-05  4.89e-06
    3.099999    0.707468    1.428831  5.57e-05  8.82e-06
    3.199999    0.707811    1.393411  1.02e-04  1.18e-05
    3.299999    0.711597    1.357291  7.74e-05  6.68e-06
    3.399998    0.718816    1.320772  6.65e-05  7.99e-06
    3.499998    0.729325    1.284212  9.87e-05  6.56e-06
    3.599998    0.742782    1.247991  7.02e-05  2.38e-07
    3.699998    0.758964    1.212500  5.05e-05  3.93e-06
    3.799998    0.777570    1.178189  6.45e-05  6.44e-06
    3.899998    0.798181    1.145525  3.75e-05  3.81e-06
    3.999998    0.820506    1.114985  3.18e-05  3.10e-06
    4.099998    0.844190    1.087068  4.10e-05  3.10e-06
    4.199998    0.868852    1.062275  1.97e-05  1.55e-06
    4.299998    0.894216    1.041086  1.32e-05  1.19e-05
    4.399998    0.919983    1.023916  1.99e-05  2.86e-06
    4.499998    0.945840    1.011180  6.91e-06  6.79e-06
    4.599998    0.971535    1.003197  2.15e-05  4.76e-05
    4.699997    0.996861    1.000080  3.60e-05  4.17e-05
    4.799997    1.021614    1.001918  2.63e-05  2.03e-06
    4.899997    1.045531    1.008779  5.76e-05  4.36e-05
    4.999997    1.068375    1.020457  1.89e-04  1.26e-04
    5.099997    1.090080    1.036578  3.27e-04  1.50e-04
    5.199997    1.110583    1.056768  3.88e-04  1.01e-04
    5.299997    1.129820    1.080650  3.07e-04  3.41e-05
    5.399997    1.147622    1.107820  1.35e-04  1.43e-05
    5.499997    1.163623    1.137748  1.36e-04  6.20e-06
    5.599997    1.177839    1.169936  2.03e-04  7.87e-06
    5.699996    1.190316    1.203889  2.11e-04  1.55e-05
    5.799996    1.201043    1.239117  1.06e-04  6.68e-06
    5.899996    1.209728    1.275185  1.22e-04  9.18e-06
    5.999996    1.216390    1.311702  1.97e-04  7.39e-06
    6.099996    1.221108    1.348279  2.16e-04  7.87e-06
    6.199996    1.223927    1.384529  1.12e-04  5.25e-06
    6.299996    1.224611    1.420138  1.06e-04  6.68e-06
    6.399996    1.223189    1.454831  1.65e-04  4.17e-06
    6.499996    1.219775    1.488335  1.82e-04  8.70e-06
    6.599996    1.214450    1.520380  9.42e-05  6.08e-06
    6.699996    1.207046    1.550754  9.58e-05  2.62e-06
    6.799995    1.197640    1.579275  1.49e-04  3.58e-07
    6.899995    1.186375    1.605761  1.60e-04  1.03e-05
    6.999995    1.173355    1.630032  8.13e-05  6.20e-06
   ------------------------------------------------------

Final Solver Statistics:
   Internal solver steps = 32 (attempted = 37)
   Total number of error test failures = 4
   Total RHS evals:  Fe = 256,  Fi = 615
   Total mass matrix setups = 225
   Total mass matrix solves = 289
   Total mass times evals = 612
   Total number of Jacobian evaluations = 10
   Total linear solver setups = 22
   Total number of Nonlinear iterations = 580
   Total number of Nonlinear convergence failures = 9
   Errors: u = 0.000152649, v = 3.13354e-05, total = 0.00011019
