
Nonlinear Kvaerno-Prothero-Robinson test problem with mass matrix:
    time domain:  (-3,7]
    Time-dependent mass matrix
    ARK solver, order = 5
    Newton nonlinear solver
    Adaptive run with reltol = 1e-05, abstol = 1e-11
    G =     -100
    g =       10
    e =      0.5

        t           u           v       uerr      verr
   ------------------------------------------------------
   -3.000000    0.710636    1.363407  0.00e+00  0.00e+00
   -2.900000    0.717293    1.326933  7.93e-06  0.00e+00
   -2.800000    0.727232    1.290353  1.50e-05  2.38e-07
   -2.700000    0.740238    1.254042  7.99e-06  1.19e-07
   -2.600000    0.756007    1.218400  5.54e-06  0.00e+00
   -2.500000    0.774214    1.183862  1.34e-05  3.58e-07
   -2.400001    0.794542    1.150886  3.40e-06  2.38e-07
   -2.300001    0.816594    1.119953  2.16e-05  1.19e-07
   -2.200001    0.840079    1.091560  9.60e-06  0.00e+00
   -2.100001    0.864624    1.066205  1.25e-06  8.34e-07
   -2.000001    0.889895    1.044368  6.85e-06  2.38e-07
   -1.900001    0.915608    1.026499  9.42e-06  2.38e-07
   -1.800001    0.941486    1.012992  8.94e-07  0.00e+00
   -1.700001    0.967248    1.004159  4.95e-06  1.19e-07
   -1.600001    0.992673    1.000213  2.98e-07  2.38e-07
   -1.500001    1.017531    1.001251  9.54e-07  7.15e-07
   -1.400001    1.041627    1.007248  1.91e-06  4.77e-07
   -1.300001    1.064779    1.018057  2.03e-06  4.77e-07
   -1.200001    1.086823    1.033421  2.62e-06  5.96e-07
   -1.100001    1.107613    1.052992  3.58e-06  5.96e-07
   -1.000001    1.127018    1.076349  8.70e-06  5.96e-07
   -0.900001    1.144920    1.103028  1.67e-05  5.96e-07
   -0.800001    1.161210    1.132538  2.38e-05  5.96e-07
   -0.700001    1.175798    1.164380  3.37e-05  3.58e-07
   -0.600001    1.188581    1.198063  2.37e-05  4.77e-07
   -0.500001    1.199506    1.233115  9.66e-06  4.77e-07
   -0.400001    1.208529    1.269087  5.13e-06  1.19e-07
   -0.300001    1.215612    1.305557  1.79e-05  1.19e-07
   -0.200001    1.220707    1.342136  3.76e-05  2.38e-07
   -0.100001    1.223750    1.378465  2.52e-05  1.19e-07
   -0.000001    1.224749    1.414213  3.93e-06  2.38e-07
    0.099999    1.223735    1.449080  1.01e-05  0.00e+00
    0.199999    1.220692    1.482791  2.24e-05  1.19e-07
    0.299999    1.215624    1.515097  2.99e-05  2.38e-07
    0.399999    1.208535    1.545774  1.12e-05  1.19e-07
    0.499999    1.199501    1.574619  4.89e-06  0.00e+00
    0.599999    1.188577    1.601450  2.03e-05  2.38e-07
    0.699999    1.175789    1.626105  2.50e-05  0.00e+00
    0.799999    1.161209    1.648440  2.29e-05  4.77e-07
    0.899999    1.144912    1.668331  7.75e-06  2.38e-07
    0.999999    1.127013    1.685666  2.86e-06  1.19e-07
    1.099999    1.107618    1.700355  8.82e-06  2.38e-07
    1.199999    1.086835    1.712319  1.42e-05  4.77e-07
    1.299999    1.064786    1.721498  9.30e-06  4.77e-07
    1.399999    1.041655    1.727844  2.92e-05  9.54e-07
    1.500000    1.017554    1.731327  2.36e-05  8.34e-07
    1.600000    0.992699    1.731927  2.52e-05  9.54e-07
    1.700000    0.967275    1.729642  2.21e-05  8.34e-07
    1.800000    0.941509    1.724484  2.10e-05  5.96e-07
    1.900000    0.915618    1.716478  8.34e-07  5.96e-07
    2.000000    0.889873    1.705666  2.96e-05  0.00e+00
    2.100000    0.864626    1.692102  9.54e-07  3.58e-07
    2.200000    0.840086    1.675857  2.62e-06  1.19e-07
    2.299999    0.816614    1.657017  2.56e-06  1.19e-07
    2.399999    0.794537    1.635684  9.12e-06  5.96e-07
    2.499999    0.774201    1.611978  2.71e-05  2.38e-07
    2.599999    0.755996    1.586033  1.70e-05  4.77e-07
    2.699999    0.740235    1.558005  1.08e-05  3.58e-07
    2.799999    0.727232    1.528067  1.51e-05  0.00e+00
    2.899999    0.717287    1.496412  1.47e-05  1.19e-07
    2.999999    0.710633    1.463257  3.04e-06  2.38e-07
    3.099999    0.707401    1.428839  1.17e-05  1.19e-07
    3.199999    0.707694    1.393423  1.55e-05  2.38e-07
    3.299999    0.711512    1.357297  7.87e-06  1.19e-07
    3.399998    0.718746    1.320780  3.22e-06  2.38e-07
    3.499998    0.729214    1.284219  1.29e-05  3.58e-07
    3.599998    0.742698    1.247990  1.39e-05  3.58e-07
    3.699998    0.758911    1.212503  2.38e-06  3.58e-07
    3.799998    0.777491    1.178195  1.48e-05  3.58e-07
    3.899998    0.798140    1.145528  4.05e-06  4.77e-07
    3.999998    0.820451    1.114988  2.32e-05  3.58e-07
    4.099998    0.844142    1.087071  6.56e-06  3.58e-07
    4.199998    0.868829    1.062273  2.68e-06  2.38e-07
    4.299998    0.894195    1.041074  8.64e-06  1.19e-07
    4.399998    0.919953    1.023913  9.89e-06  2.38e-07
    4.499998    0.945833    1.011172  4.77e-07  4.77e-07
    4.599998    0.971560    1.003149  2.80e-06  3.58e-07
    4.699997    0.996894    1.000038  3.64e-06  4.77e-07
    4.799997    1.021655    1.001915  1.49e-05  5.96e-07
    4.899997    1.045593    1.008735  4.29e-06  4.77e-07
    4.999997    1.068566    1.020330  2.15e-06  3.58e-07
    5.099997    1.090411    1.036429  4.17e-06  0.00e+00
    5.199997    1.110975    1.056666  3.93e-06  1.19e-07
    5.299997    1.130130    1.080616  3.93e-06  1.19e-07
    5.399997    1.147765    1.107805  8.58e-06  3.58e-07
    5.499997    1.163783    1.137742  2.49e-05  2.38e-07
    5.599997    1.178073    1.169927  3.16e-05  2.38e-07
    5.699996    1.190557    1.203874  2.97e-05  1.19e-07
    5.799996    1.201162    1.239111  1.30e-05  2.38e-07
    5.899996    1.209854    1.275194  3.46e-06  2.38e-07
    5.999996    1.216606    1.311709  1.87e-05  0.00e+00
    6.099996    1.221355    1.348271  3.03e-05  0.00e+00
    6.199996    1.224067    1.384524  2.86e-05  0.00e+00
    6.299996    1.224723    1.420144  7.39e-06  3.58e-07
    6.399996    1.223361    1.454835  7.99e-06  1.19e-07
    6.499996    1.219981    1.488326  2.47e-05  2.38e-07
    6.599996    1.214578    1.520374  3.36e-05  3.58e-07
    6.699996    1.207157    1.550757  1.47e-05  1.19e-07
    6.799995    1.197793    1.579275  3.22e-06  2.38e-07
    6.899995    1.186553    1.605751  1.85e-05  2.38e-07
    6.999995    1.173462    1.630025  2.60e-05  3.58e-07
   ------------------------------------------------------

Final Solver Statistics:
   Internal solver steps = 130 (attempted = 134)
   Total number of error test failures = 0
   Total RHS evals:  Fe = 1165,  Fi = 4347
   Total mass matrix setups = 1037
   Total mass matrix solves = 2228
   Total mass times evals = 3312
   Total number of Jacobian evaluations = 196
   Total linear solver setups = 209
   Total number of Nonlinear iterations = 3182
   Total number of Nonlinear convergence failures = 195
   Errors: u = 1.6029e-05, v = 3.74704e-07, total = 1.13373e-05
