
Nonlinear Kvaerno-Prothero-Robinson test problem with mass matrix:
    time domain:  (-3,7]
    Time-dependent mass matrix
    ARK solver, order = 4
    Newton nonlinear solver
    Adaptive run with reltol = 1e-05, abstol = 1e-11
    G =      -10
    g =       10
    e =      0.5

        t           u           v       uerr      verr
   ------------------------------------------------------
   -3.000000    0.710636    1.363407  0.00e+00  0.00e+00
   -2.900000    0.717305    1.326932  3.99e-06  3.58e-07
   -2.800000    0.727273    1.290350  2.57e-05  3.70e-06
   -2.700000    0.740283    1.254039  3.69e-05  2.62e-06
   -2.600000    0.756041    1.218397  2.77e-05  3.46e-06
   -2.500000    0.774279    1.183856  5.13e-05  5.25e-06
   -2.400001    0.794590    1.150884  4.41e-05  1.91e-06
   -2.300001    0.816633    1.119954  1.68e-05  3.58e-07
   -2.200001    0.840096    1.091563  7.69e-06  2.26e-06
   -2.100001    0.864630    1.066208  4.47e-06  4.29e-06
   -2.000001    0.889906    1.044374  3.16e-06  6.44e-06
   -1.900001    0.915620    1.026507  2.68e-06  8.23e-06
   -1.800001    0.941489    1.013001  1.19e-06  8.70e-06
   -1.700001    0.967253    1.004168  7.75e-07  8.82e-06
   -1.600001    0.992673    1.000222  1.19e-07  9.06e-06
   -1.500001    1.017530    1.001261  0.00e+00  8.94e-06
   -1.400001    1.041624    1.007259  1.67e-06  9.78e-06
   -1.300001    1.064775    1.018068  1.31e-06  1.05e-05
   -1.200001    1.086818    1.033434  2.50e-06  1.24e-05
   -1.100001    1.107607    1.053006  2.50e-06  1.39e-05
   -1.000001    1.126968    1.076367  4.20e-05  1.79e-05
   -0.900001    1.144769    1.103052  1.35e-04  2.34e-05
   -0.800001    1.160987    1.132563  1.99e-04  2.41e-05
   -0.700001    1.175597    1.164401  1.67e-04  2.09e-05
   -0.600001    1.188468    1.198071  8.86e-05  7.39e-06
   -0.500001    1.199360    1.233112  1.36e-04  3.93e-06
   -0.400001    1.208319    1.269090  2.06e-04  2.98e-06
   -0.300001    1.215401    1.305574  1.93e-04  1.66e-05
   -0.200001    1.220574    1.342143  9.49e-05  6.44e-06
   -0.100001    1.223604    1.378460  1.21e-04  5.25e-06
   -0.000001    1.224563    1.414214  1.82e-04  2.38e-07
    0.099999    1.223551    1.449092  1.73e-04  1.20e-05
    0.199999    1.220582    1.482795  8.71e-05  3.93e-06
    0.299999    1.215480    1.515093  1.14e-04  4.65e-06
    0.399999    1.208355    1.545774  1.69e-04  1.19e-07
    0.499999    1.199341    1.574627  1.55e-04  8.46e-06
    0.599999    1.188478    1.601451  7.90e-05  5.96e-07
    0.699999    1.175660    1.626099  1.04e-04  5.96e-06
    0.799999    1.161037    1.648439  1.50e-04  1.43e-06
    0.899999    1.144773    1.668335  1.31e-04  4.77e-06
    0.999999    1.126956    1.685665  5.34e-05  1.43e-06
    1.099999    1.107587    1.700349  2.23e-05  5.96e-06
    1.199999    1.086811    1.712311  1.00e-05  9.18e-06
    1.299999    1.064771    1.721487  5.60e-06  1.20e-05
    1.399999    1.041623    1.727833  2.26e-06  1.24e-05
    1.500000    1.017528    1.731316  2.74e-06  1.18e-05
    1.600000    0.992673    1.731917  3.58e-07  1.12e-05
    1.700000    0.967252    1.729632  2.98e-07  1.11e-05
    1.800000    0.941488    1.724474  1.79e-07  1.08e-05
    1.900000    0.915616    1.716468  1.31e-06  1.14e-05
    2.000000    0.889901    1.705654  1.37e-06  1.25e-05
    2.100000    0.864626    1.692089  2.98e-07  1.28e-05
    2.200000    0.840090    1.675844  1.07e-06  1.28e-05
    2.299999    0.816618    1.657004  1.55e-06  1.28e-05
    2.399999    0.794548    1.635672  1.79e-06  1.28e-05
    2.499999    0.774229    1.611965  1.37e-06  1.25e-05
    2.599999    0.756022    1.586020  8.64e-06  1.35e-05
    2.699999    0.740317    1.557984  7.06e-05  2.16e-05
    2.799999    0.727365    1.528044  1.17e-04  2.26e-05
    2.899999    0.717387    1.496397  8.55e-05  1.56e-05
    2.999999    0.710715    1.463239  7.87e-05  1.81e-05
    3.099999    0.707534    1.428819  1.21e-04  2.06e-05
    3.199999    0.707807    1.393408  9.73e-05  1.45e-05
    3.299999    0.711595    1.357281  7.53e-05  1.66e-05
    3.399998    0.718868    1.320761  1.19e-04  1.94e-05
    3.499998    0.729331    1.284206  1.04e-04  1.31e-05
    3.599998    0.742770    1.247978  5.82e-05  1.28e-05
    3.699998    0.758986    1.212490  7.30e-05  1.35e-05
    3.799998    0.777560    1.178187  5.42e-05  8.58e-06
    3.899998    0.798164    1.145523  2.06e-05  5.72e-06
    3.999998    0.820483    1.114985  8.70e-06  3.46e-06
    4.099998    0.844153    1.087070  4.35e-06  1.67e-06
    4.199998    0.868835    1.062274  3.16e-06  4.77e-07
    4.299998    0.894205    1.041076  1.85e-06  1.79e-06
    4.399998    0.919964    1.023916  1.01e-06  2.62e-06
    4.499998    0.945834    1.011176  3.58e-07  3.10e-06
    4.599998    0.971557    1.003153  2.98e-07  3.70e-06
    4.699997    0.996896    1.000044  1.07e-06  5.25e-06
    4.799997    1.021638    1.001922  1.91e-06  6.44e-06
    4.899997    1.045586    1.008743  2.03e-06  8.11e-06
    4.999997    1.068563    1.020341  1.43e-06  1.03e-05
    5.099997    1.090405    1.036440  1.91e-06  1.11e-05
    5.199997    1.110969    1.056677  1.79e-06  1.07e-05
    5.299997    1.130113    1.080627  1.30e-05  1.08e-05
    5.399997    1.147688    1.107819  6.82e-05  1.36e-05
    5.499997    1.163650    1.137757  1.08e-04  1.48e-05
    5.599997    1.177965    1.169940  7.67e-05  1.28e-05
    5.699996    1.190453    1.203874  7.41e-05  7.15e-07
    5.799996    1.201003    1.239106  1.46e-04  4.05e-06
    5.899996    1.209657    1.275201  1.94e-04  7.03e-06
    5.999996    1.216456    1.311722  1.31e-04  1.31e-05
    6.099996    1.221236    1.348270  8.89e-05  1.07e-06
    6.199996    1.223895    1.384518  1.44e-04  6.20e-06
    6.299996    1.224528    1.420149  1.88e-04  5.01e-06
    6.399996    1.223228    1.454845  1.25e-04  1.03e-05
    6.499996    1.219869    1.488325  8.74e-05  1.79e-06
    6.599996    1.214405    1.520369  1.39e-04  4.89e-06
    6.699996    1.206965    1.550760  1.77e-04  3.93e-06
    6.799995    1.197678    1.579281  1.12e-04  6.32e-06
    6.899995    1.186453    1.605747  8.14e-05  3.58e-06
    6.999995    1.173310    1.630020  1.27e-04  5.60e-06
   ------------------------------------------------------

Final Solver Statistics:
   Internal solver steps = 64 (attempted = 88)
   Total number of error test failures = 1
   Total RHS evals:  Fe = 561,  Fi = 2219
   Total mass matrix setups = 520
   Total mass matrix solves = 626
   Total mass times evals = 2216
   Total number of Jacobian evaluations = 264
   Total linear solver setups = 290
   Total number of Nonlinear iterations = 2152
   Total number of Nonlinear convergence failures = 263
   Errors: u = 8.93185e-05, v = 1.05322e-05, total = 6.35953e-05
