
Nonlinear Kvaerno-Prothero-Robinson test problem with mass matrix:
    time domain:  (-3,7]
    Time-dependent mass matrix
    ERK solver, order = 8
    Adaptive run with reltol = 1e-05, abstol = 1e-11
    G =      -10
    g =       10
    e =      0.5

        t           u           v       uerr      verr
   ------------------------------------------------------
   -3.000000    0.710636    1.363407  0.00e+00  0.00e+00
   -2.900000    0.717301    1.326933  2.98e-07  1.19e-07
   -2.800000    0.727247    1.290353  5.96e-08  1.19e-07
   -2.700000    0.740246    1.254042  5.36e-07  0.00e+00
   -2.600000    0.756017    1.218399  3.93e-06  9.54e-07
   -2.500000    0.774231    1.183860  3.28e-06  1.55e-06
   -2.400001    0.794548    1.150884  2.38e-06  1.91e-06
   -2.300001    0.816620    1.119951  4.17e-06  1.91e-06
   -2.200001    0.840089    1.091558  5.36e-07  2.38e-06
   -2.100001    0.864627    1.066202  2.32e-06  1.91e-06
   -2.000001    0.889905    1.044365  2.38e-06  2.38e-06
   -1.900001    0.915607    1.026498  9.89e-06  1.07e-06
   -1.800001    0.941486    1.012991  1.25e-06  8.34e-07
   -1.700001    0.967250    1.004159  2.92e-06  3.58e-07
   -1.600001    0.992679    1.000212  5.72e-06  1.07e-06
   -1.500001    1.017532    1.001251  1.79e-06  1.07e-06
   -1.400001    1.041628    1.007248  2.62e-06  1.07e-06
   -1.300001    1.064780    1.018056  3.10e-06  1.55e-06
   -1.200001    1.086828    1.033421  7.27e-06  9.54e-07
   -1.100001    1.107614    1.052991  4.53e-06  1.19e-06
   -1.000001    1.127010    1.076349  1.19e-07  8.34e-07
   -0.900001    1.144904    1.103028  0.00e+00  5.96e-07
   -0.800001    1.161184    1.132537  1.67e-06  1.07e-06
   -0.700001    1.175763    1.164379  9.54e-07  1.55e-06
   -0.600001    1.188557    1.198064  3.58e-07  2.38e-07
   -0.500001    1.199496    1.233115  4.77e-07  1.19e-07
   -0.400001    1.208523    1.269087  8.34e-07  5.96e-07
   -0.300001    1.215595    1.305558  1.19e-06  1.19e-06
   -0.200001    1.220669    1.342138  2.38e-07  1.43e-06
   -0.100001    1.223726    1.378466  9.54e-07  5.96e-07
   -0.000001    1.224744    1.414215  7.15e-07  2.03e-06
    0.099999    1.223725    1.449081  3.58e-07  8.34e-07
    0.199999    1.220668    1.482793  1.07e-06  2.03e-06
    0.299999    1.215592    1.515099  2.26e-06  1.79e-06
    0.399999    1.208521    1.545776  3.34e-06  2.03e-06
    0.499999    1.199495    1.574621  1.55e-06  2.38e-06
    0.599999    1.188557    1.601451  1.19e-07  1.43e-06
    0.699999    1.175768    1.626106  4.17e-06  1.19e-06
    0.799999    1.161188    1.648442  2.03e-06  1.31e-06
    0.899999    1.144901    1.668332  2.62e-06  1.19e-06
    0.999999    1.127010    1.685668  3.58e-07  1.91e-06
    1.099999    1.107609    1.700356  5.96e-07  1.43e-06
    1.199999    1.086817    1.712321  3.34e-06  9.54e-07
    1.299999    1.064777    1.721500  0.00e+00  1.07e-06
    1.399999    1.041623    1.727847  2.50e-06  1.07e-06
    1.500000    1.017532    1.731328  1.31e-06  7.15e-07
    1.600000    0.992677    1.731928  3.70e-06  3.58e-07
    1.700000    0.967254    1.729643  8.94e-07  4.77e-07
    1.800000    0.941487    1.724485  2.98e-07  1.19e-07
    1.900000    0.915619    1.716479  1.91e-06  2.38e-07
    2.000000    0.889899    1.705667  3.52e-06  5.96e-07
    2.100000    0.864618    1.692103  7.15e-06  8.34e-07
    2.200000    0.840085    1.675857  3.64e-06  2.38e-07
    2.299999    0.816611    1.657017  5.60e-06  0.00e+00
    2.399999    0.794540    1.635685  5.60e-06  3.58e-07
    2.499999    0.774221    1.611978  6.26e-06  4.77e-07
    2.599999    0.756005    1.586034  8.11e-06  5.96e-07
    2.699999    0.740247    1.558005  8.94e-07  1.19e-07
    2.799999    0.727245    1.528067  2.15e-06  1.19e-07
    2.899999    0.717302    1.496413  4.17e-07  0.00e+00
    2.999999    0.710636    1.463256  0.00e+00  8.34e-07
    3.099999    0.707414    1.428839  1.43e-06  5.96e-07
    3.199999    0.707711    1.393423  1.97e-06  1.19e-07
    3.299999    0.711519    1.357298  1.79e-07  2.38e-07
    3.399998    0.718750    1.320780  5.96e-07  1.19e-07
    3.499998    0.729228    1.284219  1.85e-06  2.38e-07
    3.599998    0.742715    1.247990  3.16e-06  5.96e-07
    3.699998    0.758910    1.212504  2.92e-06  1.19e-07
    3.799998    0.777509    1.178194  3.34e-06  8.34e-07
    3.899998    0.798149    1.145528  5.19e-06  2.38e-07
    3.999998    0.820487    1.114988  1.28e-05  2.38e-07
    4.099998    0.844156    1.087071  7.51e-06  4.77e-07
    4.199998    0.868832    1.062273  2.38e-07  7.15e-07
    4.299998    0.894213    1.041072  9.42e-06  1.43e-06
    4.399998    0.919969    1.023912  5.48e-06  1.07e-06
    4.499998    0.945832    1.011172  1.31e-06  3.58e-07
    4.599998    0.971555    1.003149  1.61e-06  2.38e-07
    4.699997    0.996900    1.000038  2.86e-06  0.00e+00
    4.799997    1.021643    1.001916  2.74e-06  4.77e-07
    4.899997    1.045591    1.008736  2.74e-06  1.07e-06
    4.999997    1.068572    1.020332  7.27e-06  1.43e-06
    5.099997    1.090411    1.036431  4.41e-06  2.26e-06
    5.199997    1.110972    1.056669  9.54e-07  2.26e-06
    5.299997    1.130127    1.080618  8.34e-07  2.26e-06
    5.399997    1.147760    1.107809  3.70e-06  3.10e-06
    5.499997    1.163763    1.137746  5.01e-06  3.58e-06
    5.599997    1.178046    1.169931  4.89e-06  3.34e-06
    5.699996    1.190530    1.203877  2.62e-06  3.81e-06
    5.799996    1.201149    1.239115  0.00e+00  4.41e-06
    5.899996    1.209851    1.275198  4.77e-07  3.93e-06
    5.999996    1.216589    1.311713  1.67e-06  3.46e-06
    6.099996    1.221323    1.348275  1.31e-06  4.05e-06
    6.199996    1.224037    1.384527  1.67e-06  2.98e-06
    6.299996    1.224716    1.420147  1.19e-07  2.38e-06
    6.399996    1.223354    1.454838  1.19e-06  2.50e-06
    6.499996    1.219956    1.488328  7.15e-07  1.79e-06
    6.599996    1.214540    1.520377  3.58e-06  2.50e-06
    6.699996    1.207142    1.550760  7.15e-07  3.10e-06
    6.799995    1.197790    1.579279  8.34e-07  3.58e-06
    6.899995    1.186533    1.605754  1.43e-06  3.46e-06
    6.999995    1.173433    1.630029  3.46e-06  3.34e-06
   ------------------------------------------------------

Final Solver Statistics:
   Internal solver steps = 106 (attempted = 106)
   Total number of error test failures = 0
   Total RHS evals:  Fe = 1781,  Fi = 0
   Total mass matrix setups = 1369
   Total mass matrix solves = 1781
   Total mass times evals = 106
   Errors: u = 3.53735e-06, v = 1.7243e-06, total = 2.78263e-06
