
Nonlinear Kvaerno-Prothero-Robinson test problem with mass matrix:
    time domain:  (-3,7]
    Time-dependent mass matrix
    ARK solver, order = 4
    Fixed-point nonlinear solver
    Adaptive run with reltol = 1e-05, abstol = 1e-11
    G =     -100
    g =       10
    e =      0.5

        t           u           v       uerr      verr
   ------------------------------------------------------
   -3.000000    0.710636    1.363407  0.00e+00  0.00e+00
   -2.900000    0.717301    1.326933  5.96e-08  4.77e-07
   -2.800000    0.727247    1.290353  5.96e-08  1.19e-07
   -2.700000    0.740246    1.254042  5.96e-08  1.19e-07
   -2.600000    0.756013    1.218400  1.19e-07  2.38e-07
   -2.500000    0.774227    1.183861  0.00e+00  2.38e-07
   -2.400001    0.794546    1.150885  5.96e-08  8.34e-07
   -2.300001    0.816616    1.119952  5.96e-08  8.34e-07
   -2.200001    0.840089    1.091560  5.96e-08  8.34e-07
   -2.100001    0.864625    1.066203  1.79e-07  8.34e-07
   -2.000001    0.889902    1.044366  0.00e+00  1.43e-06
   -1.900001    0.915617    1.026498  0.00e+00  1.07e-06
   -1.800001    0.941487    1.012991  5.96e-08  1.07e-06
   -1.700001    0.967252    1.004158  0.00e+00  1.19e-06
   -1.600001    0.992672    1.000212  5.96e-07  1.19e-06
   -1.500001    1.017530    1.001250  2.38e-07  1.31e-06
   -1.400001    1.041625    1.007247  2.38e-07  1.43e-06
   -1.300001    1.064777    1.018056  0.00e+00  1.43e-06
   -1.200001    1.086821    1.033421  2.38e-07  8.34e-07
   -1.100001    1.107609    1.052991  3.58e-07  1.19e-06
   -1.000001    1.127010    1.076348  2.38e-07  1.19e-06
   -0.900001    1.144904    1.103028  0.00e+00  1.19e-06
   -0.800001    1.161186    1.132537  0.00e+00  9.54e-07
   -0.700001    1.175764    1.164379  1.19e-07  9.54e-07
   -0.600001    1.188557    1.198063  3.58e-07  9.54e-07
   -0.500001    1.199496    1.233115  2.38e-07  9.54e-07
   -0.400001    1.208524    1.269086  0.00e+00  8.34e-07
   -0.300001    1.215594    1.305556  2.38e-07  5.96e-07
   -0.200001    1.220669    1.342137  1.19e-07  1.19e-07
   -0.100001    1.223725    1.378465  2.38e-07  0.00e+00
   -0.000001    1.224745    1.414213  1.19e-07  0.00e+00
    0.099999    1.223725    1.449080  1.19e-07  1.19e-07
    0.199999    1.220669    1.482792  1.19e-07  8.34e-07
    0.299999    1.215594    1.515097  1.19e-07  2.38e-07
    0.399999    1.208524    1.545775  0.00e+00  1.31e-06
    0.499999    1.199496    1.574620  1.19e-07  1.31e-06
    0.599999    1.188557    1.601450  1.19e-07  3.58e-07
    0.699999    1.175764    1.626105  1.19e-07  4.77e-07
    0.799999    1.161186    1.648441  1.19e-07  4.77e-07
    0.899999    1.144904    1.668331  1.19e-07  9.54e-07
    0.999999    1.127010    1.685668  1.19e-07  1.55e-06
    1.099999    1.107609    1.700357  0.00e+00  1.79e-06
    1.199999    1.086820    1.712321  2.38e-07  1.55e-06
    1.299999    1.064777    1.721500  0.00e+00  1.31e-06
    1.399999    1.041626    1.727847  0.00e+00  2.03e-06
    1.500000    1.017531    1.731330  1.19e-07  2.15e-06
    1.600000    0.992673    1.731930  4.77e-07  2.03e-06
    1.700000    0.967253    1.729645  1.79e-07  1.91e-06
    1.800000    0.941488    1.724487  5.96e-08  1.91e-06
    1.900000    0.915617    1.716481  5.96e-08  2.15e-06
    2.000000    0.889903    1.705669  5.96e-08  2.26e-06
    2.100000    0.864625    1.692104  5.96e-08  2.15e-06
    2.200000    0.840089    1.675859  5.96e-08  2.03e-06
    2.299999    0.816616    1.657019  5.96e-08  2.26e-06
    2.399999    0.794546    1.635687  0.00e+00  2.38e-06
    2.499999    0.774227    1.611980  1.19e-07  2.15e-06
    2.599999    0.756013    1.586035  5.96e-08  1.91e-06
    2.699999    0.740246    1.558007  5.96e-08  1.55e-06
    2.799999    0.727248    1.528069  1.79e-07  2.15e-06
    2.899999    0.717301    1.496415  0.00e+00  2.26e-06
    2.999999    0.710636    1.463260  5.96e-08  2.98e-06
    3.099999    0.707413    1.428843  0.00e+00  3.34e-06
    3.199999    0.707710    1.393426  2.38e-07  3.58e-06
    3.299999    0.711520    1.357300  5.96e-08  2.86e-06
    3.399998    0.718749    1.320783  5.96e-08  2.98e-06
    3.499998    0.729227    1.284222  5.96e-08  3.58e-06
    3.599998    0.742712    1.247994  1.19e-07  3.46e-06
    3.699998    0.758913    1.212507  0.00e+00  3.34e-06
    3.799998    0.777506    1.178199  1.79e-07  3.81e-06
    3.899998    0.798144    1.145532  5.96e-08  3.70e-06
    3.999998    0.820474    1.114992  0.00e+00  3.70e-06
    4.099998    0.844149    1.087075  1.79e-07  4.17e-06
    4.199998    0.868832    1.062277  1.79e-07  3.70e-06
    4.299998    0.894203    1.041078  2.38e-07  3.93e-06
    4.399998    0.919963    1.023917  1.19e-07  3.58e-06
    4.499998    0.945834    1.011176  1.79e-07  3.46e-06
    4.599998    0.971557    1.003153  0.00e+00  3.70e-06
    4.699997    0.996897    1.000042  5.36e-07  3.22e-06
    4.799997    1.021639    1.001919  4.77e-07  2.98e-06
    4.899997    1.045588    1.008738  0.00e+00  2.50e-06
    4.999997    1.068564    1.020333  1.19e-07  2.26e-06
    5.099997    1.090407    1.036431  1.19e-07  2.62e-06
    5.199997    1.110971    1.056669  0.00e+00  2.50e-06
    5.299997    1.130126    1.080618  4.77e-07  1.67e-06
    5.399997    1.147757    1.107806  1.19e-07  7.15e-07
    5.499997    1.163759    1.137743  3.58e-07  9.54e-07
    5.599997    1.178042    1.169929  1.19e-07  9.54e-07
    5.699996    1.190527    1.203875  1.19e-07  1.19e-06
    5.799996    1.201149    1.239111  1.19e-07  9.54e-07
    5.899996    1.209851    1.275195  1.19e-07  5.96e-07
    5.999996    1.216587    1.311710  1.19e-07  8.34e-07
    6.099996    1.221325    1.348272  1.19e-07  9.54e-07
    6.199996    1.224039    1.384525  2.38e-07  9.54e-07
    6.299996    1.224716    1.420146  2.38e-07  1.79e-06
    6.399996    1.223353    1.454837  2.38e-07  1.55e-06
    6.499996    1.219957    1.488328  2.38e-07  1.43e-06
    6.599996    1.214544    1.520376  0.00e+00  1.67e-06
    6.699996    1.207142    1.550759  1.19e-07  2.38e-06
    6.799995    1.197790    1.579277  1.19e-07  1.67e-06
    6.899995    1.186534    1.605752  2.38e-07  1.31e-06
    6.999995    1.173436    1.630028  0.00e+00  2.15e-06
   ------------------------------------------------------

Final Solver Statistics:
   Internal solver steps = 1568 (attempted = 3113)
   Total number of error test failures = 0
   Total RHS evals:  Fe = 11647,  Fi = 44741
   Total mass matrix setups = 11624
   Total mass matrix solves = 56386
   Total mass times evals = 1568
   Total number of Jacobian evaluations = 0
   Total linear solver setups = 0
   Total number of Nonlinear iterations = 33094
   Total number of Nonlinear convergence failures = 1545
   Errors: u = 1.80396e-07, v = 2.00715e-06, total = 1.42499e-06
