
1D Advection-Reaction Test Problem

Number of Processors = 4
Mesh Info:
  NX = 100, NXL = 25, dx = 0.010000, xmax = 1.000000
Problem Parameters:
  A = 1
  B = 3.5
  k = 1
  c = 0.01
Integrator Options:
  order            = 3
  method           = imex
  fused vector ops = 0
  t0               = 0
  tf               = 10
  reltol           = 1.0e-06
  abstol           = 1.0e-09
  nout             = 40
  nonlinear solver = task local
Output directory: .

          t         ||u||_rms   ||v||_rms   ||w||_rms
   ----------------------------------------------------
       0.000000     1.060205     3.559930     3.059949
       0.250000     1.134978     3.463306     3.500028
       0.500000     1.251258     3.307477     3.500098
       0.750000     1.421775     3.076174     3.500079
       1.000000     1.617972     2.789695     3.499979
       1.250000     1.738614     2.525640     3.499986
       1.500000     1.724317     2.346641     3.499967
       1.750000     1.609335     2.267401     3.499991
       2.000000     1.441939     2.284786     3.499865
       2.250000     1.254548     2.387108     3.500081
       2.500000     1.067859     2.552977     3.499748
       2.750000     0.894913     2.755795     3.500018
       3.000000     0.742697     2.972706     3.500254
       3.250000     0.614422     3.189680     3.499923
       3.500000     0.511702     3.400292     3.499820
       3.750000     0.435022     3.602349     3.500099
       4.000000     0.382884     3.795612     3.499689
       4.250000     0.351268     3.980791     3.500115
       4.500000     0.334675     4.159067     3.500077
       4.750000     0.328000     4.331676     3.500152
       5.000000     0.327576     4.499586     3.499980
       5.250000     0.331182     4.663359     3.499910
       5.500000     0.337620     4.823165     3.499490
       5.750000     0.346346     4.978846     3.500479
       6.000000     0.357245     5.129937     3.499786
       6.250000     0.370527     5.275657     3.500482
       6.500000     0.386741     5.414807     3.499947
       6.750000     0.406897     5.545547     3.500010
       7.000000     0.432798     5.664937     3.499970
       7.250000     0.467856     5.767884     3.500441
       7.500000     0.519326     5.844475     3.499929
       7.750000     0.605999     5.871562     3.500029
       8.000000     0.797176     5.775332     3.499997
       8.250000     1.629101     5.134962     3.499890
       8.500000     3.774894     3.499484     3.499827
       8.750000     4.025786     2.194903     3.499774
       9.000000     3.877338     0.967618     3.500374
       9.250000     3.148879     1.087238     3.500056
       9.500000     2.471540     1.322877     3.499670
       9.750000     1.912334     1.594924     3.499881
      10.000000     1.450249     1.896172     3.500226

Final Solver Statistics (for processor 0):
   Internal solver steps = 4882 (attempted = 4893)
   Total RHS evals:  Fe = 19564,  Fi = 49494
   Total number of error test failures = 11
   Total number of nonlinear solver convergence failures = 0
