
Nonlinear Kvaerno-Prothero-Robinson test problem with mass matrix:
    time domain:  (-3,7]
    Fixed mass matrix
    ERK solver, order = 4
    Adaptive run with reltol = 1e-05, abstol = 1e-11
    G =      -10
    g =       10
    e =      0.5

        t           u           v       uerr      verr
   ------------------------------------------------------
   -3.000000    0.710636    1.363407  0.00e+00  0.00e+00
   -2.900000    0.717303    1.326933  2.26e-06  1.19e-07
   -2.800000    0.727250    1.290353  3.04e-06  1.19e-07
   -2.700000    0.740249    1.254041  3.04e-06  2.38e-07
   -2.600000    0.756016    1.218400  3.16e-06  1.19e-07
   -2.500000    0.774231    1.183862  3.52e-06  0.00e+00
   -2.400001    0.794549    1.150885  3.16e-06  0.00e+00
   -2.300001    0.816620    1.119953  3.46e-06  0.00e+00
   -2.200001    0.840092    1.091560  3.04e-06  0.00e+00
   -2.100001    0.864628    1.066204  3.28e-06  1.19e-07
   -2.000001    0.889905    1.044367  2.98e-06  0.00e+00
   -1.900001    0.915619    1.026499  2.03e-06  1.19e-07
   -1.800001    0.941487    1.012992  8.34e-07  3.58e-07
   -1.700001    0.967248    1.004160  4.47e-06  5.96e-07
   -1.600001    0.992667    1.000214  5.72e-06  5.96e-07
   -1.500001    1.017525    1.001252  5.25e-06  5.96e-07
   -1.400001    1.041620    1.007249  5.60e-06  5.96e-07
   -1.300001    1.064771    1.018058  5.96e-06  5.96e-07
   -1.200001    1.086815    1.033422  5.13e-06  4.77e-07
   -1.100001    1.107604    1.052993  5.48e-06  7.15e-07
   -1.000001    1.127004    1.076350  5.72e-06  7.15e-07
   -0.900001    1.144899    1.103029  5.13e-06  5.96e-07
   -0.800001    1.161180    1.132539  5.84e-06  5.96e-07
   -0.700001    1.175759    1.164381  5.36e-06  4.77e-07
   -0.600001    1.188551    1.198064  5.60e-06  4.77e-07
   -0.500001    1.199490    1.233116  5.84e-06  4.77e-07
   -0.400001    1.208519    1.269087  5.48e-06  3.58e-07
   -0.300001    1.215587    1.305557  6.32e-06  4.77e-07
   -0.200001    1.220664    1.342137  5.36e-06  4.77e-07
   -0.100001    1.223719    1.378466  6.08e-06  4.77e-07
   -0.000001    1.224739    1.414214  5.96e-06  5.96e-07
    0.099999    1.223719    1.449080  5.60e-06  3.58e-07
    0.199999    1.220663    1.482791  6.32e-06  5.96e-07
    0.299999    1.215589    1.515098  5.25e-06  3.58e-07
    0.399999    1.208518    1.545775  5.84e-06  4.77e-07
    0.499999    1.199490    1.574620  5.84e-06  5.96e-07
    0.599999    1.188552    1.601450  5.36e-06  3.58e-07
    0.699999    1.175758    1.626105  5.96e-06  3.58e-07
    0.799999    1.161181    1.648441  5.36e-06  2.38e-07
    0.899999    1.144899    1.668331  5.25e-06  3.58e-07
    0.999999    1.127004    1.685667  5.60e-06  3.58e-07
    1.099999    1.107604    1.700355  5.13e-06  1.19e-07
    1.199999    1.086816    1.712320  4.77e-06  2.38e-07
    1.299999    1.064772    1.721499  5.36e-06  2.38e-07
    1.399999    1.041620    1.727846  5.13e-06  1.19e-07
    1.500000    1.017526    1.731328  4.53e-06  1.19e-07
    1.600000    0.992670    1.731928  3.87e-06  1.19e-07
    1.700000    0.967250    1.729643  3.28e-06  3.58e-07
    1.800000    0.941486    1.724485  2.15e-06  1.19e-07
    1.900000    0.915617    1.716479  1.19e-07  0.00e+00
    2.000000    0.889905    1.705666  2.38e-06  1.19e-07
    2.100000    0.864629    1.692102  3.64e-06  1.19e-07
    2.200000    0.840094    1.675857  5.07e-06  3.58e-07
    2.299999    0.816622    1.657017  5.42e-06  4.77e-07
    2.399999    0.794551    1.635684  4.65e-06  2.38e-07
    2.499999    0.774232    1.611978  4.83e-06  2.38e-07
    2.599999    0.756017    1.586033  4.11e-06  2.38e-07
    2.699999    0.740250    1.558005  4.17e-06  1.19e-07
    2.799999    0.727252    1.528067  4.17e-06  2.38e-07
    2.899999    0.717305    1.496412  3.70e-06  2.38e-07
    2.999999    0.710640    1.463257  3.52e-06  2.38e-07
    3.099999    0.707416    1.428839  3.58e-06  2.38e-07
    3.199999    0.707713    1.393423  3.76e-06  2.38e-07
    3.299999    0.711523    1.357297  3.58e-06  3.58e-07
    3.399998    0.718753    1.320780  3.46e-06  1.19e-07
    3.499998    0.729230    1.284219  3.28e-06  2.38e-07
    3.599998    0.742715    1.247991  3.34e-06  2.38e-07
    3.699998    0.758917    1.212504  3.64e-06  2.38e-07
    3.799998    0.777509    1.178195  3.34e-06  3.58e-07
    3.899998    0.798147    1.145528  3.22e-06  2.38e-07
    3.999998    0.820477    1.114988  3.40e-06  2.38e-07
    4.099998    0.844152    1.087071  3.28e-06  2.38e-07
    4.199998    0.868835    1.062274  2.80e-06  0.00e+00
    4.299998    0.894206    1.041074  2.50e-06  1.19e-07
    4.399998    0.919964    1.023914  1.07e-06  1.19e-07
    4.499998    0.945832    1.011173  1.79e-06  4.77e-07
    4.599998    0.971553    1.003150  3.64e-06  5.96e-07
    4.699997    0.996892    1.000039  5.30e-06  5.96e-07
    4.799997    1.021635    1.001916  5.36e-06  5.96e-07
    4.899997    1.045583    1.008736  5.13e-06  5.96e-07
    4.999997    1.068559    1.020332  5.60e-06  7.15e-07
    5.099997    1.090401    1.036429  5.72e-06  5.96e-07
    5.199997    1.110966    1.056667  5.13e-06  7.15e-07
    5.299997    1.130121    1.080616  5.96e-06  4.77e-07
    5.399997    1.147751    1.107806  5.48e-06  5.96e-07
    5.499997    1.163753    1.137743  5.48e-06  5.96e-07
    5.599997    1.178035    1.169928  6.08e-06  5.96e-07
    5.699996    1.190522    1.203874  5.13e-06  7.15e-07
    5.799996    1.201143    1.239111  6.08e-06  3.58e-07
    5.899996    1.209845    1.275195  5.60e-06  5.96e-07
    5.999996    1.216581    1.311710  5.96e-06  5.96e-07
    6.099996    1.221319    1.348271  6.08e-06  3.58e-07
    6.199996    1.224033    1.384524  5.48e-06  3.58e-07
    6.299996    1.224710    1.420145  6.32e-06  4.77e-07
    6.399996    1.223348    1.454835  5.48e-06  3.58e-07
    6.499996    1.219951    1.488327  5.96e-06  3.58e-07
    6.599996    1.214538    1.520374  5.96e-06  3.58e-07
    6.699996    1.207137    1.550757  5.48e-06  3.58e-07
    6.799995    1.197783    1.579275  6.08e-06  1.19e-07
    6.899995    1.186529    1.605751  5.36e-06  2.38e-07
    6.999995    1.173431    1.630026  5.60e-06  2.38e-07
   ------------------------------------------------------

Final Solver Statistics:
   Internal solver steps = 141 (attempted = 143)
   Total number of error test failures = 2
   Total RHS evals:  Fe = 575,  Fi = 0
   Total mass matrix setups = 432
   Total mass matrix solves = 575
   Total mass times evals = 141
   Errors: u = 4.76268e-06, v = 4.02497e-07, total = 3.37973e-06
