
Nonlinear Kvaerno-Prothero-Robinson test problem with mass matrix:
    time domain:  (-3,7]
    Fixed mass matrix
    ARK solver, order = 3
    Newton nonlinear solver
    Adaptive run with reltol = 1e-05, abstol = 1e-11
    G =      -10
    g =       10
    e =      0.5

        t           u           v       uerr      verr
   ------------------------------------------------------
   -3.000000    0.710636    1.363407  0.00e+00  0.00e+00
   -2.900000    0.717320    1.326931  1.89e-05  1.31e-06
   -2.800000    0.727277    1.290351  2.97e-05  2.15e-06
   -2.700000    0.740281    1.254038  3.53e-05  3.22e-06
   -2.600000    0.756050    1.218396  3.74e-05  4.05e-06
   -2.500000    0.774260    1.183860  3.26e-05  1.43e-06
   -2.400001    0.794586    1.150881  3.99e-05  4.65e-06
   -2.300001    0.816650    1.119952  3.42e-05  8.34e-07
   -2.200001    0.840127    1.091555  3.78e-05  5.48e-06
   -2.100001    0.864663    1.066197  3.82e-05  7.39e-06
   -2.000001    0.889933    1.044361  3.02e-05  6.79e-06
   -1.900001    0.915631    1.026496  1.34e-05  2.74e-06
   -1.800001    0.941481    1.012997  6.08e-06  4.65e-06
   -1.700001    0.967230    1.004170  2.26e-05  1.11e-05
   -1.600001    0.992638    1.000229  3.49e-05  1.60e-05
   -1.500001    1.017487    1.001271  4.33e-05  1.92e-05
   -1.400001    1.041577    1.007270  4.85e-05  2.09e-05
   -1.300001    1.064726    1.018078  5.08e-05  2.06e-05
   -1.200001    1.086772    1.033441  4.86e-05  1.88e-05
   -1.100001    1.107557    1.053015  5.22e-05  2.30e-05
   -1.000001    1.126951    1.076374  5.89e-05  2.48e-05
   -0.900001    1.144843    1.103050  6.13e-05  2.16e-05
   -0.800001    1.161129    1.132556  5.76e-05  1.73e-05
   -0.700001    1.175704    1.164401  5.95e-05  2.03e-05
   -0.600001    1.188491    1.198085  6.62e-05  2.11e-05
   -0.500001    1.199430    1.233133  6.66e-05  1.73e-05
   -0.400001    1.208464    1.269100  6.06e-05  1.34e-05
   -0.300001    1.215529    1.305573  6.47e-05  1.59e-05
   -0.200001    1.220600    1.342151  6.96e-05  1.48e-05
   -0.100001    1.223657    1.378476  6.77e-05  1.11e-05
   -0.000001    1.224686    1.414221  5.90e-05  7.99e-06
    0.099999    1.223657    1.449090  6.75e-05  1.00e-05
    0.199999    1.220599    1.482799  7.07e-05  8.46e-06
    0.299999    1.215526    1.515103  6.77e-05  5.60e-06
    0.399999    1.208465    1.545778  5.89e-05  3.58e-06
    0.499999    1.199429    1.574624  6.69e-05  5.25e-06
    0.599999    1.188487    1.601454  6.99e-05  4.05e-06
    0.699999    1.175696    1.626107  6.78e-05  2.03e-06
    0.799999    1.161124    1.648440  6.26e-05  0.00e+00
    0.899999    1.144848    1.668329  5.60e-05  1.31e-06
    0.999999    1.126948    1.685665  6.21e-05  1.31e-06
    1.099999    1.107544    1.700353  6.51e-05  1.91e-06
    1.199999    1.086755    1.712317  6.53e-05  3.22e-06
    1.299999    1.064713    1.721494  6.43e-05  4.65e-06
    1.399999    1.041563    1.727839  6.22e-05  6.56e-06
    1.500000    1.017471    1.731319  5.96e-05  8.58e-06
    1.600000    0.992619    1.731916  5.47e-05  1.20e-05
    1.700000    0.967212    1.729627  4.12e-05  1.57e-05
    1.800000    0.941469    1.724465  1.83e-05  1.93e-05
    1.900000    0.915630    1.716452  1.25e-05  2.67e-05
    2.000000    0.889934    1.705638  3.09e-05  2.87e-05
    2.100000    0.864665    1.692074  4.00e-05  2.81e-05
    2.200000    0.840139    1.675829  5.01e-05  2.80e-05
    2.299999    0.816672    1.656991  5.55e-05  2.66e-05
    2.399999    0.794596    1.635660  5.03e-05  2.42e-05
    2.499999    0.774276    1.611953  4.86e-05  2.44e-05
    2.599999    0.756058    1.586011  4.45e-05  2.21e-05
    2.699999    0.740290    1.557984  4.35e-05  2.15e-05
    2.799999    0.727288    1.528047  4.00e-05  2.00e-05
    2.899999    0.717338    1.496394  3.65e-05  1.84e-05
    2.999999    0.710671    1.463240  3.51e-05  1.68e-05
    3.099999    0.707448    1.428823  3.52e-05  1.59e-05
    3.199999    0.707745    1.393407  3.55e-05  1.54e-05
    3.299999    0.711555    1.357282  3.56e-05  1.50e-05
    3.399998    0.718785    1.320766  3.61e-05  1.44e-05
    3.499998    0.729263    1.284205  3.68e-05  1.43e-05
    3.599998    0.742748    1.247977  3.63e-05  1.39e-05
    3.699998    0.758945    1.212493  3.19e-05  1.10e-05
    3.799998    0.777544    1.178183  3.81e-05  1.25e-05
    3.899998    0.798179    1.145517  3.50e-05  1.16e-05
    3.999998    0.820514    1.114975  4.02e-05  1.31e-05
    4.099998    0.844185    1.087062  3.60e-05  9.18e-06
    4.199998    0.868862    1.062268  2.97e-05  5.84e-06
    4.299998    0.894225    1.041071  2.16e-05  2.86e-06
    4.399998    0.919970    1.023914  6.74e-06  4.77e-07
    4.499998    0.945820    1.011177  1.30e-05  4.53e-06
    4.599998    0.971529    1.003158  2.77e-05  8.46e-06
    4.699997    0.996861    1.000050  3.65e-05  1.13e-05
    4.799997    1.021600    1.001929  3.97e-05  1.29e-05
    4.899997    1.045545    1.008752  4.35e-05  1.62e-05
    4.999997    1.068514    1.020351  5.01e-05  2.01e-05
    5.099997    1.090352    1.036450  5.50e-05  2.10e-05
    5.199997    1.110915    1.056685  5.63e-05  1.85e-05
    5.299997    1.130075    1.080632  5.17e-05  1.56e-05
    5.399997    1.147698    1.107827  5.84e-05  2.15e-05
    5.499997    1.163695    1.137764  6.38e-05  2.13e-05
    5.599997    1.177978    1.169945  6.37e-05  1.73e-05
    5.699996    1.190470    1.203887  5.71e-05  1.36e-05
    5.799996    1.201084    1.239128  6.46e-05  1.79e-05
    5.899996    1.209782    1.275210  6.88e-05  1.62e-05
    5.999996    1.216521    1.311721  6.60e-05  1.23e-05
    6.099996    1.221265    1.348281  6.01e-05  1.04e-05
    6.199996    1.223971    1.384536  6.82e-05  1.24e-05
    6.299996    1.224646    1.420154  7.02e-05  1.03e-05
    6.399996    1.223288    1.454842  6.54e-05  6.91e-06
    6.499996    1.219895    1.488333  6.20e-05  6.32e-06
    6.599996    1.214475    1.520381  6.90e-05  7.03e-06
    6.699996    1.207072    1.550762  7.01e-05  5.36e-06
    6.799995    1.197724    1.579278  6.59e-05  2.74e-06
    6.899995    1.186476    1.605752  5.83e-05  1.31e-06
    6.999995    1.173371    1.630028  6.57e-05  2.15e-06
   ------------------------------------------------------

Final Solver Statistics:
   Internal solver steps = 130 (attempted = 133)
   Total number of error test failures = 3
   Total RHS evals:  Fe = 532,  Fi = 1653
   Total mass matrix setups = 402
   Total mass matrix solves = 1062
   Total mass times evals = 1251
   Total number of Jacobian evaluations = 19
   Total linear solver setups = 27
   Total number of Nonlinear iterations = 1121
   Total number of Nonlinear convergence failures = 18
   Errors: u = 5.11628e-05, v = 1.44995e-05, total = 3.76023e-05
