
1D adaptive Heat PDE test problem:
  diffusion coefficient:  k = 0.5
  initial N = 21
  iout          dt_old                 dt_new               ||u||_rms       N   NNI  NLI
 ----------------------------------------------------------------------------------------
    0  0.000000000000000e+00  0.000000000000000e+00  0.000000000000000e+00  21    0    0
    1  2.441338864400677e-08  3.929796150714537e-07  2.004160570834301e-08  21    5    5
    2  3.929796150714537e-07  3.429911430430366e-06  3.426399075578956e-07  21    5   10
    3  3.429911430430366e-06  2.473995846230537e-05  3.157535047648707e-06  21    5   10
    4  2.473995846230537e-05  1.892068248707801e-04  2.342276457056869e-05  21    5   15
    5  1.892068248707801e-04  6.239593494683504e-04  1.762642204994336e-04  21    5   24
    6  6.239593494683504e-04  8.317457395605743e-04  6.574958097189665e-04  21    5   33
    7  8.317457395605743e-04  1.442015636712313e-03  1.258360687643290e-03  21    5   34
    8  1.442015636712313e-03  2.180157229304314e-03  2.322499407455325e-03  23    5   53
    9  2.180157229304314e-03  3.190471325069666e-03  3.721328685060143e-03  23    5   53
   10  3.190471325069666e-03  5.317097064107656e-03  6.166560575366020e-03  25    5   60
   11  5.317097064107656e-03  1.225923467427492e-02  9.184772148728371e-03  25    5   65
   12  1.225923467427492e-02  2.082246914505959e-02  1.460188720375299e-02  31    5  105
   13  2.082246914505959e-02  3.458401188254356e-02  2.173986658453941e-02  33    5  105
   14  8.646002970635891e-03  8.646002970635891e-03  2.312983758747578e-02  39    7  147
   15  8.646002970635891e-03  1.025971025228500e-02  2.388293109834194e-02  43    5  105
   16  1.025971025228500e-02  1.231022272258997e-02  2.435024455189705e-02  49    5  105
   17  1.231022272258997e-02  1.184318680316210e-02  2.555087767541409e-02  51    5  105
   18  1.184318680316210e-02  2.185640670359135e-02  2.666623517870903e-02  51    5  105
   19  5.464101675897837e-03  5.464101675897837e-03  2.710438705980778e-02  51    7  147
   20  5.464101675897837e-03  6.849304307252169e-03  2.859635092318058e-02  55    5  105
   21  6.849304307252169e-03  1.030864939093590e-02  2.905703522264957e-02  55    5  105
   22  1.030864939093590e-02  2.539592981338501e-02  2.934528142213821e-02  57    5  105
   23  2.539592981338501e-02  3.006578795611858e-02  2.999676018953323e-02  59    5  105
   24  4.328553099185228e-03  4.328553099185228e-03  2.965963445603848e-02  61   15  315
   25  4.328553099185228e-03  2.842548117041588e-02  2.978902682662010e-02  61    5  105
   26  2.842548117041588e-02  2.631438709795475e-02  3.045445680618286e-02  61    5  105
   27  6.578596774488688e-03  6.578596774488688e-03  3.057258017361164e-02  61    8  168
   28  6.578596774488688e-03  3.411810472607613e-02  3.068035095930099e-02  61    5  105
   29  6.723436992615461e-03  6.723436992615461e-03  3.078099526464939e-02  61   14  291
   30  6.723436992615461e-03  4.278375953435898e-02  3.087310492992401e-02  61    5  105
   31  4.278375953435898e-02  4.064545780420303e-02  3.131603449583054e-02  61    5  105
   32  4.064545780420303e-02  4.447901248931885e-02  3.158237412571907e-02  61    5  105
   33  3.868785127997398e-02  3.629291057586670e-02  3.176032379269600e-02  61   10  210
   34  3.629291057586670e-02  4.848453775048256e-02  3.189394623041153e-02  61    5  105
   35  4.092980176210403e-02  4.048918932676315e-02  3.201226517558098e-02  61   10  210
   36  9.737412445247173e-03  9.737412445247173e-03  3.203526511788368e-02  61   15  315
   37  9.737412445247173e-03  1.978388614952564e-02  3.205877542495728e-02  61    5  105
   38  1.978388614952564e-02  2.930769324302673e-02  3.210322931408882e-02  61    5  105
   39  2.930769324302673e-02  3.068998828530312e-02  3.216123953461647e-02  61    5  105
   40  2.076490083709359e-03  2.076490083709359e-03  3.216533735394478e-02  61   20  420
   41  2.076490083709359e-03  9.264770895242691e-03  3.216917440295219e-02  61    5  103
   42  9.264770895242691e-03  1.279767230153084e-02  3.218551725149155e-02  61    5  105
   43  1.279767230153084e-02  2.442684769630432e-02  3.220687806606293e-02  61    5  105
   44  2.442684769630432e-02  3.982615098357201e-02  3.224410116672516e-02  61    5  105
   45  3.982615098357201e-02  3.931156545877457e-02  3.229499608278275e-02  61    5  105
   46  3.931156545877457e-02  4.913854598999023e-02  3.233528509736061e-02  61    5  105
   47  1.083644293248653e-02  1.083644293248653e-02  3.234593197703362e-02  61   14  294
   48  1.083644293248653e-02  2.863512188196182e-02  3.235583752393723e-02  61    5  105
   49  2.863512188196182e-02  3.495749458670616e-02  3.238047286868095e-02  61    5  105
   50  8.739373646676540e-03  8.739373646676540e-03  3.238704055547714e-02  61   10  210
   51  8.739373646676540e-03  4.368337616324425e-02  3.239339590072632e-02  61    5  105
   52  1.092084404081106e-02  1.092084404081106e-02  3.240095451474190e-02  61    8  168
   53  1.092084404081106e-02  5.694647505879402e-02  3.240813314914703e-02  61    5  105
   54  5.694647505879402e-02  7.412071526050568e-02  3.244008496403694e-02  61    5  105
   55  1.853017881512642e-02  1.853017881512642e-02  3.244881331920624e-02  61   10  210
   56  1.853017881512642e-02  6.166344881057739e-02  3.245652839541435e-02  61    5  105
   57  1.541586220264435e-02  1.541586220264435e-02  3.246239572763443e-02  61    8  168
   58  1.541586220264435e-02  4.306636005640030e-02  3.246839717030525e-02  61    5  105
   59  1.076659001410007e-02  1.076659001410007e-02  3.247201815247536e-02  61    9  189
   60  1.076659001410007e-02  4.978710412979126e-02  3.247548267245293e-02  61    5  105
   61  1.244677603244781e-02  1.244677603244781e-02  3.247924521565437e-02  61    6  126
   62  1.244677603244781e-02  6.486897170543671e-02  3.248277679085732e-02  61    5  105
   63  1.621724292635918e-02  1.621724292635918e-02  3.248713910579681e-02  61    8  168
   64  1.621724292635918e-02  4.898716509342194e-02  3.249111026525497e-02  61    5  105
   65  4.898716509342194e-02  4.423997551202774e-02  3.250099346041679e-02  61    5  105
   66  4.423997551202774e-02  4.423997551202774e-02  3.250883147120476e-02  61    5  105
 ----------------------------------------------------------------------------------------
 Final solver statistics:
   Total number of time steps = 66
   Total nonlinear iterations = 424
   Total linear iterations    = 8106

