
Nonlinear Kvaerno-Prothero-Robinson test problem with mass matrix:
    time domain:  (-3,7]
    Time-dependent mass matrix
    ERK solver, order = 5
    Order-of-convergence run
    G =      -10
    g =       10
    e =      0.5

 Fixed-step runs:
 -----------------------------------------------------
   h = 1.000e-01,  error = 3.526e-07
   h = 5.000e-02,  error = 2.360e-07,  order = 0.58
   h = 2.500e-02,  error = 4.476e-07,  order = -0.92
   h = 1.250e-02,  error = 1.020e-06,  order = -1.19
   h = 6.250e-03,  error = 1.898e-06,  order = -0.90
   h = 3.125e-03,  error = 4.044e-06,  order = -1.09
   h = 1.563e-03,  error = 7.516e-06,  order = -0.89
   h = 7.813e-04,  error = 1.598e-05,  order = -1.09
 -----------------------------------------------------
 Order: max = 0.58,  avg = -0.79,  overall = -0.88 [FAILURE]
