
2-species diurnal advection-diffusion problem

t = 0.00e+00   no. steps = 0   order = 0   stepsize = 0.00e+00
At bottom left:  c1, c2 =    2.500e+05    2.500e+11 
At top right:    c1, c2 =    2.500e+05    2.500e+11 

t = 7.20e+03   no. steps = 200   order = 4   stepsize = 9.18e+01
At bottom left:  c1, c2 =    1.047e+04    2.527e+11 
At top right:    c1, c2 =    1.119e+04    2.700e+11 

t = 1.44e+04   no. steps = 245   order = 4   stepsize = 2.15e+02
At bottom left:  c1, c2 =    6.659e+06    2.582e+11 
At top right:    c1, c2 =    7.301e+06    2.833e+11 

t = 2.16e+04   no. steps = 283   order = 4   stepsize = 2.09e+02
At bottom left:  c1, c2 =    2.665e+07    2.993e+11 
At top right:    c1, c2 =    2.931e+07    3.313e+11 

t = 2.88e+04   no. steps = 311   order = 4   stepsize = 1.50e+02
At bottom left:  c1, c2 =    8.702e+06    3.380e+11 
At top right:    c1, c2 =    9.650e+06    3.751e+11 

t = 3.60e+04   no. steps = 352   order = 4   stepsize = 6.78e+01
At bottom left:  c1, c2 =    1.404e+04    3.387e+11 
At top right:    c1, c2 =    1.561e+04    3.765e+11 

t = 4.32e+04   no. steps = 427   order = 4   stepsize = 3.47e+02
At bottom left:  c1, c2 =    1.065e-10    3.382e+11 
At top right:    c1, c2 =    1.637e-11    3.804e+11 

t = 5.04e+04   no. steps = 441   order = 5   stepsize = 3.99e+02
At bottom left:  c1, c2 =   -6.034e-11    3.358e+11 
At top right:    c1, c2 =   -8.665e-11    3.864e+11 

t = 5.76e+04   no. steps = 454   order = 5   stepsize = 2.32e+02
At bottom left:  c1, c2 =    3.382e-11    3.320e+11 
At top right:    c1, c2 =   -1.267e-11    3.909e+11 

t = 6.48e+04   no. steps = 468   order = 5   stepsize = 7.28e+02
At bottom left:  c1, c2 =   -2.298e-12    3.313e+11 
At top right:    c1, c2 =   -4.242e-13    3.963e+11 

t = 7.20e+04   no. steps = 477   order = 5   stepsize = 7.28e+02
At bottom left:  c1, c2 =    1.352e-12    3.330e+11 
At top right:    c1, c2 =   -3.696e-13    4.039e+11 

t = 7.92e+04   no. steps = 487   order = 5   stepsize = 7.28e+02
At bottom left:  c1, c2 =   -2.093e-13    3.334e+11 
At top right:    c1, c2 =    7.050e-14    4.120e+11 

t = 8.64e+04   no. steps = 497   order = 5   stepsize = 7.28e+02
At bottom left:  c1, c2 =   -2.589e-11    3.352e+11 
At top right:    c1, c2 =    1.977e-11    4.163e+11 


Final Statistics: 

lenrw   =  2689     leniw   =   248
lenrwls =  2454     leniwls =   222
nst     =   497
nfe     =   605     nfels   =  1481
nni     =   604     nli     =  1481
nsetups =    68     netf    =    21
npe     =    11     nps     =  2041
ncfn    =     0     ncfl    =     3

