Demonstration program for CVODE package - direct linear solvers


Problem 1: Van der Pol oscillator
 xdotdot - 3*(1 - x^2)*xdot + x = 0, x(0) = 2, xdot(0) = 0
 neq = 2,  reltol = 0,  abstol = 1e-06

-------------------------------------------------------------

Linear Multistep Method : ADAMS
Iteration               : FIXEDPOINT

     t           x              xdot         qu     hu 
   1.39284     1.68010e+00   -2.91056e-01    4    6.8392e-02
   3.60761    -2.30968e-05   -3.16878e+00    4    1.3106e-02
   5.82239    -1.68010e+00    2.91059e-01    5    1.5434e-02
   8.03716     5.27874e-06    3.16873e+00    5    2.0317e-02

 Final statistics for this run:

 CVode real workspace length              =  129 
 CVode integer workspace length           =   60 
 Number of steps                          =  326 
 Number of f-s                            =  509 
 Number of setups                         =    0 
 Number of nonlinear iterations           =  508 
 Number of nonlinear convergence failures =    0 
 Number of error test failures            =   15 

 Error overrun = 23.097 


-------------------------------------------------------------

Linear Multistep Method : ADAMS
Iteration               : NEWTON
Linear Solver           : Dense, User-Supplied Jacobian

     t           x              xdot         qu     hu 
   1.39284     1.68010e+00   -2.91056e-01    7    5.8827e-02
   3.60761    -5.55012e-05   -3.16888e+00    5    1.9918e-02
   5.82239    -1.68010e+00    2.91062e-01    4    1.1993e-01
   8.03716     2.95099e-05    3.16875e+00    4    1.3480e-02

 Final statistics for this run:

 CVode real workspace length              =  129 
 CVode integer workspace length           =   60 
 Number of steps                          =  244 
 Number of f-s                            =  332 
 Number of setups                         =   41 
 Number of nonlinear iterations           =  331 
 Number of nonlinear convergence failures =    0 
 Number of error test failures            =   19 

 Linear solver real workspace length      =   10 
 Linear solver integer workspace length   =   41 
 Number of Jacobian evaluations           =    5 
 Number of f evals. in linear solver      =    0 

 Error overrun = 55.501 


-------------------------------------------------------------

Linear Multistep Method : ADAMS
Iteration               : NEWTON
Linear Solver           : Dense, Difference Quotient Jacobian

     t           x              xdot         qu     hu 
   1.39284     1.68010e+00   -2.91056e-01    3    6.4529e-02
   3.60761     2.03717e-05   -3.16864e+00    4    1.1661e-02
   5.82239    -1.68010e+00    2.91059e-01    6    1.4021e-01
   8.03716    -2.71071e-05    3.16865e+00    6    2.1241e-02

 Final statistics for this run:

 CVode real workspace length              =  129 
 CVode integer workspace length           =   60 
 Number of steps                          =  228 
 Number of f-s                            =  323 
 Number of setups                         =   40 
 Number of nonlinear iterations           =  322 
 Number of nonlinear convergence failures =    0 
 Number of error test failures            =   21 

 Linear solver real workspace length      =   10 
 Linear solver integer workspace length   =   41 
 Number of Jacobian evaluations           =    5 
 Number of f evals. in linear solver      =   10 

 Error overrun = 27.107 


-------------------------------------------------------------

Linear Multistep Method : ADAMS
Iteration               : NEWTON
Linear Solver           : Diagonal Jacobian

     t           x              xdot         qu     hu 
   1.39284     1.68009e+00   -2.91060e-01    6    5.9509e-02
   3.60761    -1.66640e-04   -3.16916e+00    4    1.2443e-02
   5.82239    -1.68006e+00    2.91073e-01    5    2.4568e-02
   8.03716     5.26231e-04    3.17028e+00    4    1.2461e-02

 Final statistics for this run:

 CVode real workspace length              =  129 
 CVode integer workspace length           =   60 
 Number of steps                          =  273 
 Number of f-s                            =  380 
 Number of setups                         =   47 
 Number of nonlinear iterations           =  379 
 Number of nonlinear convergence failures =    3 
 Number of error test failures            =   22 

 Linear solver real workspace length      =    6 
 Linear solver integer workspace length   =    3 
 Number of Jacobian evaluations           =   47 
 Number of f evals. in linear solver      =   47 

 Error overrun = 526.231 


-------------------------------------------------------------

Linear Multistep Method : BDF
Iteration               : FIXEDPOINT

     t           x              xdot         qu     hu 
   1.39284     1.68010e+00   -2.91056e-01    5    7.0384e-02
   3.60761    -8.49338e-05   -3.16896e+00    5    1.4322e-02
   5.82239    -1.68009e+00    2.91062e-01    4    7.7281e-02
   8.03716     2.30843e-04    3.16940e+00    4    1.0444e-02

 Final statistics for this run:

 CVode real workspace length              =  115 
 CVode integer workspace length           =   53 
 Number of steps                          =  274 
 Number of f-s                            =  521 
 Number of setups                         =    0 
 Number of nonlinear iterations           =  520 
 Number of nonlinear convergence failures =    0 
 Number of error test failures            =   21 

 Error overrun = 230.843 


-------------------------------------------------------------

Linear Multistep Method : BDF
Iteration               : NEWTON
Linear Solver           : Dense, User-Supplied Jacobian

     t           x              xdot         qu     hu 
   1.39284     1.68010e+00   -2.91057e-01    4    7.9769e-02
   3.60761    -7.04937e-05   -3.16891e+00    5    1.4940e-02
   5.82239    -1.68010e+00    2.91062e-01    4    1.0466e-01
   8.03716     1.56097e-04    3.16917e+00    5    1.5123e-02

 Final statistics for this run:

 CVode real workspace length              =  115 
 CVode integer workspace length           =   53 
 Number of steps                          =  279 
 Number of f-s                            =  365 
 Number of setups                         =   41 
 Number of nonlinear iterations           =  364 
 Number of nonlinear convergence failures =    0 
 Number of error test failures            =   18 

 Linear solver real workspace length      =   10 
 Linear solver integer workspace length   =   41 
 Number of Jacobian evaluations           =    6 
 Number of f evals. in linear solver      =    0 

 Error overrun = 156.097 


-------------------------------------------------------------

Linear Multistep Method : BDF
Iteration               : NEWTON
Linear Solver           : Dense, Difference Quotient Jacobian

     t           x              xdot         qu     hu 
   1.39284     1.68010e+00   -2.91058e-01    4    8.5766e-02
   3.60761    -6.62827e-05   -3.16889e+00    4    1.1326e-02
   5.82239    -1.68010e+00    2.91059e-01    5    1.1292e-01
   8.03716     1.07750e-04    3.16902e+00    5    1.6714e-02

 Final statistics for this run:

 CVode real workspace length              =  115 
 CVode integer workspace length           =   53 
 Number of steps                          =  282 
 Number of f-s                            =  372 
 Number of setups                         =   40 
 Number of nonlinear iterations           =  371 
 Number of nonlinear convergence failures =    0 
 Number of error test failures            =   17 

 Linear solver real workspace length      =   10 
 Linear solver integer workspace length   =   41 
 Number of Jacobian evaluations           =    5 
 Number of f evals. in linear solver      =   10 

 Error overrun = 107.750 


-------------------------------------------------------------

Linear Multistep Method : BDF
Iteration               : NEWTON
Linear Solver           : Diagonal Jacobian

     t           x              xdot         qu     hu 
   1.39284     1.68010e+00   -2.91056e-01    5    6.5366e-02
   3.60761     2.76323e-05   -3.16863e+00    4    1.1698e-02
   5.82239    -1.68010e+00    2.91060e-01    4    9.6135e-02
   8.03716    -3.68761e-04    3.16761e+00    5    1.6537e-02

 Final statistics for this run:

 CVode real workspace length              =  115 
 CVode integer workspace length           =   53 
 Number of steps                          =  293 
 Number of f-s                            =  394 
 Number of setups                         =   51 
 Number of nonlinear iterations           =  393 
 Number of nonlinear convergence failures =    1 
 Number of error test failures            =   21 

 Linear solver real workspace length      =    6 
 Linear solver integer workspace length   =    3 
 Number of Jacobian evaluations           =   51 
 Number of f evals. in linear solver      =   51 

 Error overrun = 368.761 


-------------------------------------------------------------
-------------------------------------------------------------

Problem 2: ydot = A * y, where A is a banded lower
triangular matrix derived from 2-D advection PDE

 neq = 25, ml = 5, mu = 0
 itol = CV_SS, reltol = 0, abstol = 1e-06

-------------------------------------------------------------

Linear Multistep Method : ADAMS
Iteration               : FIXEDPOINT

      t        max.err      qu     hu 
     0.010    1.7972e-07    2     7.4622e-03
     0.100    4.6939e-07    4     3.2267e-02
     1.000    4.0233e-07    5     5.1113e-02
    10.000    1.7264e-06    5     5.1113e-02
   100.000    3.2990e-07    2     6.0780e-01

 Final statistics for this run:

 CVode real workspace length              =  589 
 CVode integer workspace length           =   60 
 Number of steps                          =  451 
 Number of f-s                            =  742 
 Number of setups                         =    0 
 Number of nonlinear iterations           =  740 
 Number of nonlinear convergence failures =   81 
 Number of error test failures            =    4 

 Error overrun = 1.726 


-------------------------------------------------------------

Linear Multistep Method : ADAMS
Iteration               : NEWTON
Linear Solver           : Diagonal Jacobian

      t        max.err      qu     hu 
     0.010    8.9921e-07    2     7.4899e-03
     0.100    9.5586e-07    4     3.8109e-02
     1.000    1.6698e-05    4     5.3031e-02
    10.000    1.1968e-05    4     2.3785e-01
   100.000    1.3535e-09    1     7.2155e+01

 Final statistics for this run:

 CVode real workspace length              =  589 
 CVode integer workspace length           =   60 
 Number of steps                          =  147 
 Number of f-s                            =  244 
 Number of setups                         =   48 
 Number of nonlinear iterations           =  242 
 Number of nonlinear convergence failures =   10 
 Number of error test failures            =    8 

 Linear solver real workspace length      =   75 
 Linear solver integer workspace length   =    3 
 Number of Jacobian evaluations           =   48 
 Number of f evals. in linear solver      =   48 

 Error overrun = 16.698 


-------------------------------------------------------------

Linear Multistep Method : ADAMS
Iteration               : NEWTON
Linear Solver           : Band, User-Supplied Jacobian

      t        max.err      qu     hu 
     0.010    1.8039e-07    2     7.4681e-03
     0.100    4.6194e-07    4     4.2023e-02
     1.000    2.3842e-07    6     1.0407e-01
    10.000    4.7145e-07    4     3.9056e-01
   100.000    2.3257e-08    2     6.4837e+00

 Final statistics for this run:

 CVode real workspace length              =  589 
 CVode integer workspace length           =   60 
 Number of steps                          =  146 
 Number of f-s                            =  185 
 Number of setups                         =   30 
 Number of nonlinear iterations           =  183 
 Number of nonlinear convergence failures =    0 
 Number of error test failures            =    7 

 Linear solver real workspace length      =  327 
 Linear solver integer workspace length   =   91 
 Number of Jacobian evaluations           =    3 
 Number of f evals. in linear solver      =    0 

 Error overrun = 0.471 


-------------------------------------------------------------

Linear Multistep Method : ADAMS
Iteration               : NEWTON
Linear Solver           : Band, Difference Quotient Jacobian

      t        max.err      qu     hu 
     0.010    1.8006e-07    2     7.4657e-03
     0.100    6.4075e-07    4     4.2852e-02
     1.000    5.6624e-07    5     6.7669e-02
    10.000    1.9398e-07    5     5.8039e-01
   100.000    1.1198e-07    2     1.9234e+01

 Final statistics for this run:

 CVode real workspace length              =  589 
 CVode integer workspace length           =   60 
 Number of steps                          =  172 
 Number of f-s                            =  206 
 Number of setups                         =   27 
 Number of nonlinear iterations           =  204 
 Number of nonlinear convergence failures =    0 
 Number of error test failures            =    4 

 Linear solver real workspace length      =  327 
 Linear solver integer workspace length   =   91 
 Number of Jacobian evaluations           =    4 
 Number of f evals. in linear solver      =   24 

 Error overrun = 0.641 


-------------------------------------------------------------

Linear Multistep Method : BDF
Iteration               : FIXEDPOINT

      t        max.err      qu     hu 
     0.010    1.9073e-06    2     8.2729e-03
     0.100    4.3735e-06    3     1.8376e-02
     1.000    2.0415e-06    5     7.4966e-02
    10.000    1.8142e-06    4     3.0663e-01
   100.000    3.7308e-08    1     4.5574e-01

 Final statistics for this run:

 CVode real workspace length              =  414 
 CVode integer workspace length           =   53 
 Number of steps                          =  361 
 Number of f-s                            =  627 
 Number of setups                         =    0 
 Number of nonlinear iterations           =  625 
 Number of nonlinear convergence failures =   78 
 Number of error test failures            =    2 

 Error overrun = 4.373 


-------------------------------------------------------------

Linear Multistep Method : BDF
Iteration               : NEWTON
Linear Solver           : Diagonal Jacobian

      t        max.err      qu     hu 
     0.010    8.7988e-06    2     2.6510e-03
     0.100    8.0385e-06    3     1.9540e-02
     1.000    8.4378e-06    5     6.3224e-02
    10.000    2.3078e-05    4     3.0218e-01
   100.000    2.4258e-11    1     8.4041e+01

 Final statistics for this run:

 CVode real workspace length              =  414 
 CVode integer workspace length           =   53 
 Number of steps                          =  235 
 Number of f-s                            =  365 
 Number of setups                         =   60 
 Number of nonlinear iterations           =  363 
 Number of nonlinear convergence failures =   14 
 Number of error test failures            =   12 

 Linear solver real workspace length      =   75 
 Linear solver integer workspace length   =    3 
 Number of Jacobian evaluations           =   60 
 Number of f evals. in linear solver      =   60 

 Error overrun = 23.078 


-------------------------------------------------------------

Linear Multistep Method : BDF
Iteration               : NEWTON
Linear Solver           : Band, User-Supplied Jacobian

      t        max.err      qu     hu 
     0.010    1.9073e-06    2     8.2818e-03
     0.100    4.3735e-06    3     1.8470e-02
     1.000    2.3842e-06    5     6.1977e-02
    10.000    8.3970e-07    5     4.0039e-01
   100.000    2.2272e-08    2     4.9272e+01

 Final statistics for this run:

 CVode real workspace length              =  414 
 CVode integer workspace length           =   53 
 Number of steps                          =  123 
 Number of f-s                            =  150 
 Number of setups                         =   26 
 Number of nonlinear iterations           =  148 
 Number of nonlinear convergence failures =    0 
 Number of error test failures            =    3 

 Linear solver real workspace length      =  327 
 Linear solver integer workspace length   =   91 
 Number of Jacobian evaluations           =    3 
 Number of f evals. in linear solver      =    0 

 Error overrun = 4.373 


-------------------------------------------------------------

Linear Multistep Method : BDF
Iteration               : NEWTON
Linear Solver           : Band, Difference Quotient Jacobian

      t        max.err      qu     hu 
     0.010    1.9073e-06    2     8.2891e-03
     0.100    5.1335e-06    3     1.7644e-02
     1.000    7.4506e-07    5     9.3883e-02
    10.000    4.6503e-07    5     4.3732e-01
   100.000    3.0996e-08    2     3.8999e+01

 Final statistics for this run:

 CVode real workspace length              =  414 
 CVode integer workspace length           =   53 
 Number of steps                          =  119 
 Number of f-s                            =  144 
 Number of setups                         =   25 
 Number of nonlinear iterations           =  142 
 Number of nonlinear convergence failures =    0 
 Number of error test failures            =    3 

 Linear solver real workspace length      =  327 
 Linear solver integer workspace length   =   91 
 Number of Jacobian evaluations           =    2 
 Number of f evals. in linear solver      =   12 

 Error overrun = 5.133 


-------------------------------------------------------------
-------------------------------------------------------------

 Number of errors encountered = 0 
