2-species diurnal advection-diffusion problem, 10 by 10 mesh
SPGMR solver; band preconditioner; mu = 2, ml = 2



Preconditioner type is:  jpre = SUN_PREC_LEFT

t = 7.20e+03   no. steps = 295   order = 5   stepsize = 1.39e+02
c1 (bot.left/middle/top rt.) =    1.047e+04     2.964e+04     1.119e+04
c2 (bot.left/middle/top rt.) =    2.527e+11     7.154e+11     2.700e+11

t = 1.44e+04   no. steps = 330   order = 5   stepsize = 2.21e+02
c1 (bot.left/middle/top rt.) =    6.659e+06     5.316e+06     7.301e+06
c2 (bot.left/middle/top rt.) =    2.582e+11     2.057e+11     2.833e+11

t = 2.16e+04   no. steps = 363   order = 5   stepsize = 2.21e+02
c1 (bot.left/middle/top rt.) =    2.665e+07     1.036e+07     2.931e+07
c2 (bot.left/middle/top rt.) =    2.993e+11     1.028e+11     3.313e+11

t = 2.88e+04   no. steps = 421   order = 3   stepsize = 7.17e+01
c1 (bot.left/middle/top rt.) =    8.702e+06     1.292e+07     9.650e+06
c2 (bot.left/middle/top rt.) =    3.380e+11     5.029e+11     3.751e+11

t = 3.60e+04   no. steps = 468   order = 4   stepsize = 8.64e+01
c1 (bot.left/middle/top rt.) =    1.404e+04     2.029e+04     1.561e+04
c2 (bot.left/middle/top rt.) =    3.387e+11     4.894e+11     3.765e+11

t = 4.32e+04   no. steps = 535   order = 4   stepsize = 4.50e+02
c1 (bot.left/middle/top rt.) =    2.408e-06     1.566e-06     2.692e-06
c2 (bot.left/middle/top rt.) =    3.382e+11     1.355e+11     3.804e+11

t = 5.04e+04   no. steps = 553   order = 4   stepsize = 2.91e+02
c1 (bot.left/middle/top rt.) =    4.163e-09     3.867e-06     5.557e-09
c2 (bot.left/middle/top rt.) =    3.358e+11     4.930e+11     3.864e+11

t = 5.76e+04   no. steps = 568   order = 5   stepsize = 3.60e+02
c1 (bot.left/middle/top rt.) =   -4.355e-07    -4.127e-05    -2.063e-07
c2 (bot.left/middle/top rt.) =    3.320e+11     9.650e+11     3.909e+11

t = 6.48e+04   no. steps = 590   order = 4   stepsize = 4.25e+02
c1 (bot.left/middle/top rt.) =   -4.078e-07    -1.518e-08    -1.754e-13
c2 (bot.left/middle/top rt.) =    3.313e+11     8.922e+11     3.963e+11

t = 7.20e+04   no. steps = 607   order = 4   stepsize = 4.25e+02
c1 (bot.left/middle/top rt.) =    2.648e-07     9.430e-09     2.615e-12
c2 (bot.left/middle/top rt.) =    3.330e+11     6.186e+11     4.039e+11

t = 7.92e+04   no. steps = 624   order = 4   stepsize = 4.25e+02
c1 (bot.left/middle/top rt.) =    1.820e-10     1.203e-12     1.595e-06
c2 (bot.left/middle/top rt.) =    3.334e+11     6.669e+11     4.120e+11

t = 8.64e+04   no. steps = 641   order = 4   stepsize = 4.25e+02
c1 (bot.left/middle/top rt.) =    4.917e-12     1.394e-18    -3.841e-07
c2 (bot.left/middle/top rt.) =    3.352e+11     9.107e+11     4.163e+11


Final Statistics.. 

lenrw   =  2689     leniw   =    53
lenrwls =  2454     leniwls =    42
lenrwbp =  2800     leniwbp =   622
nst     =   641
nfe     =   827     nfetot  =  1711
nfeLS   =   814     nfeBP   =    70
nni     =   826     nli     =   814
nsetups =   107     netf    =    41
npe     =    14     nps     =  1566
ncfn    =     1     ncfl    =     0



-------------------------------------------------------------------


Preconditioner type is:  jpre = SUN_PREC_RIGHT

t = 7.20e+03   no. steps = 242   order = 4   stepsize = 1.13e+02
c1 (bot.left/middle/top rt.) =    1.047e+04     2.964e+04     1.119e+04
c2 (bot.left/middle/top rt.) =    2.527e+11     7.154e+11     2.700e+11

t = 1.44e+04   no. steps = 284   order = 5   stepsize = 3.06e+02
c1 (bot.left/middle/top rt.) =    6.659e+06     5.316e+06     7.301e+06
c2 (bot.left/middle/top rt.) =    2.582e+11     2.057e+11     2.833e+11

t = 2.16e+04   no. steps = 307   order = 5   stepsize = 3.06e+02
c1 (bot.left/middle/top rt.) =    2.665e+07     1.037e+07     2.931e+07
c2 (bot.left/middle/top rt.) =    2.993e+11     1.028e+11     3.313e+11

t = 2.88e+04   no. steps = 331   order = 5   stepsize = 3.06e+02
c1 (bot.left/middle/top rt.) =    8.702e+06     1.292e+07     9.650e+06
c2 (bot.left/middle/top rt.) =    3.380e+11     5.029e+11     3.751e+11

t = 3.60e+04   no. steps = 362   order = 5   stepsize = 7.70e+01
c1 (bot.left/middle/top rt.) =    1.404e+04     2.029e+04     1.561e+04
c2 (bot.left/middle/top rt.) =    3.387e+11     4.894e+11     3.765e+11

t = 4.32e+04   no. steps = 424   order = 5   stepsize = 4.88e+02
c1 (bot.left/middle/top rt.) =    7.533e-08     1.947e-08    -6.945e-11
c2 (bot.left/middle/top rt.) =    3.382e+11     1.355e+11     3.804e+11

t = 5.04e+04   no. steps = 439   order = 5   stepsize = 4.88e+02
c1 (bot.left/middle/top rt.) =   -1.010e-07    -3.915e-10     3.736e-10
c2 (bot.left/middle/top rt.) =    3.358e+11     4.930e+11     3.864e+11

t = 5.76e+04   no. steps = 455   order = 4   stepsize = 2.35e+02
c1 (bot.left/middle/top rt.) =   -2.419e-07    -1.698e-09     3.433e-10
c2 (bot.left/middle/top rt.) =    3.320e+11     9.650e+11     3.909e+11

t = 6.48e+04   no. steps = 477   order = 4   stepsize = 3.56e+02
c1 (bot.left/middle/top rt.) =    5.873e-22     3.306e-09    -8.930e-12
c2 (bot.left/middle/top rt.) =    3.313e+11     8.922e+11     3.963e+11

t = 7.20e+04   no. steps = 498   order = 4   stepsize = 3.56e+02
c1 (bot.left/middle/top rt.) =    1.315e-23    -7.170e-09    -7.513e-12
c2 (bot.left/middle/top rt.) =    3.330e+11     6.186e+11     4.039e+11

t = 7.92e+04   no. steps = 514   order = 4   stepsize = 5.39e+02
c1 (bot.left/middle/top rt.) =   -1.427e-25    -3.870e-18     2.415e-16
c2 (bot.left/middle/top rt.) =    3.334e+11     6.669e+11     4.120e+11

t = 8.64e+04   no. steps = 527   order = 4   stepsize = 5.39e+02
c1 (bot.left/middle/top rt.) =    4.688e-25    -5.161e-22    -4.324e-17
c2 (bot.left/middle/top rt.) =    3.352e+11     9.107e+11     4.163e+11


Final Statistics.. 

lenrw   =  2689     leniw   =    53
lenrwls =  2454     leniwls =    42
lenrwbp =  2800     leniwbp =   622
nst     =   527
nfe     =   637     nfetot  =  1880
nfeLS   =  1183     nfeBP   =    60
nni     =   636     nli     =  1183
nsetups =    73     netf    =    20
npe     =    12     nps     =  1772
ncfn    =     0     ncfl    =     0

