 
2-species diurnal advection-diffusion problem

t = 7.20e+03   no. steps = 192   order = 5   stepsize = 1.17e+02
c1 (bot.left/middle/top rt.) =    1.047e+04     2.964e+04     1.119e+04
c2 (bot.left/middle/top rt.) =    2.527e+11     7.154e+11     2.700e+11

t = 1.44e+04   no. steps = 236   order = 4   stepsize = 2.13e+02
c1 (bot.left/middle/top rt.) =    6.659e+06     5.316e+06     7.301e+06
c2 (bot.left/middle/top rt.) =    2.582e+11     2.057e+11     2.833e+11

t = 2.16e+04   no. steps = 290   order = 4   stepsize = 2.19e+02
c1 (bot.left/middle/top rt.) =    2.665e+07     1.036e+07     2.931e+07
c2 (bot.left/middle/top rt.) =    2.993e+11     1.028e+11     3.313e+11

t = 2.88e+04   no. steps = 319   order = 4   stepsize = 1.27e+02
c1 (bot.left/middle/top rt.) =    8.702e+06     1.292e+07     9.650e+06
c2 (bot.left/middle/top rt.) =    3.380e+11     5.029e+11     3.751e+11

t = 3.60e+04   no. steps = 362   order = 4   stepsize = 6.29e+01
c1 (bot.left/middle/top rt.) =    1.404e+04     2.029e+04     1.561e+04
c2 (bot.left/middle/top rt.) =    3.387e+11     4.894e+11     3.765e+11

t = 4.32e+04   no. steps = 437   order = 4   stepsize = 6.69e+02
c1 (bot.left/middle/top rt.) =    5.582e-04     4.201e-04     6.310e-04
c2 (bot.left/middle/top rt.) =    3.382e+11     1.355e+11     3.804e+11

t = 5.04e+04   no. steps = 457   order = 5   stepsize = 4.07e+02
c1 (bot.left/middle/top rt.) =   -4.836e-08     2.782e-08    -6.717e-08
c2 (bot.left/middle/top rt.) =    3.358e+11     4.930e+11     3.864e+11

t = 5.76e+04   no. steps = 478   order = 5   stepsize = 3.85e+01
c1 (bot.left/middle/top rt.) =    1.869e-07    -6.940e-06     2.381e-07
c2 (bot.left/middle/top rt.) =    3.320e+11     9.650e+11     3.909e+11

t = 6.48e+04   no. steps = 502   order = 4   stepsize = 5.19e+02
c1 (bot.left/middle/top rt.) =    3.515e-10    -9.733e-09     4.575e-10
c2 (bot.left/middle/top rt.) =    3.313e+11     8.922e+11     3.963e+11

t = 7.20e+04   no. steps = 516   order = 4   stepsize = 5.19e+02
c1 (bot.left/middle/top rt.) =    1.766e-14    -3.483e-13     2.332e-14
c2 (bot.left/middle/top rt.) =    3.330e+11     6.186e+11     4.039e+11

t = 7.92e+04   no. steps = 530   order = 4   stepsize = 5.19e+02
c1 (bot.left/middle/top rt.) =    2.326e-19     5.692e-18     3.314e-19
c2 (bot.left/middle/top rt.) =    3.334e+11     6.669e+11     4.120e+11

t = 8.64e+04   no. steps = 543   order = 4   stepsize = 5.19e+02
c1 (bot.left/middle/top rt.) =   -1.328e-22     6.302e-22    -1.688e-22
c2 (bot.left/middle/top rt.) =    3.352e+11     9.108e+11     4.163e+11


Final Statistics.. 

lenrw   =  2689     leniw   =    53
lenrwLS =  2454     leniwLS =    42
nst     =   543
nfe     =   714     nfeLS   =     0
nni     =   713     nli     =   761
nsetups =   101     netf    =    41
npe     =    12     nps     =  1419
ncfn    =     0     ncfl    =     0

