
2-species diurnal advection-diffusion problem
  10 by 10 mesh on 4 processors
  Using CVBBDPRE preconditioner module
    Difference-quotient half-bandwidths are mudq = 10,  mldq = 10
    Retained band block half-bandwidths are mukeep = 2,  mlkeep = 2

Preconditioner type is:  jpre = SUN_PREC_LEFT

t = 7.20e+03   no. steps = 211   order = 4   stepsize = 1.02e+02
At bottom left:  c1, c2 =    1.047e+04    2.527e+11 
At top right:    c1, c2 =    1.119e+04    2.700e+11 

t = 1.44e+04   no. steps = 248   order = 5   stepsize = 2.54e+02
At bottom left:  c1, c2 =    6.659e+06    2.582e+11 
At top right:    c1, c2 =    7.301e+06    2.833e+11 

t = 2.16e+04   no. steps = 277   order = 5   stepsize = 2.54e+02
At bottom left:  c1, c2 =    2.665e+07    2.993e+11 
At top right:    c1, c2 =    2.931e+07    3.313e+11 

t = 2.88e+04   no. steps = 318   order = 4   stepsize = 5.64e+01
At bottom left:  c1, c2 =    8.702e+06    3.380e+11 
At top right:    c1, c2 =    9.650e+06    3.751e+11 

t = 3.60e+04   no. steps = 395   order = 3   stepsize = 3.04e+01
At bottom left:  c1, c2 =    1.404e+04    3.387e+11 
At top right:    c1, c2 =    1.561e+04    3.765e+11 

t = 4.32e+04   no. steps = 511   order = 5   stepsize = 5.84e+02
At bottom left:  c1, c2 =    2.566e-07    3.382e+11 
At top right:    c1, c2 =    9.616e-07    3.804e+11 

t = 5.04e+04   no. steps = 525   order = 5   stepsize = 3.84e+02
At bottom left:  c1, c2 =   -4.791e-09    3.358e+11 
At top right:    c1, c2 =    2.760e-08    3.864e+11 

t = 5.76e+04   no. steps = 538   order = 5   stepsize = 4.00e+02
At bottom left:  c1, c2 =    5.193e-09    3.320e+11 
At top right:    c1, c2 =    1.309e-07    3.909e+11 

t = 6.48e+04   no. steps = 556   order = 5   stepsize = 4.00e+02
At bottom left:  c1, c2 =    4.209e-14    3.313e+11 
At top right:    c1, c2 =    2.289e-13    3.963e+11 

t = 7.20e+04   no. steps = 568   order = 5   stepsize = 6.00e+02
At bottom left:  c1, c2 =    1.058e-06    3.330e+11 
At top right:    c1, c2 =   -1.520e-07    4.039e+11 

t = 7.92e+04   no. steps = 580   order = 5   stepsize = 6.00e+02
At bottom left:  c1, c2 =   -1.519e-07    3.334e+11 
At top right:    c1, c2 =    6.170e-07    4.120e+11 

t = 8.64e+04   no. steps = 592   order = 5   stepsize = 6.00e+02
At bottom left:  c1, c2 =   -1.690e-06    3.352e+11 
At top right:    c1, c2 =   -1.851e-06    4.163e+11 


Final Statistics: 

lenrw   =  2689     leniw   =   144
lenrwls =  2454     leniwls =   126
nst     =   592
nfe     =   710     nfels   =   695
nni     =   709     nli     =   695
nsetups =    75     netf    =    21
npe     =    12     nps     =  1364
ncfn    =     0     ncfl    =     0

In CVBBDPRE: real/integer local work space sizes = 1300, 192
             no. flocal evals. = 264


-------------------------------------------------------------------


Preconditioner type is:  jpre = SUN_PREC_RIGHT

t = 7.20e+03   no. steps = 220   order = 4   stepsize = 9.72e+01
At bottom left:  c1, c2 =    1.047e+04    2.527e+11 
At top right:    c1, c2 =    1.119e+04    2.700e+11 

t = 1.44e+04   no. steps = 262   order = 4   stepsize = 2.28e+02
At bottom left:  c1, c2 =    6.659e+06    2.582e+11 
At top right:    c1, c2 =    7.301e+06    2.833e+11 

t = 2.16e+04   no. steps = 298   order = 4   stepsize = 2.36e+02
At bottom left:  c1, c2 =    2.665e+07    2.993e+11 
At top right:    c1, c2 =    2.931e+07    3.313e+11 

t = 2.88e+04   no. steps = 332   order = 4   stepsize = 1.00e+02
At bottom left:  c1, c2 =    8.702e+06    3.380e+11 
At top right:    c1, c2 =    9.650e+06    3.751e+11 

t = 3.60e+04   no. steps = 394   order = 4   stepsize = 7.28e+01
At bottom left:  c1, c2 =    1.404e+04    3.387e+11 
At top right:    c1, c2 =    1.561e+04    3.765e+11 

t = 4.32e+04   no. steps = 469   order = 4   stepsize = 4.79e+02
At bottom left:  c1, c2 =    9.144e-07    3.382e+11 
At top right:    c1, c2 =    1.153e-06    3.804e+11 

t = 5.04e+04   no. steps = 493   order = 3   stepsize = 2.62e+02
At bottom left:  c1, c2 =   -9.436e-11    3.358e+11 
At top right:    c1, c2 =    3.859e-10    3.864e+11 

t = 5.76e+04   no. steps = 525   order = 3   stepsize = 8.67e+01
At bottom left:  c1, c2 =   -1.940e-23    3.320e+11 
At top right:    c1, c2 =   -9.329e-17    3.909e+11 

t = 6.48e+04   no. steps = 557   order = 4   stepsize = 3.78e+02
At bottom left:  c1, c2 =   -1.378e-06    3.313e+11 
At top right:    c1, c2 =   -1.141e-18    3.963e+11 

t = 7.20e+04   no. steps = 569   order = 5   stepsize = 6.54e+02
At bottom left:  c1, c2 =   -4.596e-07    3.330e+11 
At top right:    c1, c2 =    1.416e-20    4.039e+11 

t = 7.92e+04   no. steps = 580   order = 5   stepsize = 6.54e+02
At bottom left:  c1, c2 =    7.792e-07    3.334e+11 
At top right:    c1, c2 =    7.151e-19    4.120e+11 

t = 8.64e+04   no. steps = 591   order = 5   stepsize = 6.54e+02
At bottom left:  c1, c2 =    1.143e-06    3.352e+11 
At top right:    c1, c2 =    5.855e-20    4.163e+11 


Final Statistics: 

lenrw   =  2689     leniw   =   144
lenrwls =  2454     leniwls =   126
nst     =   591
nfe     =   730     nfels   =  1345
nni     =   729     nli     =  1345
nsetups =    89     netf    =    29
npe     =    13     nps     =  2025
ncfn    =     0     ncfl    =     0

In CVBBDPRE: real/integer local work space sizes = 1300, 192
             no. flocal evals. = 286
