 ------- 
| SPGMR |
 -------
 
2-species diurnal advection-diffusion problem

t = 7.86e-01   no. steps = 50   order = 5   stepsize = 2.43e-02
c1 (bot.left/middle/top rt.) =    2.187e+03     8.532e+03     2.187e+03
c2 (bot.left/middle/top rt.) =    2.500e+11     9.756e+11     2.500e+11


Intermediate Statistics.. 

lenrw   =  2689     leniw   =    53
lenrwLS =  2454     leniwLS =    42
nst     =    50
nfe     =    78     nfeLS   =    58
nni     =    77     nli     =    58
nsetups =    17     netf    =     7
npe     =     3     nps     =   115
ncfn    =     0     ncfl    =     0

======================================================================

t = 2.16e+00   no. steps = 100   order = 5   stepsize = 3.68e-02
c1 (bot.left/middle/top rt.) =    5.359e-01     2.090e+00     5.359e-01
c2 (bot.left/middle/top rt.) =    2.500e+11     9.757e+11     2.500e+11


Intermediate Statistics.. 

lenrw   =  2689     leniw   =    53
lenrwLS =  2454     leniwLS =    42
nst     =   100
nfe     =   129     nfeLS   =   108
nni     =   128     nli     =   108
nsetups =    20     netf    =     7
npe     =     4     nps     =   215
ncfn    =     0     ncfl    =     0

======================================================================

t = 1.42e+02   no. steps = 150   order = 2   stepsize = 5.89e+01
c1 (bot.left/middle/top rt.) =   -2.931e-08    -1.136e-07    -2.862e-08
c2 (bot.left/middle/top rt.) =    2.500e+11     9.783e+11     2.505e+11


Intermediate Statistics.. 

lenrw   =  2689     leniw   =    53
lenrwLS =  2454     leniwLS =    42
nst     =   150
nfe     =   190     nfeLS   =   159
nni     =   189     nli     =   159
nsetups =    35     netf    =     9
npe     =     5     nps     =   318
ncfn    =     0     ncfl    =     0

======================================================================

t = 6.41e+03   no. steps = 200   order = 4   stepsize = 6.86e+01
c1 (bot.left/middle/top rt.) =    1.897e+03     5.813e+03     2.017e+03
c2 (bot.left/middle/top rt.) =    2.522e+11     7.730e+11     2.682e+11


Intermediate Statistics.. 

lenrw   =  2689     leniw   =    53
lenrwLS =  2454     leniwLS =    42
nst     =   200
nfe     =   265     nfeLS   =   221
nni     =   264     nli     =   221
nsetups =    47     netf    =    15
npe     =     6     nps     =   444
ncfn    =     0     ncfl    =     0

======================================================================

t = 1.58e+04   no. steps = 250   order = 5   stepsize = 2.71e+02
c1 (bot.left/middle/top rt.) =    1.058e+07     5.762e+06     1.163e+07
c2 (bot.left/middle/top rt.) =    2.600e+11     1.392e+11     2.863e+11


Intermediate Statistics.. 

lenrw   =  2689     leniw   =    53
lenrwLS =  2454     leniwLS =    42
nst     =   250
nfe     =   319     nfeLS   =   271
nni     =   318     nli     =   271
nsetups =    51     netf    =    15
npe     =     7     nps     =   548
ncfn    =     0     ncfl    =     0

======================================================================

t = 2.92e+04   no. steps = 300   order = 5   stepsize = 2.22e+02
c1 (bot.left/middle/top rt.) =    7.500e+06     1.156e+07     8.320e+06
c2 (bot.left/middle/top rt.) =    3.382e+11     5.219e+11     3.753e+11


Intermediate Statistics.. 

lenrw   =  2689     leniw   =    53
lenrwLS =  2454     leniwLS =    42
nst     =   300
nfe     =   380     nfeLS   =   335
nni     =   379     nli     =   335
nsetups =    56     netf    =    17
npe     =     8     nps     =   673
ncfn    =     0     ncfl    =     0

======================================================================

t = 3.60e+04   no. steps = 350   order = 5   stepsize = 1.76e+01
c1 (bot.left/middle/top rt.) =    1.326e+04     1.910e+04     1.474e+04
c2 (bot.left/middle/top rt.) =    3.387e+11     4.878e+11     3.765e+11


Intermediate Statistics.. 

lenrw   =  2689     leniw   =    53
lenrwLS =  2454     leniwLS =    42
nst     =   350
nfe     =   455     nfeLS   =   415
nni     =   454     nli     =   415
nsetups =    64     netf    =    24
npe     =     9     nps     =   828
ncfn    =     0     ncfl    =     0

======================================================================

t = 3.69e+04   no. steps = 400   order = 5   stepsize = 1.76e+01
c1 (bot.left/middle/top rt.) =    1.890e+03     2.432e+03     2.103e+03
c2 (bot.left/middle/top rt.) =    3.387e+11     4.358e+11     3.767e+11


Intermediate Statistics.. 

lenrw   =  2689     leniw   =    53
lenrwLS =  2454     leniwLS =    42
nst     =   400
nfe     =   511     nfeLS   =   465
nni     =   510     nli     =   465
nsetups =    67     netf    =    24
npe     =    10     nps     =   934
ncfn    =     0     ncfl    =     0

======================================================================

t = 3.78e+04   no. steps = 450   order = 5   stepsize = 1.76e+01
c1 (bot.left/middle/top rt.) =    1.388e+02     1.556e+02     1.545e+02
c2 (bot.left/middle/top rt.) =    3.387e+11     3.796e+11     3.770e+11


Intermediate Statistics.. 

lenrw   =  2689     leniw   =    53
lenrwLS =  2454     leniwLS =    42
nst     =   450
nfe     =   565     nfeLS   =   515
nni     =   564     nli     =   515
nsetups =    69     netf    =    24
npe     =    10     nps     =  1038
ncfn    =     0     ncfl    =     0

======================================================================

t = 3.97e+04   no. steps = 500   order = 4   stepsize = 7.16e+01
c1 (bot.left/middle/top rt.) =    5.579e-03     4.302e-03     6.226e-03
c2 (bot.left/middle/top rt.) =    3.386e+11     2.611e+11     3.779e+11


Intermediate Statistics.. 

lenrw   =  2689     leniw   =    53
lenrwLS =  2454     leniwLS =    42
nst     =   500
nfe     =   625     nfeLS   =   566
nni     =   624     nli     =   566
nsetups =    75     netf    =    25
npe     =    11     nps     =  1146
ncfn    =     0     ncfl    =     0

======================================================================

t = 5.83e+04   no. steps = 550   order = 5   stepsize = 4.56e+02
c1 (bot.left/middle/top rt.) =    1.357e-06     1.150e-06     1.494e-06
c2 (bot.left/middle/top rt.) =    3.318e+11     9.813e+11     3.913e+11


Intermediate Statistics.. 

lenrw   =  2689     leniw   =    53
lenrwLS =  2454     leniwLS =    42
nst     =   550
nfe     =   690     nfeLS   =   637
nni     =   689     nli     =   637
nsetups =    87     netf    =    28
npe     =    12     nps     =  1280
ncfn    =     0     ncfl    =     0

======================================================================

t = 8.64e+04   no. steps = 588   order = 5   stepsize = 7.64e+02
c1 (bot.left/middle/top rt.) =   -4.785e-10    -4.088e-10    -5.264e-10
c2 (bot.left/middle/top rt.) =    3.352e+11     9.106e+11     4.163e+11


Final Statistics.. 

lenrw   =  2689     leniw   =    53
lenrwLS =  2454     leniwLS =    42
nst     =   588
nfe     =   738     nfeLS   =   731
nni     =   737     nli     =   731
nsetups =    92     netf    =    29
npe     =    14     nps     =  1421
ncfn    =     2     ncfl    =     4

======================================================================

 --------- 
| SPFGMR |
 ---------
 
2-species diurnal advection-diffusion problem

t = 4.90e-01   no. steps = 50   order = 3   stepsize = 1.24e-02
c1 (bot.left/middle/top rt.) =    1.302e+04     5.079e+04     1.302e+04
c2 (bot.left/middle/top rt.) =    2.500e+11     9.756e+11     2.500e+11


Intermediate Statistics.. 

lenrw   =  2689     leniw   =    53
lenrwLS =  3254     leniwLS =    46
nst     =    50
nfe     =    70     nfeLS   =    56
nni     =    69     nli     =    56
nsetups =    13     netf    =     5
npe     =     3     nps     =    56
ncfn    =     0     ncfl    =     0

======================================================================

t = 1.11e+00   no. steps = 100   order = 3   stepsize = 1.24e-02
c1 (bot.left/middle/top rt.) =    3.093e+02     1.207e+03     3.093e+02
c2 (bot.left/middle/top rt.) =    2.500e+11     9.756e+11     2.500e+11


Intermediate Statistics.. 

lenrw   =  2689     leniw   =    53
lenrwLS =  3254     leniwLS =    46
nst     =   100
nfe     =   123     nfeLS   =   106
nni     =   122     nli     =   106
nsetups =    16     netf    =     5
npe     =     4     nps     =   106
ncfn    =     0     ncfl    =     0

======================================================================

t = 2.55e+00   no. steps = 150   order = 5   stepsize = 5.07e-02
c1 (bot.left/middle/top rt.) =    5.203e-02     2.029e-01     5.204e-02
c2 (bot.left/middle/top rt.) =    2.500e+11     9.757e+11     2.500e+11


Intermediate Statistics.. 

lenrw   =  2689     leniw   =    53
lenrwLS =  3254     leniwLS =    46
nst     =   150
nfe     =   188     nfeLS   =   158
nni     =   187     nli     =   158
nsetups =    23     netf    =     8
npe     =     5     nps     =   158
ncfn    =     0     ncfl    =     0

======================================================================

t = 3.39e+03   no. steps = 200   order = 4   stepsize = 4.26e+02
c1 (bot.left/middle/top rt.) =    1.205e-03     4.537e-03     1.253e-03
c2 (bot.left/middle/top rt.) =    2.508e+11     9.439e+11     2.607e+11


Intermediate Statistics.. 

lenrw   =  2689     leniw   =    53
lenrwLS =  3254     leniwLS =    46
nst     =   200
nfe     =   254     nfeLS   =   218
nni     =   253     nli     =   218
nsetups =    40     netf    =    10
npe     =     6     nps     =   218
ncfn    =     0     ncfl    =     0

======================================================================

t = 6.91e+03   no. steps = 250   order = 4   stepsize = 6.04e+01
c1 (bot.left/middle/top rt.) =    5.837e+03     1.704e+04     6.227e+03
c2 (bot.left/middle/top rt.) =    2.525e+11     7.371e+11     2.693e+11


Intermediate Statistics.. 

lenrw   =  2689     leniw   =    53
lenrwLS =  3254     leniwLS =    46
nst     =   250
nfe     =   323     nfeLS   =   331
nni     =   322     nli     =   331
nsetups =    48     netf    =    15
npe     =     7     nps     =   331
ncfn    =     0     ncfl    =     0

======================================================================

t = 1.41e+04   no. steps = 300   order = 4   stepsize = 1.81e+02
c1 (bot.left/middle/top rt.) =    5.946e+06     5.112e+06     6.515e+06
c2 (bot.left/middle/top rt.) =    2.579e+11     2.215e+11     2.828e+11


Intermediate Statistics.. 

lenrw   =  2689     leniw   =    53
lenrwLS =  3254     leniwLS =    46
nst     =   300
nfe     =   375     nfeLS   =   453
nni     =   374     nli     =   453
nsetups =    52     netf    =    15
npe     =     8     nps     =   453
ncfn    =     0     ncfl    =     0

======================================================================

t = 2.62e+04   no. steps = 350   order = 4   stepsize = 3.13e+02
c1 (bot.left/middle/top rt.) =    1.832e+07     1.896e+07     2.023e+07
c2 (bot.left/middle/top rt.) =    3.346e+11     3.466e+11     3.704e+11


Intermediate Statistics.. 

lenrw   =  2689     leniw   =    53
lenrwLS =  3254     leniwLS =    46
nst     =   350
nfe     =   437     nfeLS   =   654
nni     =   436     nli     =   654
nsetups =    58     netf    =    17
npe     =     9     nps     =   654
ncfn    =     0     ncfl    =     0

======================================================================

t = 3.53e+04   no. steps = 400   order = 4   stepsize = 1.20e+02
c1 (bot.left/middle/top rt.) =    4.395e+04     6.793e+04     4.885e+04
c2 (bot.left/middle/top rt.) =    3.387e+11     5.234e+11     3.764e+11


Intermediate Statistics.. 

lenrw   =  2689     leniw   =    53
lenrwLS =  3254     leniwLS =    46
nst     =   400
nfe     =   498     nfeLS   =   867
nni     =   497     nli     =   867
nsetups =    62     netf    =    19
npe     =     9     nps     =   867
ncfn    =     0     ncfl    =     1

======================================================================

t = 3.86e+04   no. steps = 450   order = 4   stepsize = 5.59e+01
c1 (bot.left/middle/top rt.) =    5.655e+00     5.488e+00     6.300e+00
c2 (bot.left/middle/top rt.) =    3.387e+11     3.287e+11     3.773e+11


Intermediate Statistics.. 

lenrw   =  2689     leniw   =    53
lenrwLS =  3254     leniwLS =    46
nst     =   450
nfe     =   558     nfeLS   =   999
nni     =   557     nli     =   999
nsetups =    66     netf    =    21
npe     =    10     nps     =   999
ncfn    =     1     ncfl    =     6

======================================================================

t = 5.17e+04   no. steps = 500   order = 4   stepsize = 6.06e+02
c1 (bot.left/middle/top rt.) =   -7.469e-11     4.022e-08     2.512e-11
c2 (bot.left/middle/top rt.) =    3.351e+11     6.034e+11     3.874e+11


Intermediate Statistics.. 

lenrw   =  2689     leniw   =    53
lenrwLS =  3254     leniwLS =    46
nst     =   500
nfe     =   627     nfeLS   =  1107
nni     =   626     nli     =  1107
nsetups =    78     netf    =    25
npe     =    11     nps     =  1107
ncfn    =     1     ncfl    =     6

======================================================================

t = 8.36e+04   no. steps = 550   order = 5   stepsize = 6.81e+02
c1 (bot.left/middle/top rt.) =    4.970e-16    -8.961e-14     1.150e-15
c2 (bot.left/middle/top rt.) =    3.342e+11     8.523e+11     4.153e+11


Intermediate Statistics.. 

lenrw   =  2689     leniw   =    53
lenrwLS =  3254     leniwLS =    46
nst     =   550
nfe     =   686     nfeLS   =  1222
nni     =   685     nli     =  1222
nsetups =    83     netf    =    27
npe     =    12     nps     =  1222
ncfn    =     1     ncfl    =     6

======================================================================

t = 8.64e+04   no. steps = 555   order = 5   stepsize = 6.81e+02
c1 (bot.left/middle/top rt.) =   -2.645e-16     4.911e-14    -6.245e-16
c2 (bot.left/middle/top rt.) =    3.352e+11     9.107e+11     4.163e+11


Final Statistics.. 

lenrw   =  2689     leniw   =    53
lenrwLS =  3254     leniwLS =    46
nst     =   555
nfe     =   691     nfeLS   =  1232
nni     =   690     nli     =  1232
nsetups =    83     netf    =    27
npe     =    12     nps     =  1232
ncfn    =     1     ncfl    =     6

======================================================================

 ------- 
| SPBCGS |
 -------
 
2-species diurnal advection-diffusion problem

t = 4.98e-01   no. steps = 50   order = 3   stepsize = 1.26e-02
c1 (bot.left/middle/top rt.) =    1.240e+04     4.839e+04     1.240e+04
c2 (bot.left/middle/top rt.) =    2.500e+11     9.756e+11     2.500e+11


Intermediate Statistics.. 

lenrw   =  2689     leniw   =    53
lenrwLS =  2202     leniwLS =    41
nst     =    50
nfe     =    71     nfeLS   =   110
nni     =    70     nli     =    55
nsetups =    13     netf    =     5
npe     =     3     nps     =   165
ncfn    =     0     ncfl    =     0

t = 1.13e+00   no. steps = 100   order = 3   stepsize = 1.26e-02
c1 (bot.left/middle/top rt.) =    2.750e+02     1.073e+03     2.750e+02
c2 (bot.left/middle/top rt.) =    2.500e+11     9.756e+11     2.500e+11


Intermediate Statistics.. 

lenrw   =  2689     leniw   =    53
lenrwLS =  2202     leniwLS =    41
nst     =   100
nfe     =   126     nfeLS   =   210
nni     =   125     nli     =   105
nsetups =    16     netf    =     5
npe     =     4     nps     =   315
ncfn    =     0     ncfl    =     0

t = 2.52e+00   no. steps = 150   order = 5   stepsize = 5.49e-02
c1 (bot.left/middle/top rt.) =    6.137e-02     2.393e-01     6.137e-02
c2 (bot.left/middle/top rt.) =    2.500e+11     9.757e+11     2.500e+11


Intermediate Statistics.. 

lenrw   =  2689     leniw   =    53
lenrwLS =  2202     leniwLS =    41
nst     =   150
nfe     =   193     nfeLS   =   316
nni     =   192     nli     =   158
nsetups =    27     netf    =     9
npe     =     5     nps     =   475
ncfn    =     0     ncfl    =     0

t = 1.52e+03   no. steps = 200   order = 3   stepsize = 2.24e+02
c1 (bot.left/middle/top rt.) =   -2.289e-17     6.969e-15    -2.002e-17
c2 (bot.left/middle/top rt.) =    2.503e+11     9.860e+11     2.552e+11


Intermediate Statistics.. 

lenrw   =  2689     leniw   =    53
lenrwLS =  2202     leniwLS =    41
nst     =   200
nfe     =   260     nfeLS   =   420
nni     =   259     nli     =   210
nsetups =    43     netf    =    11
npe     =     6     nps     =   631
ncfn    =     0     ncfl    =     0

t = 6.70e+03   no. steps = 250   order = 4   stepsize = 6.40e+01
c1 (bot.left/middle/top rt.) =    3.747e+03     1.117e+04     3.992e+03
c2 (bot.left/middle/top rt.) =    2.524e+11     7.521e+11     2.689e+11


Intermediate Statistics.. 

lenrw   =  2689     leniw   =    53
lenrwLS =  2202     leniwLS =    41
nst     =   250
nfe     =   328     nfeLS   =   528
nni     =   327     nli     =   264
nsetups =    49     netf    =    15
npe     =     7     nps     =   800
ncfn    =     0     ncfl    =     0

t = 1.45e+04   no. steps = 300   order = 4   stepsize = 2.28e+02
c1 (bot.left/middle/top rt.) =    7.008e+06     5.399e+06     7.686e+06
c2 (bot.left/middle/top rt.) =    2.583e+11     1.985e+11     2.835e+11


Intermediate Statistics.. 

lenrw   =  2689     leniw   =    53
lenrwLS =  2202     leniwLS =    41
nst     =   300
nfe     =   382     nfeLS   =   628
nni     =   381     nli     =   314
nsetups =    53     netf    =    15
npe     =     7     nps     =   954
ncfn    =     0     ncfl    =     0

t = 2.42e+04   no. steps = 350   order = 4   stepsize = 2.33e+02
c1 (bot.left/middle/top rt.) =    2.459e+07     1.748e+07     2.707e+07
c2 (bot.left/middle/top rt.) =    3.248e+11     2.260e+11     3.593e+11


Intermediate Statistics.. 

lenrw   =  2689     leniw   =    53
lenrwLS =  2202     leniwLS =    41
nst     =   350
nfe     =   438     nfeLS   =   736
nni     =   437     nli     =   368
nsetups =    57     netf    =    16
npe     =     8     nps     =  1118
ncfn    =     0     ncfl    =     0

t = 3.15e+04   no. steps = 400   order = 4   stepsize = 1.63e+02
c1 (bot.left/middle/top rt.) =    2.281e+06     4.014e+06     2.534e+06
c2 (bot.left/middle/top rt.) =    3.384e+11     5.955e+11     3.759e+11


Intermediate Statistics.. 

lenrw   =  2689     leniw   =    53
lenrwLS =  2202     leniwLS =    41
nst     =   400
nfe     =   498     nfeLS   =   848
nni     =   497     nli     =   424
nsetups =    64     netf    =    18
npe     =     9     nps     =  1290
ncfn    =     0     ncfl    =     0

t = 3.73e+04   no. steps = 450   order = 4   stepsize = 6.94e+01
c1 (bot.left/middle/top rt.) =    5.758e+02     6.941e+02     6.407e+02
c2 (bot.left/middle/top rt.) =    3.387e+11     4.083e+11     3.769e+11


Intermediate Statistics.. 

lenrw   =  2689     leniw   =    53
lenrwLS =  2202     leniwLS =    41
nst     =   450
nfe     =   558     nfeLS   =   958
nni     =   557     nli     =   479
nsetups =    68     netf    =    20
npe     =    10     nps     =  1460
ncfn    =     0     ncfl    =     0

t = 4.13e+04   no. steps = 500   order = 5   stepsize = 3.02e+02
c1 (bot.left/middle/top rt.) =    9.090e-07     6.692e-07     1.010e-06
c2 (bot.left/middle/top rt.) =    3.385e+11     1.788e+11     3.789e+11


Intermediate Statistics.. 

lenrw   =  2689     leniw   =    53
lenrwLS =  2202     leniwLS =    41
nst     =   500
nfe     =   618     nfeLS   =  1060
nni     =   617     nli     =   530
nsetups =    74     netf    =    21
npe     =    11     nps     =  1616
ncfn    =     0     ncfl    =     0

t = 6.48e+04   no. steps = 550   order = 5   stepsize = 7.28e+02
c1 (bot.left/middle/top rt.) =   -4.379e-10    -4.496e-08    -1.582e-10
c2 (bot.left/middle/top rt.) =    3.313e+11     8.927e+11     3.963e+11


Intermediate Statistics.. 

lenrw   =  2689     leniw   =    53
lenrwLS =  2202     leniwLS =    41
nst     =   550
nfe     =   690     nfeLS   =  1200
nni     =   689     nli     =   600
nsetups =    86     netf    =    27
npe     =    12     nps     =  1828
ncfn    =     0     ncfl    =     0

t = 8.64e+04   no. steps = 580   order = 5   stepsize = 7.28e+02
c1 (bot.left/middle/top rt.) =   -3.158e-20    -9.153e-16    -2.068e-21
c2 (bot.left/middle/top rt.) =    3.352e+11     9.106e+11     4.163e+11


Final Statistics.. 

lenrw   =  2689     leniw   =    53
lenrwLS =  2202     leniwLS =    41
nst     =   580
nfe     =   721     nfeLS   =  1260
nni     =   720     nli     =   630
nsetups =    87     netf    =    27
npe     =    12     nps     =  1918
ncfn    =     0     ncfl    =     0

 --------- 
| SPTFQMR |
 ---------
 
2-species diurnal advection-diffusion problem

t = 7.98e-01   no. steps = 50   order = 5   stepsize = 3.11e-02
c1 (bot.left/middle/top rt.) =    2.034e+03     7.937e+03     2.034e+03
c2 (bot.left/middle/top rt.) =    2.500e+11     9.756e+11     2.500e+11


Intermediate Statistics.. 

lenrw   =  2689     leniw   =    53
lenrwLS =  2602     leniwLS =    43
nst     =    50
nfe     =    85     nfeLS   =   131
nni     =    84     nli     =    58
nsetups =    20     netf    =     9
npe     =     3     nps     =   201
ncfn    =     0     ncfl    =     0

t = 2.60e+00   no. steps = 100   order = 5   stepsize = 7.37e-02
c1 (bot.left/middle/top rt.) =    4.007e-02     1.562e-01     4.007e-02
c2 (bot.left/middle/top rt.) =    2.500e+11     9.757e+11     2.500e+11


Intermediate Statistics.. 

lenrw   =  2689     leniw   =    53
lenrwLS =  2602     leniwLS =    43
nst     =   100
nfe     =   137     nfeLS   =   231
nni     =   136     nli     =   108
nsetups =    24     netf    =     9
npe     =     4     nps     =   351
ncfn    =     0     ncfl    =     0

t = 3.58e+03   no. steps = 150   order = 4   stepsize = 2.24e+02
c1 (bot.left/middle/top rt.) =    6.258e-03     2.336e-02     6.517e-03
c2 (bot.left/middle/top rt.) =    2.508e+11     9.364e+11     2.612e+11


Intermediate Statistics.. 

lenrw   =  2689     leniw   =    53
lenrwLS =  2602     leniwLS =    43
nst     =   150
nfe     =   205     nfeLS   =   349
nni     =   204     nli     =   160
nsetups =    38     netf    =    12
npe     =     5     nps     =   536
ncfn    =     0     ncfl    =     0

t = 8.05e+03   no. steps = 200   order = 5   stepsize = 1.81e+02
c1 (bot.left/middle/top rt.) =    4.434e+04     1.139e+05     4.758e+04
c2 (bot.left/middle/top rt.) =    2.532e+11     6.507e+11     2.718e+11


Intermediate Statistics.. 

lenrw   =  2689     leniw   =    53
lenrwLS =  2602     leniwLS =    43
nst     =   200
nfe     =   277     nfeLS   =   496
nni     =   276     nli     =   217
nsetups =    47     netf    =    17
npe     =     6     nps     =   784
ncfn    =     0     ncfl    =     0

t = 2.06e+04   no. steps = 250   order = 5   stepsize = 2.85e+02
c1 (bot.left/middle/top rt.) =    2.522e+07     8.007e+06     2.774e+07
c2 (bot.left/middle/top rt.) =    2.886e+11     7.706e+10     3.197e+11


Intermediate Statistics.. 

lenrw   =  2689     leniw   =    53
lenrwLS =  2602     leniwLS =    43
nst     =   250
nfe     =   330     nfeLS   =   647
nni     =   329     nli     =   274
nsetups =    49     netf    =    17
npe     =     7     nps     =  1014
ncfn    =     0     ncfl    =     1

t = 2.81e+04   no. steps = 300   order = 4   stepsize = 2.10e+01
c1 (bot.left/middle/top rt.) =    1.110e+07     1.523e+07     1.229e+07
c2 (bot.left/middle/top rt.) =    3.377e+11     4.648e+11     3.745e+11


Intermediate Statistics.. 

lenrw   =  2689     leniw   =    53
lenrwLS =  2602     leniwLS =    43
nst     =   300
nfe     =   399     nfeLS   =   826
nni     =   398     nli     =   341
nsetups =    57     netf    =    22
npe     =     8     nps     =  1296
ncfn    =     0     ncfl    =     1

t = 3.35e+04   no. steps = 350   order = 3   stepsize = 1.26e+02
c1 (bot.left/middle/top rt.) =    4.743e+05     8.259e+05     5.270e+05
c2 (bot.left/middle/top rt.) =    3.385e+11     5.895e+11     3.761e+11


Intermediate Statistics.. 

lenrw   =  2689     leniw   =    53
lenrwLS =  2602     leniwLS =    43
nst     =   350
nfe     =   454     nfeLS   =  1022
nni     =   453     nli     =   407
nsetups =    61     netf    =    22
npe     =     8     nps     =  1586
ncfn    =     0     ncfl    =     1

t = 3.64e+04   no. steps = 400   order = 3   stepsize = 3.08e+01
c1 (bot.left/middle/top rt.) =    6.018e+03     8.274e+03     6.691e+03
c2 (bot.left/middle/top rt.) =    3.387e+11     4.657e+11     3.766e+11


Intermediate Statistics.. 

lenrw   =  2689     leniw   =    53
lenrwLS =  2602     leniwLS =    43
nst     =   400
nfe     =   516     nfeLS   =  1196
nni     =   515     nli     =   464
nsetups =    65     netf    =    25
npe     =     9     nps     =  1874
ncfn    =     0     ncfl    =     1

t = 3.80e+04   no. steps = 450   order = 3   stepsize = 3.08e+01
c1 (bot.left/middle/top rt.) =    7.587e+01     8.258e+01     8.447e+01
c2 (bot.left/middle/top rt.) =    3.387e+11     3.687e+11     3.771e+11


Intermediate Statistics.. 

lenrw   =  2689     leniw   =    53
lenrwLS =  2602     leniwLS =    43
nst     =   450
nfe     =   572     nfeLS   =  1346
nni     =   571     nli     =   514
nsetups =    68     netf    =    25
npe     =    10     nps     =  2130
ncfn    =     0     ncfl    =     1

t = 4.35e+04   no. steps = 500   order = 4   stepsize = 3.78e+02
c1 (bot.left/middle/top rt.) =    3.883e-07    -4.854e-06     5.484e-07
c2 (bot.left/middle/top rt.) =    3.382e+11     1.342e+11     3.806e+11


Intermediate Statistics.. 

lenrw   =  2689     leniw   =    53
lenrwLS =  2602     leniwLS =    43
nst     =   500
nfe     =   631     nfeLS   =  1464
nni     =   630     nli     =   565
nsetups =    75     netf    =    26
npe     =    11     nps     =  2319
ncfn    =     0     ncfl    =     1

t = 6.60e+04   no. steps = 550   order = 5   stepsize = 7.11e+02
c1 (bot.left/middle/top rt.) =    5.227e-11     1.014e-08     4.190e-11
c2 (bot.left/middle/top rt.) =    3.316e+11     8.426e+11     3.975e+11


Intermediate Statistics.. 

lenrw   =  2689     leniw   =    53
lenrwLS =  2602     leniwLS =    43
nst     =   550
nfe     =   697     nfeLS   =  1719
nni     =   696     nli     =   647
nsetups =    84     netf    =    30
npe     =    12     nps     =  2676
ncfn    =     0     ncfl    =     4

t = 8.64e+04   no. steps = 579   order = 5   stepsize = 7.11e+02
c1 (bot.left/middle/top rt.) =   -6.880e-20    -5.456e-15     4.190e-21
c2 (bot.left/middle/top rt.) =    3.352e+11     9.106e+11     4.162e+11


Final Statistics.. 

lenrw   =  2689     leniw   =    53
lenrwLS =  2602     leniwLS =    43
nst     =   579
nfe     =   726     nfeLS   =  1807
nni     =   725     nli     =   676
nsetups =    85     netf    =    30
npe     =    12     nps     =  2822
ncfn    =     0     ncfl    =     4

