 ------- 
| SPGMR |
 -------
 
2-species diurnal advection-diffusion problem

t = 7.20e+03   no. steps = 211   order = 4   stepsize = 1.07e+02
c1 (bot.left/middle/top rt.) =    1.047e+04     2.964e+04     1.119e+04
c2 (bot.left/middle/top rt.) =    2.527e+11     7.154e+11     2.700e+11

t = 1.44e+04   no. steps = 245   order = 5   stepsize = 2.71e+02
c1 (bot.left/middle/top rt.) =    6.659e+06     5.316e+06     7.301e+06
c2 (bot.left/middle/top rt.) =    2.582e+11     2.057e+11     2.833e+11

t = 2.16e+04   no. steps = 275   order = 5   stepsize = 3.24e+02
c1 (bot.left/middle/top rt.) =    2.665e+07     1.036e+07     2.931e+07
c2 (bot.left/middle/top rt.) =    2.993e+11     1.028e+11     3.313e+11

t = 2.88e+04   no. steps = 299   order = 5   stepsize = 2.22e+02
c1 (bot.left/middle/top rt.) =    8.702e+06     1.292e+07     9.650e+06
c2 (bot.left/middle/top rt.) =    3.380e+11     5.029e+11     3.751e+11

t = 3.60e+04   no. steps = 349   order = 5   stepsize = 1.76e+01
c1 (bot.left/middle/top rt.) =    1.404e+04     2.029e+04     1.561e+04
c2 (bot.left/middle/top rt.) =    3.387e+11     4.894e+11     3.765e+11

t = 4.32e+04   no. steps = 516   order = 5   stepsize = 6.18e+02
c1 (bot.left/middle/top rt.) =   -6.922e-07    -5.618e-07    -7.706e-07
c2 (bot.left/middle/top rt.) =    3.382e+11     1.355e+11     3.804e+11

t = 5.04e+04   no. steps = 535   order = 4   stepsize = 3.03e+02
c1 (bot.left/middle/top rt.) =   -8.493e-06    -7.042e-06    -9.396e-06
c2 (bot.left/middle/top rt.) =    3.358e+11     4.930e+11     3.864e+11

t = 5.76e+04   no. steps = 549   order = 5   stepsize = 4.56e+02
c1 (bot.left/middle/top rt.) =   -8.363e-07    -7.097e-07    -9.205e-07
c2 (bot.left/middle/top rt.) =    3.320e+11     9.650e+11     3.909e+11

t = 6.48e+04   no. steps = 560   order = 5   stepsize = 7.64e+02
c1 (bot.left/middle/top rt.) =   -1.288e-06    -1.102e-06    -1.417e-06
c2 (bot.left/middle/top rt.) =    3.313e+11     8.922e+11     3.963e+11

t = 7.20e+04   no. steps = 570   order = 5   stepsize = 7.64e+02
c1 (bot.left/middle/top rt.) =    3.552e-08     3.026e-08     3.911e-08
c2 (bot.left/middle/top rt.) =    3.330e+11     6.186e+11     4.039e+11

t = 7.92e+04   no. steps = 579   order = 5   stepsize = 7.64e+02
c1 (bot.left/middle/top rt.) =    5.549e-09     4.770e-09     6.094e-09
c2 (bot.left/middle/top rt.) =    3.334e+11     6.669e+11     4.120e+11

t = 8.64e+04   no. steps = 588   order = 5   stepsize = 7.64e+02
c1 (bot.left/middle/top rt.) =   -4.785e-10    -4.088e-10    -5.264e-10
c2 (bot.left/middle/top rt.) =    3.352e+11     9.106e+11     4.163e+11


Final Statistics.. 

lenrw   =  2696     leniw   =    65
lenrwLS =  2454     leniwLS =    42
nst     =   588
nfe     =   738     nfeLS   =   731
nni     =   737     nli     =   731
nsetups =    92     netf    =    29
npe     =    14     nps     =  1421
ncfn    =     2     ncfl    =     4

======================================================================

 --------- 
| SPFGMR |
 ---------
 
2-species diurnal advection-diffusion problem

t = 7.20e+03   no. steps = 254   order = 4   stepsize = 1.08e+02
c1 (bot.left/middle/top rt.) =    1.047e+04     2.964e+04     1.119e+04
c2 (bot.left/middle/top rt.) =    2.527e+11     7.154e+11     2.700e+11

t = 1.44e+04   no. steps = 302   order = 4   stepsize = 2.73e+02
c1 (bot.left/middle/top rt.) =    6.659e+06     5.316e+06     7.301e+06
c2 (bot.left/middle/top rt.) =    2.582e+11     2.057e+11     2.833e+11

t = 2.16e+04   no. steps = 336   order = 4   stepsize = 3.13e+02
c1 (bot.left/middle/top rt.) =    2.665e+07     1.036e+07     2.931e+07
c2 (bot.left/middle/top rt.) =    2.993e+11     1.028e+11     3.313e+11

t = 2.88e+04   no. steps = 362   order = 4   stepsize = 1.78e+02
c1 (bot.left/middle/top rt.) =    8.702e+06     1.292e+07     9.650e+06
c2 (bot.left/middle/top rt.) =    3.380e+11     5.029e+11     3.751e+11

t = 3.60e+04   no. steps = 407   order = 4   stepsize = 8.08e+01
c1 (bot.left/middle/top rt.) =    1.404e+04     2.029e+04     1.561e+04
c2 (bot.left/middle/top rt.) =    3.387e+11     4.894e+11     3.765e+11

t = 4.32e+04   no. steps = 480   order = 4   stepsize = 4.80e+02
c1 (bot.left/middle/top rt.) =    1.777e-06     1.265e-06     1.987e-06
c2 (bot.left/middle/top rt.) =    3.382e+11     1.355e+11     3.804e+11

t = 5.04e+04   no. steps = 498   order = 4   stepsize = 3.67e+02
c1 (bot.left/middle/top rt.) =    9.410e-11     8.476e-08     2.801e-10
c2 (bot.left/middle/top rt.) =    3.358e+11     4.930e+11     3.864e+11

t = 5.76e+04   no. steps = 511   order = 4   stepsize = 3.58e+02
c1 (bot.left/middle/top rt.) =    3.313e-11    -3.452e-09     1.658e-11
c2 (bot.left/middle/top rt.) =    3.320e+11     9.650e+11     3.909e+11

t = 6.48e+04   no. steps = 523   order = 5   stepsize = 9.19e+02
c1 (bot.left/middle/top rt.) =   -1.482e-12     1.005e-09    -1.044e-11
c2 (bot.left/middle/top rt.) =    3.313e+11     8.922e+11     3.963e+11

t = 7.20e+04   no. steps = 533   order = 5   stepsize = 6.81e+02
c1 (bot.left/middle/top rt.) =    6.765e-13    -1.291e-10     1.628e-12
c2 (bot.left/middle/top rt.) =    3.330e+11     6.186e+11     4.039e+11

t = 7.92e+04   no. steps = 544   order = 5   stepsize = 6.81e+02
c1 (bot.left/middle/top rt.) =    2.117e-14    -4.133e-12     5.179e-14
c2 (bot.left/middle/top rt.) =    3.334e+11     6.669e+11     4.120e+11

t = 8.64e+04   no. steps = 555   order = 5   stepsize = 6.81e+02
c1 (bot.left/middle/top rt.) =   -2.645e-16     4.911e-14    -6.245e-16
c2 (bot.left/middle/top rt.) =    3.352e+11     9.107e+11     4.163e+11


Final Statistics.. 

lenrw   =  2696     leniw   =    65
lenrwLS =  3254     leniwLS =    46
nst     =   555
nfe     =   691     nfeLS   =  1232
nni     =   690     nli     =  1232
nsetups =    83     netf    =    27
npe     =    12     nps     =  1232
ncfn    =     1     ncfl    =     6

======================================================================

 ------- 
| SPBCGS |
 -------
 
2-species diurnal advection-diffusion problem

t = 7.20e+03   no. steps = 255   order = 4   stepsize = 1.01e+02
c1 (bot.left/middle/top rt.) =    1.047e+04     2.964e+04     1.119e+04
c2 (bot.left/middle/top rt.) =    2.527e+11     7.154e+11     2.700e+11

t = 1.44e+04   no. steps = 300   order = 4   stepsize = 2.28e+02
c1 (bot.left/middle/top rt.) =    6.659e+06     5.316e+06     7.301e+06
c2 (bot.left/middle/top rt.) =    2.582e+11     2.057e+11     2.833e+11

t = 2.16e+04   no. steps = 339   order = 4   stepsize = 2.33e+02
c1 (bot.left/middle/top rt.) =    2.665e+07     1.036e+07     2.931e+07
c2 (bot.left/middle/top rt.) =    2.993e+11     1.028e+11     3.313e+11

t = 2.88e+04   no. steps = 383   order = 3   stepsize = 1.06e+02
c1 (bot.left/middle/top rt.) =    8.702e+06     1.292e+07     9.650e+06
c2 (bot.left/middle/top rt.) =    3.380e+11     5.029e+11     3.751e+11

t = 3.60e+04   no. steps = 431   order = 4   stepsize = 6.94e+01
c1 (bot.left/middle/top rt.) =    1.404e+04     2.029e+04     1.561e+04
c2 (bot.left/middle/top rt.) =    3.387e+11     4.894e+11     3.765e+11

t = 4.32e+04   no. steps = 505   order = 5   stepsize = 8.43e+02
c1 (bot.left/middle/top rt.) =    7.882e-06     8.270e-06     8.385e-06
c2 (bot.left/middle/top rt.) =    3.382e+11     1.355e+11     3.804e+11

t = 5.04e+04   no. steps = 521   order = 5   stepsize = 2.53e+02
c1 (bot.left/middle/top rt.) =    1.078e-07    -1.243e-06     4.547e-08
c2 (bot.left/middle/top rt.) =    3.358e+11     4.930e+11     3.864e+11

t = 5.76e+04   no. steps = 537   order = 4   stepsize = 3.04e+02
c1 (bot.left/middle/top rt.) =   -2.616e-09    -2.944e-07    -9.066e-10
c2 (bot.left/middle/top rt.) =    3.320e+11     9.650e+11     3.909e+11

t = 6.48e+04   no. steps = 551   order = 5   stepsize = 7.28e+02
c1 (bot.left/middle/top rt.) =   -4.702e-10    -4.827e-08    -1.699e-10
c2 (bot.left/middle/top rt.) =    3.313e+11     8.922e+11     3.963e+11

t = 7.20e+04   no. steps = 560   order = 5   stepsize = 7.28e+02
c1 (bot.left/middle/top rt.) =    1.173e-12     1.201e-10     4.262e-13
c2 (bot.left/middle/top rt.) =    3.330e+11     6.186e+11     4.039e+11

t = 7.92e+04   no. steps = 570   order = 5   stepsize = 7.28e+02
c1 (bot.left/middle/top rt.) =   -1.947e-18     3.242e-16    -7.225e-19
c2 (bot.left/middle/top rt.) =    3.334e+11     6.669e+11     4.120e+11

t = 8.64e+04   no. steps = 580   order = 5   stepsize = 7.28e+02
c1 (bot.left/middle/top rt.) =   -3.158e-20    -9.153e-16    -2.068e-21
c2 (bot.left/middle/top rt.) =    3.352e+11     9.106e+11     4.163e+11


Final Statistics.. 

lenrw   =  2696     leniw   =    65
lenrwLS =  2202     leniwLS =    41
nst     =   580
nfe     =   721     nfeLS   =  1260
nni     =   720     nli     =   630
nsetups =    87     netf    =    27
npe     =    12     nps     =  1918
ncfn    =     0     ncfl    =     0

 --------- 
| SPTFQMR |
 ---------
 
2-species diurnal advection-diffusion problem

t = 7.20e+03   no. steps = 193   order = 5   stepsize = 1.11e+02
c1 (bot.left/middle/top rt.) =    1.047e+04     2.964e+04     1.119e+04
c2 (bot.left/middle/top rt.) =    2.527e+11     7.154e+11     2.700e+11

t = 1.44e+04   no. steps = 229   order = 5   stepsize = 2.85e+02
c1 (bot.left/middle/top rt.) =    6.659e+06     5.316e+06     7.301e+06
c2 (bot.left/middle/top rt.) =    2.582e+11     2.057e+11     2.833e+11

t = 2.16e+04   no. steps = 254   order = 5   stepsize = 2.85e+02
c1 (bot.left/middle/top rt.) =    2.665e+07     1.036e+07     2.931e+07
c2 (bot.left/middle/top rt.) =    2.993e+11     1.028e+11     3.313e+11

t = 2.88e+04   no. steps = 313   order = 3   stepsize = 6.88e+01
c1 (bot.left/middle/top rt.) =    8.702e+06     1.292e+07     9.650e+06
c2 (bot.left/middle/top rt.) =    3.380e+11     5.029e+11     3.751e+11

t = 3.60e+04   no. steps = 387   order = 3   stepsize = 3.08e+01
c1 (bot.left/middle/top rt.) =    1.404e+04     2.029e+04     1.561e+04
c2 (bot.left/middle/top rt.) =    3.387e+11     4.895e+11     3.765e+11

t = 4.32e+04   no. steps = 500   order = 4   stepsize = 3.78e+02
c1 (bot.left/middle/top rt.) =   -1.245e-06    -9.929e-06    -1.286e-06
c2 (bot.left/middle/top rt.) =    3.382e+11     1.355e+11     3.804e+11

t = 5.04e+04   no. steps = 514   order = 5   stepsize = 4.09e+02
c1 (bot.left/middle/top rt.) =   -5.112e-08    -3.443e-05    -5.773e-08
c2 (bot.left/middle/top rt.) =    3.358e+11     4.930e+11     3.864e+11

t = 5.76e+04   no. steps = 532   order = 4   stepsize = 2.69e+02
c1 (bot.left/middle/top rt.) =   -1.256e-07    -2.442e-05    -1.005e-07
c2 (bot.left/middle/top rt.) =    3.320e+11     9.650e+11     3.909e+11

t = 6.48e+04   no. steps = 549   order = 5   stepsize = 7.11e+02
c1 (bot.left/middle/top rt.) =   -7.193e-10    -1.396e-07    -5.770e-10
c2 (bot.left/middle/top rt.) =    3.313e+11     8.922e+11     3.963e+11

t = 7.20e+04   no. steps = 559   order = 5   stepsize = 7.11e+02
c1 (bot.left/middle/top rt.) =   -1.574e-13    -3.063e-11    -1.255e-13
c2 (bot.left/middle/top rt.) =    3.330e+11     6.186e+11     4.039e+11

t = 7.92e+04   no. steps = 569   order = 5   stepsize = 7.11e+02
c1 (bot.left/middle/top rt.) =   -1.137e-18     2.757e-15    -9.968e-19
c2 (bot.left/middle/top rt.) =    3.334e+11     6.669e+11     4.120e+11

t = 8.64e+04   no. steps = 579   order = 5   stepsize = 7.11e+02
c1 (bot.left/middle/top rt.) =   -6.880e-20    -5.456e-15     4.190e-21
c2 (bot.left/middle/top rt.) =    3.352e+11     9.106e+11     4.162e+11


Final Statistics.. 

lenrw   =  2696     leniw   =    65
lenrwLS =  2602     leniwLS =    43
nst     =   579
nfe     =   726     nfeLS   =  1807
nni     =   725     nli     =   676
nsetups =    85     netf    =    30
npe     =    12     nps     =  2822
ncfn    =     0     ncfl    =     4

