
Adjoint Sensitivity Example for Chemical Kinetics
-------------------------------------------------

ODE: dy1/dt = -p1*y1 + p2*y2*y3
     dy2/dt =  p1*y1 - p2*y2*y3 - p3*(y2)^2
     dy3/dt =  p3*(y2)^2

Find dG/dp for
     G = int_t0^tB0 g(t,p,y) dt
     g(t,p,y) = y3


Create and allocate CVODES memory for forward runs
Forward integration ... done ( nst = 361 )

ncheck = 2

--------------------------------------------------------
G:            3.9982e+07 
--------------------------------------------------------

Create and allocate CVODES memory for backward run
Backward integration from tB0 =   4.0000e+07

--------------------------------------------------------
returned t:   4.0000e+01
tout:         4.0000e+01
lambda(t):    3.9959e+07   3.9959e+07   3.9959e+07
y(t):         7.1604e-01   9.1932e-06   2.8395e-01
--------------------------------------------------------

Done ( nst = 402 )
--------------------------------------------------------
returned t:   0.0000e+00
lambda(t0):   3.9959e+07   3.9959e+07   3.9959e+07
y(t0):        1.0000e+00   0.0000e+00   0.0000e+00
dG/dp:        9.8117e+05  -3.9172e+00   6.5267e-04
--------------------------------------------------------

Re-initialize CVODES memory for backward run
Backward integration from tB0 =   5.0000e+01

--------------------------------------------------------
returned t:   4.0000e+01
tout:         4.0000e+01
lambda(t):    2.8993e-01   1.7645e+00   9.3554e+00
y(t):         7.1604e-01   9.1932e-06   2.8395e-01
--------------------------------------------------------

Done ( nst = 141 )
--------------------------------------------------------
returned t:   0.0000e+00
lambda(t0):   8.4176e+00   1.6096e+01   1.6114e+01
y(t0):        1.0000e+00   0.0000e+00   0.0000e+00
dG/dp:        1.7340e+02  -5.0558e-04   8.4263e-08
--------------------------------------------------------

Free memory

