
idaFoodWeb_bnd: Predator-prey DAE serial example problem for IDA 

Number of species ns: 2     Mesh dimensions: 20 x 20     System size: 800
Tolerance parameters:  rtol = 1e-05   atol = 1e-05
Linear solver: BAND,  Band parameters mu = 40, ml = 40
CalcIC called to correct initial predator concentrations.

-----------------------------------------------------------
  t        bottom-left  top-right    | nst  k      h
-----------------------------------------------------------

0.00e+00   1.0000e+01   1.0000e+01   |   0  0   1.6310e-08
           1.0000e+05   1.0000e+05   |

1.00e-03   1.0318e+01   1.0827e+01   |  39  4   6.0126e-05
           1.0319e+05   1.0822e+05   |

1.00e-02   1.6189e+02   1.9735e+02   | 169  3   1.3892e-04
           1.6189e+06   1.9734e+06   |

1.00e-01   2.4019e+02   2.7072e+02   | 289  1   2.1809e-02
           2.4019e+06   2.7072e+06   |

4.00e-01   2.4019e+02   2.7072e+02   | 292  1   1.7447e-01
           2.4019e+06   2.7072e+06   |

7.00e-01   2.4019e+02   2.7072e+02   | 293  1   3.4894e-01
           2.4019e+06   2.7072e+06   |

1.00e+00   2.4019e+02   2.7072e+02   | 294  1   6.9789e-01
           2.4019e+06   2.7072e+06   |

-----------------------------------------------------------
Final run statistics: 

Number of steps                    = 294
Number of residual evaluations     = 3393
Number of Jacobian evaluations     = 35
Number of nonlinear iterations     = 556
Number of error test failures      = 0
Number of nonlinear conv. failures = 10
Number of step solver failures     = 0
