
1D Advection-Reaction Test Problem

Number of Processors = 4
Mesh Info:
  NX = 100, NXL = 25, dx = 0.010000, xmax = 1.000000
Problem Parameters:
  A = 1
  B = 3.5
  k = 1
  c = 0.01
Integrator Options:
  order            = 3
  method           = imex
  fused vector ops = 0
  t0               = 0
  tf               = 10
  reltol           = 1.0e-06
  abstol           = 1.0e-09
  nout             = 40
  nonlinear solver = global
Output directory: .

          t         ||u||_rms   ||v||_rms   ||w||_rms
   ----------------------------------------------------
       0.000000     1.060205     3.559930     3.059949
       0.250000     1.134971     3.463314     3.499982
       0.500000     1.251252     3.307484     3.499978
       0.750000     1.421771     3.076178     3.499985
       1.000000     1.617975     2.789694     3.500132
       1.250000     1.738613     2.525641     3.499860
       1.500000     1.724314     2.346643     3.500746
       1.750000     1.609332     2.267404     3.499618
       2.000000     1.441939     2.284788     3.499913
       2.250000     1.254547     2.387112     3.500112
       2.500000     1.067859     2.552981     3.499977
       2.750000     0.894914     2.755798     3.499985
       3.000000     0.742698     2.972706     3.499988
       3.250000     0.614423     3.189681     3.499990
       3.500000     0.511702     3.400293     3.499992
       3.750000     0.435022     3.602350     3.499993
       4.000000     0.382884     3.795612     3.499993
       4.250000     0.351268     3.980790     3.499994
       4.500000     0.334675     4.159067     3.499994
       4.750000     0.327999     4.331677     3.499994
       5.000000     0.327575     4.499586     3.499994
       5.250000     0.331181     4.663359     3.499984
       5.500000     0.337619     4.823166     3.499071
       5.750000     0.346346     4.978847     3.498761
       6.000000     0.357243     5.129942     3.474185
       6.250000     0.370525     5.275664     3.489946
       6.500000     0.386740     5.414812     3.499992
       6.750000     0.406896     5.545553     3.499993
       7.000000     0.432797     5.664944     3.499988
       7.250000     0.467855     5.767891     3.498270
       7.500000     0.519325     5.844481     3.500100
       7.750000     0.605996     5.871570     3.499990
       8.000000     0.797168     5.775346     3.500041
       8.250000     1.628997     5.135038     3.499974
       8.500000     3.774914     3.499482     3.499941
       8.750000     4.025810     2.194893     3.499932
       9.000000     3.877379     0.967592     3.499933
       9.250000     3.148890     1.087230     3.499940
       9.500000     2.471560     1.322865     3.499953
       9.750000     1.912339     1.594918     3.496403
      10.000000     1.450249     1.896167     3.499643

Final Solver Statistics (for processor 0):
   Internal solver steps = 371 (attempted = 374)
   Total RHS evals:  Fe = 1496,  Fi = 3850
   Total number of error test failures = 3
   Total number of nonlinear solver convergence failures = 2
   Total number of nonlinear iterations = 2354
   Total number of linear iterations = 7816
   Total number of preconditioner setups = 8
   Total number of preconditioner solves = 10040
