
Robertson ODE test problem:
    initial conditions:  u0 = 1,  v0 = 0,  w0 = 0
        t           u           v           w
   --------------------------------------------------
   0.000e+00   1.00000e+00   0.00000e+00   0.00000e+00
   1.000e+09   2.08303e-06   8.49395e-12   9.99998e-01
   2.000e+09   1.04171e-06   4.71437e-12   9.99999e-01
   3.000e+09   6.94460e-07   2.57604e-12   9.99999e-01
   4.000e+09   5.20846e-07   2.08432e-12   9.99999e-01
   5.000e+09   4.16669e-07   1.72752e-12   1.00000e+00
   6.000e+09   3.47229e-07   1.41239e-12   1.00000e+00
   7.000e+09   2.97620e-07   1.15634e-12   1.00000e+00
   8.000e+09   2.60418e-07   9.33169e-13   1.00000e+00
   9.000e+09   2.31485e-07   9.20280e-13   1.00000e+00
   1.000e+10   2.08335e-07   8.13951e-13   1.00000e+00
   1.100e+10   1.89389e-07   5.13098e-13   1.00000e+00
   1.200e+10   1.73611e-07   1.04957e-12   1.00000e+00
   1.300e+10   1.60256e-07   1.39708e-12   1.00000e+00
   1.400e+10   1.48812e-07   6.18465e-13   1.00000e+00
   1.500e+10   1.38890e-07   1.18889e-12   1.00000e+00
   1.600e+10   1.30210e-07   5.19127e-13   1.00000e+00
   1.700e+10   1.22550e-07   4.87957e-13   1.00000e+00
   1.800e+10   1.15742e-07   4.63444e-13   1.00000e+00
   1.900e+10   1.09650e-07   4.38988e-13   1.00000e+00
   2.000e+10   1.04168e-07   4.19928e-13   1.00000e+00
   2.100e+10   9.92074e-08   3.97351e-13   1.00000e+00
   2.200e+10   9.46977e-08   3.89091e-13   1.00000e+00
   2.300e+10   9.05806e-08   3.53747e-13   1.00000e+00
   2.400e+10   8.68061e-08   3.38887e-13   1.00000e+00
   2.500e+10   8.33342e-08   3.32255e-13   1.00000e+00
   2.600e+10   8.01288e-08   2.68896e-13   1.00000e+00
   2.700e+10   7.71612e-08   2.95456e-13   1.00000e+00
   2.800e+10   7.44053e-08   1.99803e-13   1.00000e+00
   2.900e+10   7.18398e-08  -3.42811e-15   1.00000e+00
   3.000e+10   6.94449e-08   4.11979e-13   1.00000e+00
   3.100e+10   6.72048e-08   3.19560e-13   1.00000e+00
   3.200e+10   6.51050e-08   2.88372e-14   1.00000e+00
   3.300e+10   6.31318e-08   2.55567e-13   1.00000e+00
   3.400e+10   6.12750e-08   2.60223e-13   1.00000e+00
   3.500e+10   5.95242e-08   2.95792e-13   1.00000e+00
   3.600e+10   5.78709e-08   1.33898e-13   1.00000e+00
   3.700e+10   5.63068e-08   2.11863e-13   1.00000e+00
   3.800e+10   5.48249e-08   2.78632e-13   1.00000e+00
   3.900e+10   5.34193e-08   9.76842e-14   1.00000e+00
   4.000e+10   5.20848e-08  -8.65303e-13   1.00000e+00
   4.100e+10   5.08129e-08   6.83145e-13   1.00000e+00
   4.200e+10   4.96035e-08   1.99301e-13   1.00000e+00
   4.300e+10   4.84503e-08  -1.96999e-13   1.00000e+00
   4.400e+10   4.73488e-08   1.61161e-13   1.00000e+00
   4.500e+10   4.62966e-08   1.74559e-13   1.00000e+00
   4.600e+10   4.52902e-08   1.72274e-13   1.00000e+00
   4.700e+10   4.43264e-08   2.84474e-13   1.00000e+00
   4.800e+10   4.34031e-08   1.36766e-13   1.00000e+00
   4.900e+10   4.25173e-08   1.83105e-13   1.00000e+00
   5.000e+10   4.16669e-08   1.66684e-13   1.00000e+00
   5.100e+10   4.08499e-08   2.02183e-13   1.00000e+00
   5.200e+10   4.00643e-08   2.36246e-13   1.00000e+00
   5.300e+10   3.93084e-08   1.64411e-13   1.00000e+00
   5.400e+10   3.85806e-08   7.54023e-15   1.00000e+00
   5.500e+10   3.78792e-08  -4.76186e-14   1.00000e+00
   5.600e+10   3.72026e-08   1.17910e-13   1.00000e+00
   5.700e+10   3.65499e-08   1.56254e-13   1.00000e+00
   5.800e+10   3.59198e-08   1.43614e-13   1.00000e+00
   5.900e+10   3.53110e-08   1.38351e-13   1.00000e+00
   6.000e+10   3.47224e-08   1.40418e-13   1.00000e+00
   6.100e+10   3.41532e-08   1.37426e-13   1.00000e+00
   6.200e+10   3.36024e-08   1.33780e-13   1.00000e+00
   6.300e+10   3.30690e-08   1.33736e-13   1.00000e+00
   6.400e+10   3.25523e-08   1.28208e-13   1.00000e+00
   6.500e+10   3.20515e-08   1.28605e-13   1.00000e+00
   6.600e+10   3.15658e-08   1.28694e-13   1.00000e+00
   6.700e+10   3.10947e-08   1.25602e-13   1.00000e+00
   6.800e+10   3.06374e-08   1.11265e-13   1.00000e+00
   6.900e+10   3.01934e-08   1.13085e-13   1.00000e+00
   7.000e+10   2.97621e-08   1.26057e-13   1.00000e+00
   7.100e+10   2.93429e-08   1.18134e-13   1.00000e+00
   7.200e+10   2.89353e-08   1.21200e-13   1.00000e+00
   7.300e+10   2.85389e-08   1.64661e-13   1.00000e+00
   7.400e+10   2.81533e-08   1.71650e-13   1.00000e+00
   7.500e+10   2.77780e-08   9.09907e-14   1.00000e+00
   7.600e+10   2.74123e-08   2.36148e-13   1.00000e+00
   7.700e+10   2.70562e-08   2.89701e-13   1.00000e+00
   7.800e+10   2.67095e-08   1.63789e-13   1.00000e+00
   7.900e+10   2.63716e-08   1.10299e-15   1.00000e+00
   8.000e+10   2.60417e-08   1.61087e-13   1.00000e+00
   8.100e+10   2.57203e-08   1.02516e-13   1.00000e+00
   8.200e+10   2.54067e-08   4.83009e-14   1.00000e+00
   8.300e+10   2.51005e-08   1.07265e-13   1.00000e+00
   8.400e+10   2.48026e-08  -8.32467e-13   1.00000e+00
   8.500e+10   2.45103e-08  -2.93804e-13   1.00000e+00
   8.600e+10   2.42247e-08   3.12067e-13   1.00000e+00
   8.700e+10   2.39466e-08  -2.02552e-14   1.00000e+00
   8.800e+10   2.36743e-08   9.58367e-14   1.00000e+00
   8.900e+10   2.34083e-08   9.30214e-14   1.00000e+00
   9.000e+10   2.31482e-08   9.45526e-14   1.00000e+00
   9.100e+10   2.28939e-08   8.95999e-14   1.00000e+00
   9.200e+10   2.26450e-08   9.07471e-14   1.00000e+00
   9.300e+10   2.24015e-08   8.88648e-14   1.00000e+00
   9.400e+10   2.21632e-08   8.88046e-14   1.00000e+00
   9.500e+10   2.19299e-08   8.76828e-14   1.00000e+00
   9.600e+10   2.17015e-08   8.71743e-14   1.00000e+00
   9.700e+10   2.14777e-08   1.12731e-13   1.00000e+00
   9.800e+10   2.12584e-08   2.27143e-13   1.00000e+00
   9.900e+10   2.10435e-08   4.02140e-13   1.00000e+00
   1.000e+11   2.08328e-08   6.04424e-13   1.00000e+00
   --------------------------------------------------

Final Solver Statistics:
   Internal solver steps = 206 (attempted = 352)
   Total RHS evals:  Fe = 0,  Fi = 8366
   Total linear solver setups = 392
   Total RHS evals for setting up the linear system = 0
   Total number of Jacobian evaluations = 282
   Total number of Newton iterations = 7226
   Total number of nonlinear solver convergence failures = 281
   Total number of error test failures = 0
   Total number of constraint test failures = 0
   Total number of failed steps from solver failure = 146
