
Robertson ODE test problem (with rootfinding):
    initial conditions:  u0 = 1,  v0 = 0,  w0 = 0
        t             u             v             w
   -----------------------------------------------------
   0.00000e+00   1.00000e+00   0.00000e+00   0.00000e+00
   2.64017e-01   9.89965e-01   3.47056e-05   1.00000e-02
      rootsfound[] =   0   1
   4.00000e+00   9.05518e-01   2.24022e-05   9.44595e-02
   4.00000e+01   7.15828e-01   9.18415e-06   2.84163e-01
   4.00000e+02   4.50493e-01   3.22070e-06   5.49504e-01
   4.00000e+03   1.83172e-01   8.93692e-07   8.16827e-01
   4.00000e+04   3.89764e-02   1.62137e-07   9.61023e-01
   4.00000e+05   4.93780e-03   1.98519e-08   9.95062e-01
   4.00000e+06   5.16865e-04   2.06858e-09   9.99483e-01
   2.07880e+07   1.00000e-04   4.00234e-10   9.99900e-01
      rootsfound[] =  -1   0
   4.00000e+08   5.20833e-06   2.10021e-11   9.99995e-01
   4.00000e+09   5.20848e-07   2.10652e-12   9.99999e-01
   4.00000e+10   5.20848e-08   2.10469e-13   1.00000e+00
   -----------------------------------------------------

Final Solver Statistics:
   Internal solver steps = 107 (attempted = 129)
   Total RHS evals:  Fe = 0,  Fi = 4084
   Total linear solver setups = 165
   Total RHS evals for setting up the linear system = 0
   Total number of Jacobian evaluations = 75
   Total number of Newton iterations = 3535
   Total root-function g evals = 147
   Total number of nonlinear solver convergence failures = 74
   Total number of error test failures = 0
   Total number of failed steps from solver failure = 22
