
Robertson ODE test problem:
    initial conditions:  u0 = 1,  v0 = 0,  w0 = 0
        t           u           v           w
   --------------------------------------------------
   0.000e+00   1.00000e+00   0.00000e+00   0.00000e+00
   1.000e+09   2.08299e-06   8.32644e-12   9.99998e-01
   2.000e+09   1.04157e-06   4.16828e-12   9.99999e-01
   3.000e+09   6.94380e-07   2.77680e-12   9.99999e-01
   4.000e+09   5.20770e-07   2.08144e-12   9.99999e-01
   5.000e+09   4.16703e-07   1.66668e-12   1.00000e+00
   6.000e+09   3.47153e-07   1.38899e-12   1.00000e+00
   7.000e+09   2.97591e-07   1.18971e-12   1.00000e+00
   8.000e+09   2.60364e-07   1.04131e-12   1.00000e+00
   9.000e+09   2.31493e-07   9.25837e-13   1.00000e+00
   1.000e+10   2.08266e-07   8.33163e-13   1.00000e+00
   1.100e+10   1.89381e-07   7.57884e-13   1.00000e+00
   1.200e+10   1.73622e-07   6.94142e-13   1.00000e+00
   1.300e+10   1.60212e-07   6.40304e-13   1.00000e+00
   1.400e+10   1.48763e-07   5.94833e-13   1.00000e+00
   1.500e+10   1.38890e-07   5.55634e-13   1.00000e+00
   1.600e+10   1.30220e-07   5.20749e-13   1.00000e+00
   1.700e+10   1.22527e-07   4.89797e-13   1.00000e+00
   1.800e+10   1.15697e-07   4.62451e-13   1.00000e+00
   1.900e+10   1.09614e-07   4.38192e-13   1.00000e+00
   2.000e+10   1.04160e-07   4.16505e-13   1.00000e+00
   2.100e+10   9.92201e-08   3.96874e-13   1.00000e+00
   2.200e+10   9.46995e-08   3.78888e-13   1.00000e+00
   2.300e+10   9.05619e-08   3.62401e-13   1.00000e+00
   2.400e+10   8.67728e-08   3.47278e-13   1.00000e+00
   2.500e+10   8.32977e-08   3.33383e-13   1.00000e+00
   2.600e+10   8.01022e-08   3.20579e-13   1.00000e+00
   2.700e+10   7.71517e-08   3.08731e-13   1.00000e+00
   2.800e+10   7.44118e-08   2.97703e-13   1.00000e+00
   2.900e+10   7.18489e-08   2.87365e-13   1.00000e+00
   3.000e+10   6.94458e-08   2.77681e-13   1.00000e+00
   3.100e+10   6.71937e-08   2.68623e-13   1.00000e+00
   3.200e+10   6.50827e-08   2.60150e-13   1.00000e+00
   3.300e+10   6.31030e-08   2.52220e-13   1.00000e+00
   3.400e+10   6.12446e-08   2.44790e-13   1.00000e+00
   3.500e+10   5.94977e-08   2.37820e-13   1.00000e+00
   3.600e+10   5.78524e-08   2.31267e-13   1.00000e+00
   3.700e+10   5.62988e-08   2.25089e-13   1.00000e+00
   3.800e+10   5.48270e-08   2.19245e-13   1.00000e+00
   3.900e+10   5.34270e-08   2.13693e-13   1.00000e+00
   4.000e+10   5.20905e-08   2.08394e-13   1.00000e+00
   4.100e+10   5.08153e-08   2.03335e-13   1.00000e+00
   4.200e+10   4.95987e-08   1.98505e-13   1.00000e+00
   4.300e+10   4.84382e-08   1.93893e-13   1.00000e+00
   4.400e+10   4.73308e-08   1.89487e-13   1.00000e+00
   4.500e+10   4.62741e-08   1.85278e-13   1.00000e+00
   4.600e+10   4.52651e-08   1.81253e-13   1.00000e+00
   4.700e+10   4.43012e-08   1.77401e-13   1.00000e+00
   4.800e+10   4.33796e-08   1.73713e-13   1.00000e+00
   4.900e+10   4.24977e-08   1.70176e-13   1.00000e+00
   5.000e+10   4.16526e-08   1.66779e-13   1.00000e+00
   5.100e+10   4.08417e-08   1.63512e-13   1.00000e+00
   5.200e+10   4.00622e-08   1.60363e-13   1.00000e+00
   5.300e+10   3.93114e-08   1.57321e-13   1.00000e+00
   5.400e+10   3.85866e-08   1.54376e-13   1.00000e+00
   5.500e+10   3.78853e-08   1.51518e-13   1.00000e+00
   5.600e+10   3.72070e-08   1.48756e-13   1.00000e+00
   5.700e+10   3.65512e-08   1.46091e-13   1.00000e+00
   5.800e+10   3.59172e-08   1.43520e-13   1.00000e+00
   5.900e+10   3.53044e-08   1.41038e-13   1.00000e+00
   6.000e+10   3.47119e-08   1.38644e-13   1.00000e+00
   6.100e+10   3.41390e-08   1.36334e-13   1.00000e+00
   6.200e+10   3.35851e-08   1.34104e-13   1.00000e+00
   6.300e+10   3.30494e-08   1.31953e-13   1.00000e+00
   6.400e+10   3.25313e-08   1.29876e-13   1.00000e+00
   6.500e+10   3.20299e-08   1.27871e-13   1.00000e+00
   6.600e+10   3.15446e-08   1.25934e-13   1.00000e+00
   6.700e+10   3.10746e-08   1.24063e-13   1.00000e+00
   6.800e+10   3.06193e-08   1.22254e-13   1.00000e+00
   6.900e+10   3.01779e-08   1.20504e-13   1.00000e+00
   7.000e+10   2.97497e-08   1.18810e-13   1.00000e+00
   7.100e+10   2.93340e-08   1.17168e-13   1.00000e+00
   7.200e+10   2.89300e-08   1.15577e-13   1.00000e+00
   7.300e+10   2.85371e-08   1.14032e-13   1.00000e+00
   7.400e+10   2.81545e-08   1.12531e-13   1.00000e+00
   7.500e+10   2.77816e-08   1.11070e-13   1.00000e+00
   7.600e+10   2.74175e-08   1.09647e-13   1.00000e+00
   7.700e+10   2.70617e-08   1.08257e-13   1.00000e+00
   7.800e+10   2.67141e-08   1.06896e-13   1.00000e+00
   7.900e+10   2.63746e-08   1.05561e-13   1.00000e+00
   8.000e+10   2.60432e-08   1.04252e-13   1.00000e+00
   8.100e+10   2.57197e-08   1.02968e-13   1.00000e+00
   8.200e+10   2.54037e-08   1.01710e-13   1.00000e+00
   8.300e+10   2.50953e-08   1.00478e-13   1.00000e+00
   8.400e+10   2.47942e-08   9.92705e-14   1.00000e+00
   8.500e+10   2.45002e-08   9.80877e-14   1.00000e+00
   8.600e+10   2.42131e-08   9.69295e-14   1.00000e+00
   8.700e+10   2.39328e-08   9.57955e-14   1.00000e+00
   8.800e+10   2.36591e-08   9.46854e-14   1.00000e+00
   8.900e+10   2.33918e-08   9.35991e-14   1.00000e+00
   9.000e+10   2.31308e-08   9.25362e-14   1.00000e+00
   9.100e+10   2.28758e-08   9.14965e-14   1.00000e+00
   9.200e+10   2.26266e-08   9.04797e-14   1.00000e+00
   9.300e+10   2.23832e-08   8.94856e-14   1.00000e+00
   9.400e+10   2.21453e-08   8.85139e-14   1.00000e+00
   9.500e+10   2.19127e-08   8.75644e-14   1.00000e+00
   9.600e+10   2.16853e-08   8.66367e-14   1.00000e+00
   9.700e+10   2.14629e-08   8.57307e-14   1.00000e+00
   9.800e+10   2.12452e-08   8.48460e-14   1.00000e+00
   9.900e+10   2.10322e-08   8.39824e-14   1.00000e+00
   1.000e+11   2.08237e-08   8.31397e-14   1.00000e+00
   --------------------------------------------------

Final Statistics:
Current time                  = 109458002206.625337
Steps                         = 98
Step attempts                 = 99
Stability limited steps       = 0
Accuracy limited steps        = 99
Error test fails              = 1
NLS step fails                = 0
Inequality constraint fails   = 0
Initial step size             = 1e-08
Last step size                = 32778717724.4919808
Current step size             = 49675025820.9012311
Explicit RHS fn evals         = 0
Implicit RHS fn evals         = 3806
NLS iters                     = 3310
NLS fails                     = 41
NLS iters per step            = 33.7755102040816327
LS setups                     = 138
Jac fn evals                  = 42
LS RHS fn evals               = 0
Prec setup evals              = 0
Prec solves                   = 0
LS iters                      = 0
LS fails                      = 0
Jac-times setups              = 0
Jac-times evals               = 0
LS iters per NLS iter         = 0
Jac evals per NLS iter        = 0.012688821752265861
Prec evals per NLS iter       = 0
