
1D Heat PDE test problem:
  N = 201
  diffusion coefficient:  k = 0.5
        t      ||u||_rms
   -------------------------
    0.000000    0.000000
    0.100000    0.001165
    0.200000    0.001827
    0.300000    0.002236
    0.400000    0.002486
    0.500000    0.002642
    0.600000    0.002734
    0.700000    0.002789
    0.800000    0.002825
    0.900000    0.002848
    1.000000    0.002861
   -------------------------

Final Solver Statistics:
   Internal solver steps = 13 (attempted = 13)
   Total RHS evals:  Fe = 0,  Fi = 133
   Total linear solver setups = 0
   Total linear iterations = 3860
   Total number of Jacobian-vector products = 3860
   Total number of linear solver convergence failures = 0
   Total number of Newton iterations = 65
   Total number of nonlinear solver convergence failures = 0
   Total number of error test failures = 0
