
2D Heat problem:
 ----------------------------
  kx        = 1
  ky        = 1
  tf        = 1
  xu        = 1
  yu        = 1
  nx        = 32
  ny        = 32
  dx        = 0.0322581
  dy        = 0.0322581
 ----------------------------
  linear solver  = PCG
  rtol      = 0.0001
  atol      = 1e-08
 ----------------------------
  lin iters = 20
  eps lin   = 0
  prec      = 1
  msbp      = 0
 ----------------------------
  output    = 0
 ----------------------------

          t                     ||u||_rms                max error
 -----------------------------------------------------------------------
0.000000000000000000e+00 1.265389879780758520e+00 0.000000000000000000e+00
5.000000000000000000e-02 1.258890394496412218e+00 2.467053918947621424e-03
1.000000000000000000e-01 1.238745442620473701e+00 3.029165678211472230e-03
1.500000000000000000e-01 1.207396672793779445e+00 3.000783777935664594e-03
2.000000000000000000e-01 1.168520889717083894e+00 2.625908226607917583e-03
2.500000000000000000e-01 1.126500357764951323e+00 2.135464840618006739e-03
3.000000000000000000e-01 1.085755684293284948e+00 1.589964545661904250e-03
3.500000000000000000e-01 1.050181256365206192e+00 9.121488917210703517e-04
4.000000000000000000e-01 1.022854019077750265e+00 3.854811314324802602e-04
4.500000000000000000e-01 1.005804871783129129e+00 1.534836548431297481e-04
5.000000000000000001e-01 1.000017260893642385e+00 4.286796683972517782e-05
5.500000000000000001e-01 1.005772039969031308e+00 3.450427828031001672e-05
6.000000000000000001e-01 1.022776591073799908e+00 1.768026661090634074e-04
6.500000000000000001e-01 1.050011978443766715e+00 4.820588681968145149e-04
7.000000000000000001e-01 1.085507059334220227e+00 9.162809842987252110e-04
7.500000000000000001e-01 1.126234025777835207e+00 1.425203504275373190e-03
8.000000000000000001e-01 1.168264317506595434e+00 1.952746708841254786e-03
8.500000000000000001e-01 1.207188144919181303e+00 2.448571963585613508e-03
9.000000000000000001e-01 1.238757779792023973e+00 3.042742381630290384e-03
9.500000000000000002e-01 1.259331806519041442e+00 3.505535316668694358e-03
1.000000000000000000e+00 1.266442615898691801e+00 3.556389599533149766e-03
 -----------------------------------------------------------------------

Final integrator statistics:
  Steps            = 34
  Error test fails = 1
  RHS evals        = 45
  NLS iters        = 42
  NLS fails        = 0
  LS iters         = 577
  LS fails         = 9
  LS setups        = 9
  LS RHS evals     = 577
  Jv products      = 577

  Avg NLS iters per step    = 1.235294
  Avg LS iters per NLS iter = 13.738095

  Preconditioner setups = 1
  Preconditioner solves = 577

  Max error = 3.556389599533149766e-03
