
2-species diurnal advection-diffusion problem

t = 7.20e+03   no. steps = 219   order = 5   stepsize = 1.59e+02
At bottom left:  c1, c2 =    1.047e+04    2.527e+11 
At top right:    c1, c2 =    1.119e+04    2.700e+11 

t = 1.44e+04   no. steps = 251   order = 5   stepsize = 3.77e+02
At bottom left:  c1, c2 =    6.659e+06    2.582e+11 
At top right:    c1, c2 =    7.301e+06    2.833e+11 

t = 2.16e+04   no. steps = 277   order = 5   stepsize = 2.75e+02
At bottom left:  c1, c2 =    2.665e+07    2.993e+11 
At top right:    c1, c2 =    2.931e+07    3.313e+11 

t = 2.88e+04   no. steps = 307   order = 4   stepsize = 2.00e+02
At bottom left:  c1, c2 =    8.702e+06    3.380e+11 
At top right:    c1, c2 =    9.650e+06    3.751e+11 

t = 3.60e+04   no. steps = 336   order = 5   stepsize = 1.05e+02
At bottom left:  c1, c2 =    1.404e+04    3.387e+11 
At top right:    c1, c2 =    1.561e+04    3.765e+11 

t = 4.32e+04   no. steps = 391   order = 4   stepsize = 3.06e+02
At bottom left:  c1, c2 =    1.407e-06    3.382e+11 
At top right:    c1, c2 =    1.600e-06    3.804e+11 

t = 5.04e+04   no. steps = 409   order = 4   stepsize = 2.84e+02
At bottom left:  c1, c2 =   -1.585e-09    3.358e+11 
At top right:    c1, c2 =   -2.656e-09    3.864e+11 

t = 5.76e+04   no. steps = 427   order = 5   stepsize = 1.08e+02
At bottom left:  c1, c2 =    1.492e-09    3.320e+11 
At top right:    c1, c2 =    2.477e-09    3.909e+11 

t = 6.48e+04   no. steps = 449   order = 5   stepsize = 5.92e+02
At bottom left:  c1, c2 =    1.276e-08    3.313e+11 
At top right:    c1, c2 =    2.102e-08    3.963e+11 

t = 7.20e+04   no. steps = 461   order = 5   stepsize = 5.92e+02
At bottom left:  c1, c2 =    1.164e-10    3.330e+11 
At top right:    c1, c2 =    2.169e-10    4.039e+11 

t = 7.92e+04   no. steps = 473   order = 5   stepsize = 5.92e+02
At bottom left:  c1, c2 =    5.038e-12    3.334e+11 
At top right:    c1, c2 =    8.561e-12    4.120e+11 

t = 8.64e+04   no. steps = 485   order = 5   stepsize = 5.92e+02
At bottom left:  c1, c2 =   -1.350e-14    3.352e+11 
At top right:    c1, c2 =   -2.285e-14    4.163e+11 


Final Statistics: 

lenrw   =  2689     leniw   =   144
lenrwls =  2454     leniwls =   126
nst     =   485
nfe     =   630     nfels   =   632
nni     =   627     nli     =   632
nsetups =    88     netf    =    33
npe     =     9     nps     =  1205
ncfn    =     0     ncfl    =     1

