
2-species diurnal advection-diffusion problem
  10 by 10 mesh on 4 processors
  Using CVBBDPRE preconditioner module
    Difference-quotient half-bandwidths are mudq = 10,  mldq = 10
    Retained band block half-bandwidths are mukeep = 2,  mlkeep = 2

Preconditioner type is:  jpre = SUN_PREC_LEFT

t = 7.20e+03   no. steps = 190   order = 5   stepsize = 1.61e+02
At bottom left:  c1, c2 =    1.047e+04    2.527e+11 
At top right:    c1, c2 =    1.119e+04    2.700e+11 

t = 1.44e+04   no. steps = 221   order = 5   stepsize = 3.85e+02
At bottom left:  c1, c2 =    6.659e+06    2.582e+11 
At top right:    c1, c2 =    7.301e+06    2.833e+11 

t = 2.16e+04   no. steps = 247   order = 5   stepsize = 3.00e+02
At bottom left:  c1, c2 =    2.665e+07    2.993e+11 
At top right:    c1, c2 =    2.931e+07    3.313e+11 

t = 2.88e+04   no. steps = 267   order = 5   stepsize = 1.48e+02
At bottom left:  c1, c2 =    8.702e+06    3.380e+11 
At top right:    c1, c2 =    9.650e+06    3.751e+11 

t = 3.60e+04   no. steps = 317   order = 5   stepsize = 1.00e+02
At bottom left:  c1, c2 =    1.404e+04    3.387e+11 
At top right:    c1, c2 =    1.561e+04    3.765e+11 

t = 4.32e+04   no. steps = 369   order = 4   stepsize = 4.43e+02
At bottom left:  c1, c2 =    1.497e-08    3.382e+11 
At top right:    c1, c2 =    1.718e-08    3.804e+11 

t = 5.04e+04   no. steps = 386   order = 5   stepsize = 4.86e+02
At bottom left:  c1, c2 =    1.077e-11    3.358e+11 
At top right:    c1, c2 =   -8.387e-12    3.864e+11 

t = 5.76e+04   no. steps = 402   order = 4   stepsize = 2.41e+02
At bottom left:  c1, c2 =    3.362e-08    3.320e+11 
At top right:    c1, c2 =    4.148e-09    3.909e+11 

t = 6.48e+04   no. steps = 416   order = 5   stepsize = 6.67e+02
At bottom left:  c1, c2 =   -2.676e-11    3.313e+11 
At top right:    c1, c2 =   -3.241e-12    3.963e+11 

t = 7.20e+04   no. steps = 427   order = 5   stepsize = 6.67e+02
At bottom left:  c1, c2 =    3.304e-13    3.330e+11 
At top right:    c1, c2 =    3.975e-14    4.039e+11 

t = 7.92e+04   no. steps = 438   order = 5   stepsize = 6.67e+02
At bottom left:  c1, c2 =   -8.584e-15    3.334e+11 
At top right:    c1, c2 =   -1.027e-15    4.120e+11 

t = 8.64e+04   no. steps = 448   order = 5   stepsize = 6.67e+02
At bottom left:  c1, c2 =   -1.898e-15    3.352e+11 
At top right:    c1, c2 =   -2.265e-16    4.163e+11 


Final Statistics: 

lenrw   =  2689     leniw   =   144
lenrwls =  2454     leniwls =   126
nst     =   448
nfe     =   594     nfels   =   535
nni     =   591     nli     =   535
nsetups =    83     netf    =    32
npe     =     8     nps     =  1069
ncfn    =     0     ncfl    =     0

In CVBBDPRE: real/integer local work space sizes = 1300, 192
             no. flocal evals. = 176


-------------------------------------------------------------------


Preconditioner type is:  jpre = SUN_PREC_RIGHT

t = 7.20e+03   no. steps = 191   order = 5   stepsize = 1.22e+02
At bottom left:  c1, c2 =    1.047e+04    2.527e+11 
At top right:    c1, c2 =    1.119e+04    2.700e+11 

t = 1.44e+04   no. steps = 223   order = 5   stepsize = 2.79e+02
At bottom left:  c1, c2 =    6.659e+06    2.582e+11 
At top right:    c1, c2 =    7.301e+06    2.833e+11 

t = 2.16e+04   no. steps = 249   order = 5   stepsize = 4.31e+02
At bottom left:  c1, c2 =    2.665e+07    2.993e+11 
At top right:    c1, c2 =    2.931e+07    3.313e+11 

t = 2.88e+04   no. steps = 312   order = 4   stepsize = 2.10e+02
At bottom left:  c1, c2 =    8.702e+06    3.380e+11 
At top right:    c1, c2 =    9.650e+06    3.751e+11 

t = 3.60e+04   no. steps = 340   order = 5   stepsize = 1.22e+02
At bottom left:  c1, c2 =    1.404e+04    3.387e+11 
At top right:    c1, c2 =    1.561e+04    3.765e+11 

t = 4.32e+04   no. steps = 393   order = 5   stepsize = 8.34e+02
At bottom left:  c1, c2 =    1.693e-06    3.382e+11 
At top right:    c1, c2 =    1.888e-06    3.804e+11 

t = 5.04e+04   no. steps = 404   order = 5   stepsize = 3.98e+02
At bottom left:  c1, c2 =   -1.294e-10    3.358e+11 
At top right:    c1, c2 =   -1.427e-10    3.864e+11 

t = 5.76e+04   no. steps = 416   order = 5   stepsize = 4.64e+02
At bottom left:  c1, c2 =   -6.493e-12    3.320e+11 
At top right:    c1, c2 =   -7.108e-12    3.909e+11 

t = 6.48e+04   no. steps = 428   order = 5   stepsize = 7.08e+02
At bottom left:  c1, c2 =   -6.830e-14    3.313e+11 
At top right:    c1, c2 =   -7.409e-14    3.963e+11 

t = 7.20e+04   no. steps = 438   order = 5   stepsize = 7.08e+02
At bottom left:  c1, c2 =   -4.501e-15    3.330e+11 
At top right:    c1, c2 =   -4.810e-15    4.039e+11 

t = 7.92e+04   no. steps = 448   order = 5   stepsize = 7.08e+02
At bottom left:  c1, c2 =   -6.636e-16    3.334e+11 
At top right:    c1, c2 =   -7.004e-16    4.120e+11 

t = 8.64e+04   no. steps = 458   order = 5   stepsize = 7.08e+02
At bottom left:  c1, c2 =   -6.815e-17    3.352e+11 
At top right:    c1, c2 =   -1.356e-16    4.163e+11 


Final Statistics: 

lenrw   =  2689     leniw   =   144
lenrwls =  2454     leniwls =   126
nst     =   458
nfe     =   591     nfels   =   755
nni     =   588     nli     =   755
nsetups =    89     netf    =    28
npe     =     8     nps     =  1240
ncfn    =     0     ncfl    =     0

In CVBBDPRE: real/integer local work space sizes = 1300, 192
             no. flocal evals. = 176
