
2-species diurnal advection-diffusion problem
Sensitivity: YES ( STAGGERED + FULL ERROR CONTROL )

========================================================================
     T     Q       H      NST                    Bottom left  Top right 
========================================================================
7.200e+03  5  9.645e+01   220
                                Solution         1.0468e+04   1.1185e+04 
                                                 2.5267e+11   2.6998e+11 
                                ----------------------------------------
                                Sensitivity 1   -6.4201e+19  -6.8598e+19 
                                                 7.1178e+19   7.6556e+19 
                                ----------------------------------------
                                Sensitivity 2   -4.3853e+14  -5.0065e+14 
                                                -2.4407e+18  -2.7842e+18 
------------------------------------------------------------------------
1.440e+04  5  2.444e+02   262
                                Solution         6.6590e+06   7.3008e+06 
                                                 2.5819e+11   2.8329e+11 
                                ----------------------------------------
                                Sensitivity 1   -4.0848e+22  -4.4785e+22 
                                                 5.9549e+22   6.7173e+22 
                                ----------------------------------------
                                Sensitivity 2   -4.5235e+17  -5.4317e+17 
                                                -6.5418e+21  -7.8315e+21 
------------------------------------------------------------------------
2.160e+04  4  1.789e+02   313
                                Solution         2.6650e+07   2.9308e+07 
                                                 2.9928e+11   3.3134e+11 
                                ----------------------------------------
                                Sensitivity 1   -1.6346e+23  -1.7976e+23 
                                                 3.8203e+23   4.4991e+23 
                                ----------------------------------------
                                Sensitivity 2   -7.6601e+18  -9.4433e+18 
                                                -7.6459e+22  -9.4502e+22 
------------------------------------------------------------------------
2.880e+04  5  1.478e+02   352
                                Solution         8.7021e+06   9.6501e+06 
                                                 3.3804e+11   3.7510e+11 
                                ----------------------------------------
                                Sensitivity 1   -5.3375e+22  -5.9188e+22 
                                                 5.4487e+23   6.7430e+23 
                                ----------------------------------------
                                Sensitivity 2   -4.8855e+18  -6.1040e+18 
                                                -1.7194e+23  -2.1518e+23 
------------------------------------------------------------------------
3.600e+04  5  6.131e+01   388
                                Solution         1.4040e+04   1.5609e+04 
                                                 3.3868e+11   3.7652e+11 
                                ----------------------------------------
                                Sensitivity 1   -8.6141e+19  -9.5761e+19 
                                                 5.2719e+23   6.6030e+23 
                                ----------------------------------------
                                Sensitivity 2   -8.4328e+15  -1.0549e+16 
                                                -1.8439e+23  -2.3096e+23 
------------------------------------------------------------------------
4.320e+04  4  1.769e+02   449
                                Solution        -1.1899e-06  -9.1310e-07 
                                                 3.3823e+11   3.8035e+11 
                                ----------------------------------------
                                Sensitivity 1    1.5184e+10   1.4465e+10 
                                                 5.2753e+23   6.7448e+23 
                                ----------------------------------------
                                Sensitivity 2   -2.1222e+08  -2.9098e+08 
                                                -1.8455e+23  -2.3595e+23 
------------------------------------------------------------------------
5.040e+04  5  2.898e+02   486
                                Solution        -9.6149e-07  -9.0495e-07 
                                                 3.3582e+11   3.8645e+11 
                                ----------------------------------------
                                Sensitivity 1    4.5948e+09   4.2504e+09 
                                                 5.2067e+23   6.9665e+23 
                                ----------------------------------------
                                Sensitivity 2   -1.7841e+09  -2.0115e+09 
                                                -1.8214e+23  -2.4371e+23 
------------------------------------------------------------------------
5.760e+04  5  2.898e+02   511
                                Solution         4.0285e-07   3.6122e-07 
                                                 3.3203e+11   3.9090e+11 
                                ----------------------------------------
                                Sensitivity 1   -1.6548e+09  -1.5993e+09 
                                                 5.0825e+23   7.1206e+23 
                                ----------------------------------------
                                Sensitivity 2   -1.7743e+09  -1.9182e+09 
                                                -1.7780e+23  -2.4910e+23 
------------------------------------------------------------------------
6.480e+04  3  2.481e+02   549
                                Solution        -1.7850e-09  -1.6358e-09 
                                                 3.3130e+11   3.9634e+11 
                                ----------------------------------------
                                Sensitivity 1    4.3002e+06   3.9388e+06 
                                                 5.0442e+23   7.3274e+23 
                                ----------------------------------------
                                Sensitivity 2    3.9791e+01   4.3571e+01 
                                                -1.7646e+23  -2.5633e+23 
------------------------------------------------------------------------
7.200e+04  4  4.001e+02   573
                                Solution         1.0503e-08   9.7466e-09 
                                                 3.3297e+11   4.0389e+11 
                                ----------------------------------------
                                Sensitivity 1    1.5578e+08   1.4951e+08 
                                                 5.0784e+23   7.6382e+23 
                                ----------------------------------------
                                Sensitivity 2    7.9807e+03   8.8853e+03 
                                                -1.7766e+23  -2.6721e+23 
------------------------------------------------------------------------
7.920e+04  5  6.713e+02   590
                                Solution         2.8594e-14   2.5473e-14 
                                                 3.3344e+11   4.1203e+11 
                                ----------------------------------------
                                Sensitivity 1   -1.5980e+03  -1.4609e+03 
                                                 5.0731e+23   7.9960e+23 
                                ----------------------------------------
                                Sensitivity 2   -4.2096e-02  -4.6513e-02 
                                                -1.7747e+23  -2.7972e+23 
------------------------------------------------------------------------
8.640e+04  5  6.713e+02   601
                                Solution         1.3097e-15   1.1216e-15 
                                                 3.3518e+11   4.1625e+11 
                                ----------------------------------------
                                Sensitivity 1   -5.7266e+01  -5.1299e+01 
                                                 5.1171e+23   8.2143e+23 
                                ----------------------------------------
                                Sensitivity 2   -3.8667e-03  -4.2299e-03 
                                                -1.7901e+23  -2.8736e+23 
------------------------------------------------------------------------

Final Statistics

nst     =   601

nfe     =  1316
netf    =    11    nsetups  =   102
nni     =   693    ncfn     =     0

nfSe    =  1468    nfeS     =  2936
netfs   =    19    nsetupsS =     0
nniS    =   731    ncfnS    =     0
