2-species diurnal advection-diffusion problem, 10 by 10 mesh
SPGMR solver; band preconditioner; mu = 2, ml = 2



Preconditioner type is:  jpre = SUN_PREC_LEFT

t = 7.20e+03   no. steps = 190   order = 5   stepsize = 1.61e+02
c1 (bot.left/middle/top rt.) =    1.047e+04     2.964e+04     1.119e+04
c2 (bot.left/middle/top rt.) =    2.527e+11     7.154e+11     2.700e+11

t = 1.44e+04   no. steps = 221   order = 5   stepsize = 3.83e+02
c1 (bot.left/middle/top rt.) =    6.659e+06     5.316e+06     7.301e+06
c2 (bot.left/middle/top rt.) =    2.582e+11     2.057e+11     2.833e+11

t = 2.16e+04   no. steps = 246   order = 5   stepsize = 2.78e+02
c1 (bot.left/middle/top rt.) =    2.665e+07     1.036e+07     2.931e+07
c2 (bot.left/middle/top rt.) =    2.993e+11     1.028e+11     3.313e+11

t = 2.88e+04   no. steps = 290   order = 3   stepsize = 1.04e+02
c1 (bot.left/middle/top rt.) =    8.702e+06     1.292e+07     9.650e+06
c2 (bot.left/middle/top rt.) =    3.380e+11     5.029e+11     3.751e+11

t = 3.60e+04   no. steps = 355   order = 5   stepsize = 1.06e+02
c1 (bot.left/middle/top rt.) =    1.404e+04     2.029e+04     1.561e+04
c2 (bot.left/middle/top rt.) =    3.387e+11     4.894e+11     3.765e+11

t = 4.32e+04   no. steps = 414   order = 4   stepsize = 5.29e+02
c1 (bot.left/middle/top rt.) =   -8.052e-06     2.567e-05    -8.855e-06
c2 (bot.left/middle/top rt.) =    3.382e+11     1.355e+11     3.804e+11

t = 5.04e+04   no. steps = 431   order = 4   stepsize = 3.80e+02
c1 (bot.left/middle/top rt.) =    2.262e-16     1.709e-13    -1.186e-18
c2 (bot.left/middle/top rt.) =    3.358e+11     4.930e+11     3.864e+11

t = 5.76e+04   no. steps = 444   order = 5   stepsize = 4.26e+02
c1 (bot.left/middle/top rt.) =   -3.477e-16    -7.707e-13     6.433e-15
c2 (bot.left/middle/top rt.) =    3.320e+11     9.650e+11     3.909e+11

t = 6.48e+04   no. steps = 454   order = 5   stepsize = 7.18e+02
c1 (bot.left/middle/top rt.) =    3.421e-14     6.964e-13    -8.393e-16
c2 (bot.left/middle/top rt.) =    3.313e+11     8.922e+11     3.963e+11

t = 7.20e+04   no. steps = 464   order = 5   stepsize = 7.18e+02
c1 (bot.left/middle/top rt.) =   -3.275e-14    -8.071e-13     1.480e-15
c2 (bot.left/middle/top rt.) =    3.330e+11     6.186e+11     4.039e+11

t = 7.92e+04   no. steps = 474   order = 5   stepsize = 7.18e+02
c1 (bot.left/middle/top rt.) =    5.277e-18     5.151e-17    -1.685e-18
c2 (bot.left/middle/top rt.) =    3.334e+11     6.669e+11     4.120e+11

t = 8.64e+04   no. steps = 484   order = 5   stepsize = 7.18e+02
c1 (bot.left/middle/top rt.) =    3.290e-19     2.162e-16     1.240e-18
c2 (bot.left/middle/top rt.) =    3.352e+11     9.106e+11     4.162e+11


Final Statistics.. 

lenrw   =  2696     leniw   =    65
lenrwls =  2454     leniwls =    42
lenrwbp =  2800     leniwbp =   622
nst     =   484
nfe     =   628     nfetot  =  1255
nfeLS   =   582     nfeBP   =    45
nni     =   625     nli     =   582
nsetups =    88     netf    =    31
npe     =     9     nps     =  1129
ncfn    =     0     ncfl    =     0



-------------------------------------------------------------------


Preconditioner type is:  jpre = SUN_PREC_RIGHT

t = 7.20e+03   no. steps = 219   order = 5   stepsize = 1.55e+02
c1 (bot.left/middle/top rt.) =    1.047e+04     2.964e+04     1.119e+04
c2 (bot.left/middle/top rt.) =    2.527e+11     7.154e+11     2.700e+11

t = 1.44e+04   no. steps = 251   order = 5   stepsize = 3.59e+02
c1 (bot.left/middle/top rt.) =    6.659e+06     5.316e+06     7.301e+06
c2 (bot.left/middle/top rt.) =    2.582e+11     2.057e+11     2.833e+11

t = 2.16e+04   no. steps = 279   order = 5   stepsize = 3.58e+02
c1 (bot.left/middle/top rt.) =    2.665e+07     1.036e+07     2.931e+07
c2 (bot.left/middle/top rt.) =    2.993e+11     1.028e+11     3.313e+11

t = 2.88e+04   no. steps = 301   order = 5   stepsize = 2.33e+02
c1 (bot.left/middle/top rt.) =    8.702e+06     1.292e+07     9.650e+06
c2 (bot.left/middle/top rt.) =    3.380e+11     5.029e+11     3.751e+11

t = 3.60e+04   no. steps = 330   order = 5   stepsize = 9.94e+01
c1 (bot.left/middle/top rt.) =    1.404e+04     2.029e+04     1.561e+04
c2 (bot.left/middle/top rt.) =    3.387e+11     4.894e+11     3.765e+11

t = 4.32e+04   no. steps = 382   order = 4   stepsize = 4.44e+02
c1 (bot.left/middle/top rt.) =   -2.429e-10    -3.661e-09    -2.233e-10
c2 (bot.left/middle/top rt.) =    3.382e+11     1.355e+11     3.804e+11

t = 5.04e+04   no. steps = 401   order = 4   stepsize = 2.91e+02
c1 (bot.left/middle/top rt.) =    7.981e-13     7.278e-10    -4.956e-13
c2 (bot.left/middle/top rt.) =    3.358e+11     4.930e+11     3.864e+11

t = 5.76e+04   no. steps = 414   order = 5   stepsize = 4.08e+02
c1 (bot.left/middle/top rt.) =    3.152e-13    -1.143e-09     1.326e-11
c2 (bot.left/middle/top rt.) =    3.320e+11     9.650e+11     3.909e+11

t = 6.48e+04   no. steps = 426   order = 5   stepsize = 6.44e+02
c1 (bot.left/middle/top rt.) =    3.773e-11     1.053e-09    -7.882e-12
c2 (bot.left/middle/top rt.) =    3.313e+11     8.922e+11     3.963e+11

t = 7.20e+04   no. steps = 437   order = 5   stepsize = 6.44e+02
c1 (bot.left/middle/top rt.) =    1.525e-11     2.967e-10     1.216e-12
c2 (bot.left/middle/top rt.) =    3.330e+11     6.186e+11     4.039e+11

t = 7.92e+04   no. steps = 448   order = 5   stepsize = 6.44e+02
c1 (bot.left/middle/top rt.) =    1.237e-19     8.553e-19    -1.005e-19
c2 (bot.left/middle/top rt.) =    3.334e+11     6.669e+11     4.120e+11

t = 8.64e+04   no. steps = 459   order = 5   stepsize = 6.44e+02
c1 (bot.left/middle/top rt.) =   -1.930e-19    -1.603e-20     1.580e-18
c2 (bot.left/middle/top rt.) =    3.352e+11     9.106e+11     4.163e+11


Final Statistics.. 

lenrw   =  2696     leniw   =    65
lenrwls =  2454     leniwls =    42
lenrwbp =  2800     leniwbp =   622
nst     =   459
nfe     =   569     nfetot  =  1258
nfeLS   =   649     nfeBP   =    40
nni     =   566     nli     =   649
nsetups =    72     netf    =    21
npe     =     8     nps     =  1128
ncfn    =     0     ncfl    =     0

