
2-species diurnal advection-diffusion problem
Sensitivity: YES ( STAGGERED + FULL ERROR CONTROL )

========================================================================
     T     Q       H      NST                    Bottom left  Top right 
========================================================================
7.200e+03  5  1.192e+02   228
                                Solution         1.0593e+04   1.1152e+04 
                                                 2.5567e+11   2.6917e+11 
                                ----------------------------------------
                                Sensitivity 1   -6.4963e+19  -6.8394e+19 
                                                 7.2120e+19   7.6303e+19 
                                ----------------------------------------
                                Sensitivity 2   -4.4900e+14  -4.9768e+14 
                                                -2.5038e+18  -2.7671e+18 
------------------------------------------------------------------------
1.440e+04  4  1.306e+02   276
                                Solution         6.9172e+06   7.2517e+06 
                                                 2.6829e+11   2.8137e+11 
                                ----------------------------------------
                                Sensitivity 1   -4.2432e+22  -4.4483e+22 
                                                 6.2762e+22   6.6563e+22 
                                ----------------------------------------
                                Sensitivity 2   -4.8955e+17  -5.3580e+17 
                                                -7.1115e+21  -7.7235e+21 
------------------------------------------------------------------------
2.160e+04  5  2.026e+02   337
                                Solution         2.7558e+07   2.9196e+07 
                                                 3.1024e+11   3.3000e+11 
                                ----------------------------------------
                                Sensitivity 1   -1.6903e+23  -1.7907e+23 
                                                 4.0588e+23   4.4683e+23 
                                ----------------------------------------
                                Sensitivity 2   -8.2851e+18  -9.3610e+18 
                                                -8.2851e+22  -9.3662e+22 
------------------------------------------------------------------------
2.880e+04  5  2.165e+02   373
                                Solution         8.9631e+06   9.8602e+06 
                                                 3.4824e+11   3.8331e+11 
                                ----------------------------------------
                                Sensitivity 1   -5.4975e+22  -6.0476e+22 
                                                 5.8239e+23   7.0579e+23 
                                ----------------------------------------
                                Sensitivity 2   -5.2367e+18  -6.4007e+18 
                                                -1.8450e+23  -2.2574e+23 
------------------------------------------------------------------------
3.600e+04  5  1.558e+02   407
                                Solution         1.4433e+04   1.6660e+04 
                                                 3.4814e+11   4.0186e+11 
                                ----------------------------------------
                                Sensitivity 1   -8.8547e+19  -1.0220e+20 
                                                 5.6473e+23   7.6273e+23 
                                ----------------------------------------
                                Sensitivity 2   -9.0220e+15  -1.2170e+16 
                                                -1.9753e+23  -2.6679e+23 
------------------------------------------------------------------------
4.320e+04  3  2.577e+02   474
                                Solution        -5.8090e-11  -4.3739e-11 
                                                 3.4900e+11   4.0867e+11 
                                ----------------------------------------
                                Sensitivity 1    2.8124e+05   2.0624e+05 
                                                 5.7083e+23   7.9553e+23 
                                ----------------------------------------
                                Sensitivity 2   -6.9394e+06  -5.0602e+06 
                                                -1.9969e+23  -2.7830e+23 
------------------------------------------------------------------------
5.040e+04  4  3.893e+02   495
                                Solution         1.5531e-18   7.8312e-18 
                                                 3.5570e+11   4.1225e+11 
                                ----------------------------------------
                                Sensitivity 1   -3.9509e-01  -3.6566e-01 
                                                 5.9553e+23   8.1823e+23 
                                ----------------------------------------
                                Sensitivity 2    2.2866e+00   1.6648e+00 
                                                -2.0833e+23  -2.8624e+23 
------------------------------------------------------------------------
5.760e+04  4  2.345e+02   523
                                Solution        -7.1205e-11   3.8499e-11 
                                                 3.6425e+11   4.1628e+11 
                                ----------------------------------------
                                Sensitivity 1    3.9452e+05  -2.2570e+05 
                                                 6.2592e+23   8.4334e+23 
                                ----------------------------------------
                                Sensitivity 2    7.0176e+03  -4.4761e+02 
                                                -2.1897e+23  -2.9502e+23 
------------------------------------------------------------------------
6.480e+04  5  3.302e+02   559
                                Solution         1.5916e-09  -1.1473e-09 
                                                 3.6334e+11   4.2182e+11 
                                ----------------------------------------
                                Sensitivity 1    2.1639e+07  -1.5327e+07 
                                                 6.2461e+23   8.7310e+23 
                                ----------------------------------------
                                Sensitivity 2   -2.1441e+03  -4.9786e+01 
                                                -2.1850e+23  -3.0544e+23 
------------------------------------------------------------------------
7.200e+04  5  4.984e+02   585
                                Solution         1.8114e-10   1.6881e-11 
                                                 3.6192e+11   4.3354e+11 
                                ----------------------------------------
                                Sensitivity 1   -1.8481e+07   7.7051e+06 
                                                 6.2311e+23   9.2797e+23 
                                ----------------------------------------
                                Sensitivity 2    1.0186e+07  -8.7418e+05 
                                                -2.1798e+23  -3.2463e+23 
------------------------------------------------------------------------
7.920e+04  5  4.984e+02   600
                                Solution        -1.1907e-13   2.4617e-13 
                                                 3.6148e+11   4.4474e+11 
                                ----------------------------------------
                                Sensitivity 1   -6.9772e+05   2.3098e+05 
                                                 6.2481e+23   9.8067e+23 
                                ----------------------------------------
                                Sensitivity 2    3.4841e+05  -3.0399e+04 
                                                -2.1858e+23  -3.4307e+23 
------------------------------------------------------------------------
8.640e+04  5  4.984e+02   614
                                Solution        -8.5458e-15  -2.6804e-16 
                                                 3.6318e+11   4.4524e+11 
                                ----------------------------------------
                                Sensitivity 1   -2.2936e+04   7.2023e+03 
                                                 6.3248e+23   9.8819e+23 
                                ----------------------------------------
                                Sensitivity 2    1.1281e+04  -9.8969e+02 
                                                -2.2126e+23  -3.4570e+23 
------------------------------------------------------------------------

Final Statistics

nst     =   614

nfe     =  1340
netf    =     9    nsetups  =   106
nni     =   701    ncfn     =     0

nfSe    =  1498    nfeS     =  2996
netfs   =    22    nsetupsS =     0
nniS    =   746    ncfnS    =     0

nli     =  1987    ncfl     =     0
npe     =    11    nps      =  3883
