
2-species diurnal advection-diffusion problem
Sensitivity: YES ( SIMULTANEOUS + FULL ERROR CONTROL )

========================================================================
     T     Q       H      NST                    Bottom left  Top right 
========================================================================
7.200e+03  2  1.198e+01   391
                                Solution         1.0593e+04   1.1152e+04 
                                                 2.5567e+11   2.6917e+11 
                                ----------------------------------------
                                Sensitivity 1   -6.4963e+19  -6.8394e+19 
                                                 7.2120e+19   7.6303e+19 
                                ----------------------------------------
                                Sensitivity 2   -4.4900e+14  -4.9768e+14 
                                                -2.5039e+18  -2.7671e+18 
------------------------------------------------------------------------
1.440e+04  2  2.786e+01   834
                                Solution         6.9172e+06   7.2517e+06 
                                                 2.6829e+11   2.8137e+11 
                                ----------------------------------------
                                Sensitivity 1   -4.2432e+22  -4.4483e+22 
                                                 6.2762e+22   6.6563e+22 
                                ----------------------------------------
                                Sensitivity 2   -4.8955e+17  -5.3580e+17 
                                                -7.1116e+21  -7.7236e+21 
------------------------------------------------------------------------
2.160e+04  2  1.595e+01  1478
                                Solution         2.7558e+07   2.9196e+07 
                                                 3.1024e+11   3.3000e+11 
                                ----------------------------------------
                                Sensitivity 1   -1.6903e+23  -1.7907e+23 
                                                 4.0588e+23   4.4683e+23 
                                ----------------------------------------
                                Sensitivity 2   -8.2851e+18  -9.3610e+18 
                                                -8.2851e+22  -9.3662e+22 
------------------------------------------------------------------------
2.880e+04  3  7.189e+01  1850
                                Solution         8.9631e+06   9.8602e+06 
                                                 3.4824e+11   3.8331e+11 
                                ----------------------------------------
                                Sensitivity 1   -5.4975e+22  -6.0476e+22 
                                                 5.8239e+23   7.0579e+23 
                                ----------------------------------------
                                Sensitivity 2   -5.2367e+18  -6.4007e+18 
                                                -1.8450e+23  -2.2574e+23 
------------------------------------------------------------------------
3.600e+04  4  7.086e+01  1948
                                Solution         1.4433e+04   1.6660e+04 
                                                 3.4814e+11   4.0186e+11 
                                ----------------------------------------
                                Sensitivity 1   -8.8547e+19  -1.0220e+20 
                                                 5.6474e+23   7.6273e+23 
                                ----------------------------------------
                                Sensitivity 2   -9.0220e+15  -1.2170e+16 
                                                -1.9753e+23  -2.6679e+23 
------------------------------------------------------------------------
4.320e+04  3  2.506e+02  2083
                                Solution        -1.9647e-08  -2.1786e-08 
                                                 3.4900e+11   4.0867e+11 
                                ----------------------------------------
                                Sensitivity 1    1.6283e+08   1.4144e+08 
                                                 5.7083e+23   7.9553e+23 
                                ----------------------------------------
                                Sensitivity 2    2.6042e+04   3.3392e+04 
                                                -1.9969e+23  -2.7830e+23 
------------------------------------------------------------------------
5.040e+04  4  3.896e+02  2102
                                Solution         3.1954e-08   3.6605e-08 
                                                 3.5570e+11   4.1225e+11 
                                ----------------------------------------
                                Sensitivity 1   -1.9697e+08  -2.2514e+08 
                                                 5.9553e+23   8.1823e+23 
                                ----------------------------------------
                                Sensitivity 2   -4.2948e+04  -5.2556e+04 
                                                -2.0833e+23  -2.8624e+23 
------------------------------------------------------------------------
5.760e+04  4  7.257e+01  2155
                                Solution        -3.8570e-08  -4.3145e-08 
                                                 3.6425e+11   4.1628e+11 
                                ----------------------------------------
                                Sensitivity 1   -9.1267e+08  -1.0221e+09 
                                                 6.2592e+23   8.4334e+23 
                                ----------------------------------------
                                Sensitivity 2    1.0931e+07   1.1773e+07 
                                                -2.1897e+23  -2.9502e+23 
------------------------------------------------------------------------
6.480e+04  4  1.294e+02  2223
                                Solution        -2.1101e-08  -1.8627e-08 
                                                 3.6334e+11   4.2182e+11 
                                ----------------------------------------
                                Sensitivity 1   -4.1597e+09  -3.7057e+09 
                                                 6.2461e+23   8.7310e+23 
                                ----------------------------------------
                                Sensitivity 2   -7.7985e+04  -8.0770e+04 
                                                -2.1850e+23  -3.0544e+23 
------------------------------------------------------------------------
7.200e+04  4  3.158e+02  2261
                                Solution        -8.2402e-15  -6.5618e-15 
                                                 3.6192e+11   4.3354e+11 
                                ----------------------------------------
                                Sensitivity 1   -1.9427e+04  -1.6111e+04 
                                                 6.2311e+23   9.2797e+23 
                                ----------------------------------------
                                Sensitivity 2   -4.6954e+01  -4.7678e+01 
                                                -2.1798e+23  -3.2463e+23 
------------------------------------------------------------------------
7.920e+04  5  5.580e+02  2274
                                Solution        -4.9243e-15  -4.0295e-15 
                                                 3.6148e+11   4.4474e+11 
                                ----------------------------------------
                                Sensitivity 1   -1.0284e+03  -7.9960e+02 
                                                 6.2481e+23   9.8067e+23 
                                ----------------------------------------
                                Sensitivity 2   -2.7529e+01  -2.7873e+01 
                                                -2.1858e+23  -3.4307e+23 
------------------------------------------------------------------------
8.640e+04  5  5.580e+02  2287
                                Solution         6.9331e-16   5.6820e-16 
                                                 3.6318e+11   4.4524e+11 
                                ----------------------------------------
                                Sensitivity 1   -2.7248e+02  -2.2919e+02 
                                                 6.3249e+23   9.8819e+23 
                                ----------------------------------------
                                Sensitivity 2    2.7877e+00   2.8221e+00 
                                                -2.2126e+23  -3.4570e+23 
------------------------------------------------------------------------

Final Statistics

nst     =  2287

nfe     =  3557
netf    =   215    nsetups  =   563
nni     =  3554    ncfn     =    24

nfSe    =  7114    nfeS     = 14228
netfs   =     0    nsetupsS =     0
nniS    =     0    ncfnS    =     0

nli     =  7092    ncfl     =     0
npe     =    63    nps      = 15509
