
Analytical ODE test problem:
   lambda = -100
   reltol = 1.0e-05
   abstol = 1.0e-10

        t           u
   ---------------------
    1.000000    0.785391
    2.000000    1.107141
    3.000000    1.249037
    4.000000    1.325803
    5.000000    1.373425
    6.000000    1.405663
    7.000000    1.428919
    8.000000    1.446469
    9.000000    1.460126
   10.000000    1.471138
   ---------------------

Final Solver Statistics:
   Internal solver steps = 37 (attempted = 37)
   Total RHS evals:  Fe = 0,  Fi = 373
   Total linear solver setups = 0
   Total RHS evals for setting up the linear system = 0
   Total number of Jacobian evaluations = 0
   Total number of Newton iterations = 185
   Total number of linear solver convergence failures = 0
   Total number of error test failures = 0

