
1D Advection-Reaction Test Problem

Number of Processors = 4
Mesh Info:
  NX = 100, NXL = 25, dx = 0.010000, xmax = 1.000000
Problem Parameters:
  A = 1
  B = 3.5
  k = 1
  c = 0.01
Integrator Options:
  order            = 3
  method           = imex
  fused vector ops = 0
  t0               = 0
  tf               = 10
  reltol           = 1.0e-06
  abstol           = 1.0e-09
  nout             = 40
  nonlinear solver = task local
Output directory: .

          t         ||u||_rms   ||v||_rms   ||w||_rms
   ----------------------------------------------------
       0.000000     0.517554     1.767521     1.517523
       0.250000     0.537981     1.740967     1.749991
       0.500000     0.567999     1.699027     1.749990
       0.750000     0.611086     1.636128     1.749989
       1.000000     0.669146     1.547982     1.749988
       1.250000     0.735185     1.438218     1.749987
       1.500000     0.786607     1.324888     1.749986
       1.750000     0.799640     1.233258     1.749986
       2.000000     0.769019     1.182442     1.749987
       2.250000     0.703557     1.181132     1.749988
       2.500000     0.615934     1.227678     1.749989
       2.750000     0.518895     1.311782     1.749991
       3.000000     0.423930     1.418809     1.749993
       3.250000     0.339987     1.534955     1.749994
       3.500000     0.272688     1.650570     1.749995
       3.750000     0.224108     1.760681     1.749996
       4.000000     0.192825     1.863889     1.749997
       4.250000     0.174926     1.960875     1.749997
       4.500000     0.165972     2.053054     1.749997
       4.750000     0.162492     2.141720     1.749997
       5.000000     0.162283     2.227744     1.749997
       5.250000     0.164106     2.311591     1.749997
       5.500000     0.167324     2.393423     1.749997
       5.750000     0.171651     2.473191     1.749997
       6.000000     0.177023     2.550684     1.749997
       6.250000     0.183530     2.625533     1.749997
       6.500000     0.191427     2.697164     1.749997
       6.750000     0.201174     2.764716     1.749996
       7.000000     0.213570     2.826836     1.749996
       7.250000     0.230094     2.881227     1.749996
       7.500000     0.253739     2.923590     1.749996
       7.750000     0.291650     2.944491     1.749995
       8.000000     0.366351     2.917199     1.749994
       8.250000     0.602979     2.719101     1.749990
       8.500000     1.771118     1.764697     1.749972
       8.750000     2.284391     0.560055     1.749960
       9.000000     1.934337     0.437116     1.749966
       9.250000     1.525060     0.536875     1.749973
       9.500000     1.190284     0.656216     1.749979
       9.750000     0.913664     0.794846     1.749984
      10.000000     0.684505     0.949834     1.749988

Final Solver Statistics (for processor 0):
   Internal solver steps = 260 (attempted = 265)
   Total RHS evals:  Fe = 1058,  Fi = 3364
   Total number of error test failures = 5
   Total number of nonlinear solver convergence failures = 0
