

Demonstration program for ARKODE - SPGMR linear solver

Food web problem with ns species, ns = 6
Predator-prey interaction and diffusion on a 2-D square

Matrix parameters: a = 1   e = 1e+04   g = 5e-07
b parameter = 1
Diffusion coefficients: Dprey = 1   Dpred = 0.5
Rate parameter alpha = 1

Mesh dimensions (mx,my) are 6, 6.  Total system size is neq = 216 

Tolerances: reltol = 1e-05, abstol = 1e-05 

Preconditioning uses a product of:
  (1) Gauss-Seidel iterations with itmax = 5 iterations, and
  (2) interaction-only block-diagonal matrix with block-grouping
  Number of diagonal block groups = ngrp = 4  (ngx by ngy, ngx = 2, ngy = 2)


----------------------------------------------------------------------------


Preconditioner type is           jpre = SUN_PREC_LEFT

Gram-Schmidt method type is    gstype = SUN_MODIFIED_GS


c values at t = 0:

Species 1
10        10        10        10        10        10        
10        10.1678   10.3775   10.3775   10.1678   10        
10        10.3775   10.8493   10.8493   10.3775   10        
10        10.3775   10.8493   10.8493   10.3775   10        
10        10.1678   10.3775   10.3775   10.1678   10        
10        10        10        10        10        10        

Species 2
10        10        10        10        10        10        
10        10.3355   10.755    10.755    10.3355   10        
10        10.755    11.6987   11.6987   10.755    10        
10        10.755    11.6987   11.6987   10.755    10        
10        10.3355   10.755    10.755    10.3355   10        
10        10        10        10        10        10        

Species 3
10        10        10        10        10        10        
10        10.5033   11.1325   11.1325   10.5033   10        
10        11.1325   12.548    12.548    11.1325   10        
10        11.1325   12.548    12.548    11.1325   10        
10        10.5033   11.1325   11.1325   10.5033   10        
10        10        10        10        10        10        

Species 4
10        10        10        10        10        10        
10        10.6711   11.5099   11.5099   10.6711   10        
10        11.5099   13.3974   13.3974   11.5099   10        
10        11.5099   13.3974   13.3974   11.5099   10        
10        10.6711   11.5099   11.5099   10.6711   10        
10        10        10        10        10        10        

Species 5
10        10        10        10        10        10        
10        10.8389   11.8874   11.8874   10.8389   10        
10        11.8874   14.2467   14.2467   11.8874   10        
10        11.8874   14.2467   14.2467   11.8874   10        
10        10.8389   11.8874   11.8874   10.8389   10        
10        10        10        10        10        10        

Species 6
10        10        10        10        10        10        
10        11.0066   12.2649   12.2649   11.0066   10        
10        12.2649   15.0961   15.0961   12.2649   10        
10        12.2649   15.0961   15.0961   12.2649   10        
10        11.0066   12.2649   12.2649   11.0066   10        
10        10        10        10        10        10        

t =   1.00e-08  nst = 6  nfe = 0  nfi = 83  nni = 50  hu =    1.68e-08

t =   1.00e-07  nst = 7  nfe = 0  nfi = 98  nni = 60  hu =    3.35e-07

t =   1.00e-06  nst = 8  nfe = 0  nfi = 130  nni = 82  hu =    1.20e-06

c values at t = 1e-06:

Species 1
9.99991   9.99992   9.99993   9.99993   9.99993   9.99992   
9.99992   10.1677   10.3774   10.3774   10.1677   9.99993   
9.99993   10.3774   10.8492   10.8492   10.3774   9.99993   
9.99993   10.3774   10.8492   10.8492   10.3774   9.99993   
9.99992   10.1677   10.3774   10.3774   10.1677   9.99992   
9.99991   9.99992   9.99993   9.99993   9.99992   9.99991   

Species 2
9.99991   9.99993   9.99995   9.99995   9.99993   9.99992   
9.99993   10.3355   10.7549   10.7549   10.3355   9.99993   
9.99995   10.7549   11.6985   11.6985   10.7549   9.99995   
9.99995   10.7549   11.6985   11.6985   10.7549   9.99995   
9.99993   10.3355   10.7549   10.7549   10.3355   9.99993   
9.99991   9.99993   9.99995   9.99995   9.99993   9.99991   

Species 3
9.99991   9.99994   9.99997   9.99997   9.99994   9.99992   
9.99994   10.5032   11.1323   11.1323   10.5032   9.99994   
9.99997   11.1323   12.5478   12.5478   11.1323   9.99997   
9.99997   11.1323   12.5478   12.5478   11.1323   9.99997   
9.99994   10.5032   11.1323   11.1323   10.5032   9.99994   
9.99991   9.99994   9.99997   9.99997   9.99994   9.99991   

Species 4
13.4978   13.4978   13.4978   13.4978   13.4978   13.4978   
13.4978   14.5492   15.8915   15.8915   14.5492   13.4978   
13.4978   15.8915   19.028    19.028    15.8915   13.4978   
13.4978   15.8915   19.028    19.028    15.8915   13.4978   
13.4978   14.5492   15.8915   15.8915   14.5492   13.4978   
13.4978   13.4978   13.4978   13.4978   13.4978   13.4978   

Species 5
13.4978   13.4978   13.4979   13.4979   13.4978   13.4978   
13.4978   14.778    16.4127   16.4127   14.778    13.4978   
13.4979   16.4127   20.2343   20.2343   16.4127   13.4979   
13.4979   16.4127   20.2343   20.2343   16.4127   13.4979   
13.4978   14.778    16.4127   16.4127   14.778    13.4978   
13.4978   13.4978   13.4979   13.4979   13.4978   13.4978   

Species 6
13.4978   13.4978   13.4979   13.4979   13.4978   13.4978   
13.4978   15.0067   16.9338   16.9338   15.0067   13.4978   
13.4979   16.9338   21.4405   21.4405   16.9338   13.4979   
13.4979   16.9338   21.4405   21.4405   16.9338   13.4979   
13.4978   15.0067   16.9338   16.9338   15.0067   13.4978   
13.4978   13.4978   13.4979   13.4979   13.4978   13.4978   

t =   1.00e-05  nst = 16  nfe = 0  nfi = 250  nni = 162  hu =    1.19e-06

t =   1.00e-04  nst = 47  nfe = 0  nfi = 824  nni = 581  hu =    3.44e-05

t =   1.00e-03  nst = 49  nfe = 0  nfi = 855  nni = 602  hu =    1.05e-03

c values at t = 0.001:

Species 1
9.90702   9.91664   9.92836   9.93033   9.92253   9.91674   
9.91472   10.0747   10.2769   10.2785   10.0795   9.92253   
9.92446   10.2748   10.7181   10.7194   10.2785   9.93033   
9.92445   10.2744   10.7173   10.7181   10.2769   9.92836   
9.91469   10.0734   10.2744   10.2748   10.0747   9.91664   
9.90698   9.91469   9.92445   9.92446   9.91472   9.90702   

Species 2
9.90742   9.92474   9.94622   9.94819   9.93064   9.91713   
9.92282   10.2412   10.644    10.6457   10.2461   9.93064   
9.94232   10.6419   11.5267   11.5281   10.6457   9.94819   
9.94231   10.6415   11.5258   11.5267   10.644    9.94622   
9.92279   10.24     10.6415   10.6419   10.2412   9.92474   
9.90737   9.92279   9.94231   9.94232   9.92282   9.90742   

Species 3
9.90781   9.93284   9.96408   9.96605   9.93874   9.91753   
9.93092   10.4078   11.0109   11.0127   10.4127   9.93874   
9.96017   11.0088   12.3339   12.3354   11.0127   9.96605   
9.96016   11.0083   12.333    12.3339   11.0109   9.96408   
9.93088   10.4065   11.0083   11.0088   10.4078   9.93284   
9.90776   9.93088   9.96016   9.96017   9.93092   9.90781   

Species 4
297232    297750    298393    298452    297926    297521    
297693    307245    319328    319378    307391    297926    
298277    319265    345799    345840    319378    298452    
298276    319252    345772    345799    319328    298393    
297692    307208    319252    319265    307245    297750    
297230    297692    298276    298277    297693    297232    

Species 5
297232    297750    298393    298452    297926    297521    
297693    307245    319328    319378    307391    297926    
298277    319265    345799    345840    319378    298452    
298276    319252    345772    345799    319328    298393    
297692    307208    319252    319265    307245    297750    
297230    297692    298276    298277    297693    297232    

Species 6
297232    297750    298393    298452    297926    297521    
297693    307245    319328    319378    307391    297926    
298277    319265    345799    345840    319378    298452    
298276    319252    345772    345799    319328    298393    
297692    307208    319252    319265    307245    297750    
297230    297692    298276    298277    297693    297232    

t =   1.00e-02  nst = 50  nfe = 0  nfi = 875  nni = 617  hu =    1.06e-02

t =   1.00e-01  nst = 55  nfe = 0  nfi = 975  nni = 692  hu =    3.15e-02

t =   1.00e+00  nst = 75  nfe = 0  nfi = 1348  nni = 962  hu =    5.23e-02

c values at t = 1:

Species 1
1.58852   1.59924   1.62152   1.64765   1.67037   1.68149   
1.58533   1.59504   1.61548   1.63952   1.66033   1.67037   
1.57757   1.58548   1.6024    1.62235   1.63952   1.64765   
1.56821   1.57412   1.58706   1.6024    1.61548   1.62152   
1.56048   1.56463   1.57412   1.58548   1.59504   1.59924   
1.55733   1.56048   1.56821   1.57757   1.58533   1.58852   

Species 2
1.59067   1.60141   1.62371   1.64987   1.67262   1.68376   
1.58748   1.5972    1.61767   1.64174   1.66257   1.67262   
1.57971   1.58763   1.60457   1.62455   1.64174   1.64987   
1.57034   1.57626   1.58922   1.60457   1.61767   1.62371   
1.56261   1.56677   1.57626   1.58763   1.5972    1.60141   
1.55945   1.56261   1.57034   1.57971   1.58748   1.59067   

Species 3
1.59271   1.60346   1.62579   1.65197   1.67474   1.6859    
1.58952   1.59925   1.61974   1.64383   1.66469   1.67474   
1.58174   1.58967   1.60662   1.62662   1.64383   1.65197   
1.57236   1.57829   1.59126   1.60662   1.61974   1.62579   
1.56462   1.56878   1.57829   1.58967   1.59925   1.60346   
1.56146   1.56462   1.57236   1.58174   1.58952   1.59271   

Species 4
47718.5   48040.4   48709.2   49493.6   50175.6   50509.5   
47622.9   47914.2   48527.9   49249.8   49874.5   50175.6   
47389.8   47627.1   48135.1   48734.3   49249.8   49493.6   
47108.6   47286.2   47674.7   48135.1   48527.9   48709.2   
46876.7   47001.3   47286.2   47627.1   47914.2   48040.4   
46782     46876.7   47108.6   47389.8   47622.9   47718.5   

Species 5
47718.5   48040.4   48709.2   49493.6   50175.6   50509.5   
47622.9   47914.2   48527.9   49249.8   49874.5   50175.6   
47389.8   47627.1   48135.1   48734.3   49249.8   49493.6   
47108.6   47286.2   47674.7   48135.1   48527.9   48709.2   
46876.7   47001.3   47286.2   47627.1   47914.2   48040.4   
46782     46876.7   47108.6   47389.8   47622.9   47718.5   

Species 6
47718.5   48040.4   48709.2   49493.6   50175.6   50509.5   
47622.9   47914.2   48527.9   49249.8   49874.5   50175.6   
47389.8   47627.1   48135.1   48734.3   49249.8   49493.6   
47108.6   47286.2   47674.7   48135.1   48527.9   48709.2   
46876.7   47001.3   47286.2   47627.1   47914.2   48040.4   
46782     46876.7   47108.6   47389.8   47622.9   47718.5   

t =   2.00e+00  nst = 87  nfe = 0  nfi = 1552  nni = 1106  hu =    1.44e-01

t =   3.00e+00  nst = 93  nfe = 0  nfi = 1652  nni = 1176  hu =    1.69e-01

t =   4.00e+00  nst = 98  nfe = 0  nfi = 1736  nni = 1235  hu =    2.78e-01

c values at t = 4:

Species 1
1.19535   1.20368   1.2211    1.24157   1.25935   1.268     
1.1928    1.20035   1.21636   1.23523   1.25154   1.25935   
1.18657   1.19274   1.20602   1.22173   1.23523   1.24157   
1.17904   1.18368   1.19389   1.20602   1.21636   1.2211    
1.17284   1.17612   1.18368   1.19274   1.20035   1.20368   
1.17032   1.17284   1.17904   1.18657   1.1928    1.19535   

Species 2
1.19538   1.20371   1.22113   1.24161   1.25938   1.26803   
1.19284   1.20038   1.21639   1.23526   1.25157   1.25938   
1.1866    1.19277   1.20606   1.22177   1.23526   1.24161   
1.17908   1.18371   1.19393   1.20606   1.21639   1.22113   
1.17288   1.17616   1.18371   1.19277   1.20038   1.20371   
1.17035   1.17288   1.17908   1.1866    1.19284   1.19538   

Species 3
1.19542   1.20374   1.22116   1.24164   1.25942   1.26807   
1.19287   1.20041   1.21642   1.23529   1.2516    1.25942   
1.18663   1.1928    1.20609   1.2218    1.23529   1.24164   
1.17911   1.18374   1.19396   1.20609   1.21642   1.22116   
1.17291   1.17619   1.18374   1.1928    1.20041   1.20374   
1.17039   1.17291   1.17911   1.18663   1.19287   1.19542   

Species 4
35860.6   36110.2   36632.4   37246.4   37779.5   38038.7   
35784.2   36010.4   36490.4   37056.3   37545.3   37779.5   
35597.2   35782     36180.5   36651.6   37056.3   37246.4   
35371.4   35510.4   35816.7   36180.5   36490.4   36632.4   
35185.4   35283.8   35510.4   35782     36010.4   36110.2   
35109.7   35185.4   35371.4   35597.2   35784.2   35860.6   

Species 5
35860.6   36110.2   36632.4   37246.4   37779.5   38038.7   
35784.2   36010.4   36490.4   37056.3   37545.3   37779.5   
35597.2   35782     36180.5   36651.6   37056.3   37246.4   
35371.4   35510.4   35816.7   36180.5   36490.4   36632.4   
35185.4   35283.8   35510.4   35782     36010.4   36110.2   
35109.7   35185.4   35371.4   35597.2   35784.2   35860.6   

Species 6
35860.6   36110.2   36632.4   37246.4   37779.5   38038.7   
35784.2   36010.4   36490.4   37056.3   37545.3   37779.5   
35597.2   35782     36180.5   36651.6   37056.3   37246.4   
35371.4   35510.4   35816.7   36180.5   36490.4   36632.4   
35185.4   35283.8   35510.4   35782     36010.4   36110.2   
35109.7   35185.4   35371.4   35597.2   35784.2   35860.6   

t =   5.00e+00  nst = 102  nfe = 0  nfi = 1811  nni = 1287  hu =    1.61e+00

t =   6.00e+00  nst = 102  nfe = 0  nfi = 1811  nni = 1287  hu =    1.61e+00

t =   7.00e+00  nst = 103  nfe = 0  nfi = 1826  nni = 1297  hu =    2.66e+00

c values at t = 7:

Species 1
1.18854   1.19682   1.21415   1.23452   1.25221   1.26082   
1.186     1.19351   1.20944   1.22821   1.24444   1.25221   
1.1798    1.18593   1.19915   1.21479   1.22821   1.23452   
1.1723    1.17692   1.18708   1.19915   1.20944   1.21415   
1.16613   1.1694    1.17692   1.18593   1.19351   1.19682   
1.16362   1.16613   1.1723    1.1798    1.186     1.18854   

Species 2
1.18854   1.19682   1.21415   1.23453   1.25221   1.26082   
1.186     1.19351   1.20944   1.22821   1.24444   1.25221   
1.1798    1.18593   1.19915   1.21479   1.22821   1.23453   
1.17231   1.17692   1.18708   1.19915   1.20944   1.21415   
1.16614   1.1694    1.17692   1.18593   1.19351   1.19682   
1.16362   1.16614   1.17231   1.1798    1.186     1.18854   

Species 3
1.18854   1.19682   1.21415   1.23453   1.25221   1.26082   
1.186     1.19351   1.20944   1.22821   1.24444   1.25221   
1.1798    1.18593   1.19916   1.21479   1.22821   1.23453   
1.17231   1.17692   1.18708   1.19916   1.20944   1.21415   
1.16614   1.1694    1.17692   1.18593   1.19351   1.19682   
1.16362   1.16614   1.17231   1.1798    1.186     1.18854   

Species 4
35655.2   35903.4   36423     37034     37564.4   37822.3   
35579.2   35804.1   36281.8   36844.8   37331.5   37564.4   
35393     35576.8   35973.4   36442.1   36844.8   37034     
35168.3   35306.5   35611.3   35973.4   36281.8   36423     
34983.1   35081     35306.5   35576.8   35804.1   35903.4   
34907.8   34983.1   35168.3   35393     35579.2   35655.2   

Species 5
35655.2   35903.4   36423     37034     37564.4   37822.3   
35579.2   35804.1   36281.8   36844.8   37331.5   37564.4   
35393     35576.8   35973.4   36442.1   36844.8   37034     
35168.3   35306.5   35611.3   35973.4   36281.8   36423     
34983.1   35081     35306.5   35576.8   35804.1   35903.4   
34907.8   34983.1   35168.3   35393     35579.2   35655.2   

Species 6
35655.2   35903.4   36423     37034     37564.4   37822.3   
35579.2   35804.1   36281.8   36844.8   37331.5   37564.4   
35393     35576.8   35973.4   36442.1   36844.8   37034     
35168.3   35306.5   35611.3   35973.4   36281.8   36423     
34983.1   35081     35306.5   35576.8   35804.1   35903.4   
34907.8   34983.1   35168.3   35393     35579.2   35655.2   

t =   8.00e+00  nst = 103  nfe = 0  nfi = 1826  nni = 1297  hu =    2.66e+00

t =   9.00e+00  nst = 103  nfe = 0  nfi = 1826  nni = 1297  hu =    2.66e+00

t =   1.00e+01  nst = 104  nfe = 0  nfi = 1841  nni = 1307  hu =    5.12e+00

c values at t = 10:

Species 1
1.18838   1.19667   1.21399   1.23437   1.25205   1.26066   
1.18585   1.19335   1.20928   1.22805   1.24428   1.25205   
1.17964   1.18578   1.199     1.21463   1.22805   1.23437   
1.17215   1.17676   1.18693   1.199     1.20928   1.21399   
1.16598   1.16925   1.17676   1.18578   1.19335   1.19667   
1.16347   1.16598   1.17215   1.17964   1.18585   1.18838   

Species 2
1.18838   1.19667   1.21399   1.23437   1.25205   1.26066   
1.18585   1.19335   1.20928   1.22805   1.24428   1.25205   
1.17964   1.18578   1.199     1.21463   1.22805   1.23437   
1.17215   1.17676   1.18693   1.199     1.20928   1.21399   
1.16598   1.16925   1.17676   1.18578   1.19335   1.19667   
1.16347   1.16598   1.17215   1.17964   1.18585   1.18838   

Species 3
1.18838   1.19667   1.21399   1.23437   1.25205   1.26066   
1.18585   1.19335   1.20928   1.22805   1.24428   1.25205   
1.17964   1.18578   1.199     1.21463   1.22805   1.23437   
1.17215   1.17676   1.18693   1.199     1.20928   1.21399   
1.16598   1.16925   1.17676   1.18578   1.19335   1.19667   
1.16347   1.16598   1.17215   1.17964   1.18585   1.18838   

Species 4
35650.5   35898.7   36418.2   37029.1   37559.4   37817.2   
35574.4   35799.4   36277     36840     37326.5   37559.4   
35388.3   35572.1   35968.6   36437.3   36840     37029.1   
35163.6   35301.8   35606.6   35968.6   36277     36418.2   
34978.5   35076.3   35301.8   35572.1   35799.4   35898.7   
34903.2   34978.5   35163.6   35388.3   35574.4   35650.5   

Species 5
35650.5   35898.7   36418.2   37029.1   37559.4   37817.2   
35574.4   35799.4   36277     36840     37326.5   37559.4   
35388.3   35572.1   35968.6   36437.3   36840     37029.1   
35163.6   35301.8   35606.6   35968.6   36277     36418.2   
34978.5   35076.3   35301.8   35572.1   35799.4   35898.7   
34903.2   34978.5   35163.6   35388.3   35574.4   35650.5   

Species 6
35650.5   35898.7   36418.2   37029.1   37559.4   37817.2   
35574.4   35799.4   36277     36840     37326.5   37559.4   
35388.3   35572.1   35968.6   36437.3   36840     37029.1   
35163.6   35301.8   35606.6   35968.6   36277     36418.2   
34978.5   35076.3   35301.8   35572.1   35799.4   35898.7   
34903.2   34978.5   35163.6   35388.3   35574.4   35650.5   



 Final statistics for this run:

 ARKStep real workspace length         = 3790 
 ARKStep integer workspace length      =  148 
 ARKLS real workspace length           = 2647 
 ARKLS integer workspace length        =   42 
 Number of steps                       =  104 
 Number of f-s (explicit)              =    0 
 Number of f-s (implicit)              = 1841 
 Number of f-s (SPGMR)                 = 4321 
 Number of f-s (TOTAL)                 = 4321 
 Number of setups                      =   73 
 Number of nonlinear iterations        = 1307 
 Number of linear iterations           = 4321 
 Number of preconditioner evaluations  =   73 
 Number of preconditioner solves       = 5578 
 Number of error test failures         =    1 
 Number of nonlinear conv. failures    =   22 
 Number of linear convergence failures =  237 
 Average Krylov subspace dimension     = 3.306 


----------------------------------------------------------------------------
----------------------------------------------------------------------------


Preconditioner type is           jpre = SUN_PREC_LEFT

Gram-Schmidt method type is    gstype = SUN_CLASSICAL_GS


t =   1.00e-08  nst = 6  nfe = 0  nfi = 83  nni = 50  hu =    1.68e-08

t =   1.00e-07  nst = 7  nfe = 0  nfi = 98  nni = 60  hu =    3.35e-07

t =   1.00e-06  nst = 8  nfe = 0  nfi = 130  nni = 82  hu =    1.20e-06

t =   1.00e-05  nst = 16  nfe = 0  nfi = 250  nni = 162  hu =    1.19e-06

t =   1.00e-04  nst = 47  nfe = 0  nfi = 824  nni = 581  hu =    3.44e-05

t =   1.00e-03  nst = 49  nfe = 0  nfi = 855  nni = 602  hu =    1.05e-03

t =   1.00e-02  nst = 50  nfe = 0  nfi = 875  nni = 617  hu =    1.06e-02

t =   1.00e-01  nst = 55  nfe = 0  nfi = 975  nni = 692  hu =    3.15e-02

t =   1.00e+00  nst = 75  nfe = 0  nfi = 1348  nni = 962  hu =    5.23e-02

t =   2.00e+00  nst = 87  nfe = 0  nfi = 1552  nni = 1106  hu =    1.44e-01

t =   3.00e+00  nst = 93  nfe = 0  nfi = 1652  nni = 1176  hu =    1.69e-01

t =   4.00e+00  nst = 98  nfe = 0  nfi = 1736  nni = 1235  hu =    2.78e-01

t =   5.00e+00  nst = 102  nfe = 0  nfi = 1811  nni = 1287  hu =    1.61e+00

t =   6.00e+00  nst = 102  nfe = 0  nfi = 1811  nni = 1287  hu =    1.61e+00

t =   7.00e+00  nst = 103  nfe = 0  nfi = 1826  nni = 1297  hu =    2.66e+00

t =   8.00e+00  nst = 103  nfe = 0  nfi = 1826  nni = 1297  hu =    2.66e+00

t =   9.00e+00  nst = 103  nfe = 0  nfi = 1826  nni = 1297  hu =    2.66e+00

t =   1.00e+01  nst = 104  nfe = 0  nfi = 1841  nni = 1307  hu =    5.12e+00



 Final statistics for this run:

 ARKStep real workspace length         = 3790 
 ARKStep integer workspace length      =  154 
 ARKLS real workspace length           = 2647 
 ARKLS integer workspace length        =   42 
 Number of steps                       =  104 
 Number of f-s (explicit)              =    0 
 Number of f-s (implicit)              = 1841 
 Number of f-s (SPGMR)                 = 4321 
 Number of f-s (TOTAL)                 = 4321 
 Number of setups                      =   73 
 Number of nonlinear iterations        = 1307 
 Number of linear iterations           = 4321 
 Number of preconditioner evaluations  =   73 
 Number of preconditioner solves       = 5578 
 Number of error test failures         =    1 
 Number of nonlinear conv. failures    =   22 
 Number of linear convergence failures =  237 
 Average Krylov subspace dimension     = 3.306 


----------------------------------------------------------------------------
----------------------------------------------------------------------------


Preconditioner type is           jpre = SUN_PREC_RIGHT

Gram-Schmidt method type is    gstype = SUN_MODIFIED_GS


t =   1.00e-08  nst = 6  nfe = 0  nfi = 83  nni = 50  hu =    1.68e-08

t =   1.00e-07  nst = 7  nfe = 0  nfi = 98  nni = 60  hu =    3.35e-07

t =   1.00e-06  nst = 8  nfe = 0  nfi = 130  nni = 82  hu =    1.20e-06

t =   1.00e-05  nst = 16  nfe = 0  nfi = 250  nni = 162  hu =    1.19e-06

t =   1.00e-04  nst = 47  nfe = 0  nfi = 824  nni = 581  hu =    3.44e-05

t =   1.00e-03  nst = 49  nfe = 0  nfi = 855  nni = 602  hu =    1.05e-03

t =   1.00e-02  nst = 53  nfe = 0  nfi = 923  nni = 650  hu =    3.05e-03

t =   1.00e-01  nst = 69  nfe = 0  nfi = 1199  nni = 846  hu =    7.81e-03

t =   1.00e+00  nst = 115  nfe = 0  nfi = 2057  nni = 1461  hu =    1.45e-02

t =   2.00e+00  nst = 157  nfe = 0  nfi = 2792  nni = 1986  hu =    4.49e-02

t =   3.00e+00  nst = 178  nfe = 0  nfi = 3155  nni = 2244  hu =    5.95e-02

t =   4.00e+00  nst = 193  nfe = 0  nfi = 3407  nni = 2421  hu =    7.35e-02

t =   5.00e+00  nst = 209  nfe = 0  nfi = 3669  nni = 2603  hu =    8.79e-02

t =   6.00e+00  nst = 218  nfe = 0  nfi = 3816  nni = 2705  hu =    9.99e-02

t =   7.00e+00  nst = 226  nfe = 0  nfi = 3940  nni = 2789  hu =    1.60e-01

t =   8.00e+00  nst = 232  nfe = 0  nfi = 4031  nni = 2850  hu =    1.95e-01

t =   9.00e+00  nst = 237  nfe = 0  nfi = 4100  nni = 2894  hu =    2.40e-01

t =   1.00e+01  nst = 240  nfe = 0  nfi = 4147  nni = 2926  hu =    3.75e-01



 Final statistics for this run:

 ARKStep real workspace length         = 3790 
 ARKStep integer workspace length      =  160 
 ARKLS real workspace length           = 2647 
 ARKLS integer workspace length        =   42 
 Number of steps                       =  240 
 Number of f-s (explicit)              =    0 
 Number of f-s (implicit)              = 4147 
 Number of f-s (SPGMR)                 = 10750 
 Number of f-s (TOTAL)                 = 10750 
 Number of setups                      =  287 
 Number of nonlinear iterations        = 2926 
 Number of linear iterations           = 10750 
 Number of preconditioner evaluations  =  287 
 Number of preconditioner solves       = 13514 
 Number of error test failures         =    1 
 Number of nonlinear conv. failures    =  170 
 Number of linear convergence failures = 1034 
 Average Krylov subspace dimension     = 3.674 


----------------------------------------------------------------------------
----------------------------------------------------------------------------


Preconditioner type is           jpre = SUN_PREC_RIGHT

Gram-Schmidt method type is    gstype = SUN_CLASSICAL_GS


t =   1.00e-08  nst = 6  nfe = 0  nfi = 83  nni = 50  hu =    1.68e-08

t =   1.00e-07  nst = 7  nfe = 0  nfi = 98  nni = 60  hu =    3.35e-07

t =   1.00e-06  nst = 8  nfe = 0  nfi = 130  nni = 82  hu =    1.20e-06

t =   1.00e-05  nst = 16  nfe = 0  nfi = 250  nni = 162  hu =    1.19e-06

t =   1.00e-04  nst = 47  nfe = 0  nfi = 824  nni = 581  hu =    3.44e-05

t =   1.00e-03  nst = 49  nfe = 0  nfi = 855  nni = 602  hu =    1.05e-03

t =   1.00e-02  nst = 53  nfe = 0  nfi = 923  nni = 650  hu =    3.05e-03

t =   1.00e-01  nst = 69  nfe = 0  nfi = 1199  nni = 846  hu =    7.81e-03

t =   1.00e+00  nst = 115  nfe = 0  nfi = 2057  nni = 1461  hu =    1.45e-02

t =   2.00e+00  nst = 157  nfe = 0  nfi = 2792  nni = 1986  hu =    4.49e-02

t =   3.00e+00  nst = 178  nfe = 0  nfi = 3155  nni = 2244  hu =    5.95e-02

t =   4.00e+00  nst = 193  nfe = 0  nfi = 3407  nni = 2421  hu =    7.35e-02

t =   5.00e+00  nst = 209  nfe = 0  nfi = 3669  nni = 2603  hu =    8.79e-02

t =   6.00e+00  nst = 218  nfe = 0  nfi = 3816  nni = 2705  hu =    9.99e-02

t =   7.00e+00  nst = 226  nfe = 0  nfi = 3940  nni = 2789  hu =    1.60e-01

t =   8.00e+00  nst = 232  nfe = 0  nfi = 4031  nni = 2850  hu =    1.95e-01

t =   9.00e+00  nst = 237  nfe = 0  nfi = 4100  nni = 2894  hu =    2.40e-01

t =   1.00e+01  nst = 240  nfe = 0  nfi = 4147  nni = 2926  hu =    3.75e-01



 Final statistics for this run:

 ARKStep real workspace length         = 3790 
 ARKStep integer workspace length      =  166 
 ARKLS real workspace length           = 2647 
 ARKLS integer workspace length        =   42 
 Number of steps                       =  240 
 Number of f-s (explicit)              =    0 
 Number of f-s (implicit)              = 4147 
 Number of f-s (SPGMR)                 = 10750 
 Number of f-s (TOTAL)                 = 10750 
 Number of setups                      =  287 
 Number of nonlinear iterations        = 2926 
 Number of linear iterations           = 10750 
 Number of preconditioner evaluations  =  287 
 Number of preconditioner solves       = 13514 
 Number of error test failures         =    1 
 Number of nonlinear conv. failures    =  170 
 Number of linear convergence failures = 1034 
 Average Krylov subspace dimension     = 3.674 


----------------------------------------------------------------------------
----------------------------------------------------------------------------
