
Adaptive nested multirate nonlinear Kvaerno-Prothero-Robinson test problem:
    time domain:  (0,5]
    G = -10
    e = 0.5
    al = -1
    be = 1
    om = 50

  Slow integrator: ARKODE_MRI_GARK_ERK45a (explicit)

  Intermediate integrator: ARKODE_MRI_GARK_ERK45a (explicit)
    MRI-HTOL controller (using I for H) based on order of MRI embedding
    rtol = 0.0001, atol = 1e-11
    fast error accumulation strategy = 0

  Fast order 4
    I controller for fast time scale, based on order of RK embedding
    fast_rtol = 0.0001, atol = 1e-11
        t          u          v          w        uerr       verr       werr
   ----------------------------------------------------------------------------
    0.000000   1.581139   1.732051   1.732051   0.00e+00   0.00e+00   0.00e+00
    0.250000   1.575354   1.691432   0.977830   1.13e-05   5.52e-05   2.55e-03
    0.500000   1.560160   1.084481   1.206477   1.97e-05   7.29e-06   7.18e-04
    0.750000   1.535787   1.467975   1.255175   4.20e-06   1.90e-05   3.63e-04
    1.000000   1.503936   1.642894   1.535449   1.15e-04   5.76e-05   1.51e-03
    1.250000   1.466012   1.088911   1.083580   3.40e-05   1.28e-04   1.87e-03
    1.500000   1.422923   1.424746   1.334372   1.45e-04   1.23e-04   3.63e-03
    1.750000   1.377461   1.703409   1.342947   1.84e-07   6.80e-07   3.39e-05
    2.000000   1.332980   1.539322   0.906523   2.63e-05   1.03e-05   1.39e-03
    2.250000   1.290704   1.304129   1.104366   8.90e-05   5.88e-05   3.80e-03
    2.500000   1.254974   1.030762   0.939651   5.61e-05   4.15e-07   8.80e-04
    2.750000   1.229761   1.090279   1.597795   5.19e-05   1.80e-05   2.30e-03
    3.000000   1.215898   1.095011   1.123319   7.92e-08   7.63e-11   4.12e-08
    3.250000   1.215321   1.242784   1.636158   1.60e-04   2.13e-06   1.78e-04
    3.500000   1.230108   1.414070   1.539393   1.12e-04   2.68e-05   6.43e-04
    3.750000   1.255101   1.365970   1.404311   5.21e-05   2.97e-04   5.21e-03
    4.000000   1.287686   0.975667   1.689880   3.40e-06   4.05e-09   2.12e-06
    4.250000   1.327945   1.675297   0.963451   3.05e-06   5.85e-07   8.90e-04
    4.500000   1.372378   1.604848   1.483273   1.92e-05   1.61e-06   1.57e-04
    4.750000   1.417855   1.515091   1.162997   6.89e-06   4.54e-07   1.06e-05
    5.000000   1.461257   1.473816   1.644189   1.12e-05   1.71e-05   9.09e-04
   ----------------------------------------------------------------------------

Final Solver Statistics:
   Slow steps = 227  (attempts = 291,  fails = 64,  innerfails = 0)
   Intermediate steps = 2759  (attempts = 2919,  fails = 160,  innerfails = 0)
   Fast steps = 80265  (attempts = 113222,  fails = 32957)
   u error = 0.000111614, v error = 0.000105786, total error = 0.00165427
   Relative accuracy = 104.517
   Total RHS evals:  Fse = 1392, Fsi = 0, Fme = 14663, Fmi = 0, Ff = 458955
