
2D Heat PDE test problem:
 --------------------------------- 
  kx             = 10
  ky             = 10
  forcing        = 1
  tf             = 1
  xu             = 1
  yu             = 1
  nx             = 64
  ny             = 64
  dx             = 0.015873
  dy             = 0.015873
 --------------------------------- 
  rtol           = 1e-05
  atol           = 1e-10
  fixed h        = 0
  controller     = I
  method         = 0
  eigfrequency   = 25
  stage_max_limit  = 1000
  eigsafety      = 1.01
 --------------------------------- 
  output         = 1
  max steps      = 0
 --------------------------------- 

          t                     ||u||_rms                max error      
 -----------------------------------------------------------------------
0.000000000000000000000000000000000e+003.691406250000000000000000000000007e-010.000000000000000000000000000000000e+00
5.000000000000000000000000000000000e-023.604068359407822204087518683982523e-018.104222943088299997655297043300714e-04
1.000000000000000000000000000000000e-013.341701059690201154608223273437893e-017.544114972692420452053997635111058e-04
1.500000000000000000000000000000000e-012.933044782384760014807851937226895e-016.651814961483245977908468141230938e-04
2.000000000000000000000000000000000e-012.418101896281313057997617899848752e-015.514071851363446454260744382622807e-04
2.500000000000000000000000000000000e-011.847278611323746398090760296324375e-014.242190366720773616331749472687138e-04
3.000000000000000000000000000000000e-011.276450270428204450558197442260919e-012.958523063726370277904989428338660e-04
3.500000000000000000000000000000000e-017.614942229142103370095857082630944e-021.790708802703285228990436661828071e-04
4.000000000000000000000000000000000e-013.528179536908627751859020550727599e-028.530247463497421292128065296027761e-05
4.500000000000000000000000000000000e-019.042539508813587102587676840152025e-032.369998577400094440552195764252951e-05
5.000000000000000000000000000000000e-011.483064114459036642490013200116894e-073.058879546668313349503020386368880e-07
5.499999999999999999999999999999999e-019.039745354494887880741076002792535e-031.742511856726100100995301656723776e-05
6.000000000000000000000000000000000e-013.527649564402609670356955917834870e-027.339777352010592014570415705281531e-05
6.500000000000000000000000000000000e-017.614215114413154626584284408989820e-021.627297203216057804676530628301418e-04
7.000000000000000000000000000000001e-011.276364922568548105107742735035406e-012.766671246956738106929802163182036e-04
7.500000000000000000000000000000001e-011.847188955745776786931762937904081e-014.040611309371809494381057387270123e-04
8.000000000000000000000000000000001e-012.418017381632060165734165196361550e-015.324421309951459753816281877225146e-04
8.500000000000000000000000000000002e-012.932973539528503691112086694615802e-016.492436755280740618185154096263099e-04
9.000000000000000000000000000000002e-013.341649926355697070090585913131206e-017.430309309905008743384882099159572e-04
9.500000000000000000000000000000003e-013.604042442528527876794648284412003e-018.046240549305403944608910354362402e-04
1.000000000000000000000000000000000e+003.694466533099446723790114820359313e-018.281007025015379820303482579335516e-04
 -----------------------------------------------------------------------

Final integrator statistics:
Current time                  = 1
Steps                         = 484
Step attempts                 = 491
Stability limited steps       = 0
Accuracy limited steps        = 491
Error test fails              = 7
NLS step fails                = 0
Inequality constraint fails   = 0
Initial step size             = 2.87768024839444108248434355699125e-06
Last step size                = 2.67329557614676143150564490345821e-05
Current step size             = 2.67329557614676143150564490345821e-05
RHS fn evals                  = 15660
Number of dom_eig updates     = 23
Max. num. of stages used      = 63
Max. num. of stages allowed   = 1000
Max. spectral radius          = 320695.2
Min. spectral radius          = 320695.2
  Max error = 8.281007025015379820303482579335516e-04
