
2D Heat PDE test problem:
 --------------------------------- 
  nprocs         = 4
  npx            = 2
  npy            = 2
 --------------------------------- 
  kx             = 1
  ky             = 1
  forcing        = 1
  tf             = 1
  xu             = 1
  yu             = 1
  nx             = 32
  ny             = 32
  nxl (proc 0)   = 16
  nyl (proc 0)   = 16
  dx             = 0.0322581
  dy             = 0.0322581
 --------------------------------- 
  rtol           = 1e-05
  atol           = 1e-10
  order          = 3
  fixed h        = 0
  controller     = I
  linear         = 1
 --------------------------------- 
  linear solver  = PCG
  lin iters      = 40
  eps lin        = 0
  prec           = 1
  msbp           = 0
 --------------------------------- 
  output         = 1
 --------------------------------- 

          t                     ||u||_rms                max error      
 -----------------------------------------------------------------------
0.000000000000000000000000000000000e+001.816406250200284424637447911110104e-010.000000000000000000000000000000000e+00
5.000000000000000000000000000000000e-021.775990688605936783057124373618746e-012.452940452404793932551783713931734e-03
1.000000000000000000000000000000000e-011.648000266136629670305772640518107e-012.834469429513850080140051073406945e-03
1.500000000000000000000000000000000e-011.447188521683678702778228826327070e-012.814615912465749536803350615562650e-03
2.000000000000000000000000000000000e-011.193543613047904618352023867586490e-012.518501072353440323599472284971359e-03
2.500000000000000000000000000000000e-019.121242229649251829208934821195572e-022.076265401301638540942765956629312e-03
3.000000000000000000000000000000000e-016.305443047066213641514440945375420e-021.558535272465586217108366923114232e-03
3.500000000000000000000000000000000e-013.764702556639108469746859455144046e-021.069193293938521344985710251561982e-03
4.000000000000000000000000000000000e-011.747420623408487767782112207439308e-026.381277905732763979445715399770446e-04
4.500000000000000000000000000000000e-014.511264636109412614674437939689744e-033.105169055207111214571192995045999e-04
5.000000000000000000000000000000000e-012.755817116391050859667682517745013e-051.154959757698624995333906397286862e-04
5.499999999999999999999999999999999e-014.459698279529007077720649603798529e-037.508225806888147529618223165553530e-05
6.000000000000000000000000000000000e-011.737726600049328889088780931181204e-021.963377582409257882308675001550424e-04
6.500000000000000000000000000000000e-013.751526236786231031286073026981850e-024.698783544084374522222914234181549e-04
7.000000000000000000000000000000001e-016.289854991580871882187606354417286e-028.476318161837945176661768337686363e-04
7.500000000000000000000000000000001e-019.105118395105540919653444561823067e-021.340513645510413158973257791073677e-03
8.000000000000000000000000000000001e-011.192054621800147279374004132516445e-011.834983078892789574685614195289843e-03
8.500000000000000000000000000000002e-011.446139867513039556933349171185733e-012.329392385978347781994565338191904e-03
9.000000000000000000000000000000002e-011.647894720549492295553743389005120e-012.774689145345021403770017065248193e-03
9.500000000000000000000000000000003e-011.777572317682924778573746355253610e-013.128616522319409279917465089213080e-03
1.000000000000000000000000000000000e+001.822372416057500032979575300727775e-013.297873578124511074688432045380110e-03
 -----------------------------------------------------------------------

Final integrator statistics:
  Steps            = 54
  Step attempts    = 56
  Error test fails = 2
  RHS evals        = 451
  NLS iters        = 224
  NLS fails        = 0
  LS iters         = 8031
  LS fails         = 58
  LS setups        = 54
  LS RHS evals     = 8031
  Jv products      = 8031

  Avg NLS iters per step attempt = 4.000000
  Avg LS iters per NLS iter      = 35.852679

  Preconditioner setups = 3
  Preconditioner solves = 8031

  Max error = 3.297873578124511074688432045380110e-03
