
Analytical ODE test problem:
   reltol = 1.0e-06
   abstol = 1.0e-10

        t           u
   ---------------------
    1.000000    0.916291
    2.000000    1.609438
    3.000000    2.140066
    4.000000    2.564950
    5.000000    2.917771
    6.000000    3.218876
    7.000000    3.481240
    8.000000    3.713572
    9.000000    3.921973
   10.000000    4.110874
   ---------------------

Final Statistics:
Current time                  = 10.4281209462040392117223509495199
Steps                         = 46
Step attempts                 = 46
Stability limited steps       = 0
Accuracy limited steps        = 46
Error test fails              = 0
NLS step fails                = 0
Inequality constraint fails   = 0
Initial step size             = 1.86264514923095708214519170415272e-16
Last step size                = 0.832531790712162882772335097118523
Current step size             = 0.904736133602796810721280815977904
RHS fn evals                  = 187
