
   Begin Kepler Problem

Problem Arguments:
  stepper:              0
  step mode:            0
  use tstop:            1
  use compensated sums: 1
  dt:                   0.01
  Tf:                   100
  nout:                 50

t = 0.0000, H(p,q) = -0.5000000000000000, L(p,q) = 0.8000000000000000
t = 2.0000, H(p,q)-H0 = 2.1900066035379963e-09, L(p,q)-L0 = 0.0000000000000000e+00
ROOT RETURN:	  g[0] =  -1, y[0] = -1.6, y[1] = -3.82252e-33, num. orbits is now 0.50
t = 3.1416, H(p,q)-H0 = 2.1771853254852196e-09, L(p,q)-L0 = -3.4632228163275416e-11
t = 4.0000, H(p,q)-H0 = 2.1902832590878504e-09, L(p,q)-L0 = 0.0000000000000000e+00
t = 6.0000, H(p,q)-H0 = -1.2929018652680209e-10, L(p,q)-L0 = -9.6296497219361793e-35
ROOT RETURN:	  g[0] =   1, y[0] = 0.4, y[1] = 1.83565e-34, num. orbits is now 1.00
t = 6.2832, H(p,q)-H0 = 2.1834023649524550e-06, L(p,q)-L0 = 4.9307926433651938e-07
t = 8.0000, H(p,q)-H0 = 2.1893965513939444e-09, L(p,q)-L0 = 0.0000000000000000e+00
ROOT RETURN:	  g[0] =  -1, y[0] = -1.6, y[1] = -2.80708e-33, num. orbits is now 1.50
t = 9.4248, H(p,q)-H0 = 2.1541971938223046e-09, L(p,q)-L0 = -9.4402275680980698e-11
t = 10.0000, H(p,q)-H0 = 2.1904201927337087e-09, L(p,q)-L0 = 0.0000000000000000e+00
t = 12.0000, H(p,q)-H0 = 1.9669060836437517e-09, L(p,q)-L0 = 0.0000000000000000e+00
ROOT RETURN:	  g[0] =   1, y[0] = 0.4, y[1] = 2.42848e-31, num. orbits is now 2.00
t = 12.5664, H(p,q)-H0 = 3.2666979979917617e-06, L(p,q)-L0 = 7.3786250803399134e-07
t = 14.0000, H(p,q)-H0 = 2.1878393731347917e-09, L(p,q)-L0 = 9.6296497219361793e-35
ROOT RETURN:	  g[0] =  -1, y[0] = -1.6, y[1] = -8.71747e-35, num. orbits is now 2.50
t = 15.7080, H(p,q)-H0 = 2.1581314339474255e-09, L(p,q)-L0 = -8.4173739291492134e-11
t = 16.0000, H(p,q)-H0 = 2.1904852335407834e-09, L(p,q)-L0 = 0.0000000000000000e+00
t = 18.0000, H(p,q)-H0 = 2.1569461905065918e-09, L(p,q)-L0 = -9.6296497219361793e-35
ROOT RETURN:	  g[0] =   1, y[0] = 0.4, y[1] = 4.00027e-31, num. orbits is now 3.00
t = 18.8496, H(p,q)-H0 = 7.9684258742760690e-07, L(p,q)-L0 = 1.8003222128271123e-07
t = 20.0000, H(p,q)-H0 = 2.1828335633877353e-09, L(p,q)-L0 = 9.6296497219361793e-35
ROOT RETURN:	  g[0] =  -1, y[0] = -1.6, y[1] = -1.22188e-33, num. orbits is now 3.50
t = 21.9911, H(p,q)-H0 = 2.1809746643203242e-09, L(p,q)-L0 = -2.4779865329279614e-11
t = 22.0000, H(p,q)-H0 = 2.1905053012103334e-09, L(p,q)-L0 = 0.0000000000000000e+00
t = 24.0000, H(p,q)-H0 = 2.1821994212436852e-09, L(p,q)-L0 = 0.0000000000000000e+00
ROOT RETURN:	  g[0] =   1, y[0] = 0.4, y[1] = 2.06586e-33, num. orbits is now 4.00
t = 25.1327, H(p,q)-H0 = 1.8982353694151735e-06, L(p,q)-L0 = 4.2867047047695222e-07
t = 26.0000, H(p,q)-H0 = 2.1602141226071884e-09, L(p,q)-L0 = 9.6296497219361793e-35
t = 28.0000, H(p,q)-H0 = 2.1904878253248340e-09, L(p,q)-L0 = 0.0000000000000000e+00
ROOT RETURN:	  g[0] =  -1, y[0] = -1.6, y[1] = -1.71154e-32, num. orbits is now 4.50
t = 28.2743, H(p,q)-H0 = 2.1564630070173846e-09, L(p,q)-L0 = -8.8511014583750330e-11
t = 30.0000, H(p,q)-H0 = 2.1876617278478833e-09, L(p,q)-L0 = 0.0000000000000000e+00
ROOT RETURN:	  g[0] =   1, y[0] = 0.4, y[1] = 2.43751e-34, num. orbits is now 5.00
t = 31.4159, H(p,q)-H0 = 3.2652130836636067e-06, L(p,q)-L0 = 7.3750452781792549e-07
t = 32.0000, H(p,q)-H0 = 1.9945792302686497e-09, L(p,q)-L0 = 9.6296497219361793e-35
t = 34.0000, H(p,q)-H0 = 2.1904263822889381e-09, L(p,q)-L0 = 0.0000000000000000e+00
ROOT RETURN:	  g[0] =  -1, y[0] = -1.6, y[1] = -1.3107e-31, num. orbits is now 5.50
t = 34.5575, H(p,q)-H0 = 2.1547710483433607e-09, L(p,q)-L0 = -9.2910805629236626e-11
t = 36.0000, H(p,q)-H0 = 2.1893324058439007e-09, L(p,q)-L0 = 0.0000000000000000e+00
ROOT RETURN:	  g[0] =   1, y[0] = 0.4, y[1] = 3.41175e-34, num. orbits is now 6.00
t = 37.6991, H(p,q)-H0 = 1.4644406863739328e-06, L(p,q)-L0 = 3.3085088497347974e-07
t = 38.0000, H(p,q)-H0 = 1.4440822917702698e-10, L(p,q)-L0 = 0.0000000000000000e+00
t = 40.0000, H(p,q)-H0 = 2.1902958461002986e-09, L(p,q)-L0 = -9.6296497219361793e-35
ROOT RETURN:	  g[0] =  -1, y[0] = -1.6, y[1] = -1.95865e-31, num. orbits is now 6.50
t = 40.8407, H(p,q)-H0 = 2.1847281220768751e-09, L(p,q)-L0 = -1.5020805626336813e-11
t = 42.0000, H(p,q)-H0 = 2.1899790704221365e-09, L(p,q)-L0 = 0.0000000000000000e+00
ROOT RETURN:	  g[0] =   1, y[0] = 0.4, y[1] = 8.82149e-31, num. orbits is now 7.00
t = 43.9823, H(p,q)-H0 = 1.5984138079529649e-06, L(p,q)-L0 = 3.6095561641625529e-07
t = 44.0000, H(p,q)-H0 = -8.7564673709202955e-11, L(p,q)-L0 = 0.0000000000000000e+00
t = 46.0000, H(p,q)-H0 = 2.1900306409196684e-09, L(p,q)-L0 = 0.0000000000000000e+00
ROOT RETURN:	  g[0] =  -1, y[0] = -1.6, y[1] = -2.89977e-32, num. orbits is now 7.50
t = 47.1239, H(p,q)-H0 = 2.1591556716424721e-09, L(p,q)-L0 = -8.1509941488546565e-11
t = 48.0000, H(p,q)-H0 = 2.1902710969915627e-09, L(p,q)-L0 = -9.6296497219361793e-35
t = 50.0000, H(p,q)-H0 = -4.5252497560832288e-10, L(p,q)-L0 = 0.0000000000000000e+00
ROOT RETURN:	  g[0] =   1, y[0] = 0.4, y[1] = 9.73675e-31, num. orbits is now 8.00
t = 50.2655, H(p,q)-H0 = 3.2033230469462296e-06, L(p,q)-L0 = 7.2350434700754506e-07
t = 52.0000, H(p,q)-H0 = 2.1894519963725581e-09, L(p,q)-L0 = 0.0000000000000000e+00
ROOT RETURN:	  g[0] =  -1, y[0] = -1.6, y[1] = -1.34994e-31, num. orbits is now 8.50
t = 53.4071, H(p,q)-H0 = 2.1524907816689476e-09, L(p,q)-L0 = -9.8839498763139220e-11
t = 54.0000, H(p,q)-H0 = 2.1904141700054100e-09, L(p,q)-L0 = 0.0000000000000000e+00
t = 56.0000, H(p,q)-H0 = 1.9337540236679296e-09, L(p,q)-L0 = 9.6296497219361793e-35
ROOT RETURN:	  g[0] =   1, y[0] = 0.4, y[1] = 1.71147e-30, num. orbits is now 9.00
t = 56.5487, H(p,q)-H0 = 2.0121016077355237e-06, L(p,q)-L0 = 4.5456268394052835e-07
t = 58.0000, H(p,q)-H0 = 2.1879919276694693e-09, L(p,q)-L0 = 9.6296497219361793e-35
ROOT RETURN:	  g[0] =  -1, y[0] = -1.6, y[1] = -4.91562e-31, num. orbits is now 9.50
t = 59.6903, H(p,q)-H0 = 2.1883963738075016e-09, L(p,q)-L0 = -5.4832932883747919e-12
t = 60.0000, H(p,q)-H0 = 2.1904826430064288e-09, L(p,q)-L0 = 0.0000000000000000e+00
t = 62.0000, H(p,q)-H0 = 2.1533408087668670e-09, L(p,q)-L0 = 0.0000000000000000e+00
ROOT RETURN:	  g[0] =   1, y[0] = 0.4, y[1] = 1.20181e-30, num. orbits is now 10.00
t = 62.8319, H(p,q)-H0 = 1.2891478540144396e-06, L(p,q)-L0 = 2.9111120154190100e-07
t = 64.0000, H(p,q)-H0 = 2.1833785421031593e-09, L(p,q)-L0 = 1.9259299443872359e-34
ROOT RETURN:	  g[0] =  -1, y[0] = -1.6, y[1] = -3.31816e-32, num. orbits is now 10.50
t = 65.9734, H(p,q)-H0 = 2.1621993417079217e-09, L(p,q)-L0 = -7.3596259749642812e-11
t = 66.0000, H(p,q)-H0 = 2.1905051534717794e-09, L(p,q)-L0 = 9.6296497219361793e-35
t = 68.0000, H(p,q)-H0 = 2.1815427289009093e-09, L(p,q)-L0 = 0.0000000000000000e+00
ROOT RETURN:	  g[0] =   1, y[0] = 0.4, y[1] = 1.32364e-30, num. orbits is now 11.00
t = 69.1150, H(p,q)-H0 = 3.0882619212688367e-06, L(p,q)-L0 = 6.9749695098398240e-07
t = 70.0000, H(p,q)-H0 = 2.1630522807180954e-09, L(p,q)-L0 = 0.0000000000000000e+00
t = 72.0000, H(p,q)-H0 = 2.1904900666372430e-09, L(p,q)-L0 = 0.0000000000000000e+00
ROOT RETURN:	  g[0] =  -1, y[0] = -1.6, y[1] = -1.15498e-31, num. orbits is now 11.50
t = 72.2566, H(p,q)-H0 = 2.1511882502560548e-09, L(p,q)-L0 = -1.0222603045793811e-10
t = 74.0000, H(p,q)-H0 = 2.1874848662354825e-09, L(p,q)-L0 = 9.6296497219361793e-35
ROOT RETURN:	  g[0] =   1, y[0] = 0.4, y[1] = 6.23934e-33, num. orbits is now 12.00
t = 75.3982, H(p,q)-H0 = 2.4488947461109349e-06, L(p,q)-L0 = 5.5322002990876727e-07
t = 76.0000, H(p,q)-H0 = 2.0191777969507816e-09, L(p,q)-L0 = 1.9259299443872359e-34
t = 78.0000, H(p,q)-H0 = 2.1904318553019377e-09, L(p,q)-L0 = 9.6296497219361793e-35
ROOT RETURN:	  g[0] =  -1, y[0] = -1.6, y[1] = -1.316e-33, num. orbits is now 12.50
t = 78.5398, H(p,q)-H0 = 2.1863211617026207e-09, L(p,q)-L0 = -1.0879082744738099e-11
t = 80.0000, H(p,q)-H0 = 2.1892698658596761e-09, L(p,q)-L0 = 9.6296497219361793e-35
ROOT RETURN:	  g[0] =   1, y[0] = 0.4, y[1] = 1.16735e-32, num. orbits is now 13.00
t = 81.6814, H(p,q)-H0 = 9.7535366295625610e-07, L(p,q)-L0 = 2.2024722324023693e-07
t = 82.0000, H(p,q)-H0 = 4.1583409038396979e-10, L(p,q)-L0 = 0.0000000000000000e+00
t = 84.0000, H(p,q)-H0 = 2.1903069441794741e-09, L(p,q)-L0 = 9.6296497219361793e-35
ROOT RETURN:	  g[0] =  -1, y[0] = -1.6, y[1] = -2.90973e-32, num. orbits is now 13.50
t = 84.8230, H(p,q)-H0 = 2.1655218648715762e-09, L(p,q)-L0 = -6.4957568309603443e-11
t = 86.0000, H(p,q)-H0 = 2.1899524560907193e-09, L(p,q)-L0 = 9.6296497219361793e-35
ROOT RETURN:	  g[0] =   1, y[0] = 0.4, y[1] = 1.69883e-30, num. orbits is now 14.00
t = 87.9646, H(p,q)-H0 = 2.9269917772155329e-06, L(p,q)-L0 = 6.6105562602361269e-07
t = 88.0000, H(p,q)-H0 = -3.5649537944876686e-10, L(p,q)-L0 = 0.0000000000000000e+00
t = 90.0000, H(p,q)-H0 = 2.1900535518926532e-09, L(p,q)-L0 = 9.6296497219361793e-35
ROOT RETURN:	  g[0] =  -1, y[0] = -1.6, y[1] = -7.40736e-32, num. orbits is now 14.50
t = 91.1062, H(p,q)-H0 = 2.1507647667501761e-09, L(p,q)-L0 = -1.0332700016711475e-10
t = 92.0000, H(p,q)-H0 = 2.1902583880417804e-09, L(p,q)-L0 = 0.0000000000000000e+00
t = 94.0000, H(p,q)-H0 = -7.9522960592892239e-10, L(p,q)-L0 = 9.6296497219361793e-35
ROOT RETURN:	  g[0] =   1, y[0] = 0.4, y[1] = 2.14824e-33, num. orbits is now 15.00
t = 94.2478, H(p,q)-H0 = 2.7836469273019774e-06, L(p,q)-L0 = 6.2882003951552793e-07
t = 96.0000, H(p,q)-H0 = 2.1895043874195565e-09, L(p,q)-L0 = 0.0000000000000000e+00
ROOT RETURN:	  g[0] =  -1, y[0] = -1.6, y[1] = -2.98364e-33, num. orbits is now 15.50
t = 97.3894, H(p,q)-H0 = 2.1772520100947849e-09, L(p,q)-L0 = -3.4459410831869877e-11
t = 98.0000, H(p,q)-H0 = 2.1904078686194658e-09, L(p,q)-L0 = 9.6296497219361793e-35
t = 100.0000, H(p,q)-H0 = 1.8950301840721827e-09, L(p,q)-L0 = 9.6296497219361793e-35
Current time                  = 100
Steps                         = 10000
Step attempts                 = 10000
Stability limited steps       = 0
Accuracy limited steps        = 0
Error test fails              = 0
NLS step fails                = 0
Inequality constraint fails   = 0
Initial step size             = 0.01
Last step size                = 0.01
Current step size             = 0.01
Root fn evals                 = 10598
f1 RHS fn evals               = 40032
f2 RHS fn evals               = 40032
