
2D Heat PDE test problem:
 --------------------------------- 
  nprocs         = 4
  npx            = 2
  npy            = 2
 --------------------------------- 
  Dux            = 0.001
  Duy            = 0.001
  Dvx            = 0.001
  Dvy            = 0.001
  A              = 1
  B              = 3
 --------------------------------- 
  tf             = 10
  xl             = -0.5
  xu             = 0.5
  yl             = -0.5
  yu             = 0.5
 --------------------------------- 
  nx             = 128
  ny             = 128
  dx             = 0.0078125
  dy             = 0.0078125
  nxl (proc 0)   = 64
  nyl (proc 0)   = 64
  is  (proc 0)   = 0
  ie  (proc 0)   = 63
  je  (proc 0)   = 0
  je  (proc 0)   = 63
 --------------------------------- 
  rtol_slow      = 0.0001
  atol_slow      = 1e-08
  rtol_fast      = 1e-05
  atol_fast      = 1e-09
  order_fast     = 3
  fixed h slow   = 0.0762939
  fixed h fast   = 0
  controller     = I
  linear         = 1
 --------------------------------- 
  linear solver  = PCG
  lin iters      = 10
  eps lin        = 0
  prec           = 1
  msbp           = 0
 --------------------------------- 
  output         = 1
 --------------------------------- 

          t                     ||u||_rms      
 ----------------------------------------------
0.000000000000000000000000000000000e+001.617685227722026873815002639277663e+00
5.000000000000000000000000000000000e-011.485591035426839962046716672352134e+00
1.000000000000000000000000000000000e+001.364394012938415324462376872488132e+00
1.500000000000000000000000000000000e+001.289303150526226263742753248505156e+00
2.000000000000000000000000000000000e+001.314817245645539235886370787968795e+00
2.500000000000000000000000000000000e+001.421573973357249307743904248600272e+00
3.000000000000000000000000000000000e+001.562872051408957815483605329427704e+00
3.500000000000000000000000000000000e+001.707964702964148547286173657896364e+00
4.000000000000000000000000000000000e+001.843188835244153685690979025746580e+00
4.500000000000000000000000000000000e+001.958117761402603303856097219578483e+00
5.000000000000000000000000000000000e+002.029204396085624566770048829321951e+00
5.500000000000000000000000000000000e+002.029623159358969400625243550024161e+00
6.000000000000000000000000000000000e+001.951863624478225582460270308190874e+00
6.500000000000000000000000000000000e+001.770876954995868882550843638069325e+00
7.000000000000000000000000000000000e+001.498842021203163409877988483571239e+00
7.500000000000000000000000000000000e+001.304907670565068400539562149647289e+00
8.000000000000000000000000000000000e+001.195092344968780589177908664617749e+00
8.500000000000000000000000000000000e+001.292556313266262945241963153962249e+00
9.000000000000000000000000000000000e+001.469606552578859254089759483212580e+00
9.500000000000000000000000000000000e+001.650788383264244419335962796234081e+00
1.000000000000000000000000000000000e+011.818471086934398135454126606699972e+00
 ----------------------------------------------

Final integrator statistics:

Slow Integrator:
  Steps            = 132
  RHS diffusion    = 792
  NLS iters        = 396
  NLS fails        = 0
  LS iters         = 2498
  LS fails         = 24
  LS setups        = 0
  LS RHS evals     = 2498
  Jv products      = 2498

  Avg NLS iters per step attempt = 3.000000
  Avg LS iters per NLS iter      = 6.308081

  Preconditioner setups = 0
  Preconditioner solves = 2498

Fast Integrator:
  Steps            = 2796
  Error test fails = 17
  RHS reaction     = 4107
  NLS iters        = 2919
  NLS fails        = 0

