
1D Heat PDE test problem:
  N = 201
  diffusion coefficient:  k = 0.5
        t      ||u||_rms
   -------------------------
    0.000000    0.000000
    0.100000    0.001165
    0.200000    0.001826
    0.300000    0.002238
    0.400000    0.002486
    0.500000    0.002639
    0.600000    0.002735
    0.700000    0.002791
    0.800000    0.002824
    0.900000    0.002846
    1.000000    0.002860
   -------------------------

Final Solver Statistics:
   Internal solver steps = 16 (attempted = 16)
   Total RHS evals:  Fe = 0,  Fi = 163
   Total linear solver setups = 0
   Total linear iterations = 3891
   Total number of Jacobian-vector products = 3891
   Total number of linear solver convergence failures = 0
   Total number of Newton iterations = 80
   Total number of nonlinear solver convergence failures = 0
   Total number of error test failures = 0
