
   Begin Kepler Problem

Problem Arguments:
  stepper:              1
  step mode:            0
  use tstop:            1
  use compensated sums: 0
  dt:                   0.001
  Tf:                   50
  nout:                 1

t = 0.0000, H(p,q) = -0.5000000000000000, L(p,q) = 0.8000000000000000
t = 50.0000, H(p,q)-H0 = -2.3143517989939812e-13, L(p,q)-L0 = -2.3521544836946165e-14
Current time                  = 50
Steps                         = 50001
Step attempts                 = 50001
Stability limited steps       = 0
Accuracy limited steps        = 0
Error test fails              = 0
NLS step fails                = 0
Inequality constraint fails   = 0
Initial step size             = 0.001
Last step size                = 2.09479548191110869265192608859077e-29
Current step size             = 0.001
Explicit RHS fn evals         = 400008
Implicit RHS fn evals         = 0
NLS iters                     = 0
NLS fails                     = 0
NLS iters per step            = 0
LS setups                     = 0

   Begin Kepler Problem

Problem Arguments:
  stepper:              0
  step mode:            0
  use tstop:            1
  use compensated sums: 0
  dt:                   0.1
  Tf:                   50
  nout:                 1

t = 0.0000, H(p,q) = -0.5000000000000000, L(p,q) = 0.8000000000000000
t = 50.0000, H(p,q)-H0 = 7.5734793926390789e-06, L(p,q)-L0 = 2.2148194360453212e-33
Current time                  = 50
Steps                         = 500
Step attempts                 = 500
Stability limited steps       = 0
Accuracy limited steps        = 0
Error test fails              = 0
NLS step fails                = 0
Inequality constraint fails   = 0
Initial step size             = 0.1
Last step size                = 0.0999999999999999999999999999996191
Current step size             = 0.1
f1 RHS fn evals               = 3000
f2 RHS fn evals               = 3000


   Begin Kepler Problem

Problem Arguments:
  stepper:              0
  step mode:            0
  use tstop:            1
  use compensated sums: 0
  dt:                   0.05
  Tf:                   50
  nout:                 1

t = 0.0000, H(p,q) = -0.5000000000000000, L(p,q) = 0.8000000000000000
t = 50.0000, H(p,q)-H0 = 1.3166233372634221e-07, L(p,q)-L0 = -1.7333369499485123e-33
Current time                  = 50
Steps                         = 1000
Step attempts                 = 1000
Stability limited steps       = 0
Accuracy limited steps        = 0
Error test fails              = 0
NLS step fails                = 0
Inequality constraint fails   = 0
Initial step size             = 0.05
Last step size                = 0.05
Current step size             = 0.05
f1 RHS fn evals               = 6000
f2 RHS fn evals               = 6000


   Begin Kepler Problem

Problem Arguments:
  stepper:              0
  step mode:            0
  use tstop:            1
  use compensated sums: 0
  dt:                   0.025
  Tf:                   50
  nout:                 1

t = 0.0000, H(p,q) = -0.5000000000000000, L(p,q) = 0.8000000000000000
t = 50.0000, H(p,q)-H0 = 2.2657529742966299e-09, L(p,q)-L0 = 3.8518598887744717e-34
Current time                  = 50
Steps                         = 2001
Step attempts                 = 2001
Stability limited steps       = 0
Accuracy limited steps        = 0
Error test fails              = 0
NLS step fails                = 0
Inequality constraint fails   = 0
Initial step size             = 0.025
Last step size                = 1.53458097968774952771500322465167e-30
Current step size             = 0.025
f1 RHS fn evals               = 12006
f2 RHS fn evals               = 12006


   Begin Kepler Problem

Problem Arguments:
  stepper:              0
  step mode:            0
  use tstop:            1
  use compensated sums: 0
  dt:                   0.0125
  Tf:                   50
  nout:                 1

t = 0.0000, H(p,q) = -0.5000000000000000, L(p,q) = 0.8000000000000000
t = 50.0000, H(p,q)-H0 = 4.1044253543725543e-11, L(p,q)-L0 = 9.9185392135942646e-33
Current time                  = 50
Steps                         = 4000
Step attempts                 = 4000
Stability limited steps       = 0
Accuracy limited steps        = 0
Error test fails              = 0
NLS step fails                = 0
Inequality constraint fails   = 0
Initial step size             = 0.0125
Last step size                = 0.0124999999999999999999999999975681
Current step size             = 0.0125
f1 RHS fn evals               = 24000
f2 RHS fn evals               = 24000


   Begin Kepler Problem

Problem Arguments:
  stepper:              0
  step mode:            0
  use tstop:            1
  use compensated sums: 0
  dt:                   0.00625
  Tf:                   50
  nout:                 1

t = 0.0000, H(p,q) = -0.5000000000000000, L(p,q) = 0.8000000000000000
t = 50.0000, H(p,q)-H0 = 8.1428346805520500e-13, L(p,q)-L0 = 1.7333369499485123e-33
Current time                  = 50
Steps                         = 8000
Step attempts                 = 8000
Stability limited steps       = 0
Accuracy limited steps        = 0
Error test fails              = 0
NLS step fails                = 0
Inequality constraint fails   = 0
Initial step size             = 0.00625
Last step size                = 0.00624999999999999999999999999385674
Current step size             = 0.00625
f1 RHS fn evals               = 48000
f2 RHS fn evals               = 48000


   Begin Kepler Problem

Problem Arguments:
  stepper:              0
  step mode:            0
  use tstop:            1
  use compensated sums: 0
  dt:                   0.003125
  Tf:                   50
  nout:                 1

t = 0.0000, H(p,q) = -0.5000000000000000, L(p,q) = 0.8000000000000000
t = 50.0000, H(p,q)-H0 = 1.8116874589576022e-14, L(p,q)-L0 = 1.1555579666323415e-32
Current time                  = 50
Steps                         = 16001
Step attempts                 = 16001
Stability limited steps       = 0
Accuracy limited steps        = 0
Error test fails              = 0
NLS step fails                = 0
Inequality constraint fails   = 0
Initial step size             = 0.003125
Last step size                = 9.74982775046594278251058273654193e-30
Current step size             = 0.003125
f1 RHS fn evals               = 96006
f2 RHS fn evals               = 96006


   Begin Kepler Problem

Problem Arguments:
  stepper:              0
  step mode:            0
  use tstop:            1
  use compensated sums: 0
  dt:                   0.0015625
  Tf:                   50
  nout:                 1

t = 0.0000, H(p,q) = -0.5000000000000000, L(p,q) = 0.8000000000000000
t = 50.0000, H(p,q)-H0 = 4.5154692379847389e-16, L(p,q)-L0 = -2.2340787354891936e-32
Current time                  = 50
Steps                         = 32001
Step attempts                 = 32001
Stability limited steps       = 0
Accuracy limited steps        = 0
Error test fails              = 0
NLS step fails                = 0
Inequality constraint fails   = 0
Initial step size             = 0.0015625
Last step size                = 2.45964365057582665265485055003406e-29
Current step size             = 0.0015625
f1 RHS fn evals               = 192006
f2 RHS fn evals               = 192006


   Begin Kepler Problem

Problem Arguments:
  stepper:              0
  step mode:            0
  use tstop:            1
  use compensated sums: 0
  dt:                   0.00078125
  Tf:                   50
  nout:                 1

t = 0.0000, H(p,q) = -0.5000000000000000, L(p,q) = 0.8000000000000000
t = 50.0000, H(p,q)-H0 = 1.2269490602362352e-17, L(p,q)-L0 = -1.1459283169104053e-32
Current time                  = 50
Steps                         = 64000
Step attempts                 = 64000
Stability limited steps       = 0
Accuracy limited steps        = 0
Error test fails              = 0
NLS step fails                = 0
Inequality constraint fails   = 0
Initial step size             = 0.00078125
Last step size                = 0.000781249999999999999999999961027806
Current step size             = 0.00078125
f1 RHS fn evals               = 384000
f2 RHS fn evals               = 384000

Order of accuracy wrt solution:    expected = 5, max = 5.9964,  avg = 3.7228,  overall = 3.9429
Order of accuracy wrt Hamiltonian: expected = 5, max = 5.8607,  avg = 5.5953,  overall = 5.6097
