
Conserved Exponential Entropy problem:
   method     = ERK
   reltol     = 1.0e-06
   abstol     = 1.0e-10
   relaxation = ON

 step   t              u              v              e              delta e
 -------------------------------------------------------------------------------
    0   0.000000e+00   1.000000e+00   5.000000e-01   4.367003e+00   0.000000e+00
   40   3.954867e-02   9.312446e-01   6.039539e-01   4.367003e+00   1.540744e-33
   80   8.126857e-02   8.508502e-01   7.057506e-01   4.367003e+00   3.081488e-33
  120   1.236322e-01   7.607795e-01   8.006821e-01   4.367003e+00   3.081488e-33
  160   1.658658e-01   6.624834e-01   8.868207e-01   4.367003e+00   7.703720e-34
  200   2.071832e-01   5.582029e-01   9.629735e-01   4.367003e+00   4.622232e-33
  240   2.467364e-01   4.510585e-01   1.028558e+00   4.367003e+00   7.703720e-33
  280   2.835875e-01   3.450506e-01   1.083479e+00   4.367003e+00   1.078521e-32
  320   3.167133e-01   2.449165e-01   1.128006e+00   4.367003e+00   1.232595e-32
  360   3.450477e-01   1.558210e-01   1.162646e+00   4.367003e+00   1.694818e-32
  400   3.675525e-01   8.290982e-02   1.188014e+00   4.367003e+00   2.002967e-32
  440   3.831876e-01   3.118724e-02   1.204570e+00   4.367003e+00   2.311116e-32
  480   3.913763e-01   3.760663e-03   1.212903e+00   4.367003e+00   2.773339e-32
  520   3.938257e-01  -4.487104e-03   1.215352e+00   4.367003e+00   2.234079e-32
  560   4.019456e-01  -3.197336e-02   1.223326e+00   4.367003e+00   2.311116e-32
  600   4.180679e-01  -8.718660e-02   1.238518e+00   4.367003e+00   2.465190e-32
  640   4.430219e-01  -1.742541e-01   1.260425e+00   4.367003e+00   2.388153e-32
  680   4.780841e-01  -2.996803e-01   1.288116e+00   4.367003e+00   2.388153e-32
  720   5.252021e-01  -4.733769e-01   1.320183e+00   4.367003e+00   2.619265e-32
  760   5.873646e-01  -7.103428e-01   1.354682e+00   4.367003e+00   2.002967e-32
  800   6.693812e-01  -1.034042e+00   1.389149e+00   4.367003e+00   2.542228e-32
  840   7.798040e-01  -1.484613e+00   1.420796e+00   4.367003e+00   2.311116e-32
  880   9.365814e-01  -2.143203e+00   1.446854e+00   4.367003e+00   3.466674e-32
  920   1.189467e+00  -3.229440e+00   1.464972e+00   4.367003e+00   4.005934e-32
  960   1.816733e+00  -5.960206e+00   1.473486e+00   4.367003e+00   4.545195e-32
 -------------------------------------------------------------------------------

Final Solver Statistics:
   Internal solver steps = 979 (attempted = 1072)
   Total number of error test failures = 88
   Total RHS evals = 3125
   Total Relaxation Fn evals    = 3340
   Total Relaxation Jac evals   = 5473
   Total Relaxation fails       = 5
   Total Relaxation bound fails = 5
   Total Relaxation NLS fails   = 0
   Total Relaxation NLS iters   = 2257

