
2D Heat PDE test problem:
 --------------------------------- 
  nprocs         = 4
  npx            = 2
  npy            = 2
 --------------------------------- 
  Dux            = 0.001
  Duy            = 0.001
  Dvx            = 0.001
  Dvy            = 0.001
  A              = 1
  B              = 3
 --------------------------------- 
  tf             = 10
  xl             = -0.5
  xu             = 0.5
  yl             = -0.5
  yu             = 0.5
 --------------------------------- 
  nx             = 128
  ny             = 128
  dx             = 0.0078125
  dy             = 0.0078125
  nxl (proc 0)   = 64
  nyl (proc 0)   = 64
  is  (proc 0)   = 0
  ie  (proc 0)   = 63
  je  (proc 0)   = 0
  je  (proc 0)   = 63
 --------------------------------- 
  rtol_slow      = 0.0001
  atol_slow      = 1e-08
  rtol_fast      = 1e-05
  atol_fast      = 1e-09
  order_fast     = 3
  fixed h slow   = 0.0762939
  fixed h fast   = 0
  controller     = I
  linear         = 1
 --------------------------------- 
  linear solver  = PCG
  lin iters      = 10
  eps lin        = 0
  prec           = 1
  msbp           = 0
 --------------------------------- 
  output         = 1
 --------------------------------- 

          t                     ||u||_rms      
 ----------------------------------------------
0.000000000000000000000000000000000e+001.617685227722026873815002639277663e+00
5.000000000000000000000000000000000e-011.485591060910145387635681035555313e+00
1.000000000000000000000000000000000e+001.364393367073270272249351816256750e+00
1.500000000000000000000000000000000e+001.289302942488238116669083456115235e+00
2.000000000000000000000000000000000e+001.314823082629995680124441559573378e+00
2.500000000000000000000000000000000e+001.421584669523848111053595601292696e+00
3.000000000000000000000000000000000e+001.562884621518070746544536277027843e+00
3.500000000000000000000000000000000e+001.707977429332915125608954940598430e+00
4.000000000000000000000000000000000e+001.843201278933506112879845797768049e+00
4.500000000000000000000000000000000e+001.958130788151888175014220709044738e+00
5.000000000000000000000000000000000e+002.029218362174242550193863574162259e+00
5.500000000000000000000000000000000e+002.029630436941255397340745167769791e+00
6.000000000000000000000000000000000e+001.951855633232211232409125197783665e+00
6.500000000000000000000000000000000e+001.770851304977513080658464785869772e+00
7.000000000000000000000000000000000e+001.498827723609187964379021423041252e+00
7.500000000000000000000000000000000e+001.304890208126299370777915860981241e+00
8.000000000000000000000000000000000e+001.195092716787089157283448718485390e+00
8.500000000000000000000000000000000e+001.292575078462334271398175912350364e+00
9.000000000000000000000000000000000e+001.469628193563794483244817519650443e+00
9.500000000000000000000000000000000e+001.650807818467748339719233316292041e+00
1.000000000000000000000000000000000e+011.818488442068908134937788677563789e+00
 ----------------------------------------------

Final integrator statistics:

Slow Integrator:
  Steps            = 132
  RHS diffusion    = 792
  NLS iters        = 396
  NLS fails        = 0
  LS iters         = 2479
  LS fails         = 25
  LS setups        = 0
  LS RHS evals     = 2479
  Jv products      = 2479

  Avg NLS iters per step attempt = 3.000000
  Avg LS iters per NLS iter      = 6.260101

  Preconditioner setups = 0
  Preconditioner solves = 2479

Fast Integrator:
  Steps            = 420
  Step attempts    = 420
  Error test fails = 0
  RHS reaction     = 1790
