Nonlinear Pendulum problem:
   method     = DIRK
   relaxation = ON
   reltol     = 1e-06
   abstol     = 1e-10

    step                                        t                                        u                                        v                                        e                                    e err
---------------------------------------------------------------------------------------------------------------------------------------------------------------------------------------------------------------------
       0  0.000000000000000000000000000000000e+00  1.500000000000000000000000000000000e+00  1.000000000000000000000000000000000e+00  5.846976941318602825990633925570234e-01  0.000000000000000000000000000000000e+00
    1000  1.835585274044340400946961248513245e+00 -1.544806352920275900449184881767262e-01  2.180672011381279950704422926834119e+00  5.846976941318602825990633925570607e-01  3.726674442389301375663317318901834e-32
    2000  3.588227020277910316150921010548645e+00 -1.703711431932034747286445815410461e+00  5.224111062764997890036778815474050e-01  5.846976941318602825990633925571118e-01  8.840018444737412565526938756464816e-32
    3000  5.050139784669743848760850281281866e+00 -9.522703536810428280627101366540374e-01 -1.702464724362177389690692846476256e+00  5.846976941318602825990633925571318e-01  1.083335593717820167343987592704022e-31
    4000  6.929333215160924870797855363679155e+00  6.884232623000989462061825144177405e-01 -1.925949944348723857401797657602229e+00  5.846976941318602825990633925571983e-01  1.748744389503610154574827971867114e-31
    5000  8.487342874876173483391787649299631e+00  1.767308644664376560315232804455286e+00  2.149257684713519697563380107399727e-01  5.846976941318602825990633925572242e-01  2.007781967023693376810857005144787e-31
---------------------------------------------------------------------------------------------------------------------------------------------------------------------------------------------------------------------

Final Solver Statistics:
  Internal solver steps = 5914 (attempted = 5922)
  Total number of error test failures = 8
  Total RHS evals:  Fe = 0,  Fi = 27506
  Total number of Newton iterations = 21681
  Total number of linear solver convergence failures = 91
  Total linear solver setups = 389
  Total number of Jacobian evaluations = 185
  Total RHS evals for setting up the linear system = 0
  Total Relaxation Fn evals    = 22742
  Total Relaxation Jac evals   = 28335
  Total Relaxation fails       = 0
  Total Relaxation bound fails = 0
  Total Relaxation NLS fails   = 0
  Total Relaxation NLS iters   = 16491

