
2D Heat PDE test problem:
 --------------------------------- 
  kx             = 1
  ky             = 1
  forcing        = 1
  tf             = 1
  xu             = 1
  yu             = 1
  nx             = 32
  ny             = 32
  dx             = 0.0322581
  dy             = 0.0322581
 --------------------------------- 
  rtol           = 1e-05
  atol           = 1e-10
  order          = 3
  fixed h        = 0
  controller     = 0
  linear         = 1
 --------------------------------- 
  linear solver  = PCG
  lin iters      = 40
  eps lin        = 0
  prec           = 1
  msbp           = 0
 --------------------------------- 
  output         = 1
 --------------------------------- 

          t                     ||u||_rms                max error      
 -----------------------------------------------------------------------
0.000000000000000000000000000000000e+003.632812499999999999999999999999995e-010.000000000000000000000000000000000e+00
5.000000000000000000000000000000000e-023.551979229193167432684053741448627e-012.452508269092019622451597803547524e-03
1.000000000000000000000000000000000e-013.296202740790708104361101137071253e-012.889288559187500980992149344115507e-03
1.500000000000000000000000000000000e-012.894360231900505663140269475868809e-012.810071738305325597116351075236128e-03
2.000000000000000000000000000000000e-012.387054058367098846797165568309446e-012.509493272359065745707331403758076e-03
2.500000000000000000000000000000000e-011.824193748285845398147644374004128e-012.061356869639918518714148436164199e-03
3.000000000000000000000000000000000e-011.261115172865903164746902184342282e-011.565864500803429095615220055759551e-03
3.500000000000000000000000000000000e-017.529725892721741062772461682062022e-021.078017967444830257643787952575463e-03
4.000000000000000000000000000000000e-013.495023045946115891116090503314324e-026.431342404275243252315792128485665e-04
4.500000000000000000000000000000000e-019.022987642024144187401612103178521e-033.117884844684590628727632805599677e-04
5.000000000000000000000000000000000e-015.510895435389714583588099450516025e-051.154852803206497489401840254927360e-04
5.499999999999999999999999999999999e-018.919092472906743366332306155270625e-037.425291368199542896138033404868037e-05
6.000000000000000000000000000000000e-013.475355567081436452791875665413118e-021.936663221663714413002948162384768e-04
6.500000000000000000000000000000000e-017.502667426351215071330758629382397e-024.593338544977629999602211166575320e-04
7.000000000000000000000000000000001e-011.257986507081668755990827967945971e-018.518664346354674785235835144068750e-04
7.500000000000000000000000000000001e-011.820945673739565599024064524086698e-011.319142588054316780788278959754384e-03
8.000000000000000000000000000000001e-012.384127110504351586769295418277639e-011.839848380857861416047211022597336e-03
8.500000000000000000000000000000002e-012.892298582851522489512549752729425e-012.334510593002769533623471437430012e-03
9.000000000000000000000000000000002e-013.295776910643247077086740842803879e-012.771186936570581389608304755759878e-03
9.500000000000000000000000000000003e-013.555049212801488658538011188912487e-013.102309251776897965543434843585111e-03
1.000000000000000000000000000000000e+003.644743584912152561746946623493251e-013.297515517708687570903783423946363e-03
 -----------------------------------------------------------------------

Final integrator statistics:
  Steps            = 75
  Step attempts    = 76
  Error test fails = 1
  RHS evals        = 611
  NLS iters        = 304
  NLS fails        = 0
  LS iters         = 10136
  LS fails         = 0
  LS setups        = 76
  LS RHS evals     = 10136
  Jv products      = 10136

  Avg NLS iters per step attempt = 4.000000
  Avg LS iters per NLS iter      = 33.342105

  Preconditioner setups = 2
  Preconditioner solves = 10136

  Max error = 3.297515517708687570903783423946363e-03
