
Multirate nonlinear Kvaerno-Prothero-Robinson test problem:
    time domain:  (0,5]
    hs = 0.001
    hf = 1e-05
    G = -100
    w = 100
    e = 0.5
    slow solver: ARKODE_IMEX_MRI_GARK4
      reltol = 1.00e-12,  abstol = 1.00e-14
    fast solver: erk-4-4
        t           u           v       uerr      verr
   ------------------------------------------------------
    0.000000    1.224745    1.732051  0.00e+00  0.00e+00
    0.100000    1.223725    1.077464  1.64e-11  3.21e-13
    0.200000    1.220669    1.551800  1.61e-11  6.84e-13
    0.300000    1.215594    1.467737  1.58e-11  1.01e-12
    0.400000    1.208524    1.154583  1.55e-11  1.29e-12
    0.500000    1.199496    1.721908  1.57e-11  1.54e-12
    0.600000    1.188557    1.023517  1.50e-11  1.76e-12
    0.700000    1.175764    1.622751  1.40e-11  1.95e-12
    0.800000    1.161186    1.374632  1.20e-11  2.09e-12
    0.900000    1.144904    1.245763  1.22e-11  2.21e-12
    1.000000    1.127010    1.691839  1.28e-11  2.30e-12
    1.100000    1.107609    1.000489  1.14e-11  2.37e-12
    1.200000    1.086821    1.677552  9.93e-12  2.39e-12
    1.300000    1.064777    1.277775  7.69e-12  2.37e-12
    1.400000    1.041625    1.342455  6.68e-12  2.36e-12
    1.500000    1.017531    1.642940  6.44e-12  2.31e-12
    1.600000    0.992673    1.012112  4.51e-12  2.21e-12
    1.700000    0.967253    1.714058  3.12e-12  2.08e-12
    1.800000    0.941488    1.183867  9.50e-14  1.93e-12
    1.900000    0.915617    1.437465  1.86e-12  1.76e-12
    2.000000    0.889903    1.577082  4.63e-12  1.55e-12
    2.100000    0.864625    1.056467  6.51e-12  1.27e-12
    2.200000    0.840089    1.730920  7.38e-12  9.81e-13
    2.300000    0.816616    1.101047  1.16e-11  6.75e-13
    2.400000    0.794546    1.525051  1.48e-11  3.31e-13
    2.500000    0.774227    1.496993  1.92e-11  7.88e-14
    2.600000    0.756013    1.126857  2.04e-11  5.09e-13
    2.700000    0.740246    1.727536  2.11e-11  9.40e-13
    2.800000    0.727247    1.038393  2.44e-11  1.39e-12
    2.900000    0.717301    1.600759  2.66e-11  1.86e-12
    3.000000    0.710636    1.406380  2.78e-11  2.34e-12
    3.100000    0.707412    1.214353  2.84e-11  2.78e-12
    3.200000    0.707709    1.704026  2.84e-11  3.20e-12
    3.300000    0.711520    1.004391  2.77e-11  3.56e-12
    3.400000    0.718750    1.661225  2.61e-11  3.87e-12
    3.500000    0.729227    1.310102  2.42e-11  4.11e-12
    3.600000    0.742712    1.310080  2.16e-11  4.29e-12
    3.700000    0.758914    1.661237  2.00e-11  4.40e-12
    3.800000    0.777506    1.004387  1.67e-11  4.42e-12
    3.900000    0.798144    1.704019  1.39e-11  4.35e-12
    4.000000    0.820474    1.214374  1.05e-11  4.24e-12
    4.100000    0.844149    1.406358  7.50e-12  4.10e-12
    4.200000    0.868832    1.600774  4.98e-12  3.88e-12
    4.300000    0.894204    1.038382  2.77e-12  3.61e-12
    4.400000    0.919964    1.727533  1.72e-12  3.31e-12
    4.500000    0.945834    1.126875  1.92e-12  3.00e-12
    4.600000    0.971557    1.496974  3.81e-12  2.69e-12
    4.700000    0.996898    1.525070  5.95e-12  2.33e-12
    4.800000    1.021641    1.101030  7.22e-12  1.95e-12
    4.900000    1.045589    1.730922  6.86e-12  1.59e-12
    5.000000    1.068565    1.056480  9.37e-12  1.25e-12
   ------------------------------------------------------

Final Solver Statistics:
   Steps: nsts = 5001, nstf = 510102
   u error = 1.533e-11, v error = 2.572e-12, total error = 1.099e-11
   Total RHS evals:  Fse = 30007, Fsi = 57570,  Ff = 2045410
   Slow Newton iters = 52568
   Slow Newton conv fails = 0
   Slow Jacobian evals = 251
