
2-species diurnal advection-diffusion problem

t = 7.20e+03   no. steps = 56   stepsize = 1.47e+02
At bottom left:  c1, c2 =    1.047e+04    2.527e+11 
At top right:    c1, c2 =    1.119e+04    2.700e+11 

t = 1.44e+04   no. steps = 78   stepsize = 7.90e+02
At bottom left:  c1, c2 =    6.659e+06    2.582e+11 
At top right:    c1, c2 =    7.301e+06    2.833e+11 

t = 2.16e+04   no. steps = 86   stepsize = 1.13e+03
At bottom left:  c1, c2 =    2.665e+07    2.993e+11 
At top right:    c1, c2 =    2.931e+07    3.313e+11 

t = 2.88e+04   no. steps = 98   stepsize = 3.23e+02
At bottom left:  c1, c2 =    8.702e+06    3.380e+11 
At top right:    c1, c2 =    9.650e+06    3.751e+11 

t = 3.60e+04   no. steps = 122   stepsize = 8.26e+01
At bottom left:  c1, c2 =    1.404e+04    3.387e+11 
At top right:    c1, c2 =    1.561e+04    3.765e+11 

t = 4.32e+04   no. steps = 154   stepsize = 1.74e+03
At bottom left:  c1, c2 =   -2.946e-08    3.382e+11 
At top right:    c1, c2 =    2.370e-07    3.804e+11 

t = 5.04e+04   no. steps = 158   stepsize = 2.57e+03
At bottom left:  c1, c2 =   -1.596e-05    3.358e+11 
At top right:    c1, c2 =   -1.032e-06    3.864e+11 

t = 5.76e+04   no. steps = 160   stepsize = 2.67e+03
At bottom left:  c1, c2 =   -3.098e-10    3.320e+11 
At top right:    c1, c2 =   -9.595e-11    3.909e+11 

t = 6.48e+04   no. steps = 163   stepsize = 2.14e+03
At bottom left:  c1, c2 =    2.737e-19    3.313e+11 
At top right:    c1, c2 =   -1.286e-19    3.963e+11 

t = 7.20e+04   no. steps = 166   stepsize = 2.71e+03
At bottom left:  c1, c2 =   -2.205e-18    3.330e+11 
At top right:    c1, c2 =    9.458e-19    4.039e+11 

t = 7.92e+04   no. steps = 169   stepsize = 3.01e+03
At bottom left:  c1, c2 =   -3.440e-18    3.334e+11 
At top right:    c1, c2 =   -1.607e-18    4.120e+11 

t = 8.64e+04   no. steps = 172   stepsize = 2.77e+03
At bottom left:  c1, c2 =   -5.207e-09    3.352e+11 
At top right:    c1, c2 =   -6.448e-09    4.163e+11 


Final Statistics: 

lenrw   =  3518     leniw   =   267
lenrwls =  2455     leniwls =   126
nst     =   172     nfe     =     0
nfi     =  2718     nfels   =  5916
nni     =  1772     nli     =  5916
nsetups =    62     netf    =    16
npe     =     8     nps     =  7616
ncfn    =     6     ncfl    =   527

