
2-species diurnal advection-diffusion problem
  10 by 10 mesh on 4 processors
  Using ARKBBDPRE preconditioner module
    Difference-quotient half-bandwidths are mudq = 10,  mldq = 10
    Retained band block half-bandwidths are mukeep = 2,  mlkeep = 2

Preconditioner type is:  jpre = SUN_PREC_LEFT

t = 7.20e+03   no. steps = 57   stepsize = 1.42e+02
At bottom left:  c1, c2 =    1.047e+04    2.527e+11 
At top right:    c1, c2 =    1.119e+04    2.700e+11 

t = 1.44e+04   no. steps = 79   stepsize = 7.65e+02
At bottom left:  c1, c2 =    6.659e+06    2.582e+11 
At top right:    c1, c2 =    7.301e+06    2.833e+11 

t = 2.16e+04   no. steps = 87   stepsize = 9.91e+02
At bottom left:  c1, c2 =    2.665e+07    2.993e+11 
At top right:    c1, c2 =    2.931e+07    3.313e+11 

t = 2.88e+04   no. steps = 100   stepsize = 3.11e+02
At bottom left:  c1, c2 =    8.702e+06    3.380e+11 
At top right:    c1, c2 =    9.650e+06    3.751e+11 

t = 3.60e+04   no. steps = 123   stepsize = 8.14e+01
At bottom left:  c1, c2 =    1.404e+04    3.387e+11 
At top right:    c1, c2 =    1.561e+04    3.765e+11 

t = 4.32e+04   no. steps = 156   stepsize = 2.17e+03
At bottom left:  c1, c2 =   -8.788e-10    3.382e+11 
At top right:    c1, c2 =   -9.303e-10    3.804e+11 

t = 5.04e+04   no. steps = 159   stepsize = 2.57e+03
At bottom left:  c1, c2 =   -2.342e-17    3.358e+11 
At top right:    c1, c2 =    2.533e-16    3.864e+11 

t = 5.76e+04   no. steps = 161   stepsize = 2.67e+03
At bottom left:  c1, c2 =    2.237e-18    3.320e+11 
At top right:    c1, c2 =   -1.143e-19    3.909e+11 

t = 6.48e+04   no. steps = 164   stepsize = 2.14e+03
At bottom left:  c1, c2 =   -1.128e-19    3.313e+11 
At top right:    c1, c2 =    2.255e-19    3.963e+11 

t = 7.20e+04   no. steps = 167   stepsize = 2.70e+03
At bottom left:  c1, c2 =    4.935e-19    3.330e+11 
At top right:    c1, c2 =   -5.881e-19    4.039e+11 

t = 7.92e+04   no. steps = 170   stepsize = 3.01e+03
At bottom left:  c1, c2 =    4.387e-16    3.334e+11 
At top right:    c1, c2 =    7.640e-15    4.120e+11 

t = 8.64e+04   no. steps = 173   stepsize = 2.78e+03
At bottom left:  c1, c2 =   -6.197e-09    3.352e+11 
At top right:    c1, c2 =   -7.674e-09    4.163e+11 


Final Statistics: 

lenrw   =  4118     leniw   =   291
lenrwls =  2455     leniwls =   126
nst     =   173     nfe     =     0
nfe     =  2568     nfels   =  5173
nni     =  1610     nli     =  5173
nsetups =    63     netf    =    18
npe     =     4     nps     =  6714
ncfn    =     1     ncfl    =   370

In ARKBBDPRE: real/integer local work space sizes = 1300, 192
             no. flocal evals. = 88


-------------------------------------------------------------------


Preconditioner type is:  jpre = SUN_PREC_RIGHT

t = 7.20e+03   no. steps = 57   stepsize = 1.45e+02
At bottom left:  c1, c2 =    1.047e+04    2.527e+11 
At top right:    c1, c2 =    1.118e+04    2.700e+11 

t = 1.44e+04   no. steps = 79   stepsize = 7.83e+02
At bottom left:  c1, c2 =    6.659e+06    2.582e+11 
At top right:    c1, c2 =    7.301e+06    2.833e+11 

t = 2.16e+04   no. steps = 87   stepsize = 1.12e+03
At bottom left:  c1, c2 =    2.665e+07    2.993e+11 
At top right:    c1, c2 =    2.931e+07    3.313e+11 

t = 2.88e+04   no. steps = 99   stepsize = 2.84e+02
At bottom left:  c1, c2 =    8.702e+06    3.380e+11 
At top right:    c1, c2 =    9.650e+06    3.751e+11 

t = 3.60e+04   no. steps = 122   stepsize = 9.21e+01
At bottom left:  c1, c2 =    1.404e+04    3.387e+11 
At top right:    c1, c2 =    1.561e+04    3.765e+11 

t = 4.32e+04   no. steps = 155   stepsize = 2.10e+03
At bottom left:  c1, c2 =   -1.141e-07    3.382e+11 
At top right:    c1, c2 =   -1.238e-07    3.804e+11 

t = 5.04e+04   no. steps = 158   stepsize = 2.55e+03
At bottom left:  c1, c2 =   -2.556e-09    3.358e+11 
At top right:    c1, c2 =   -5.054e-09    3.864e+11 

t = 5.76e+04   no. steps = 161   stepsize = 2.69e+03
At bottom left:  c1, c2 =    8.990e-11    3.320e+11 
At top right:    c1, c2 =    6.188e-10    3.909e+11 

t = 6.48e+04   no. steps = 163   stepsize = 2.17e+03
At bottom left:  c1, c2 =    6.931e-11    3.313e+11 
At top right:    c1, c2 =   -5.557e-10    3.963e+11 

t = 7.20e+04   no. steps = 167   stepsize = 2.67e+03
At bottom left:  c1, c2 =    2.000e-10    3.330e+11 
At top right:    c1, c2 =   -2.553e-09    4.039e+11 

t = 7.92e+04   no. steps = 169   stepsize = 2.99e+03
At bottom left:  c1, c2 =   -1.915e-10    3.334e+11 
At top right:    c1, c2 =   -3.970e-10    4.120e+11 

t = 8.64e+04   no. steps = 172   stepsize = 2.82e+03
At bottom left:  c1, c2 =   -3.220e-10    3.352e+11 
At top right:    c1, c2 =   -3.975e-10    4.163e+11 


Final Statistics: 

lenrw   =  4118     leniw   =   297
lenrwls =  2455     leniwls =   126
nst     =   172     nfe     =     0
nfe     =  2523     nfels   =  6027
nni     =  1585     nli     =  6027
nsetups =    66     netf    =    15
npe     =    10     nps     =  7533
ncfn    =     8     ncfl    =   716

In ARKBBDPRE: real/integer local work space sizes = 1300, 192
             no. flocal evals. = 220
