
   Begin Kepler Problem

Problem Arguments:
  stepper:              1
  step mode:            0
  use tstop:            1
  use compensated sums: 0
  dt:                   0.01
  Tf:                   100
  nout:                 50

t = 0.0000, H(p,q) = -0.5000000000000000, L(p,q) = 0.8000000000000000
t = 2.0000, H(p,q)-H0 = -3.7622229065965282e-08, L(p,q)-L0 = -9.8524888090751682e-10
ROOT RETURN:	  g[0] =  -1, y[0] = -1.6, y[1] = -1.80642e-32, num. orbits is now 0.50
t = 3.1416, H(p,q)-H0 = -3.7623305911391098e-08, L(p,q)-L0 = -9.8341420130170863e-10
t = 4.0000, H(p,q)-H0 = -3.7623301544370044e-08, L(p,q)-L0 = -9.8527520746896222e-10
t = 6.0000, H(p,q)-H0 = -3.5088978762672590e-08, L(p,q)-L0 = -1.0388289327674807e-09
ROOT RETURN:	  g[0] =   1, y[0] = 0.4, y[1] = 1.21493e-31, num. orbits is now 1.00
t = 6.2832, H(p,q)-H0 = -1.6699149397059614e-07, L(p,q)-L0 = -3.7174549764280874e-08
t = 8.0000, H(p,q)-H0 = -4.8495564540331125e-08, L(p,q)-L0 = -2.9169210111653764e-09
ROOT RETURN:	  g[0] =  -1, y[0] = -1.6, y[1] = -4.53976e-32, num. orbits is now 1.50
t = 9.4248, H(p,q)-H0 = -4.8497327159632475e-08, L(p,q)-L0 = -2.9105188917220913e-09
t = 10.0000, H(p,q)-H0 = -4.8499543207252530e-08, L(p,q)-L0 = -2.9169558804621006e-09
t = 12.0000, H(p,q)-H0 = -4.8027144261532942e-08, L(p,q)-L0 = -2.9204733066126172e-09
ROOT RETURN:	  g[0] =   1, y[0] = 0.4, y[1] = 6.53011e-34, num. orbits is now 2.00
t = 12.5664, H(p,q)-H0 = -1.9905996597947182e-07, L(p,q)-L0 = -4.3887970697598614e-08
t = 14.0000, H(p,q)-H0 = -5.9364931716778675e-08, L(p,q)-L0 = -4.8485764930762329e-09
ROOT RETURN:	  g[0] =  -1, y[0] = -1.6, y[1] = -7.54442e-32, num. orbits is now 2.50
t = 15.7080, H(p,q)-H0 = -5.9374535457311686e-08, L(p,q)-L0 = -4.8459102291662259e-09
t = 16.0000, H(p,q)-H0 = -5.9375526787704206e-08, L(p,q)-L0 = -4.8486376285584392e-09
t = 18.0000, H(p,q)-H0 = -5.9266090463453689e-08, L(p,q)-L0 = -4.8491832918097318e-09
ROOT RETURN:	  g[0] =   1, y[0] = 0.4, y[1] = 3.62981e-31, num. orbits is now 3.00
t = 18.8496, H(p,q)-H0 = -3.8670682421936433e-08, L(p,q)-L0 = -7.1587679864813941e-09
t = 20.0000, H(p,q)-H0 = -7.0221130324039900e-08, L(p,q)-L0 = -6.7801738681880002e-09
ROOT RETURN:	  g[0] =  -1, y[0] = -1.6, y[1] = -1.5788e-31, num. orbits is now 3.50
t = 21.9911, H(p,q)-H0 = -7.0250958480180113e-08, L(p,q)-L0 = -6.7792603215824944e-09
t = 22.0000, H(p,q)-H0 = -7.0251366014919656e-08, L(p,q)-L0 = -6.7803197961129743e-09
t = 24.0000, H(p,q)-H0 = -7.0219615680194339e-08, L(p,q)-L0 = -6.7804712528784702e-09
ROOT RETURN:	  g[0] =   1, y[0] = 0.4, y[1] = 4.83873e-31, num. orbits is now 4.00
t = 25.1327, H(p,q)-H0 = -1.7444391584897189e-07, L(p,q)-L0 = -3.7286931298465249e-08
t = 26.0000, H(p,q)-H0 = -8.1023707863048929e-08, L(p,q)-L0 = -8.7114872383353818e-09
t = 28.0000, H(p,q)-H0 = -8.1127091261818789e-08, L(p,q)-L0 = -8.7120019563100281e-09
ROOT RETURN:	  g[0] =  -1, y[0] = -1.6, y[1] = -7.14701e-35, num. orbits is now 4.50
t = 28.2743, H(p,q)-H0 = -8.1124754017063222e-08, L(p,q)-L0 = -8.7057793176564396e-09
t = 30.0000, H(p,q)-H0 = -8.1116067260638988e-08, L(p,q)-L0 = -8.7120645021929247e-09
ROOT RETURN:	  g[0] =   1, y[0] = 0.4, y[1] = 2.16479e-33, num. orbits is now 5.00
t = 31.4159, H(p,q)-H0 = -2.4777781995543561e-07, L(p,q)-L0 = -5.3315438648332202e-08
t = 32.0000, H(p,q)-H0 = -9.1551836921686537e-08, L(p,q)-L0 = -1.0640472786935368e-08
t = 34.0000, H(p,q)-H0 = -9.2002674465614986e-08, L(p,q)-L0 = -1.0643683685183352e-08
ROOT RETURN:	  g[0] =  -1, y[0] = -1.6, y[1] = -1.14578e-33, num. orbits is now 5.50
t = 34.5575, H(p,q)-H0 = -9.2001540879732663e-08, L(p,q)-L0 = -1.0640076068470191e-08
t = 36.0000, H(p,q)-H0 = -9.1998561485539759e-08, L(p,q)-L0 = -1.0643718987478455e-08
ROOT RETURN:	  g[0] =   1, y[0] = 0.4, y[1] = 7.21498e-31, num. orbits is now 6.00
t = 37.6991, H(p,q)-H0 = -8.7283488365439339e-08, L(p,q)-L0 = -1.6562102605912777e-08
t = 38.0000, H(p,q)-H0 = -1.0020505133175749e-07, L(p,q)-L0 = -1.2528399277458232e-08
t = 40.0000, H(p,q)-H0 = -1.0287800650619257e-07, L(p,q)-L0 = -1.2575364338736489e-08
ROOT RETURN:	  g[0] =  -1, y[0] = -1.6, y[1] = -1.96846e-31, num. orbits is now 6.50
t = 40.8407, H(p,q)-H0 = -1.0287854739228000e-07, L(p,q)-L0 = -1.2574944361186021e-08
t = 42.0000, H(p,q)-H0 = -1.0287688237770076e-07, L(p,q)-L0 = -1.2575390771602301e-08
ROOT RETURN:	  g[0] =   1, y[0] = 0.4, y[1] = 5.79049e-33, num. orbits is now 7.00
t = 43.9823, H(p,q)-H0 = -1.7925440932595013e-07, L(p,q)-L0 = -3.6802799216348755e-08
t = 44.0000, H(p,q)-H0 = -7.7284916209658896e-08, L(p,q)-L0 = -1.3630400755786607e-08
t = 46.0000, H(p,q)-H0 = -1.1375279869057823e-07, L(p,q)-L0 = -1.4507042605648325e-08
ROOT RETURN:	  g[0] =  -1, y[0] = -1.6, y[1] = -2.27405e-31, num. orbits is now 7.50
t = 47.1239, H(p,q)-H0 = -1.1375225583409176e-07, L(p,q)-L0 = -1.4501238064753967e-08
t = 48.0000, H(p,q)-H0 = -1.1375373565812553e-07, L(p,q)-L0 = -1.4507068711891947e-08
t = 50.0000, H(p,q)-H0 = -1.1083268752061307e-07, L(p,q)-L0 = -1.4572419296245639e-08
ROOT RETURN:	  g[0] =   1, y[0] = 0.4, y[1] = 9.69286e-31, num. orbits is now 8.00
t = 50.2655, H(p,q)-H0 = -2.9056772562028295e-07, L(p,q)-L0 = -6.1404809865960944e-08
t = 52.0000, H(p,q)-H0 = -1.2462626693669715e-07, L(p,q)-L0 = -1.6438715217394932e-08
ROOT RETURN:	  g[0] =  -1, y[0] = -1.6, y[1] = -2.55576e-31, num. orbits is now 8.50
t = 53.4071, H(p,q)-H0 = -1.2462856299920434e-07, L(p,q)-L0 = -1.6434288750038579e-08
t = 54.0000, H(p,q)-H0 = -1.2462999944041571e-07, L(p,q)-L0 = -1.6438749202366434e-08
t = 56.0000, H(p,q)-H0 = -1.2410915356563024e-07, L(p,q)-L0 = -1.6442805301497930e-08
ROOT RETURN:	  g[0] =   1, y[0] = 0.4, y[1] = 6.03358e-33, num. orbits is now 9.00
t = 56.5487, H(p,q)-H0 = -1.4284384933357616e-07, L(p,q)-L0 = -2.7533905049648770e-08
t = 58.0000, H(p,q)-H0 = -1.3549603241729736e-07, L(p,q)-L0 = -1.8370372302016916e-08
ROOT RETURN:	  g[0] =  -1, y[0] = -1.6, y[1] = -4.52936e-31, num. orbits is now 9.50
t = 59.6902, H(p,q)-H0 = -1.3550603603292250e-07, L(p,q)-L0 = -1.8370371121761149e-08
t = 60.0000, H(p,q)-H0 = -1.3550599358184337e-07, L(p,q)-L0 = -1.8370430824594460e-08
t = 62.0000, H(p,q)-H0 = -1.3538685964533271e-07, L(p,q)-L0 = -1.8371032005662161e-08
ROOT RETURN:	  g[0] =   1, y[0] = 0.4, y[1] = 1.02917e-33, num. orbits is now 10.00
t = 62.8318, H(p,q)-H0 = -1.8320153063286288e-07, L(p,q)-L0 = -3.6123601135393806e-08
t = 64.0000, H(p,q)-H0 = -1.4635364884775108e-07, L(p,q)-L0 = -2.0301976104843740e-08
ROOT RETURN:	  g[0] =  -1, y[0] = -1.6, y[1] = -1.73442e-33, num. orbits is now 10.50
t = 65.9734, H(p,q)-H0 = -1.4637982561625965e-07, L(p,q)-L0 = -2.0296876947261036e-08
t = 66.0000, H(p,q)-H0 = -1.4638183924633581e-07, L(p,q)-L0 = -2.0302112897628315e-08
t = 68.0000, H(p,q)-H0 = -1.4634774058453279e-07, L(p,q)-L0 = -2.0302274887856813e-08
ROOT RETURN:	  g[0] =   1, y[0] = 0.4, y[1] = 1.32737e-30, num. orbits is now 11.00
t = 69.1150, H(p,q)-H0 = -3.2684738713489974e-07, L(p,q)-L0 = -6.8024638449035160e-08
t = 70.0000, H(p,q)-H0 = -1.5716248519820542e-07, L(p,q)-L0 = -2.2233326010454717e-08
t = 72.0000, H(p,q)-H0 = -1.5725757076117826e-07, L(p,q)-L0 = -2.2233794987952882e-08
ROOT RETURN:	  g[0] =  -1, y[0] = -1.6, y[1] = -6.81164e-31, num. orbits is now 11.50
t = 72.2566, H(p,q)-H0 = -1.5725562225468437e-07, L(p,q)-L0 = -2.2228601414408486e-08
t = 74.0000, H(p,q)-H0 = -1.5724583503707553e-07, L(p,q)-L0 = -2.2233860454949702e-08
ROOT RETURN:	  g[0] =   1, y[0] = 0.4, y[1] = 1.44399e-30, num. orbits is now 12.00
t = 75.3982, H(p,q)-H0 = -2.0260416100542255e-07, L(p,q)-L0 = -3.9453869324562208e-08
t = 76.0000, H(p,q)-H0 = -1.6772498661805032e-07, L(p,q)-L0 = -2.4162675681295078e-08
t = 78.0000, H(p,q)-H0 = -1.6813316387418643e-07, L(p,q)-L0 = -2.4165476677112301e-08
ROOT RETURN:	  g[0] =  -1, y[0] = -1.6, y[1] = -1.28305e-33, num. orbits is now 12.50
t = 78.5398, H(p,q)-H0 = -1.6813338444635317e-07, L(p,q)-L0 = -2.4165436718986959e-08
t = 80.0000, H(p,q)-H0 = -1.6812878198949215e-07, L(p,q)-L0 = -2.4165512958903138e-08
ROOT RETURN:	  g[0] =   1, y[0] = 0.4, y[1] = 1.57702e-30, num. orbits is now 13.00
t = 81.6814, H(p,q)-H0 = -1.8843745876859293e-07, L(p,q)-L0 = -3.5735138861328712e-08
t = 82.0000, H(p,q)-H0 = -1.7667805173036845e-07, L(p,q)-L0 = -2.6058516255383933e-08
t = 84.0000, H(p,q)-H0 = -1.7900851629042083e-07, L(p,q)-L0 = -2.6097157344000183e-08
ROOT RETURN:	  g[0] =  -1, y[0] = -1.6, y[1] = -4.06731e-31, num. orbits is now 13.50
t = 84.8230, H(p,q)-H0 = -1.7900745214566496e-07, L(p,q)-L0 = -2.6092666798579338e-08
t = 86.0000, H(p,q)-H0 = -1.7900725127238155e-07, L(p,q)-L0 = -2.6097184041896189e-08
ROOT RETURN:	  g[0] =   1, y[0] = 0.4, y[1] = 2.08661e-30, num. orbits is now 14.00
t = 87.9646, H(p,q)-H0 = -3.5635570406711549e-07, L(p,q)-L0 = -7.3115974128159351e-08
t = 88.0000, H(p,q)-H0 = -1.5559896572751751e-07, L(p,q)-L0 = -2.7258663573399416e-08
t = 90.0000, H(p,q)-H0 = -1.8988335620633676e-07, L(p,q)-L0 = -2.8028835742400668e-08
ROOT RETURN:	  g[0] =  -1, y[0] = -1.6, y[1] = -6.63441e-31, num. orbits is now 14.50
t = 91.1061, H(p,q)-H0 = -1.8988273552636944e-07, L(p,q)-L0 = -2.8023057949347389e-08
t = 92.0000, H(p,q)-H0 = -1.8988416019548211e-07, L(p,q)-L0 = -2.8028861658043535e-08
t = 94.0000, H(p,q)-H0 = -1.8647382452600201e-07, L(p,q)-L0 = -2.8108763430839271e-08
ROOT RETURN:	  g[0] =   1, y[0] = 0.4, y[1] = 1.81945e-30, num. orbits is now 15.00
t = 94.2477, H(p,q)-H0 = -2.6407776179645763e-07, L(p,q)-L0 = -5.1760627546086051e-08
t = 96.0000, H(p,q)-H0 = -2.0075694906271234e-07, L(p,q)-L0 = -2.9960508802101427e-08
ROOT RETURN:	  g[0] =  -1, y[0] = -1.6, y[1] = -2.4384e-33, num. orbits is now 15.50
t = 97.3893, H(p,q)-H0 = -2.0076058918342397e-07, L(p,q)-L0 = -2.9960132189757113e-08
t = 98.0000, H(p,q)-H0 = -2.0076044726640212e-07, L(p,q)-L0 = -2.9960541960772518e-08
t = 100.0000, H(p,q)-H0 = -2.0018591077628919e-07, L(p,q)-L0 = -2.9965236273464482e-08
Current time                  = 100
Steps                         = 10000
Step attempts                 = 10000
Stability limited steps       = 0
Accuracy limited steps        = 0
Error test fails              = 0
NLS step fails                = 0
Inequality constraint fails   = 0
Initial step size             = 0.01
Last step size                = 0.00999999999999999999999999999911696
Current step size             = 0.01
Root fn evals                 = 10683
Explicit RHS fn evals         = 50000
Implicit RHS fn evals         = 0
NLS iters                     = 0
NLS fails                     = 0
NLS iters per step            = 0
LS setups                     = 0
