
   Begin Kepler Problem

Problem Arguments:
  stepper:              0
  step mode:            0
  use tstop:            1
  use compensated sums: 0
  dt:                   0.01
  Tf:                   100
  nout:                 50

t = 0.0000, H(p,q) = -0.5000000000000000, L(p,q) = 0.8000000000000000
t = 2.0000, H(p,q)-H0 = 2.1900066035379963e-09, L(p,q)-L0 = 3.0814879110195774e-33
t = 4.0000, H(p,q)-H0 = 2.1902832590878504e-09, L(p,q)-L0 = 2.7925984193614920e-33
t = 6.0000, H(p,q)-H0 = -1.2929018652680209e-10, L(p,q)-L0 = 3.1777844082389392e-33
t = 8.0000, H(p,q)-H0 = 2.1893965513939444e-09, L(p,q)-L0 = 2.8888949165808538e-33
t = 10.0000, H(p,q)-H0 = 2.1904201927337087e-09, L(p,q)-L0 = 4.0444528832131953e-33
t = 12.0000, H(p,q)-H0 = 1.9669060836437517e-09, L(p,q)-L0 = 3.1777844082389392e-33
t = 14.0000, H(p,q)-H0 = 2.1878393731347917e-09, L(p,q)-L0 = 3.4666738998970245e-33
t = 16.0000, H(p,q)-H0 = 2.1904852335407834e-09, L(p,q)-L0 = 3.2740809054583010e-33
t = 18.0000, H(p,q)-H0 = 2.1569461905065918e-09, L(p,q)-L0 = 3.2740809054583010e-33
t = 20.0000, H(p,q)-H0 = 2.1828335633877353e-09, L(p,q)-L0 = 1.9259299443872359e-33
t = 22.0000, H(p,q)-H0 = 2.1905053012103334e-09, L(p,q)-L0 = 2.0222264416065976e-33
t = 24.0000, H(p,q)-H0 = 2.1821994212436852e-09, L(p,q)-L0 = 1.8296334471678741e-33
t = 26.0000, H(p,q)-H0 = 2.1602141226071884e-09, L(p,q)-L0 = 7.7037197775489434e-34
t = 28.0000, H(p,q)-H0 = 2.1904878253248340e-09, L(p,q)-L0 = 2.5037089277034066e-33
t = 30.0000, H(p,q)-H0 = 2.1876617278478833e-09, L(p,q)-L0 = 2.7925984193614920e-33
t = 32.0000, H(p,q)-H0 = 1.9945792302686497e-09, L(p,q)-L0 = 3.5629703971163863e-33
t = 34.0000, H(p,q)-H0 = 2.1904263822889381e-09, L(p,q)-L0 = 2.2148194360453212e-33
t = 36.0000, H(p,q)-H0 = 2.1893324058439007e-09, L(p,q)-L0 = 1.9259299443872359e-33
t = 38.0000, H(p,q)-H0 = 1.4440822917702698e-10, L(p,q)-L0 = 2.5037089277034066e-33
t = 40.0000, H(p,q)-H0 = 2.1902958461002986e-09, L(p,q)-L0 = 2.6963019221421302e-33
t = 42.0000, H(p,q)-H0 = 2.1899790704221365e-09, L(p,q)-L0 = 2.0222264416065976e-33
t = 44.0000, H(p,q)-H0 = -8.7564673709202955e-11, L(p,q)-L0 = 3.0814879110195774e-33
t = 46.0000, H(p,q)-H0 = 2.1900306409196684e-09, L(p,q)-L0 = 1.9259299443872359e-33
t = 48.0000, H(p,q)-H0 = 2.1902710969915627e-09, L(p,q)-L0 = 1.1555579666323415e-33
t = 50.0000, H(p,q)-H0 = -4.5252497560832288e-10, L(p,q)-L0 = -1.9259299443872359e-34
t = 52.0000, H(p,q)-H0 = 2.1894519963725581e-09, L(p,q)-L0 = -9.6296497219361793e-35
t = 54.0000, H(p,q)-H0 = 2.1904141700054100e-09, L(p,q)-L0 = 1.0592614694129797e-33
t = 56.0000, H(p,q)-H0 = 1.9337540236679296e-09, L(p,q)-L0 = 5.7777898331617076e-34
t = 58.0000, H(p,q)-H0 = 2.1879919276694693e-09, L(p,q)-L0 = 1.8296334471678741e-33
t = 60.0000, H(p,q)-H0 = 2.1904826430064288e-09, L(p,q)-L0 = 1.9259299443872359e-33
t = 62.0000, H(p,q)-H0 = 2.1533408087668670e-09, L(p,q)-L0 = 2.9851914138002156e-33
t = 64.0000, H(p,q)-H0 = 2.1833785421031593e-09, L(p,q)-L0 = 3.4666738998970245e-33
t = 66.0000, H(p,q)-H0 = 2.1905051534717794e-09, L(p,q)-L0 = 3.9481563859938335e-33
t = 68.0000, H(p,q)-H0 = 2.1815427289009093e-09, L(p,q)-L0 = 3.5629703971163863e-33
t = 70.0000, H(p,q)-H0 = 2.1630522807180954e-09, L(p,q)-L0 = 1.8296334471678741e-33
t = 72.0000, H(p,q)-H0 = 2.1904900666372430e-09, L(p,q)-L0 = 1.7333369499485123e-33
t = 74.0000, H(p,q)-H0 = 2.1874848662354825e-09, L(p,q)-L0 = 3.8518598887744717e-34
t = 76.0000, H(p,q)-H0 = 2.0191777969507816e-09, L(p,q)-L0 = -1.9259299443872359e-34
t = 78.0000, H(p,q)-H0 = 2.1904318553019377e-09, L(p,q)-L0 = -1.6370404527291505e-33
t = 80.0000, H(p,q)-H0 = 2.1892698658596761e-09, L(p,q)-L0 = -1.9259299443872359e-33
t = 82.0000, H(p,q)-H0 = 4.1583409038396979e-10, L(p,q)-L0 = -3.6592668943357481e-33
t = 84.0000, H(p,q)-H0 = 2.1903069441794741e-09, L(p,q)-L0 = -3.9481563859938335e-33
t = 86.0000, H(p,q)-H0 = 2.1899524560907193e-09, L(p,q)-L0 = -4.7185283637487278e-33
t = 88.0000, H(p,q)-H0 = -3.5649537944876686e-10, L(p,q)-L0 = -5.6814933359423458e-33
t = 90.0000, H(p,q)-H0 = 2.1900535518926532e-09, L(p,q)-L0 = -5.6814933359423458e-33
t = 92.0000, H(p,q)-H0 = 2.1902583880417804e-09, L(p,q)-L0 = -4.8148248609680896e-33
t = 94.0000, H(p,q)-H0 = -7.9522960592892239e-10, L(p,q)-L0 = -5.5851968387229840e-33
t = 96.0000, H(p,q)-H0 = 2.1895043874195565e-09, L(p,q)-L0 = -4.8148248609680896e-33
t = 98.0000, H(p,q)-H0 = 2.1904078686194658e-09, L(p,q)-L0 = -6.8370513025746873e-33
t = 100.0000, H(p,q)-H0 = 1.8950301840721827e-09, L(p,q)-L0 = -6.7407548053553255e-33
Current time                  = 100
Steps                         = 10000
Step attempts                 = 10000
Stability limited steps       = 0
Accuracy limited steps        = 0
Error test fails              = 0
NLS step fails                = 0
Inequality constraint fails   = 0
Initial step size             = 0.01
Last step size                = 0.00999999999999999999999999999911696
Current step size             = 0.01
f1 RHS fn evals               = 40000
f2 RHS fn evals               = 40000
