
Robertson ODE test problem:
    initial conditions:  u0 = 1,  v0 = 0,  w0 = 0
        t           u           v           w
   --------------------------------------------------
   0.000e+00   1.00000e+00   0.00000e+00   0.00000e+00
   1.000e+09   2.08328e-06   8.32902e-12   9.99998e-01
   2.000e+09   1.04171e-06   4.14438e-12   9.99999e-01
   3.000e+09   6.94464e-07   2.75650e-12   9.99999e-01
   4.000e+09   5.20841e-07   2.49913e-12   9.99999e-01
   5.000e+09   4.16673e-07   1.58003e-12   1.00000e+00
   6.000e+09   3.47228e-07   1.36647e-12   1.00000e+00
   7.000e+09   2.97616e-07   1.20342e-12   1.00000e+00
   8.000e+09   2.60416e-07   1.42145e-12   1.00000e+00
   9.000e+09   2.31485e-07   9.42755e-13   1.00000e+00
   1.000e+10   2.08336e-07   8.07136e-13   1.00000e+00
   1.100e+10   1.89396e-07   7.58430e-13   1.00000e+00
   1.200e+10   1.73613e-07   6.97746e-13   1.00000e+00
   1.300e+10   1.60258e-07   6.40708e-13   1.00000e+00
   1.400e+10   1.48809e-07   6.03393e-13   1.00000e+00
   1.500e+10   1.38864e-07   6.34648e-13   1.00000e+00
   1.600e+10   1.30177e-07   6.67371e-13   1.00000e+00
   1.700e+10   1.22540e-07   6.14939e-13   1.00000e+00
   1.800e+10   1.15744e-07   4.25620e-13   1.00000e+00
   1.900e+10   1.09652e-07   4.48323e-13   1.00000e+00
   2.000e+10   1.04169e-07   4.04224e-13   1.00000e+00
   2.100e+10   9.92088e-08   3.97068e-13   1.00000e+00
   2.200e+10   9.46992e-08   3.80576e-13   1.00000e+00
   2.300e+10   9.05778e-08   3.79281e-13   1.00000e+00
   2.400e+10   8.67941e-08   4.34487e-13   1.00000e+00
   2.500e+10   8.33163e-08   5.06560e-13   1.00000e+00
   2.600e+10   8.01132e-08   5.53230e-13   1.00000e+00
   2.700e+10   7.71535e-08   5.32228e-13   1.00000e+00
   2.800e+10   7.44060e-08   4.01282e-13   1.00000e+00
   2.900e+10   7.18416e-08   2.35518e-13   1.00000e+00
   3.000e+10   6.94468e-08   2.78915e-13   1.00000e+00
   3.100e+10   6.72064e-08   2.89780e-13   1.00000e+00
   3.200e+10   6.51062e-08   2.35073e-13   1.00000e+00
   3.300e+10   6.31332e-08   2.75507e-13   1.00000e+00
   3.400e+10   6.12763e-08   2.54106e-13   1.00000e+00
   3.500e+10   5.95254e-08   3.62847e-13   1.00000e+00
   3.600e+10   5.78720e-08   2.22019e-13   1.00000e+00
   3.700e+10   5.63079e-08   2.04275e-13   1.00000e+00
   3.800e+10   5.48261e-08   2.27587e-13   1.00000e+00
   3.900e+10   5.34202e-08   2.07465e-13   1.00000e+00
   4.000e+10   5.20847e-08   2.10658e-13   1.00000e+00
   4.100e+10   5.08142e-08   1.22344e-13   1.00000e+00
   4.200e+10   4.96042e-08  -4.32791e-14   1.00000e+00
   4.300e+10   4.84507e-08  -1.60365e-13   1.00000e+00
   4.400e+10   4.73498e-08  -1.01956e-13   1.00000e+00
   4.500e+10   4.62973e-08   2.42427e-13   1.00000e+00
   4.600e+10   4.52909e-08   1.91354e-13   1.00000e+00
   4.700e+10   4.43273e-08   1.52284e-13   1.00000e+00
   4.800e+10   4.34037e-08   1.96277e-13   1.00000e+00
   4.900e+10   4.25180e-08   1.68403e-13   1.00000e+00
   5.000e+10   4.16676e-08   1.67891e-13   1.00000e+00
   5.100e+10   4.08505e-08   1.65208e-13   1.00000e+00
   5.200e+10   4.00650e-08   1.61599e-13   1.00000e+00
   5.300e+10   3.93090e-08   1.48370e-13   1.00000e+00
   5.400e+10   3.85810e-08   1.55531e-13   1.00000e+00
   5.500e+10   3.78793e-08   1.63950e-13   1.00000e+00
   5.600e+10   3.72024e-08   1.65777e-13   1.00000e+00
   5.700e+10   3.65493e-08   1.62641e-13   1.00000e+00
   5.800e+10   3.59189e-08   1.56172e-13   1.00000e+00
   5.900e+10   3.53101e-08   1.47998e-13   1.00000e+00
   6.000e+10   3.47218e-08   1.39748e-13   1.00000e+00
   6.100e+10   3.41530e-08   1.33052e-13   1.00000e+00
   6.200e+10   3.36026e-08   1.29538e-13   1.00000e+00
   6.300e+10   3.30694e-08   1.30835e-13   1.00000e+00
   6.400e+10   3.25527e-08   1.33373e-13   1.00000e+00
   6.500e+10   3.20516e-08   1.28428e-13   1.00000e+00
   6.600e+10   3.15658e-08   1.18355e-13   1.00000e+00
   6.700e+10   3.10945e-08   1.05867e-13   1.00000e+00
   6.800e+10   3.06372e-08   9.36779e-14   1.00000e+00
   6.900e+10   3.01933e-08   8.45004e-14   1.00000e+00
   7.000e+10   2.97621e-08   8.10474e-14   1.00000e+00
   7.100e+10   2.93431e-08   8.60321e-14   1.00000e+00
   7.200e+10   2.89357e-08   1.02167e-13   1.00000e+00
   7.300e+10   2.85393e-08   1.26686e-13   1.00000e+00
   7.400e+10   2.81537e-08   1.32034e-13   1.00000e+00
   7.500e+10   2.77783e-08   1.19179e-13   1.00000e+00
   7.600e+10   2.74128e-08   1.02490e-13   1.00000e+00
   7.700e+10   2.70568e-08   1.06731e-13   1.00000e+00
   7.800e+10   2.67099e-08   1.09654e-13   1.00000e+00
   7.900e+10   2.63718e-08   7.25319e-14   1.00000e+00
   8.000e+10   2.60422e-08  -3.53248e-15   1.00000e+00
   8.100e+10   2.57207e-08  -2.09729e-14   1.00000e+00
   8.200e+10   2.54069e-08   1.21276e-13   1.00000e+00
   8.300e+10   2.51005e-08   3.89559e-13   1.00000e+00
   8.400e+10   2.48015e-08   5.55403e-13   1.00000e+00
   8.500e+10   2.45099e-08   3.98199e-13   1.00000e+00
   8.600e+10   2.42251e-08   1.69681e-13   1.00000e+00
   8.700e+10   2.39471e-08  -2.17721e-13   1.00000e+00
   8.800e+10   2.36746e-08   9.68910e-14   1.00000e+00
   8.900e+10   2.34090e-08  -2.98760e-13   1.00000e+00
   9.000e+10   2.31484e-08   1.99356e-13   1.00000e+00
   9.100e+10   2.28942e-08   2.57814e-14   1.00000e+00
   9.200e+10   2.26453e-08   4.78987e-14   1.00000e+00
   9.300e+10   2.24018e-08   6.77967e-14   1.00000e+00
   9.400e+10   2.21635e-08   4.56065e-14   1.00000e+00
   9.500e+10   2.19302e-08   2.61250e-14   1.00000e+00
   9.600e+10   2.17017e-08   7.94050e-14   1.00000e+00
   9.700e+10   2.14782e-08  -1.76653e-13   1.00000e+00
   9.800e+10   2.12587e-08   1.48812e-13   1.00000e+00
   9.900e+10   2.10441e-08   9.22368e-14   1.00000e+00
   1.000e+11   2.08336e-08   7.97633e-14   1.00000e+00
   --------------------------------------------------

Final Solver Statistics:
   Internal solver steps = 186 (attempted = 310)
   Total RHS evals:  Fe = 0,  Fi = 7300
   Total linear solver setups = 341
   Total RHS evals for setting up the linear system = 0
   Total number of Jacobian evaluations = 242
   Total number of Newton iterations = 6277
   Total number of nonlinear solver convergence failures = 241
   Total number of error test failures = 0
   Total number of constraint test failures = 0
   Total number of failed steps from solver failure = 124
