
Multirate nonlinear Kvaerno-Prothero-Robinson test problem:
    time domain:  (0,5]
    hs = 0.005
    hf = 5e-05
    G = -100
    w = 100
    e = 0.5
    slow solver: none
    fast solver: esdirk-3-3
      reltol = 1.25e-07,  abstol = 1.00e-11
        t           u           v       uerr      verr
   ------------------------------------------------------
    0.000000    1.224745    1.732051  0.00e+00  0.00e+00
    0.100000    1.223725    1.077464  8.84e-12  1.81e-11
    0.200000    1.220669    1.551800  1.13e-11  3.48e-12
    0.300000    1.215594    1.467737  1.14e-13  4.67e-12
    0.400000    1.208524    1.154583  1.29e-11  1.52e-11
    0.500000    1.199496    1.721908  7.15e-12  4.82e-13
    0.600000    1.188557    1.023517  5.65e-12  2.17e-11
    0.700000    1.175764    1.622751  1.10e-11  2.45e-12
    0.800000    1.161186    1.374632  6.07e-12  7.05e-12
    0.900000    1.144904    1.245763  1.43e-11  1.19e-11
    1.000000    1.127010    1.691839  5.99e-12  1.08e-12
    1.100000    1.107609    1.000489  7.31e-14  2.37e-11
    1.200000    1.086821    1.677552  1.01e-11  1.65e-12
    1.300000    1.064777    1.277775  6.84e-12  1.00e-11
    1.400000    1.041625    1.342455  1.22e-11  8.92e-12
    1.500000    1.017531    1.642940  4.87e-12  1.95e-12
    1.600000    0.992673    1.012112  5.22e-12  2.32e-11
    1.700000    0.967253    1.714058  9.46e-12  1.13e-12
    1.800000    0.941488    1.183867  8.99e-12  1.36e-11
    1.900000    0.915617    1.437465  1.30e-11  6.56e-12
    2.000000    0.889903    1.577082  1.53e-12  3.07e-12
    2.100000    0.864625    1.056467  1.07e-11  2.06e-11
    2.200000    0.840089    1.730920  8.55e-12  8.66e-13
    2.300000    0.816616    1.101047  9.45e-12  1.75e-11
    2.400000    0.794546    1.525051  1.24e-11  4.70e-12
    2.500000    0.774227    1.496993  3.34e-13  4.63e-12
    2.600000    0.756013    1.126857  1.11e-11  1.69e-11
    2.700000    0.740246    1.727536  7.99e-12  9.07e-13
    2.800000    0.727247    1.038393  6.76e-12  2.12e-11
    2.900000    0.717301    1.600759  1.13e-11  3.22e-12
    3.000000    0.710636    1.406380  1.69e-12  6.68e-12
    3.100000    0.707412    1.214353  1.39e-11  1.33e-11
    3.200000    0.707709    1.704026  6.69e-12  1.20e-12
    3.300000    0.711520    1.004391  1.56e-12  2.36e-11
    3.400000    0.718750    1.661225  1.09e-11  2.19e-12
    3.500000    0.729227    1.310102  7.68e-12  9.20e-12
    3.600000    0.742712    1.310080  1.45e-11  1.01e-11
    3.700000    0.758914    1.661237  5.27e-12  1.84e-12
    3.800000    0.777506    1.004387  3.51e-12  2.38e-11
    3.900000    0.798144    1.704019  9.77e-12  1.43e-12
    4.000000    0.820474    1.214374  8.13e-12  1.25e-11
    4.100000    0.844149    1.406358  1.22e-11  7.43e-12
    4.200000    0.868832    1.600774  3.80e-12  2.81e-12
    4.300000    0.894204    1.038382  8.34e-12  2.17e-11
    4.400000    0.919964    1.727533  8.93e-12  1.05e-12
    4.500000    0.945834    1.126875  9.75e-12  1.63e-11
    4.600000    0.971557    1.496974  1.24e-11  5.34e-12
    4.700000    0.996898    1.525070  5.03e-13  4.13e-12
    4.800000    1.021641    1.101030  1.25e-11  1.84e-11
    4.900000    1.045589    1.730922  7.83e-12  9.07e-13
    5.000000    1.068565    1.056480  7.88e-12  2.01e-11
   ------------------------------------------------------

Final Solver Statistics:
   Steps: nsts = 1001, nstf = 101101
   u error = 8.951e-12, v error = 1.233e-11, total error = 1.077e-11
   Total RHS evals:  Fs = 2003,  Ff = 0
   Fast Newton iters = 262659
   Fast Newton conv fails = 0
   Fast Jacobian evals = 1669
