
   Begin Kepler Problem

Problem Arguments:
  stepper:              1
  step mode:            0
  use tstop:            1
  use compensated sums: 0
  dt:                   0.001
  Tf:                   50
  nout:                 1

t = 0.0000, H(p,q) = -0.5000000000000000, L(p,q) = 0.8000000000000000
t = 50.0000, H(p,q)-H0 = -2.3143517989939812e-13, L(p,q)-L0 = -2.3521544836946165e-14
Current time                  = 50
Steps                         = 50001
Step attempts                 = 50001
Stability limited steps       = 0
Accuracy limited steps        = 0
Error test fails              = 0
NLS step fails                = 0
Inequality constraint fails   = 0
Initial step size             = 0.001
Last step size                = 2.09479548191110869265192608859077e-29
Current step size             = 0.001
Explicit RHS fn evals         = 400008
Implicit RHS fn evals         = 0
NLS iters                     = 0
NLS fails                     = 0
NLS iters per step            = 0
LS setups                     = 0

   Begin Kepler Problem

Problem Arguments:
  stepper:              0
  step mode:            0
  use tstop:            1
  use compensated sums: 0
  dt:                   0.001
  Tf:                   50
  nout:                 1

t = 0.0000, H(p,q) = -0.5000000000000000, L(p,q) = 0.8000000000000000
t = 50.0000, H(p,q)-H0 = -1.2973337429613626e-03, L(p,q)-L0 = -5.7777898331617076e-33
Current time                  = 50
Steps                         = 50001
Step attempts                 = 50001
Stability limited steps       = 0
Accuracy limited steps        = 0
Error test fails              = 0
NLS step fails                = 0
Inequality constraint fails   = 0
Initial step size             = 0.001
Last step size                = 2.09479548191110869265192608859077e-29
Current step size             = 0.001
f1 RHS fn evals               = 50001
f2 RHS fn evals               = 50001


   Begin Kepler Problem

Problem Arguments:
  stepper:              0
  step mode:            0
  use tstop:            1
  use compensated sums: 0
  dt:                   0.0005
  Tf:                   50
  nout:                 1

t = 0.0000, H(p,q) = -0.5000000000000000, L(p,q) = 0.8000000000000000
t = 50.0000, H(p,q)-H0 = -6.5221362039141706e-04, L(p,q)-L0 = -3.4666738998970245e-33
Current time                  = 50
Steps                         = 100001
Step attempts                 = 100001
Stability limited steps       = 0
Accuracy limited steps        = 0
Error test fails              = 0
NLS step fails                = 0
Inequality constraint fails   = 0
Initial step size             = 0.0005
Last step size                = 3.01924185521698190211879550103154e-29
Current step size             = 0.0005
f1 RHS fn evals               = 100001
f2 RHS fn evals               = 100001


   Begin Kepler Problem

Problem Arguments:
  stepper:              0
  step mode:            0
  use tstop:            1
  use compensated sums: 0
  dt:                   0.00025
  Tf:                   50
  nout:                 1

t = 0.0000, H(p,q) = -0.5000000000000000, L(p,q) = 0.8000000000000000
t = 50.0000, H(p,q)-H0 = -3.2690039073424049e-04, L(p,q)-L0 = 2.3977827807621086e-32
Current time                  = 50
Steps                         = 200001
Step attempts                 = 200001
Stability limited steps       = 0
Accuracy limited steps        = 0
Error test fails              = 0
NLS step fails                = 0
Inequality constraint fails   = 0
Initial step size             = 0.00025
Last step size                = 3.48146504186991850685223020725192e-29
Current step size             = 0.00025
f1 RHS fn evals               = 200001
f2 RHS fn evals               = 200001


   Begin Kepler Problem

Problem Arguments:
  stepper:              0
  step mode:            0
  use tstop:            1
  use compensated sums: 0
  dt:                   0.000125
  Tf:                   50
  nout:                 1

t = 0.0000, H(p,q) = -0.5000000000000000, L(p,q) = 0.8000000000000000
t = 50.0000, H(p,q)-H0 = -1.6363718513901987e-04, L(p,q)-L0 = -9.2444637330587321e-33
Current time                  = 50
Steps                         = 400001
Step attempts                 = 400001
Stability limited steps       = 0
Accuracy limited steps        = 0
Error test fails              = 0
NLS step fails                = 0
Inequality constraint fails   = 0
Initial step size             = 0.000125
Last step size                = 3.71257663519638680921894756036211e-29
Current step size             = 0.000125
f1 RHS fn evals               = 400001
f2 RHS fn evals               = 400001


   Begin Kepler Problem

Problem Arguments:
  stepper:              0
  step mode:            0
  use tstop:            1
  use compensated sums: 0
  dt:                   6.25e-05
  Tf:                   50
  nout:                 1

t = 0.0000, H(p,q) = -0.5000000000000000, L(p,q) = 0.8000000000000000
t = 50.0000, H(p,q)-H0 = -8.1863924339232541e-05, L(p,q)-L0 = 3.3800070523995989e-32
Current time                  = 50
Steps                         = 800001
Step attempts                 = 800001
Stability limited steps       = 0
Accuracy limited steps        = 0
Error test fails              = 0
NLS step fails                = 0
Inequality constraint fails   = 0
Initial step size             = 6.25e-05
Last step size                = 3.82844058065072291813879519338802e-29
Current step size             = 6.25e-05
f1 RHS fn evals               = 800001
f2 RHS fn evals               = 800001


   Begin Kepler Problem

Problem Arguments:
  stepper:              0
  step mode:            0
  use tstop:            1
  use compensated sums: 0
  dt:                   3.125e-05
  Tf:                   50
  nout:                 1

t = 0.0000, H(p,q) = -0.5000000000000000, L(p,q) = 0.8000000000000000
t = 50.0000, H(p,q)-H0 = -4.0943118631181093e-05, L(p,q)-L0 = -9.2444637330587321e-33
Current time                  = 50
Steps                         = 1600000
Step attempts                 = 1600000
Stability limited steps       = 0
Accuracy limited steps        = 0
Error test fails              = 0
NLS step fails                = 0
Inequality constraint fails   = 0
Initial step size             = 3.125e-05
Last step size                = 3.12499999999999999999982639297456e-05
Current step size             = 3.125e-05
f1 RHS fn evals               = 1600000
f2 RHS fn evals               = 1600000


   Begin Kepler Problem

Problem Arguments:
  stepper:              0
  step mode:            0
  use tstop:            1
  use compensated sums: 0
  dt:                   1.5625e-05
  Tf:                   50
  nout:                 1

t = 0.0000, H(p,q) = -0.5000000000000000, L(p,q) = 0.8000000000000000
t = 50.0000, H(p,q)-H0 = -2.0474326396141048e-05, L(p,q)-L0 = 9.4081677783316471e-32
Current time                  = 50
Steps                         = 3200000
Step attempts                 = 3200000
Stability limited steps       = 0
Accuracy limited steps        = 0
Error test fails              = 0
NLS step fails                = 0
Inequality constraint fails   = 0
Initial step size             = 1.5625e-05
Last step size                = 1.56249999999999999999966864960666e-05
Current step size             = 1.5625e-05
f1 RHS fn evals               = 3200000
f2 RHS fn evals               = 3200000


   Begin Kepler Problem

Problem Arguments:
  stepper:              0
  step mode:            0
  use tstop:            1
  use compensated sums: 0
  dt:                   7.8125e-06
  Tf:                   50
  nout:                 1

t = 0.0000, H(p,q) = -0.5000000000000000, L(p,q) = 0.8000000000000000
t = 50.0000, H(p,q)-H0 = -1.0237852215287116e-05, L(p,q)-L0 = 4.8340841604119620e-32
Current time                  = 50
Steps                         = 6400001
Step attempts                 = 6400001
Stability limited steps       = 0
Accuracy limited steps        = 0
Error test fails              = 0
NLS step fails                = 0
Inequality constraint fails   = 0
Initial step size             = 7.8125e-06
Last step size                = 2.99752969139593796000578362809801e-27
Current step size             = 7.8125e-06
f1 RHS fn evals               = 6400001
f2 RHS fn evals               = 6400001

Order of accuracy wrt solution:    expected = 1, max = 1.6317,  avg = 1.0842,  overall = 1.0418
Order of accuracy wrt Hamiltonian: expected = 1, max = 0.9999,  avg = 0.9979,  overall = 0.9983
