
Analytical ODE test problem:
    lambda = -10
   reltol = 1.0e-08
   abstol = 1.0e-08

        t           u
   ---------------------
    1.000000    0.785398
    2.000000    1.107149
    3.000000    1.249046
    4.000000    1.325818
    5.000000    1.373401
    6.000000    1.405648
    7.000000    1.428899
    8.000000    1.446441
    9.000000    1.460139
   10.000000    1.471128
   ---------------------

Final Statistics:
Current time                  = 10.0225598852610195930152165412107
Steps                         = 723
Step attempts                 = 726
Stability limited steps       = 0
Accuracy limited steps        = 726
Error test fails              = 3
NLS step fails                = 0
Inequality constraint fails   = 0
Initial step size             = 5.89020114423405254632028479954734e-15
Last step size                = 0.0405390272313876257668951680349101
Current step size             = 0.040706244201409069492899912071679
RHS fn evals                  = 6533
Number of stages used         = 9

ACCURACY at the final time = 9.01746e-09
