
Multirate nonlinear Kvaerno-Prothero-Robinson test problem:
    time domain:  (0,5]
    hs = 0.001
    hf = 1e-05
    G = -100
    w = 100
    e = 0.5
    slow solver: ARKODE_MERK43
    fast solver: erk-4-4
        t           u           v       uerr      verr
   ------------------------------------------------------
    0.000000    1.224745    1.732051  0.00e+00  0.00e+00
    0.100000    1.223725    1.077464  2.23e-11  9.30e-13
    0.200000    1.220669    1.551800  2.21e-11  1.87e-12
    0.300000    1.215594    1.467737  2.19e-11  2.71e-12
    0.400000    1.208524    1.154583  2.15e-11  3.45e-12
    0.500000    1.199496    1.721908  2.10e-11  4.10e-12
    0.600000    1.188557    1.023517  2.03e-11  4.67e-12
    0.700000    1.175764    1.622751  1.96e-11  5.14e-12
    0.800000    1.161186    1.374632  1.87e-11  5.54e-12
    0.900000    1.144904    1.245763  1.77e-11  5.85e-12
    1.000000    1.127010    1.691839  1.66e-11  6.09e-12
    1.100000    1.107609    1.000489  1.53e-11  6.25e-12
    1.200000    1.086821    1.677552  1.38e-11  6.32e-12
    1.300000    1.064777    1.277775  1.22e-11  6.32e-12
    1.400000    1.041625    1.342455  1.05e-11  6.25e-12
    1.500000    1.017531    1.642940  8.50e-12  6.09e-12
    1.600000    0.992673    1.012112  6.34e-12  5.85e-12
    1.700000    0.967253    1.714058  3.97e-12  5.54e-12
    1.800000    0.941488    1.183867  1.38e-12  5.13e-12
    1.900000    0.915617    1.437465  1.44e-12  4.64e-12
    2.000000    0.889903    1.577082  4.50e-12  4.06e-12
    2.100000    0.864625    1.056467  7.79e-12  3.39e-12
    2.200000    0.840089    1.730920  1.13e-11  2.63e-12
    2.300000    0.816616    1.101047  1.50e-11  1.77e-12
    2.400000    0.794546    1.525051  1.88e-11  8.22e-13
    2.500000    0.774227    1.496993  2.26e-11  2.15e-13
    2.600000    0.756013    1.126857  2.64e-11  1.33e-12
    2.700000    0.740246    1.727536  3.00e-11  2.51e-12
    2.800000    0.727247    1.038393  3.32e-11  3.73e-12
    2.900000    0.717301    1.600759  3.58e-11  4.97e-12
    3.000000    0.710636    1.406380  3.76e-11  6.20e-12
    3.100000    0.707412    1.214353  3.86e-11  7.37e-12
    3.200000    0.707709    1.704026  3.86e-11  8.46e-12
    3.300000    0.711520    1.004391  3.77e-11  9.42e-12
    3.400000    0.718750    1.661225  3.59e-11  1.02e-11
    3.500000    0.729227    1.310102  3.33e-11  1.09e-11
    3.600000    0.742712    1.310080  3.02e-11  1.13e-11
    3.700000    0.758914    1.661237  2.66e-11  1.15e-11
    3.800000    0.777506    1.004387  2.28e-11  1.16e-11
    3.900000    0.798144    1.704019  1.90e-11  1.14e-11
    4.000000    0.820474    1.214374  1.51e-11  1.11e-11
    4.100000    0.844149    1.406358  1.14e-11  1.07e-11
    4.200000    0.868832    1.600774  7.85e-12  1.01e-11
    4.300000    0.894204    1.038382  4.53e-12  9.43e-12
    4.400000    0.919964    1.727533  1.44e-12  8.67e-12
    4.500000    0.945834    1.126875  1.41e-12  7.85e-12
    4.600000    0.971557    1.496974  4.02e-12  6.97e-12
    4.700000    0.996898    1.525070  6.41e-12  6.07e-12
    4.800000    1.021641    1.101030  8.58e-12  5.14e-12
    4.900000    1.045589    1.730922  1.06e-11  4.21e-12
    5.000000    1.068565    1.056480  1.23e-11  3.28e-12
   ------------------------------------------------------

Final Solver Statistics:
   Steps: nsts = 5001, nstf = 1425285
   u error = 2.086e-11, v error = 6.769e-12, total error = 1.550e-11
   Total RHS evals:  Fs = 30007,  Ff = 5706142
