
2D Heat PDE test problem:
 --------------------------------- 
  nprocs         = 4
  npx            = 2
  npy            = 2
 --------------------------------- 
  Dux            = 0.001
  Duy            = 0.001
  Dvx            = 0.001
  Dvy            = 0.001
  A              = 1
  B              = 3
 --------------------------------- 
  tf             = 10
  xl             = -0.5
  xu             = 0.5
  yl             = -0.5
  yu             = 0.5
 --------------------------------- 
  nx             = 128
  ny             = 128
  dx             = 0.0078125
  dy             = 0.0078125
  nxl (proc 0)   = 64
  nyl (proc 0)   = 64
  is  (proc 0)   = 0
  ie  (proc 0)   = 63
  je  (proc 0)   = 0
  je  (proc 0)   = 63
 --------------------------------- 
  rtol           = 0.0001
  atol           = 1e-08
  order          = 3
  fixed h        = 0
  controller     = I
  linear         = 1
 --------------------------------- 
  linear solver  = PCG
  lin iters      = 10
  eps lin        = 0
  prec           = 1
  msbp           = 0
 --------------------------------- 
  output         = 1
 --------------------------------- 

          t                     ||u||_rms      
 ----------------------------------------------
0.000000000000000000000000000000000e+001.617685227722026873815002639277663e+00
5.000000000000000000000000000000000e-011.485510119948437285249090757291358e+00
1.000000000000000000000000000000000e+001.364344288665242869067084934119432e+00
1.500000000000000000000000000000000e+001.289332330072546188663558375249890e+00
2.000000000000000000000000000000000e+001.314965445493173129796173745005449e+00
2.500000000000000000000000000000000e+001.421892549202112377632991403982339e+00
3.000000000000000000000000000000000e+001.563163291097232214328262214080601e+00
3.500000000000000000000000000000000e+001.708237714736739096893757527719940e+00
4.000000000000000000000000000000000e+001.843420488075467975290665798611478e+00
4.500000000000000000000000000000000e+001.958343171060527146751804527032157e+00
5.000000000000000000000000000000000e+002.029938485551049187514912276532169e+00
5.500000000000000000000000000000000e+002.030530225937531948872761861675049e+00
6.000000000000000000000000000000000e+001.952852463542609422788824219263438e+00
6.500000000000000000000000000000000e+001.771963481348481780134046970530975e+00
7.000000000000000000000000000000000e+001.499365863612951684009520897037699e+00
7.500000000000000000000000000000000e+001.305247121685178248156451361594841e+00
8.000000000000000000000000000000000e+001.194768041452248541148544736393640e+00
8.500000000000000000000000000000000e+001.291962877270517134222642997208768e+00
9.000000000000000000000000000000000e+001.469025405182106963405060884418954e+00
9.500000000000000000000000000000000e+001.650205056632068325685366346046037e+00
1.000000000000000000000000000000000e+011.817893851919292130618819965813517e+00
 ----------------------------------------------

Final integrator statistics:
  Steps            = 59
  Step attempts    = 69
  Error test fails = 10
  RHS reaction     = 268
  RHS diffusion    = 475
  NLS iters        = 207
  NLS fails        = 0
  LS iters         = 1844
  LS fails         = 135
  LS setups        = 0
  LS RHS evals     = 1844
  Jv products      = 1844

  Avg NLS iters per step attempt = 3.000000
  Avg LS iters per NLS iter      = 8.908213

  Preconditioner setups = 0
  Preconditioner solves = 1844

