
Multirate nonlinear Kvaerno-Prothero-Robinson test problem:
    time domain:  (0,5]
    hs = 0.001
    hf = 1e-05
    G = -100
    w = 100
    e = 0.5
    slow solver: ARKODE_MERK54
    fast solver: ARKODE_DORMAND_PRINCE_7_4_5
        t           u           v       uerr      verr
   ------------------------------------------------------
    0.000000    1.224745    1.732051  0.00e+00  0.00e+00
    0.100000    1.223725    1.077464  4.46e-13  1.85e-14
    0.200000    1.220669    1.551800  4.42e-13  3.73e-14
    0.300000    1.215594    1.467737  4.37e-13  5.40e-14
    0.400000    1.208524    1.154583  4.29e-13  6.88e-14
    0.500000    1.199496    1.721908  4.19e-13  8.18e-14
    0.600000    1.188557    1.023517  4.06e-13  9.30e-14
    0.700000    1.175764    1.622751  3.91e-13  1.03e-13
    0.800000    1.161186    1.374632  3.74e-13  1.10e-13
    0.900000    1.144904    1.245763  3.53e-13  1.17e-13
    1.000000    1.127010    1.691839  3.30e-13  1.21e-13
    1.100000    1.107609    1.000489  3.05e-13  1.24e-13
    1.200000    1.086821    1.677552  2.76e-13  1.26e-13
    1.300000    1.064777    1.277775  2.44e-13  1.26e-13
    1.400000    1.041625    1.342455  2.08e-13  1.24e-13
    1.500000    1.017531    1.642940  1.69e-13  1.21e-13
    1.600000    0.992673    1.012112  1.26e-13  1.17e-13
    1.700000    0.967253    1.714058  7.86e-14  1.10e-13
    1.800000    0.941488    1.183867  2.69e-14  1.02e-13
    1.900000    0.915617    1.437465  2.94e-14  9.24e-14
    2.000000    0.889903    1.577082  9.04e-14  8.08e-14
    2.100000    0.864625    1.056467  1.56e-13  6.74e-14
    2.200000    0.840089    1.730920  2.26e-13  5.22e-14
    2.300000    0.816616    1.101047  3.00e-13  3.51e-14
    2.400000    0.794546    1.525051  3.76e-13  1.62e-14
    2.500000    0.774227    1.496993  4.53e-13  4.45e-15
    2.600000    0.756013    1.126857  5.28e-13  2.67e-14
    2.700000    0.740246    1.727536  5.99e-13  5.02e-14
    2.800000    0.727247    1.038393  6.63e-13  7.45e-14
    2.900000    0.717301    1.600759  7.15e-13  9.93e-14
    3.000000    0.710636    1.406380  7.52e-13  1.24e-13
    3.100000    0.707412    1.214353  7.72e-13  1.47e-13
    3.200000    0.707709    1.704026  7.73e-13  1.69e-13
    3.300000    0.711520    1.004391  7.54e-13  1.88e-13
    3.400000    0.718750    1.661225  7.18e-13  2.04e-13
    3.500000    0.729227    1.310102  6.67e-13  2.17e-13
    3.600000    0.742712    1.310080  6.04e-13  2.25e-13
    3.700000    0.758914    1.661237  5.33e-13  2.30e-13
    3.800000    0.777506    1.004387  4.57e-13  2.31e-13
    3.900000    0.798144    1.704019  3.79e-13  2.28e-13
    4.000000    0.820474    1.214374  3.02e-13  2.22e-13
    4.100000    0.844149    1.406358  2.28e-13  2.13e-13
    4.200000    0.868832    1.600774  1.57e-13  2.02e-13
    4.300000    0.894204    1.038382  9.02e-14  1.88e-13
    4.400000    0.919964    1.727533  2.83e-14  1.73e-13
    4.500000    0.945834    1.126875  2.88e-14  1.57e-13
    4.600000    0.971557    1.496974  8.12e-14  1.39e-13
    4.700000    0.996898    1.525070  1.29e-13  1.21e-13
    4.800000    1.021641    1.101030  1.73e-13  1.03e-13
    4.900000    1.045589    1.730922  2.12e-13  8.39e-14
    5.000000    1.068565    1.056480  2.48e-13  6.53e-14
   ------------------------------------------------------

Final Solver Statistics:
   Steps: nsts = 5001, nstf = 1615323
   u error = 4.170e-13, v error = 1.351e-13, total error = 3.100e-13
   Total RHS evals:  Fs = 50061,  Ff = 9716995
