
2D Heat PDE test problem:
 --------------------------------- 
  nprocs         = 4
  npx            = 2
  npy            = 2
 --------------------------------- 
  kx             = 10
  ky             = 10
  forcing        = 1
  tf             = 1
  xu             = 1
  yu             = 1
  nx             = 64
  ny             = 64
  nxl (proc 0)   = 32
  nyl (proc 0)   = 32
  dx             = 0.015873
  dy             = 0.015873
 --------------------------------- 
  rtol           = 1e-05
  atol           = 1e-10
  fixed h        = 0
  controller     = I
  method         = 0
  eigfrequency   = 25
  stage_max_limit  = 1000
  eigsafety      = 1.01
 --------------------------------- 
  output         = 1
  max steps      = 0
 --------------------------------- 

          t                     ||u||_rms                max error      
 -----------------------------------------------------------------------
0.000000000000000000000000000000000e+001.845703124999999999999999999999999e-010.000000000000000000000000000000000e+00
5.000000000000000000000000000000000e-021.802034121232898527894179676255116e-018.104456725074169550766730081029515e-04
1.000000000000000000000000000000000e-011.670850416395642641173893055952923e-017.543085405452581703058440820610681e-04
1.500000000000000000000000000000000e-011.466521919362783036208356748302138e-016.648169692544705472612782146747709e-04
2.000000000000000000000000000000000e-011.209050235176476042114969603347114e-015.509217110817342604489104056534205e-04
2.500000000000000000000000000000000e-019.236384301557750876814446037387368e-024.236703904756323322985850308865030e-04
3.000000000000000000000000000000000e-016.382247739408353869117007128996261e-022.956542514034327045249448954679186e-04
3.500000000000000000000000000000000e-013.807470510178751896048191065387713e-021.790495466234238941579096098575771e-04
4.000000000000000000000000000000000e-011.764089006402585235018161312968156e-028.527490307768489832662820989200546e-05
4.500000000000000000000000000000000e-014.521268422121325932640413899232686e-032.369534973358152085949060297589337e-05
5.000000000000000000000000000000000e-017.399051038237678767131719729933086e-083.051394070971025884461597950095429e-07
5.499999999999999999999999999999999e-014.519875773890503498990425610616263e-031.743888503682902404666066807904015e-05
6.000000000000000000000000000000000e-011.763825276047244163630930822664293e-027.341853314734675192875037013030614e-05
6.500000000000000000000000000000000e-013.807108098000716403361352381981039e-021.627509870022312880120538351183767e-04
7.000000000000000000000000000000001e-016.381825289944481077365225922349455e-022.766929027593232154014874951416280e-04
7.500000000000000000000000000000001e-019.235945595381751276019032889065913e-024.040910928448002154056728291627064e-04
8.000000000000000000000000000000001e-011.209008781947119187779365868259626e-015.324747236916254373727460641508027e-04
8.500000000000000000000000000000002e-011.466486872447659290712613587572441e-016.492827732416654980439185191012021e-04
9.000000000000000000000000000000002e-011.670825264290044526698596237481964e-017.432061170599771184061080811556417e-04
9.500000000000000000000000000000003e-011.802021735571958926458592057670623e-018.050371695353991183946926503946647e-04
1.000000000000000000000000000000000e+001.847233212168594534049898188367159e-018.281379062971092979266925221884125e-04
 -----------------------------------------------------------------------

Final integrator statistics:
Current time                  = 1
Steps                         = 405
Step attempts                 = 414
Stability limited steps       = 0
Accuracy limited steps        = 414
Error test fails              = 9
NLS step fails                = 0
Inequality constraint fails   = 0
Initial step size             = 4.06965299848808999332481078160986e-06
Last step size                = 0.00474959646790832285341886136568083
Current step size             = 0.00474959646790832285341886136568083
RHS fn evals                  = 14393
Number of dom_eig updates     = 21
Max. num. of stages used      = 71
Max. num. of stages allowed   = 1000
Max. spectral radius          = 320695.2
Min. spectral radius          = 320695.2
  Max error = 8.281379062971092979266925221884125e-04
