
2D Heat PDE test problem:
 --------------------------------- 
  nprocs         = 4
  npx            = 2
  npy            = 2
 --------------------------------- 
  Dux            = 0.001
  Duy            = 0.001
  Dvx            = 0.001
  Dvy            = 0.001
  A              = 1
  B              = 3
 --------------------------------- 
  tf             = 10
  xl             = -0.5
  xu             = 0.5
  yl             = -0.5
  yu             = 0.5
 --------------------------------- 
  nx             = 128
  ny             = 128
  dx             = 0.0078125
  dy             = 0.0078125
  nxl (proc 0)   = 64
  nyl (proc 0)   = 64
  is  (proc 0)   = 0
  ie  (proc 0)   = 63
  je  (proc 0)   = 0
  je  (proc 0)   = 63
 --------------------------------- 
  rtol_slow      = 0.0001
  atol_slow      = 1e-08
  rtol_fast      = 1e-05
  atol_fast      = 1e-09
  order_fast     = 3
  fixed h slow   = 0.0762939
  fixed h fast   = 0
  controller     = I
  linear         = 1
 --------------------------------- 
  linear solver  = PCG
  lin iters      = 10
  eps lin        = 0
  prec           = 1
  msbp           = 0
 --------------------------------- 
  output         = 1
 --------------------------------- 

          t                     ||u||_rms      
 ----------------------------------------------
0.000000000000000000000000000000000e+001.617685227722026873815002639277663e+00
5.000000000000000000000000000000000e-011.485591005015211555886820842992853e+00
1.000000000000000000000000000000000e+001.364393917802342363456624114639800e+00
1.500000000000000000000000000000000e+001.289303466733013533411059168019506e+00
2.000000000000000000000000000000000e+001.314819505772775322614347762295212e+00
2.500000000000000000000000000000000e+001.421577123078074009206323506510869e+00
3.000000000000000000000000000000000e+001.562875564560314370516050781240488e+00
3.500000000000000000000000000000000e+001.707968456459840432328811009766985e+00
4.000000000000000000000000000000000e+001.843193030182783140927631882888621e+00
4.500000000000000000000000000000000e+001.958123117723794157424363226400843e+00
5.000000000000000000000000000000000e+002.029210275347921147313481340758572e+00
5.500000000000000000000000000000000e+002.029626895203097904279339718748261e+00
6.000000000000000000000000000000000e+001.951861936455063638906818541897996e+00
6.500000000000000000000000000000000e+001.770868596789245833706427759929915e+00
7.000000000000000000000000000000000e+001.498804905895244547534841336173994e+00
7.500000000000000000000000000000000e+001.304871554637313397339038179975794e+00
8.000000000000000000000000000000000e+001.195085226346020064652922081150220e+00
8.500000000000000000000000000000000e+001.292568907758186134847313280819179e+00
9.000000000000000000000000000000000e+001.469624495051313978817139053653290e+00
9.500000000000000000000000000000000e+001.650805470989171517997872200242897e+00
1.000000000000000000000000000000000e+011.818486589653797774060462144222231e+00
 ----------------------------------------------

Final integrator statistics:

Slow Integrator:
  Steps            = 132
  RHS diffusion    = 792
  NLS iters        = 396
  NLS fails        = 0
  LS iters         = 2517
  LS fails         = 26
  LS setups        = 0
  LS RHS evals     = 2517
  Jv products      = 2517

  Avg NLS iters per step attempt = 3.000000
  Avg LS iters per NLS iter      = 6.356061

  Preconditioner setups = 0
  Preconditioner solves = 2517

Fast Integrator:
  Steps            = 2796
  Error test fails = 39
  RHS reaction     = 4228
  NLS iters        = 3040
  NLS fails        = 0

