
   Begin Kepler Problem

Problem Arguments:
  stepper:              1
  step mode:            1
  use tstop:            1
  use compensated sums: 0
  dt:                   0.01
  Tf:                   100
  nout:                 50

t = 0.0000, H(p,q) = -0.5000000000000000, L(p,q) = 0.8000000000000000
t = 2.0000, H(p,q)-H0 = -1.6394476560835342e-03, L(p,q)-L0 = -2.8066685964544618e-04
t = 4.0000, H(p,q)-H0 = -2.0728415197998262e-03, L(p,q)-L0 = -6.0519566519235483e-04
t = 6.0000, H(p,q)-H0 = -1.9096483211830739e-03, L(p,q)-L0 = -6.9888367497799113e-04
t = 8.0000, H(p,q)-H0 = -4.9647251768083970e-03, L(p,q)-L0 = -1.5031464847784460e-03
t = 10.0000, H(p,q)-H0 = -5.3387545102023330e-03, L(p,q)-L0 = -1.7497497553138929e-03
t = 12.0000, H(p,q)-H0 = -5.0885580765766030e-03, L(p,q)-L0 = -1.8218999447131641e-03
t = 14.0000, H(p,q)-H0 = -8.1723847129337427e-03, L(p,q)-L0 = -2.5916093704217430e-03
t = 16.0000, H(p,q)-H0 = -8.5413413694866826e-03, L(p,q)-L0 = -2.8010592871964215e-03
t = 18.0000, H(p,q)-H0 = -8.2853174813030585e-03, L(p,q)-L0 = -2.8899362761147367e-03
t = 20.0000, H(p,q)-H0 = -1.1760659857749231e-02, L(p,q)-L0 = -3.8777932860220227e-03
t = 22.0000, H(p,q)-H0 = -1.2099569309706512e-02, L(p,q)-L0 = -4.0484213551492164e-03
t = 24.0000, H(p,q)-H0 = -1.1914436168264963e-02, L(p,q)-L0 = -4.1239650000397052e-03
t = 26.0000, H(p,q)-H0 = -1.4868580180456277e-02, L(p,q)-L0 = -4.9487012252662204e-03
t = 28.0000, H(p,q)-H0 = -1.5200519000001548e-02, L(p,q)-L0 = -5.1076652374835752e-03
t = 30.0000, H(p,q)-H0 = -1.5029179198940113e-02, L(p,q)-L0 = -5.1854023065163094e-03
t = 32.0000, H(p,q)-H0 = -1.7980744758350586e-02, L(p,q)-L0 = -6.0006587536624013e-03
t = 34.0000, H(p,q)-H0 = -1.8316069812838059e-02, L(p,q)-L0 = -6.1621420459723549e-03
t = 36.0000, H(p,q)-H0 = -1.8108339278127850e-02, L(p,q)-L0 = -6.2500243372847440e-03
t = 38.0000, H(p,q)-H0 = -2.1288346481803251e-02, L(p,q)-L0 = -7.1552972118514219e-03
t = 40.0000, H(p,q)-H0 = -2.1631314789715849e-02, L(p,q)-L0 = -7.3296805706597623e-03
t = 42.0000, H(p,q)-H0 = -2.1416041738639337e-02, L(p,q)-L0 = -7.4130470389955800e-03
t = 44.0000, H(p,q)-H0 = -2.4529584680229577e-02, L(p,q)-L0 = -8.1701719599796397e-03
t = 46.0000, H(p,q)-H0 = -2.4894418385565593e-02, L(p,q)-L0 = -8.3772754959067932e-03
t = 48.0000, H(p,q)-H0 = -2.4748465834461261e-02, L(p,q)-L0 = -8.4960966861532166e-03
t = 50.0000, H(p,q)-H0 = -2.7761928518092916e-02, L(p,q)-L0 = -9.2659984647239135e-03
t = 52.0000, H(p,q)-H0 = -2.8058407202419890e-02, L(p,q)-L0 = -9.4848106815955661e-03
t = 54.0000, H(p,q)-H0 = -2.8489340921011393e-02, L(p,q)-L0 = -9.8029180868696016e-03
t = 56.0000, H(p,q)-H0 = -3.0539270995248968e-02, L(p,q)-L0 = -1.0218973132174142e-02
t = 58.0000, H(p,q)-H0 = -3.1005666761291333e-02, L(p,q)-L0 = -1.0559202876798953e-02
t = 60.0000, H(p,q)-H0 = -3.2673415406578829e-02, L(p,q)-L0 = -1.1237504291419049e-02
t = 62.0000, H(p,q)-H0 = -3.3991375971023098e-02, L(p,q)-L0 = -1.1507760959665393e-02
t = 64.0000, H(p,q)-H0 = -3.4395175678152652e-02, L(p,q)-L0 = -1.1856041247124265e-02
t = 66.0000, H(p,q)-H0 = -3.6365286038633920e-02, L(p,q)-L0 = -1.2478209544094199e-02
t = 68.0000, H(p,q)-H0 = -3.7357779319165261e-02, L(p,q)-L0 = -1.2718540196818772e-02
t = 70.0000, H(p,q)-H0 = -3.7593509899123867e-02, L(p,q)-L0 = -1.2968716681083779e-02
t = 72.0000, H(p,q)-H0 = -4.0590764364612560e-02, L(p,q)-L0 = -1.3900928098630165e-02
t = 74.0000, H(p,q)-H0 = -4.1066915827596153e-02, L(p,q)-L0 = -1.4069380998872522e-02
t = 76.0000, H(p,q)-H0 = -4.1023954565026976e-02, L(p,q)-L0 = -1.4187431623327986e-02
t = 78.0000, H(p,q)-H0 = -4.3838263600839914e-02, L(p,q)-L0 = -1.4942515398314231e-02
t = 80.0000, H(p,q)-H0 = -4.4301157161022968e-02, L(p,q)-L0 = -1.5166300619157536e-02
t = 82.0000, H(p,q)-H0 = -4.4295177411574843e-02, L(p,q)-L0 = -1.5328093753719199e-02
t = 84.0000, H(p,q)-H0 = -4.7096021111630401e-02, L(p,q)-L0 = -1.5997975603516064e-02
t = 86.0000, H(p,q)-H0 = -4.7559449087273236e-02, L(p,q)-L0 = -1.6310953948367800e-02
t = 88.0000, H(p,q)-H0 = -4.9401000071325086e-02, L(p,q)-L0 = -1.7038516812967389e-02
t = 90.0000, H(p,q)-H0 = -5.0692600973478886e-02, L(p,q)-L0 = -1.7308310473781335e-02
t = 92.0000, H(p,q)-H0 = -5.1076892908046768e-02, L(p,q)-L0 = -1.7666248178746752e-02
t = 94.0000, H(p,q)-H0 = -5.3873055542859577e-02, L(p,q)-L0 = -1.8528787467219994e-02
t = 96.0000, H(p,q)-H0 = -5.4497898248717572e-02, L(p,q)-L0 = -1.8729460424640703e-02
t = 98.0000, H(p,q)-H0 = -5.4387528098474307e-02, L(p,q)-L0 = -1.8853184981456475e-02
t = 100.0000, H(p,q)-H0 = -5.7590453892273718e-02, L(p,q)-L0 = -1.9732325715991882e-02
Current time                  = 100
Steps                         = 328
Step attempts                 = 437
Stability limited steps       = 0
Accuracy limited steps        = 437
Error test fails              = 109
NLS step fails                = 0
Inequality constraint fails   = 0
Initial step size             = 5.60373528761624331492872422116581e-11
Last step size                = 0.364442257080227564885354120817048
Current step size             = 0.364442257080227564885354120817048
Explicit RHS fn evals         = 2078
Implicit RHS fn evals         = 0
NLS iters                     = 0
NLS fails                     = 0
NLS iters per step            = 0
LS setups                     = 0
