
   Begin Kepler Problem

Problem Arguments:
  stepper:              1
  step mode:            0
  use tstop:            1
  use compensated sums: 0
  dt:                   0.001
  Tf:                   50
  nout:                 1

t = 0.0000, H(p,q) = -0.5000000000000000, L(p,q) = 0.8000000000000000
t = 50.0000, H(p,q)-H0 = -2.3143517989939812e-13, L(p,q)-L0 = -2.3521544836946165e-14
Current time                  = 50
Steps                         = 50001
Step attempts                 = 50001
Stability limited steps       = 0
Accuracy limited steps        = 0
Error test fails              = 0
NLS step fails                = 0
Inequality constraint fails   = 0
Initial step size             = 0.001
Last step size                = 2.09479548191110869265192608859077e-29
Current step size             = 0.001
Explicit RHS fn evals         = 400008
Implicit RHS fn evals         = 0
NLS iters                     = 0
NLS fails                     = 0
NLS iters per step            = 0
LS setups                     = 0

   Begin Kepler Problem

Problem Arguments:
  stepper:              0
  step mode:            0
  use tstop:            1
  use compensated sums: 0
  dt:                   0.001
  Tf:                   50
  nout:                 1

t = 0.0000, H(p,q) = -0.5000000000000000, L(p,q) = 0.8000000000000000
t = 50.0000, H(p,q)-H0 = 7.5370552263819737e-07, L(p,q)-L0 = 3.8518598887744717e-34
Current time                  = 50
Steps                         = 50001
Step attempts                 = 50001
Stability limited steps       = 0
Accuracy limited steps        = 0
Error test fails              = 0
NLS step fails                = 0
Inequality constraint fails   = 0
Initial step size             = 0.001
Last step size                = 2.09479548191110869265192608859077e-29
Current step size             = 0.001
f1 RHS fn evals               = 100002
f2 RHS fn evals               = 100002


   Begin Kepler Problem

Problem Arguments:
  stepper:              0
  step mode:            0
  use tstop:            1
  use compensated sums: 0
  dt:                   0.0005
  Tf:                   50
  nout:                 1

t = 0.0000, H(p,q) = -0.5000000000000000, L(p,q) = 0.8000000000000000
t = 50.0000, H(p,q)-H0 = 1.8834971167468508e-07, L(p,q)-L0 = -5.9703828276004311e-33
Current time                  = 50
Steps                         = 100001
Step attempts                 = 100001
Stability limited steps       = 0
Accuracy limited steps        = 0
Error test fails              = 0
NLS step fails                = 0
Inequality constraint fails   = 0
Initial step size             = 0.0005
Last step size                = 3.01924185521698190211879550103154e-29
Current step size             = 0.0005
f1 RHS fn evals               = 200002
f2 RHS fn evals               = 200002


   Begin Kepler Problem

Problem Arguments:
  stepper:              0
  step mode:            0
  use tstop:            1
  use compensated sums: 0
  dt:                   0.00025
  Tf:                   50
  nout:                 1

t = 0.0000, H(p,q) = -0.5000000000000000, L(p,q) = 0.8000000000000000
t = 50.0000, H(p,q)-H0 = 4.7081467784459046e-08, L(p,q)-L0 = 3.1103768601853859e-32
Current time                  = 50
Steps                         = 200001
Step attempts                 = 200001
Stability limited steps       = 0
Accuracy limited steps        = 0
Error test fails              = 0
NLS step fails                = 0
Inequality constraint fails   = 0
Initial step size             = 0.00025
Last step size                = 3.48146504186991850685223020725192e-29
Current step size             = 0.00025
f1 RHS fn evals               = 400002
f2 RHS fn evals               = 400002


   Begin Kepler Problem

Problem Arguments:
  stepper:              0
  step mode:            0
  use tstop:            1
  use compensated sums: 0
  dt:                   0.000125
  Tf:                   50
  nout:                 1

t = 0.0000, H(p,q) = -0.5000000000000000, L(p,q) = 0.8000000000000000
t = 50.0000, H(p,q)-H0 = 1.1769848887913116e-08, L(p,q)-L0 = -2.8118577188053643e-32
Current time                  = 50
Steps                         = 400001
Step attempts                 = 400001
Stability limited steps       = 0
Accuracy limited steps        = 0
Error test fails              = 0
NLS step fails                = 0
Inequality constraint fails   = 0
Initial step size             = 0.000125
Last step size                = 3.71257663519638680921894756036211e-29
Current step size             = 0.000125
f1 RHS fn evals               = 800002
f2 RHS fn evals               = 800002


   Begin Kepler Problem

Problem Arguments:
  stepper:              0
  step mode:            0
  use tstop:            1
  use compensated sums: 0
  dt:                   6.25e-05
  Tf:                   50
  nout:                 1

t = 0.0000, H(p,q) = -0.5000000000000000, L(p,q) = 0.8000000000000000
t = 50.0000, H(p,q)-H0 = 2.9424116617524628e-09, L(p,q)-L0 = -2.6963019221421302e-32
Current time                  = 50
Steps                         = 800001
Step attempts                 = 800001
Stability limited steps       = 0
Accuracy limited steps        = 0
Error test fails              = 0
NLS step fails                = 0
Inequality constraint fails   = 0
Initial step size             = 6.25e-05
Last step size                = 3.82844058065072291813879519338802e-29
Current step size             = 6.25e-05
f1 RHS fn evals               = 1600002
f2 RHS fn evals               = 1600002


   Begin Kepler Problem

Problem Arguments:
  stepper:              0
  step mode:            0
  use tstop:            1
  use compensated sums: 0
  dt:                   3.125e-05
  Tf:                   50
  nout:                 1

t = 0.0000, H(p,q) = -0.5000000000000000, L(p,q) = 0.8000000000000000
t = 50.0000, H(p,q)-H0 = 7.3559748305484249e-10, L(p,q)-L0 = -6.1244572231514100e-32
Current time                  = 50
Steps                         = 1600000
Step attempts                 = 1600000
Stability limited steps       = 0
Accuracy limited steps        = 0
Error test fails              = 0
NLS step fails                = 0
Inequality constraint fails   = 0
Initial step size             = 3.125e-05
Last step size                = 3.12499999999999999999982639297456e-05
Current step size             = 3.125e-05
f1 RHS fn evals               = 3200000
f2 RHS fn evals               = 3200000


   Begin Kepler Problem

Problem Arguments:
  stepper:              0
  step mode:            0
  use tstop:            1
  use compensated sums: 0
  dt:                   1.5625e-05
  Tf:                   50
  nout:                 1

t = 0.0000, H(p,q) = -0.5000000000000000, L(p,q) = 0.8000000000000000
t = 50.0000, H(p,q)-H0 = 1.8389874720312240e-10, L(p,q)-L0 = -4.9592696067971323e-32
Current time                  = 50
Steps                         = 3200000
Step attempts                 = 3200000
Stability limited steps       = 0
Accuracy limited steps        = 0
Error test fails              = 0
NLS step fails                = 0
Inequality constraint fails   = 0
Initial step size             = 1.5625e-05
Last step size                = 1.56249999999999999999966864960666e-05
Current step size             = 1.5625e-05
f1 RHS fn evals               = 6400000
f2 RHS fn evals               = 6400000


   Begin Kepler Problem

Problem Arguments:
  stepper:              0
  step mode:            0
  use tstop:            1
  use compensated sums: 0
  dt:                   7.8125e-06
  Tf:                   50
  nout:                 1

t = 0.0000, H(p,q) = -0.5000000000000000, L(p,q) = 0.8000000000000000
t = 50.0000, H(p,q)-H0 = 4.5974612323949641e-11, L(p,q)-L0 = 1.2682248683789948e-31
Current time                  = 50
Steps                         = 6400001
Step attempts                 = 6400001
Stability limited steps       = 0
Accuracy limited steps        = 0
Error test fails              = 0
NLS step fails                = 0
Inequality constraint fails   = 0
Initial step size             = 7.8125e-06
Last step size                = 2.99752969139593796000578362809801e-27
Current step size             = 7.8125e-06
f1 RHS fn evals               = 12800002
f2 RHS fn evals               = 12800002

Order of accuracy wrt solution:    expected = 2, max = 2.0000,  avg = 1.9996,  overall = 1.9997
Order of accuracy wrt Hamiltonian: expected = 2, max = 2.0006,  avg = 2.0001,  overall = 2.0001
