
Nonlinear Kvaerno-Prothero-Robinson test problem with mass matrix:
    time domain:  (-3,7]
    Time-dependent mass matrix
    ERK solver, order = 5
    Order-of-convergence run
    G =      -10
    g =       10
    e =      0.5

 Fixed-step runs:
 -----------------------------------------------------
   h = 1.000e-01,  error = 3.326e-07
   h = 5.000e-02,  error = 5.227e-09,  order = 5.99
   h = 2.500e-02,  error = 1.028e-10,  order = 5.67
   h = 1.250e-02,  error = 2.405e-12,  order = 5.42
   h = 6.250e-03,  error = 6.352e-14,  order = 5.24
   h = 3.125e-03,  error = 1.811e-15,  order = 5.13
   h = 1.563e-03,  error = 5.392e-17,  order = 5.07
   h = 7.813e-04,  error = 1.644e-18,  order = 5.04
 -----------------------------------------------------
 Order: max = 5.99,  avg = 5.37,  overall = 5.34 [SUCCESS]
