
2D Heat PDE test problem:
 --------------------------------- 
  nprocs         = 4
  npx            = 2
  npy            = 2
 --------------------------------- 
  kx             = 1
  ky             = 1
  forcing        = 1
  tf             = 1
  xu             = 1
  yu             = 1
  nx             = 32
  ny             = 32
  nxl (proc 0)   = 16
  nyl (proc 0)   = 16
  dx             = 0.0322581
  dy             = 0.0322581
 --------------------------------- 
  rtol           = 1e-05
  atol           = 1e-10
 --------------------------------- 
  linear solver  = PCG
  lin iters      = 20
  eps lin        = 0
  prec           = 1
  msbp           = 0
 --------------------------------- 
  output         = 1
 --------------------------------- 

          t                     ||u||_rms                max error      
 -----------------------------------------------------------------------
0.000000000000000000000000000000000e+001.816406250200284424637447911110104e-010.000000000000000000000000000000000e+00
5.000000000000000000000000000000000e-021.775993350854705553709070172489514e-012.454985295257340739124054961855800e-03
1.000000000000000000000000000000000e-011.648110195196308464403034558317451e-012.894306981234713338570995757725993e-03
1.500000000000000000000000000000000e-011.447222119822829321956668641664551e-012.833040300371816583185096854353566e-03
2.000000000000000000000000000000000e-011.193542930570618766558515931721020e-012.518251160651117121628106906573328e-03
2.500000000000000000000000000000000e-019.120960780614468846330868556140433e-022.062912292865195491320400914898935e-03
3.000000000000000000000000000000000e-016.305607751275037387764634248601633e-021.569506507868394655583732126163045e-03
3.500000000000000000000000000000000e-013.764796227341966258053421134548517e-021.075762496911024425129322771768022e-03
4.000000000000000000000000000000000e-011.747441795488467111665479625996396e-026.405446361584055522109996801158783e-04
4.500000000000000000000000000000000e-014.510769152795624663215806829406660e-033.087800159132973956097626396749332e-04
5.000000000000000000000000000000000e-012.716698318139543961214513370239310e-051.138676935143727604014222337507465e-04
5.499999999999999999999999999999999e-014.459293539611858694969766374229552e-037.303454042739012211209937554758286e-05
6.000000000000000000000000000000000e-011.737637958969777754619534984906093e-021.915227098332168999444156465384910e-04
6.500000000000000000000000000000000e-013.751320089219848895086588432465084e-024.584574161445787428774187590171186e-04
7.000000000000000000000000000000001e-016.289835146322526650905957071426323e-028.464503313006457778429841195869844e-04
7.500000000000000000000000000000001e-019.104728570867981062634755751694541e-021.319054864569459555721384298981002e-03
8.000000000000000000000000000000001e-011.192045815949611063455698040241892e-011.829967544045304132849170467604211e-03
8.500000000000000000000000000000002e-011.446137653112227666527893156484041e-012.328011035139886405358404255227510e-03
9.000000000000000000000000000000002e-011.647875576228207986430424584991621e-012.764261136598301914998754076710417e-03
9.500000000000000000000000000000003e-011.777514844757621324301384973494830e-013.097275660013767803439998401426601e-03
1.000000000000000000000000000000000e+001.822366316391619401078259817374532e-013.294972832878886282666845036216988e-03
 -----------------------------------------------------------------------

Final integrator statistics:
  Steps            = 88
  Error test fails = 3
  RHS evals        = 113
  NLS iters        = 110
  NLS fails        = 0
  LS iters         = 1235
  LS fails         = 30
  LS setups        = 20
  LS RHS evals     = 1235
  Jv products      = 1235

  Avg NLS iters per step    = 1.250000
  Avg LS iters per NLS iter = 11.227273

  Preconditioner setups = 2
  Preconditioner solves = 1235

  Max error = 3.294972832878886282666845036216988e-03
