
2D Heat problem:
 ----------------------------
  kx        = 1
  ky        = 1
  tf        = 1
  xu        = 1
  yu        = 1
  nx        = 32
  ny        = 32
  dx        = 0.0322581
  dy        = 0.0322581
 ----------------------------
  linear solver  = PCG
  rtol      = 0.0001
  atol      = 1e-08
 ----------------------------
  lin iters = 20
  eps lin   = 0
  prec      = 1
  msbp      = 0
 ----------------------------
  output    = 0
 ----------------------------

          t                     ||u||_rms                max error
 -----------------------------------------------------------------------
0.000000000000000000000000000000000e+001.265389879780758520034921242401086e+000.000000000000000000000000000000000e+00
5.000000000000000000000000000000000e-021.258890394496414496383123910588362e+002.467053918942816199262010469785914e-03
1.000000000000000000000000000000000e-011.238745442620474671687522739695584e+003.029165672505272829361315618089467e-03
1.500000000000000000000000000000000e-011.207396672796289945676844458877326e+003.000783500203738585191080149468577e-03
2.000000000000000000000000000000000e-011.168520892934166442584960916172096e+002.625860813096743860177872749931238e-03
2.500000000000000000000000000000000e-011.126500436915621679893482849756122e+002.135522044992963799144845802805625e-03
3.000000000000000000000000000000000e-011.085755740703111455922207981585375e+001.590322890206194889576834661113442e-03
3.500000000000000000000000000000000e-011.050180757628424953089022629107603e+009.101622351339649687806174016084429e-04
4.000000000000000000000000000000000e-011.022852560212201233432850953865909e+003.814269692254188544134016345555741e-04
4.500000000000000000000000000000000e-011.005803899364079904960026833696584e+001.510275581904284615399027365840237e-04
5.000000000000000000000000000000000e-011.000017130651908399916960110264399e+004.305389766023995854897827045621062e-05
5.499999999999999999999999999999999e-011.005772036356079410305282053001076e+003.438941693533248518787409496963143e-05
6.000000000000000000000000000000000e-011.022776639678149598942723820648787e+001.773959109821276385393329197477279e-04
6.500000000000000000000000000000000e-011.050011949786993308317375105389796e+004.809056913267034722018678734874527e-04
7.000000000000000000000000000000001e-011.085507001455256581296944691892433e+009.155443146669465367964349184139433e-04
7.500000000000000000000000000000001e-011.126234143172599529561506336539588e+001.424965921477389396959308833010760e-03
8.000000000000000000000000000000001e-011.168264548195526718172388905291155e+001.953266778570299007408950671775633e-03
8.500000000000000000000000000000002e-011.207188690898697897274149084209945e+002.450191088886404848440450034361434e-03
9.000000000000000000000000000000002e-011.238765848607359076656057239866807e+003.070005641474951963523157725602545e-03
9.500000000000000000000000000000003e-011.259350356436982213095232992071748e+003.557996187940637917514813039908261e-03
1.000000000000000000000000000000000e+001.266486933313233018067126624824501e+003.667744369070104889036498620162876e-03
 -----------------------------------------------------------------------

Final integrator statistics:
  Steps            = 34
  Error test fails = 1
  RHS evals        = 45
  NLS iters        = 42
  NLS fails        = 0
  LS iters         = 571
  LS fails         = 7
  LS setups        = 9
  LS RHS evals     = 571
  Jv products      = 571

  Avg NLS iters per step    = 1.235294
  Avg LS iters per NLS iter = 13.595238

  Preconditioner setups = 1
  Preconditioner solves = 571

  Max error = 3.667744369070104889036498620162876e-03
