Demonstration program for CVODE package - direct linear solvers


Problem 1: Van der Pol oscillator
 xdotdot - 3*(1 - x^2)*xdot + x = 0, x(0) = 2, xdot(0) = 0
 neq = 2,  reltol = 0,  abstol = 1e-06

-------------------------------------------------------------

Linear Multistep Method : ADAMS
Iteration               : FIXEDPOINT

     t           x              xdot         qu     hu 
   1.39284     1.68010e+00   -2.91055e-01    6    5.6404e-02
   3.60761    -1.11191e-05   -3.16874e+00    6    2.6836e-02
   5.82239    -1.68010e+00    2.91061e-01    7    4.9353e-02
   8.03716     9.76945e-06    3.16874e+00    7    3.3873e-02

 Final statistics for this run:

 CVode real workspace length              =  129 
 CVode integer workspace length           =   60 
 Number of steps                          =  207 
 Number of f-s                            =  383 
 Number of setups                         =    0 
 Number of nonlinear iterations           =  380 
 Number of nonlinear convergence failures =    0 
 Number of error test failures            =   14 

 Error overrun = 11.119 


-------------------------------------------------------------

Linear Multistep Method : ADAMS
Iteration               : NEWTON
Linear Solver           : Dense, User-Supplied Jacobian

     t           x              xdot         qu     hu 
   1.39284     1.68010e+00   -2.91057e-01    7    6.5234e-02
   3.60761    -7.66229e-05   -3.16894e+00    5    2.2687e-02
   5.82239    -1.68010e+00    2.91061e-01    6    9.6655e-02
   8.03716     4.30405e-05    3.16881e+00    5    2.3653e-02

 Final statistics for this run:

 CVode real workspace length              =  129 
 CVode integer workspace length           =   60 
 Number of steps                          =  241 
 Number of f-s                            =  330 
 Number of setups                         =   47 
 Number of nonlinear iterations           =  327 
 Number of nonlinear convergence failures =    0 
 Number of error test failures            =   20 

 Linear solver real workspace length      =   10 
 Linear solver integer workspace length   =   41 
 Number of Jacobian evaluations           =    5 
 Number of f evals. in linear solver      =    0 

 Error overrun = 76.623 


-------------------------------------------------------------

Linear Multistep Method : ADAMS
Iteration               : NEWTON
Linear Solver           : Dense, Difference Quotient Jacobian

     t           x              xdot         qu     hu 
   1.39284     1.68010e+00   -2.91057e-01    7    6.5234e-02
   3.60761    -6.89257e-05   -3.16890e+00    5    1.8571e-02
   5.82239    -1.68010e+00    2.91063e-01    5    6.7417e-02
   8.03716     6.08638e-05    3.16886e+00    5    1.8274e-02

 Final statistics for this run:

 CVode real workspace length              =  129 
 CVode integer workspace length           =   60 
 Number of steps                          =  223 
 Number of f-s                            =  298 
 Number of setups                         =   42 
 Number of nonlinear iterations           =  295 
 Number of nonlinear convergence failures =    0 
 Number of error test failures            =   17 

 Linear solver real workspace length      =   10 
 Linear solver integer workspace length   =   41 
 Number of Jacobian evaluations           =    4 
 Number of f evals. in linear solver      =    8 

 Error overrun = 68.926 


-------------------------------------------------------------

Linear Multistep Method : ADAMS
Iteration               : NEWTON
Linear Solver           : Diagonal Jacobian

     t           x              xdot         qu     hu 
   1.39284     1.68010e+00   -2.91057e-01    6    8.2527e-02
   3.60761    -1.53418e-04   -3.16916e+00    4    1.3282e-02
   5.82239    -1.68012e+00    2.91054e-01    4    5.7603e-02
   8.03716    -1.74418e-04    3.16818e+00    4    1.3234e-02

 Final statistics for this run:

 CVode real workspace length              =  129 
 CVode integer workspace length           =   60 
 Number of steps                          =  261 
 Number of f-s                            =  379 
 Number of setups                         =   52 
 Number of nonlinear iterations           =  376 
 Number of nonlinear convergence failures =    4 
 Number of error test failures            =   24 

 Linear solver real workspace length      =    6 
 Linear solver integer workspace length   =    3 
 Number of Jacobian evaluations           =   52 
 Number of f evals. in linear solver      =   52 

 Error overrun = 174.418 


-------------------------------------------------------------

Linear Multistep Method : BDF
Iteration               : FIXEDPOINT

     t           x              xdot         qu     hu 
   1.39284     1.68010e+00   -2.91057e-01    4    9.1621e-02
   3.60761    -1.52195e-04   -3.16917e+00    4    1.2305e-02
   5.82239    -1.68009e+00    2.91064e-01    4    7.2678e-02
   8.03716     2.72764e-04    3.16952e+00    5    1.8852e-02

 Final statistics for this run:

 CVode real workspace length              =  115 
 CVode integer workspace length           =   53 
 Number of steps                          =  291 
 Number of f-s                            =  556 
 Number of setups                         =    0 
 Number of nonlinear iterations           =  553 
 Number of nonlinear convergence failures =    0 
 Number of error test failures            =   18 

 Error overrun = 272.764 


-------------------------------------------------------------

Linear Multistep Method : BDF
Iteration               : NEWTON
Linear Solver           : Dense, User-Supplied Jacobian

     t           x              xdot         qu     hu 
   1.39284     1.68010e+00   -2.91056e-01    5    9.9688e-02
   3.60761    -3.78750e-05   -3.16882e+00    5    1.6828e-02
   5.82239    -1.68010e+00    2.91060e-01    4    7.7169e-02
   8.03716     1.12952e-04    3.16904e+00    4    1.1298e-02

 Final statistics for this run:

 CVode real workspace length              =  115 
 CVode integer workspace length           =   53 
 Number of steps                          =  276 
 Number of f-s                            =  373 
 Number of setups                         =   46 
 Number of nonlinear iterations           =  370 
 Number of nonlinear convergence failures =    0 
 Number of error test failures            =   20 

 Linear solver real workspace length      =   10 
 Linear solver integer workspace length   =   41 
 Number of Jacobian evaluations           =    5 
 Number of f evals. in linear solver      =    0 

 Error overrun = 112.952 


-------------------------------------------------------------

Linear Multistep Method : BDF
Iteration               : NEWTON
Linear Solver           : Dense, Difference Quotient Jacobian

     t           x              xdot         qu     hu 
   1.39284     1.68010e+00   -2.91056e-01    5    9.9689e-02
   3.60761    -3.78753e-05   -3.16882e+00    5    1.6828e-02
   5.82239    -1.68010e+00    2.91060e-01    4    7.7169e-02
   8.03716     1.12953e-04    3.16904e+00    4    1.1298e-02

 Final statistics for this run:

 CVode real workspace length              =  115 
 CVode integer workspace length           =   53 
 Number of steps                          =  276 
 Number of f-s                            =  373 
 Number of setups                         =   46 
 Number of nonlinear iterations           =  370 
 Number of nonlinear convergence failures =    0 
 Number of error test failures            =   20 

 Linear solver real workspace length      =   10 
 Linear solver integer workspace length   =   41 
 Number of Jacobian evaluations           =    5 
 Number of f evals. in linear solver      =   10 

 Error overrun = 112.953 


-------------------------------------------------------------

Linear Multistep Method : BDF
Iteration               : NEWTON
Linear Solver           : Diagonal Jacobian

     t           x              xdot         qu     hu 
   1.39284     1.68010e+00   -2.91056e-01    4    9.4111e-02
   3.60761    -7.15292e-05   -3.16893e+00    4    9.4859e-03
   5.82239    -1.68033e+00    2.90993e-01    3    6.6365e-02
   8.03716    -2.20568e-03    3.16210e+00    4    1.1324e-02

 Final statistics for this run:

 CVode real workspace length              =  115 
 CVode integer workspace length           =   53 
 Number of steps                          =  381 
 Number of f-s                            =  524 
 Number of setups                         =   71 
 Number of nonlinear iterations           =  521 
 Number of nonlinear convergence failures =    5 
 Number of error test failures            =   28 

 Linear solver real workspace length      =    6 
 Linear solver integer workspace length   =    3 
 Number of Jacobian evaluations           =   71 
 Number of f evals. in linear solver      =   71 

 Error overrun = 2205.675 


-------------------------------------------------------------
-------------------------------------------------------------

Problem 2: ydot = A * y, where A is a banded lower
triangular matrix derived from 2-D advection PDE

 neq = 25, ml = 5, mu = 0
 itol = CV_SS, reltol = 0, abstol = 1e-06

-------------------------------------------------------------

Linear Multistep Method : ADAMS
Iteration               : FIXEDPOINT

      t        max.err      qu     hu 
     0.010    1.5872e-08    3     2.6597e-02
     0.100    9.0746e-07    4     3.0255e-02
     1.000    4.4745e-07    5     7.4946e-02
    10.000    1.7130e-06    3     1.9321e-01
   100.000    1.3739e-07    1     5.2041e-01

 Final statistics for this run:

 CVode real workspace length              =  589 
 CVode integer workspace length           =   60 
 Number of steps                          =  350 
 Number of f-s                            =  617 
 Number of setups                         =    0 
 Number of nonlinear iterations           =  614 
 Number of nonlinear convergence failures =   85 
 Number of error test failures            =    1 

 Error overrun = 1.713 


-------------------------------------------------------------

Linear Multistep Method : ADAMS
Iteration               : NEWTON
Linear Solver           : Diagonal Jacobian

      t        max.err      qu     hu 
     0.010    1.6412e-08    3     2.7464e-02
     0.100    1.1151e-06    4     2.9878e-02
     1.000    9.2137e-06    5     7.1848e-02
    10.000    5.6066e-06    3     3.0944e-01
   100.000    2.6349e-08    1     3.5922e+01

 Final statistics for this run:

 CVode real workspace length              =  589 
 CVode integer workspace length           =   60 
 Number of steps                          =  180 
 Number of f-s                            =  250 
 Number of setups                         =   45 
 Number of nonlinear iterations           =  247 
 Number of nonlinear convergence failures =    8 
 Number of error test failures            =    5 

 Linear solver real workspace length      =   75 
 Linear solver integer workspace length   =    3 
 Number of Jacobian evaluations           =   45 
 Number of f evals. in linear solver      =   45 

 Error overrun = 9.214 


-------------------------------------------------------------

Linear Multistep Method : ADAMS
Iteration               : NEWTON
Linear Solver           : Band, User-Supplied Jacobian

      t        max.err      qu     hu 
     0.010    8.3766e-10    4     3.5879e-02
     0.100    3.0052e-07    4     3.5879e-02
     1.000    2.1605e-07    6     8.9648e-02
    10.000    5.7876e-07    4     3.8017e-01
   100.000    1.1243e-07    2     1.8925e+01

 Final statistics for this run:

 CVode real workspace length              =  589 
 CVode integer workspace length           =   60 
 Number of steps                          =  130 
 Number of f-s                            =  159 
 Number of setups                         =   34 
 Number of nonlinear iterations           =  156 
 Number of nonlinear convergence failures =    0 
 Number of error test failures            =    5 

 Linear solver real workspace length      =  327 
 Linear solver integer workspace length   =   91 
 Number of Jacobian evaluations           =    3 
 Number of f evals. in linear solver      =    0 

 Error overrun = 0.579 


-------------------------------------------------------------

Linear Multistep Method : ADAMS
Iteration               : NEWTON
Linear Solver           : Band, Difference Quotient Jacobian

      t        max.err      qu     hu 
     0.010    8.3766e-10    4     3.5879e-02
     0.100    3.0052e-07    4     3.5879e-02
     1.000    2.1605e-07    6     8.9648e-02
    10.000    5.7877e-07    4     3.8016e-01
   100.000    1.1254e-07    2     1.8919e+01

 Final statistics for this run:

 CVode real workspace length              =  589 
 CVode integer workspace length           =   60 
 Number of steps                          =  130 
 Number of f-s                            =  159 
 Number of setups                         =   34 
 Number of nonlinear iterations           =  156 
 Number of nonlinear convergence failures =    0 
 Number of error test failures            =    5 

 Linear solver real workspace length      =  327 
 Linear solver integer workspace length   =   91 
 Number of Jacobian evaluations           =    3 
 Number of f evals. in linear solver      =   18 

 Error overrun = 0.579 


-------------------------------------------------------------

Linear Multistep Method : BDF
Iteration               : FIXEDPOINT

      t        max.err      qu     hu 
     0.010    3.0515e-07    2     8.1716e-03
     0.100    5.1904e-06    3     1.7972e-02
     1.000    2.2537e-06    5     7.5208e-02
    10.000    1.2657e-06    4     2.8664e-01
   100.000    1.6478e-07    1     8.4086e-01

 Final statistics for this run:

 CVode real workspace length              =  414 
 CVode integer workspace length           =   53 
 Number of steps                          =  364 
 Number of f-s                            =  637 
 Number of setups                         =    0 
 Number of nonlinear iterations           =  634 
 Number of nonlinear convergence failures =   82 
 Number of error test failures            =    1 

 Error overrun = 5.190 


-------------------------------------------------------------

Linear Multistep Method : BDF
Iteration               : NEWTON
Linear Solver           : Diagonal Jacobian

      t        max.err      qu     hu 
     0.010    3.1473e-07    2     8.1948e-03
     0.100    5.2088e-06    3     1.8151e-02
     1.000    4.2904e-06    4     3.2198e-02
    10.000    2.9228e-06    4     2.5322e-01
   100.000    2.4407e-09    1     1.5700e+02

 Final statistics for this run:

 CVode real workspace length              =  414 
 CVode integer workspace length           =   53 
 Number of steps                          =  197 
 Number of f-s                            =  278 
 Number of setups                         =   45 
 Number of nonlinear iterations           =  275 
 Number of nonlinear convergence failures =    7 
 Number of error test failures            =    4 

 Linear solver real workspace length      =   75 
 Linear solver integer workspace length   =    3 
 Number of Jacobian evaluations           =   45 
 Number of f evals. in linear solver      =   45 

 Error overrun = 5.209 


-------------------------------------------------------------

Linear Multistep Method : BDF
Iteration               : NEWTON
Linear Solver           : Band, User-Supplied Jacobian

      t        max.err      qu     hu 
     0.010    3.1357e-07    2     8.1820e-03
     0.100    5.1979e-06    3     1.8075e-02
     1.000    2.0346e-06    5     6.0879e-02
    10.000    8.9054e-07    5     3.9743e-01
   100.000    3.5942e-08    2     3.9396e+01

 Final statistics for this run:

 CVode real workspace length              =  414 
 CVode integer workspace length           =   53 
 Number of steps                          =  128 
 Number of f-s                            =  152 
 Number of setups                         =   31 
 Number of nonlinear iterations           =  149 
 Number of nonlinear convergence failures =    0 
 Number of error test failures            =    2 

 Linear solver real workspace length      =  327 
 Linear solver integer workspace length   =   91 
 Number of Jacobian evaluations           =    3 
 Number of f evals. in linear solver      =    0 

 Error overrun = 5.198 


-------------------------------------------------------------

Linear Multistep Method : BDF
Iteration               : NEWTON
Linear Solver           : Band, Difference Quotient Jacobian

      t        max.err      qu     hu 
     0.010    3.1357e-07    2     8.1820e-03
     0.100    5.1978e-06    3     1.8075e-02
     1.000    2.0346e-06    5     6.0880e-02
    10.000    8.9053e-07    5     3.9743e-01
   100.000    3.5933e-08    2     3.9398e+01

 Final statistics for this run:

 CVode real workspace length              =  414 
 CVode integer workspace length           =   53 
 Number of steps                          =  128 
 Number of f-s                            =  152 
 Number of setups                         =   31 
 Number of nonlinear iterations           =  149 
 Number of nonlinear convergence failures =    0 
 Number of error test failures            =    2 

 Linear solver real workspace length      =  327 
 Linear solver integer workspace length   =   91 
 Number of Jacobian evaluations           =    3 
 Number of f evals. in linear solver      =   18 

 Error overrun = 5.198 


-------------------------------------------------------------
-------------------------------------------------------------

 Number of errors encountered = 0 
