

Demonstration program for CVODE - SPGMR linear solver

Food web problem with ns species, ns = 6
Predator-prey interaction and diffusion on a 2-D square

Matrix parameters: a = 1   e = 1e+04   g = 5e-07
b parameter = 1
Diffusion coefficients: Dprey = 1   Dpred = 0.5
Rate parameter alpha = 1

Mesh dimensions (mx,my) are 6, 6.  Total system size is neq = 216 

Tolerances: reltol = 1e-05, abstol = 1e-05 

Preconditioning uses a product of:
  (1) Gauss-Seidel iterations with itmax = 5 iterations, and
  (2) interaction-only block-diagonal matrix with block-grouping
  Number of diagonal block groups = ngrp = 4  (ngx by ngy, ngx = 2, ngy = 2)


----------------------------------------------------------------------------


Preconditioner type is           jpre = SUN_PREC_LEFT

Gram-Schmidt method type is    gstype = SUN_MODIFIED_GS


c values at t = 0:

Species 1
10        10        10        10        10        10        
10        10.1678   10.3775   10.3775   10.1678   10        
10        10.3775   10.8493   10.8493   10.3775   10        
10        10.3775   10.8493   10.8493   10.3775   10        
10        10.1678   10.3775   10.3775   10.1678   10        
10        10        10        10        10        10        

Species 2
10        10        10        10        10        10        
10        10.3355   10.755    10.755    10.3355   10        
10        10.755    11.6987   11.6987   10.755    10        
10        10.755    11.6987   11.6987   10.755    10        
10        10.3355   10.755    10.755    10.3355   10        
10        10        10        10        10        10        

Species 3
10        10        10        10        10        10        
10        10.5033   11.1325   11.1325   10.5033   10        
10        11.1325   12.548    12.548    11.1325   10        
10        11.1325   12.548    12.548    11.1325   10        
10        10.5033   11.1325   11.1325   10.5033   10        
10        10        10        10        10        10        

Species 4
10        10        10        10        10        10        
10        10.6711   11.5099   11.5099   10.6711   10        
10        11.5099   13.3974   13.3974   11.5099   10        
10        11.5099   13.3974   13.3974   11.5099   10        
10        10.6711   11.5099   11.5099   10.6711   10        
10        10        10        10        10        10        

Species 5
10        10        10        10        10        10        
10        10.8389   11.8874   11.8874   10.8389   10        
10        11.8874   14.2467   14.2467   11.8874   10        
10        11.8874   14.2467   14.2467   11.8874   10        
10        10.8389   11.8874   11.8874   10.8389   10        
10        10        10        10        10        10        

Species 6
10        10        10        10        10        10        
10        11.0066   12.2649   12.2649   11.0066   10        
10        12.2649   15.0961   15.0961   12.2649   10        
10        12.2649   15.0961   15.0961   12.2649   10        
10        11.0066   12.2649   12.2649   11.0066   10        
10        10        10        10        10        10        

t =   1.00e-08  nst = 8  nfe = 15  nni = 12  qu = 2  hu =    2.14e-08

t =   1.00e-07  nst = 12  nfe = 19  nni = 16  qu = 2  hu =    4.35e-08

t =   1.00e-06  nst = 19  nfe = 29  nni = 26  qu = 3  hu =    1.76e-07

c values at t = 1e-06:

Species 1
9.99991   9.99992   9.99993   9.99993   9.99993   9.99992   
9.99992   10.1677   10.3774   10.3774   10.1677   9.99993   
9.99993   10.3774   10.8492   10.8492   10.3774   9.99993   
9.99993   10.3774   10.8492   10.8492   10.3774   9.99993   
9.99992   10.1677   10.3774   10.3774   10.1677   9.99992   
9.99991   9.99992   9.99993   9.99993   9.99992   9.99991   

Species 2
9.99991   9.99993   9.99995   9.99995   9.99993   9.99992   
9.99993   10.3355   10.7549   10.7549   10.3355   9.99993   
9.99995   10.7549   11.6985   11.6985   10.7549   9.99995   
9.99995   10.7549   11.6985   11.6985   10.7549   9.99995   
9.99993   10.3355   10.7549   10.7549   10.3355   9.99993   
9.99991   9.99993   9.99995   9.99995   9.99993   9.99991   

Species 3
9.99991   9.99994   9.99997   9.99997   9.99994   9.99992   
9.99994   10.5032   11.1323   11.1323   10.5032   9.99994   
9.99997   11.1323   12.5478   12.5478   11.1323   9.99997   
9.99997   11.1323   12.5478   12.5478   11.1323   9.99997   
9.99994   10.5032   11.1323   11.1323   10.5032   9.99994   
9.99991   9.99994   9.99997   9.99997   9.99994   9.99991   

Species 4
13.4993   13.4993   13.4993   13.4993   13.4993   13.4992   
13.4993   14.551    15.8937   15.8937   14.551    13.4993   
13.4993   15.8937   19.0315   19.0315   15.8937   13.4993   
13.4993   15.8937   19.0315   19.0315   15.8937   13.4993   
13.4993   14.551    15.8937   15.8937   14.551    13.4993   
13.4993   13.4993   13.4993   13.4993   13.4993   13.4993   

Species 5
13.4993   13.4993   13.4993   13.4993   13.4993   13.4992   
13.4993   14.7798   16.4149   16.4149   14.7798   13.4993   
13.4993   16.4149   20.238    20.238    16.4149   13.4993   
13.4993   16.4149   20.238    20.238    16.4149   13.4993   
13.4993   14.7798   16.4149   16.4149   14.7798   13.4993   
13.4993   13.4993   13.4993   13.4993   13.4993   13.4993   

Species 6
13.4993   13.4993   13.4993   13.4993   13.4993   13.4992   
13.4993   15.0085   16.9362   16.9362   15.0085   13.4993   
13.4993   16.9362   21.4444   21.4444   16.9362   13.4993   
13.4993   16.9362   21.4445   21.4444   16.9362   13.4993   
13.4993   15.0085   16.9362   16.9362   15.0085   13.4993   
13.4993   13.4993   13.4993   13.4993   13.4993   13.4993   

t =   1.00e-05  nst = 41  nfe = 54  nni = 51  qu = 5  hu =    5.32e-07

t =   1.00e-04  nst = 130  nfe = 146  nni = 143  qu = 3  hu =    8.50e-06

t =   1.00e-03  nst = 140  nfe = 160  nni = 157  qu = 2  hu =    5.11e-04

c values at t = 0.001:

Species 1
9.90702   9.91664   9.92836   9.93033   9.92253   9.91674   
9.91472   10.0746   10.2769   10.2785   10.0795   9.92253   
9.92446   10.2748   10.7181   10.7194   10.2785   9.93033   
9.92445   10.2744   10.7173   10.7181   10.2769   9.92836   
9.91469   10.0734   10.2744   10.2748   10.0746   9.91664   
9.90697   9.91469   9.92445   9.92446   9.91472   9.90702   

Species 2
9.90741   9.92474   9.94623   9.9482    9.93064   9.91713   
9.92282   10.2412   10.644    10.6457   10.2461   9.93064   
9.94232   10.6419   11.5267   11.5281   10.6457   9.9482    
9.94231   10.6415   11.5258   11.5267   10.644    9.94623   
9.92279   10.24     10.6415   10.6419   10.2412   9.92474   
9.90736   9.92279   9.94231   9.94232   9.92282   9.90741   

Species 3
9.9078    9.93284   9.96409   9.96606   9.93874   9.91752   
9.93092   10.4078   11.0109   11.0127   10.4127   9.93874   
9.96018   11.0088   12.3339   12.3354   11.0127   9.96606   
9.96017   11.0083   12.3329   12.3339   11.0109   9.96409   
9.93089   10.4065   11.0083   11.0088   10.4078   9.93284   
9.90775   9.93089   9.96017   9.96018   9.93092   9.9078    

Species 4
297231    297749    298393    298451    297925    297520    
297692    307244    319327    319378    307390    297925    
298276    319264    345799    345840    319378    298451    
298276    319252    345771    345799    319327    298393    
297691    307208    319252    319264    307244    297749    
297229    297691    298276    298276    297692    297231    

Species 5
297231    297749    298393    298451    297925    297520    
297692    307244    319327    319378    307390    297925    
298276    319264    345799    345840    319378    298451    
298276    319252    345771    345799    319327    298393    
297691    307208    319252    319264    307244    297749    
297229    297691    298276    298276    297692    297231    

Species 6
297231    297749    298393    298451    297925    297520    
297692    307244    319327    319378    307390    297925    
298276    319264    345799    345840    319378    298451    
298276    319252    345771    345799    319327    298393    
297691    307208    319252    319264    307244    297749    
297229    297691    298276    298276    297692    297231    

t =   1.00e-02  nst = 149  nfe = 171  nni = 168  qu = 3  hu =    1.45e-03

t =   1.00e-01  nst = 170  nfe = 196  nni = 193  qu = 5  hu =    6.85e-03

t =   1.00e+00  nst = 232  nfe = 262  nni = 259  qu = 3  hu =    2.51e-02

c values at t = 1:

Species 1
1.58852   1.59925   1.62153   1.64766   1.67037   1.6815    
1.58534   1.59505   1.61549   1.63953   1.66034   1.67037   
1.57758   1.58549   1.60241   1.62236   1.63953   1.64766   
1.56822   1.57413   1.58707   1.60241   1.61549   1.62153   
1.56049   1.56464   1.57413   1.58549   1.59505   1.59925   
1.55734   1.56049   1.56822   1.57758   1.58534   1.58852   

Species 2
1.59068   1.60142   1.62372   1.64988   1.67262   1.68376   
1.58749   1.59721   1.61768   1.64175   1.66258   1.67262   
1.57972   1.58764   1.60458   1.62456   1.64175   1.64988   
1.57035   1.57627   1.58923   1.60458   1.61768   1.62372   
1.56262   1.56677   1.57627   1.58764   1.59721   1.60142   
1.55946   1.56262   1.57035   1.57972   1.58749   1.59068   

Species 3
1.59272   1.60347   1.6258    1.65198   1.67475   1.6859    
1.58953   1.59925   1.61974   1.64384   1.66469   1.67475   
1.58175   1.58967   1.60663   1.62663   1.64384   1.65198   
1.57237   1.5783    1.59126   1.60663   1.61974   1.6258    
1.56463   1.56879   1.5783    1.58967   1.59925   1.60347   
1.56147   1.56463   1.57237   1.58175   1.58953   1.59272   

Species 4
47718.8   48040.7   48709.4   49493.9   50175.8   50509.9   
47623.1   47914.4   48528.2   49250     49874.8   50175.8   
47390.1   47627.3   48135.3   48734.5   49250     49493.9   
47108.9   47286.5   47674.9   48135.3   48528.2   48709.4   
46877     47001.5   47286.5   47627.3   47914.4   48040.7   
46782.2   46877     47108.9   47390.1   47623.1   47718.8   

Species 5
47718.8   48040.7   48709.4   49493.9   50175.8   50509.9   
47623.1   47914.4   48528.2   49250     49874.8   50175.8   
47390.1   47627.3   48135.3   48734.5   49250     49493.9   
47108.9   47286.5   47674.9   48135.3   48528.2   48709.4   
46877     47001.5   47286.5   47627.3   47914.4   48040.7   
46782.2   46877     47108.9   47390.1   47623.1   47718.8   

Species 6
47718.8   48040.7   48709.4   49493.9   50175.8   50509.9   
47623.1   47914.4   48528.2   49250     49874.8   50175.8   
47390.1   47627.3   48135.3   48734.5   49250     49493.9   
47108.9   47286.5   47674.9   48135.3   48528.2   48709.4   
46877     47001.5   47286.5   47627.3   47914.4   48040.7   
46782.2   46877     47108.9   47390.1   47623.1   47718.8   

t =   2.00e+00  nst = 263  nfe = 293  nni = 290  qu = 3  hu =    3.84e-02

t =   3.00e+00  nst = 283  nfe = 314  nni = 311  qu = 3  hu =    5.80e-02

t =   4.00e+00  nst = 294  nfe = 326  nni = 323  qu = 3  hu =    9.68e-02

c values at t = 4:

Species 1
1.19536   1.20368   1.2211    1.24158   1.25936   1.26801   
1.19281   1.20036   1.21636   1.23523   1.25154   1.25936   
1.18658   1.19274   1.20603   1.22174   1.23523   1.24158   
1.17905   1.18369   1.1939    1.20603   1.21636   1.2211    
1.17285   1.17613   1.18369   1.19274   1.20036   1.20368   
1.17033   1.17285   1.17905   1.18658   1.19281   1.19536   

Species 2
1.19539   1.20372   1.22114   1.24161   1.25939   1.26804   
1.19284   1.20039   1.2164    1.23527   1.25158   1.25939   
1.18661   1.19278   1.20606   1.22177   1.23527   1.24161   
1.17908   1.18372   1.19393   1.20606   1.2164    1.22114   
1.17288   1.17616   1.18372   1.19278   1.20039   1.20372   
1.17036   1.17288   1.17908   1.18661   1.19284   1.19539   

Species 3
1.19542   1.20375   1.22117   1.24165   1.25942   1.26808   
1.19287   1.20042   1.21643   1.2353    1.25161   1.25942   
1.18664   1.19281   1.2061    1.22181   1.2353    1.24165   
1.17911   1.18375   1.19397   1.2061    1.21643   1.22117   
1.17291   1.1762    1.18375   1.19281   1.20042   1.20375   
1.17039   1.17291   1.17911   1.18664   1.19287   1.19542   

Species 4
35860.8   36110.4   36632.6   37246.6   37779.7   38038.9   
35784.4   36010.5   36490.6   37056.4   37545.5   37779.7   
35597.4   35782.2   36180.7   36651.8   37056.4   37246.6   
35371.6   35510.5   35816.9   36180.7   36490.6   36632.6   
35185.6   35284     35510.5   35782.2   36010.5   36110.4   
35109.9   35185.6   35371.6   35597.4   35784.4   35860.8   

Species 5
35860.8   36110.4   36632.6   37246.6   37779.7   38038.9   
35784.4   36010.5   36490.6   37056.4   37545.5   37779.7   
35597.4   35782.2   36180.7   36651.8   37056.4   37246.6   
35371.6   35510.5   35816.9   36180.7   36490.6   36632.6   
35185.6   35284     35510.5   35782.2   36010.5   36110.4   
35109.9   35185.6   35371.6   35597.4   35784.4   35860.8   

Species 6
35860.8   36110.4   36632.6   37246.6   37779.7   38038.9   
35784.4   36010.5   36490.6   37056.4   37545.5   37779.7   
35597.4   35782.2   36180.7   36651.8   37056.4   37246.6   
35371.6   35510.5   35816.9   36180.7   36490.6   36632.6   
35185.6   35284     35510.5   35782.2   36010.5   36110.4   
35109.9   35185.6   35371.6   35597.4   35784.4   35860.8   

t =   5.00e+00  nst = 304  nfe = 336  nni = 333  qu = 3  hu =    9.68e-02

t =   6.00e+00  nst = 315  nfe = 348  nni = 345  qu = 3  hu =    9.68e-02

t =   7.00e+00  nst = 322  nfe = 357  nni = 354  qu = 2  hu =    2.49e-01

c values at t = 7:

Species 1
1.18854   1.19682   1.21415   1.23453   1.25221   1.26082   
1.186     1.19351   1.20944   1.22821   1.24444   1.25221   
1.1798    1.18593   1.19915   1.21479   1.22821   1.23453   
1.17231   1.17692   1.18708   1.19915   1.20944   1.21415   
1.16613   1.1694    1.17692   1.18593   1.19351   1.19682   
1.16362   1.16613   1.17231   1.1798    1.186     1.18854   

Species 2
1.18854   1.19682   1.21415   1.23453   1.25221   1.26082   
1.186     1.19351   1.20944   1.22821   1.24444   1.25221   
1.1798    1.18593   1.19916   1.21479   1.22821   1.23453   
1.17231   1.17692   1.18708   1.19916   1.20944   1.21415   
1.16614   1.1694    1.17692   1.18593   1.19351   1.19682   
1.16362   1.16614   1.17231   1.1798    1.186     1.18854   

Species 3
1.18854   1.19682   1.21415   1.23453   1.25221   1.26082   
1.186     1.19351   1.20944   1.22822   1.24444   1.25221   
1.1798    1.18593   1.19916   1.21479   1.22822   1.23453   
1.17231   1.17692   1.18708   1.19916   1.20944   1.21415   
1.16614   1.1694    1.17692   1.18593   1.19351   1.19682   
1.16363   1.16614   1.17231   1.1798    1.186     1.18854   

Species 4
35655.2   35903.6   36422.9   37034.2   37564.3   37822.3   
35579.3   35804.1   36281.9   36844.7   37331.6   37564.3   
35393.1   35577     35973.3   36442.3   36844.7   37034.2   
35168.3   35306.6   35611.4   35973.3   36281.9   36422.9   
34983.1   35081.1   35306.6   35577     35804.1   35903.6   
34907.9   34983.1   35168.3   35393.1   35579.3   35655.2   

Species 5
35655.2   35903.6   36422.9   37034.2   37564.3   37822.3   
35579.3   35804.1   36281.9   36844.7   37331.6   37564.3   
35393.1   35576.9   35973.4   36442.3   36844.7   37034.2   
35168.3   35306.6   35611.4   35973.4   36281.9   36422.9   
34983.1   35081.1   35306.6   35576.9   35804.1   35903.6   
34907.9   34983.1   35168.3   35393.1   35579.3   35655.2   

Species 6
35655.2   35903.6   36422.9   37034.2   37564.3   37822.3   
35579.2   35804.1   36281.9   36844.7   37331.5   37564.3   
35393.1   35576.9   35973.4   36442.3   36844.7   37034.2   
35168.3   35306.6   35611.4   35973.4   36281.9   36422.9   
34983.1   35081.1   35306.6   35576.9   35804.1   35903.6   
34907.9   34983.1   35168.3   35393.1   35579.2   35655.2   

t =   8.00e+00  nst = 326  nfe = 361  nni = 358  qu = 2  hu =    2.49e-01

t =   9.00e+00  nst = 329  nfe = 364  nni = 361  qu = 2  hu =    3.89e-01

t =   1.00e+01  nst = 331  nfe = 367  nni = 364  qu = 2  hu =    3.89e-01

c values at t = 10:

Species 1
1.18838   1.19667   1.21399   1.23436   1.25205   1.26065   
1.18585   1.19335   1.20928   1.22805   1.24428   1.25205   
1.17964   1.18578   1.199     1.21463   1.22805   1.23436   
1.17215   1.17676   1.18693   1.199     1.20928   1.21399   
1.16598   1.16925   1.17676   1.18578   1.19335   1.19667   
1.16347   1.16598   1.17215   1.17964   1.18585   1.18838   

Species 2
1.18838   1.19667   1.21399   1.23436   1.25205   1.26065   
1.18585   1.19335   1.20928   1.22805   1.24428   1.25205   
1.17964   1.18578   1.199     1.21463   1.22805   1.23436   
1.17215   1.17676   1.18693   1.199     1.20928   1.21399   
1.16598   1.16925   1.17676   1.18578   1.19335   1.19667   
1.16347   1.16598   1.17215   1.17964   1.18585   1.18838   

Species 3
1.18838   1.19667   1.21399   1.23436   1.25205   1.26065   
1.18585   1.19335   1.20928   1.22805   1.24428   1.25205   
1.17964   1.18578   1.199     1.21463   1.22805   1.23436   
1.17215   1.17676   1.18693   1.199     1.20928   1.21399   
1.16598   1.16925   1.17676   1.18578   1.19335   1.19667   
1.16347   1.16598   1.17215   1.17964   1.18585   1.18838   

Species 4
35650.5   35898.8   36418.3   37029.2   37559.6   37817     
35574.5   35799.5   36277.1   36840.1   37326.4   37559.6   
35388.5   35572.1   35968.8   36437.3   36840.1   37029.2   
35163.4   35302.1   35606.6   35968.8   36277.1   36418.3   
34978.8   35076.3   35302.1   35572.1   35799.5   35898.8   
34903.1   34978.8   35163.4   35388.5   35574.5   35650.5   

Species 5
35650.5   35898.8   36418.3   37029.2   37559.6   37817     
35574.6   35799.5   36277.1   36840.1   37326.4   37559.6   
35388.5   35572.1   35968.8   36437.3   36840.1   37029.2   
35163.4   35302.1   35606.6   35968.8   36277.1   36418.3   
34978.8   35076.3   35302.1   35572.1   35799.5   35898.8   
34903.1   34978.8   35163.4   35388.5   35574.6   35650.5   

Species 6
35650.5   35898.9   36418.3   37029.2   37559.6   37817     
35574.6   35799.5   36277.1   36840.1   37326.4   37559.6   
35388.5   35572.1   35968.7   36437.3   36840.1   37029.2   
35163.4   35302.1   35606.6   35968.7   36277.1   36418.3   
34978.7   35076.3   35302.1   35572.1   35799.5   35898.9   
34903.1   34978.7   35163.4   35388.5   35574.6   35650.5   



 Final statistics for this run:

 CVode real workspace length           = 2897 
 CVode integer workspace length        =   53 
 CVLS real workspace length            = 2646 
 CVLS integer workspace length         =   42 
 Number of steps                       =  331 
 Number of f-s                         =  367 
 Number of f-s (SPGMR)                 =  518 
 Number of f-s (TOTAL)                 =  885 
 Number of setups                      =   47 
 Number of nonlinear iterations        =  364 
 Number of linear iterations           =  518 
 Number of preconditioner evaluations  =   47 
 Number of preconditioner solves       =  861 
 Number of error test failures         =    2 
 Number of nonlinear conv. failures    =    0 
 Number of linear convergence failures =    0 
 Average Krylov subspace dimension     = 1.423 


----------------------------------------------------------------------------
----------------------------------------------------------------------------


Preconditioner type is           jpre = SUN_PREC_LEFT

Gram-Schmidt method type is    gstype = SUN_CLASSICAL_GS


t =   1.00e-08  nst = 8  nfe = 15  nni = 12  qu = 2  hu =    2.14e-08

t =   1.00e-07  nst = 12  nfe = 19  nni = 16  qu = 2  hu =    4.35e-08

t =   1.00e-06  nst = 19  nfe = 29  nni = 26  qu = 3  hu =    1.76e-07

t =   1.00e-05  nst = 41  nfe = 54  nni = 51  qu = 5  hu =    5.32e-07

t =   1.00e-04  nst = 130  nfe = 146  nni = 143  qu = 3  hu =    8.50e-06

t =   1.00e-03  nst = 140  nfe = 160  nni = 157  qu = 2  hu =    5.11e-04

t =   1.00e-02  nst = 149  nfe = 171  nni = 168  qu = 3  hu =    1.45e-03

t =   1.00e-01  nst = 170  nfe = 196  nni = 193  qu = 5  hu =    6.85e-03

t =   1.00e+00  nst = 232  nfe = 262  nni = 259  qu = 3  hu =    2.51e-02

t =   2.00e+00  nst = 263  nfe = 293  nni = 290  qu = 3  hu =    3.84e-02

t =   3.00e+00  nst = 283  nfe = 314  nni = 311  qu = 3  hu =    5.80e-02

t =   4.00e+00  nst = 294  nfe = 326  nni = 323  qu = 3  hu =    9.68e-02

t =   5.00e+00  nst = 304  nfe = 336  nni = 333  qu = 3  hu =    9.68e-02

t =   6.00e+00  nst = 315  nfe = 348  nni = 345  qu = 3  hu =    9.68e-02

t =   7.00e+00  nst = 322  nfe = 357  nni = 354  qu = 2  hu =    2.49e-01

t =   8.00e+00  nst = 326  nfe = 361  nni = 358  qu = 2  hu =    2.49e-01

t =   9.00e+00  nst = 329  nfe = 364  nni = 361  qu = 2  hu =    3.89e-01

t =   1.00e+01  nst = 331  nfe = 367  nni = 364  qu = 2  hu =    3.89e-01



 Final statistics for this run:

 CVode real workspace length           = 2897 
 CVode integer workspace length        =   53 
 CVLS real workspace length            = 2646 
 CVLS integer workspace length         =   42 
 Number of steps                       =  331 
 Number of f-s                         =  367 
 Number of f-s (SPGMR)                 =  518 
 Number of f-s (TOTAL)                 =  885 
 Number of setups                      =   47 
 Number of nonlinear iterations        =  364 
 Number of linear iterations           =  518 
 Number of preconditioner evaluations  =   47 
 Number of preconditioner solves       =  861 
 Number of error test failures         =    2 
 Number of nonlinear conv. failures    =    0 
 Number of linear convergence failures =    0 
 Average Krylov subspace dimension     = 1.423 


----------------------------------------------------------------------------
----------------------------------------------------------------------------


Preconditioner type is           jpre = SUN_PREC_RIGHT

Gram-Schmidt method type is    gstype = SUN_MODIFIED_GS


t =   1.00e-08  nst = 8  nfe = 15  nni = 12  qu = 2  hu =    2.14e-08

t =   1.00e-07  nst = 12  nfe = 19  nni = 16  qu = 2  hu =    4.35e-08

t =   1.00e-06  nst = 19  nfe = 29  nni = 26  qu = 3  hu =    1.76e-07

t =   1.00e-05  nst = 41  nfe = 54  nni = 51  qu = 5  hu =    5.32e-07

t =   1.00e-04  nst = 130  nfe = 146  nni = 143  qu = 3  hu =    8.50e-06

t =   1.00e-03  nst = 139  nfe = 155  nni = 152  qu = 2  hu =    6.40e-04

t =   1.00e-02  nst = 147  nfe = 166  nni = 163  qu = 3  hu =    1.82e-03

t =   1.00e-01  nst = 171  nfe = 193  nni = 190  qu = 4  hu =    6.76e-03

t =   1.00e+00  nst = 209  nfe = 239  nni = 236  qu = 5  hu =    4.51e-02

t =   2.00e+00  nst = 223  nfe = 255  nni = 252  qu = 5  hu =    1.11e-01

t =   3.00e+00  nst = 231  nfe = 264  nni = 261  qu = 5  hu =    1.72e-01

t =   4.00e+00  nst = 236  nfe = 269  nni = 266  qu = 5  hu =    1.72e-01

t =   5.00e+00  nst = 242  nfe = 275  nni = 272  qu = 5  hu =    1.72e-01

t =   6.00e+00  nst = 248  nfe = 282  nni = 279  qu = 5  hu =    1.72e-01

t =   7.00e+00  nst = 254  nfe = 289  nni = 286  qu = 5  hu =    1.72e-01

t =   8.00e+00  nst = 260  nfe = 295  nni = 292  qu = 5  hu =    1.72e-01

t =   9.00e+00  nst = 265  nfe = 300  nni = 297  qu = 5  hu =    1.72e-01

t =   1.00e+01  nst = 272  nfe = 311  nni = 308  qu = 5  hu =    1.28e-01



 Final statistics for this run:

 CVode real workspace length           = 2897 
 CVode integer workspace length        =   53 
 CVLS real workspace length            = 2646 
 CVLS integer workspace length         =   42 
 Number of steps                       =  272 
 Number of f-s                         =  311 
 Number of f-s (SPGMR)                 =  616 
 Number of f-s (TOTAL)                 =  927 
 Number of setups                      =   43 
 Number of nonlinear iterations        =  308 
 Number of linear iterations           =  616 
 Number of preconditioner evaluations  =   43 
 Number of preconditioner solves       =  893 
 Number of error test failures         =    3 
 Number of nonlinear conv. failures    =    0 
 Number of linear convergence failures =   50 
 Average Krylov subspace dimension     = 2.000 


----------------------------------------------------------------------------
----------------------------------------------------------------------------


Preconditioner type is           jpre = SUN_PREC_RIGHT

Gram-Schmidt method type is    gstype = SUN_CLASSICAL_GS


t =   1.00e-08  nst = 8  nfe = 15  nni = 12  qu = 2  hu =    2.14e-08

t =   1.00e-07  nst = 12  nfe = 19  nni = 16  qu = 2  hu =    4.35e-08

t =   1.00e-06  nst = 19  nfe = 29  nni = 26  qu = 3  hu =    1.76e-07

t =   1.00e-05  nst = 41  nfe = 54  nni = 51  qu = 5  hu =    5.32e-07

t =   1.00e-04  nst = 130  nfe = 146  nni = 143  qu = 3  hu =    8.50e-06

t =   1.00e-03  nst = 139  nfe = 155  nni = 152  qu = 2  hu =    6.40e-04

t =   1.00e-02  nst = 147  nfe = 166  nni = 163  qu = 3  hu =    1.82e-03

t =   1.00e-01  nst = 171  nfe = 193  nni = 190  qu = 4  hu =    6.76e-03

t =   1.00e+00  nst = 209  nfe = 239  nni = 236  qu = 5  hu =    4.51e-02

t =   2.00e+00  nst = 223  nfe = 255  nni = 252  qu = 5  hu =    1.11e-01

t =   3.00e+00  nst = 231  nfe = 264  nni = 261  qu = 5  hu =    1.72e-01

t =   4.00e+00  nst = 236  nfe = 269  nni = 266  qu = 5  hu =    1.72e-01

t =   5.00e+00  nst = 242  nfe = 275  nni = 272  qu = 5  hu =    1.72e-01

t =   6.00e+00  nst = 248  nfe = 282  nni = 279  qu = 5  hu =    1.72e-01

t =   7.00e+00  nst = 254  nfe = 289  nni = 286  qu = 5  hu =    1.72e-01

t =   8.00e+00  nst = 260  nfe = 295  nni = 292  qu = 5  hu =    1.72e-01

t =   9.00e+00  nst = 265  nfe = 300  nni = 297  qu = 5  hu =    1.72e-01

t =   1.00e+01  nst = 272  nfe = 311  nni = 308  qu = 5  hu =    1.28e-01



 Final statistics for this run:

 CVode real workspace length           = 2897 
 CVode integer workspace length        =   53 
 CVLS real workspace length            = 2646 
 CVLS integer workspace length         =   42 
 Number of steps                       =  272 
 Number of f-s                         =  311 
 Number of f-s (SPGMR)                 =  616 
 Number of f-s (TOTAL)                 =  927 
 Number of setups                      =   43 
 Number of nonlinear iterations        =  308 
 Number of linear iterations           =  616 
 Number of preconditioner evaluations  =   43 
 Number of preconditioner solves       =  893 
 Number of error test failures         =    3 
 Number of nonlinear conv. failures    =    0 
 Number of linear convergence failures =   50 
 Average Krylov subspace dimension     = 2.000 


----------------------------------------------------------------------------
----------------------------------------------------------------------------
