[ERROR][rank 0][/mnt/d/workon/sundials/src/cvode/cvode.c:3853][cvHandleFailure] At t = 45029449528.1723584935315804644435 repeated recoverable right-hand side function errors.
[ERROR][rank 0][/mnt/d/workon/sundials/src/cvode/cvode.c:3853][cvHandleFailure] At t = 45029449528.1723584935315804644435 repeated recoverable right-hand side function errors.
Ignore negative solution components

At t = 4.0000e-01      y =  9.851731e-01    3.386413e-05    1.479300e-02
At t = 4.0000e+00      y =  9.055310e-01    2.240644e-05    9.444656e-02
At t = 4.0000e+01      y =  7.157917e-01    9.184085e-06    2.841992e-01
At t = 4.0000e+02      y =  4.504720e-01    3.222542e-06    5.495248e-01
At t = 4.0000e+03      y =  1.831785e-01    8.940902e-07    8.168206e-01
At t = 4.0000e+04      y =  3.898711e-02    1.621937e-07    9.610127e-01
At t = 4.0000e+05      y =  4.940094e-03    1.985734e-08    9.950599e-01
At t = 4.0000e+06      y =  5.171609e-04    2.069701e-09    9.994828e-01
At t = 4.0000e+07      y =  5.197531e-05    2.079121e-10    9.999480e-01
At t = 4.0000e+08      y =  5.205229e-06    2.082102e-11    9.999948e-01
At t = 4.0000e+09      y =  5.607151e-07    2.242862e-12    9.999994e-01
At t = 4.0000e+10      y =  5.324446e-08    2.129778e-13    9.999999e-01
At t = 4.0000e+11      y = -2.877421e-08   -1.150968e-13    1.000000e+00
At t = 4.0000e+12      y = -5.422870e-09   -2.169148e-14    1.000000e+00

Final Statistics:
nst = 613    nfe = 858    nsetups = 123    nfeLS = 51     nje = 17
nni = 855    nnf = 7      netf = 23        ncfn = 2     

Intercept negative solution components

At t = 4.0000e-01      y =  9.851731e-01    3.386413e-05    1.479300e-02
At t = 4.0000e+00      y =  9.055310e-01    2.240644e-05    9.444656e-02
At t = 4.0000e+01      y =  7.157917e-01    9.184085e-06    2.841992e-01
At t = 4.0000e+02      y =  4.504720e-01    3.222542e-06    5.495248e-01
At t = 4.0000e+03      y =  1.831785e-01    8.940902e-07    8.168206e-01
At t = 4.0000e+04      y =  3.898711e-02    1.621937e-07    9.610127e-01
At t = 4.0000e+05      y =  4.940094e-03    1.985734e-08    9.950599e-01
At t = 4.0000e+06      y =  5.171609e-04    2.069701e-09    9.994828e-01
At t = 4.0000e+07      y =  5.197531e-05    2.079121e-10    9.999480e-01
At t = 4.0000e+08      y =  5.205229e-06    2.082102e-11    9.999948e-01
At t = 4.0000e+09      y =  5.607151e-07    2.242862e-12    9.999994e-01
At t = 4.0000e+10      y =  1.317544e-08    5.270185e-14    1.000000e+00
At t = 4.5029e+10      y = -9.507374e-09   -3.802951e-14    1.000000e+00
At t = 4.5029e+10      y = -9.507374e-09   -3.802951e-14    1.000000e+00

Final Statistics:
nst = 599    nfe = 842    nsetups = 108    nfeLS = 42     nje = 14
nni = 817    nnf = 24     netf = 20        ncfn = 22    

