 
Accelerating rocket problem

At t = 1.0000e+00      y =  7.642650e+01    1.459757e+02
At t = 2.0000e+00      y =  2.798860e+02    2.557175e+02
At t = 3.0000e+00      y =  5.790103e+02    3.386506e+02
At t = 4.0000e+00      y =  9.506096e+02    4.017373e+02
At t = 5.0000e+00      y =  1.377588e+03    4.501508e+02
At t = 6.0000e+00      y =  1.847288e+03    4.877345e+02
At t = 7.0000e+00      y =  2.350342e+03    5.173254e+02
At t = 8.0000e+00      y =  2.879951e+03    5.410493e+02
At t = 9.0000e+00      y =  3.430966e+03    5.604677e+02
At t = 1.0000e+01      y =  3.999812e+03    5.766963e+02
    rootsfound[] =  -1   0
At t = 1.1000e+01      y =  4.483547e+03    3.995950e+02
At t = 1.2000e+01      y =  4.814163e+03    2.683595e+02
At t = 1.3000e+01      y =  5.031366e+03    1.711112e+02
At t = 1.4000e+01      y =  5.164491e+03    9.914203e+01
At t = 1.5000e+01      y =  5.235444e+03    4.566371e+01
At t = 1.6000e+01      y =  5.260495e+03    6.268639e+00
At t = 1.6191e+01      y =  5.261138e+03   -1.078521e-32
    rootsfound[] =  -1
At t = 1.7000e+01      y =  5.251406e+03   -2.304934e+01
At t = 1.8000e+01      y =  5.217149e+03   -4.445077e+01
At t = 1.9000e+01      y =  5.164160e+03   -6.038355e+01
At t = 2.0000e+01      y =  5.097715e+03   -7.232173e+01
At t = 2.1000e+01      y =  5.020384e+03   -8.139230e+01
At t = 2.2000e+01      y =  4.935509e+03   -8.792081e+01
At t = 2.3000e+01      y =  4.845024e+03   -9.275820e+01
At t = 2.4000e+01      y =  4.750307e+03   -9.639462e+01
At t = 2.5000e+01      y =  4.652473e+03   -9.908456e+01
At t = 2.6000e+01      y =  4.552329e+03   -1.010769e+02
At t = 2.7000e+01      y =  4.450464e+03   -1.025419e+02
At t = 2.8000e+01      y =  4.347320e+03   -1.036198e+02
At t = 2.9000e+01      y =  4.243246e+03   -1.044192e+02
At t = 3.0000e+01      y =  4.138474e+03   -1.050513e+02
At t = 3.1000e+01      y =  4.033124e+03   -1.055255e+02
At t = 3.2000e+01      y =  3.927416e+03   -1.058021e+02
At t = 3.3000e+01      y =  3.821526e+03   -1.059974e+02
At t = 3.4000e+01      y =  3.715368e+03   -1.061735e+02
At t = 3.5000e+01      y =  3.609099e+03   -1.063026e+02
At t = 3.6000e+01      y =  3.502751e+03   -1.063974e+02
At t = 3.7000e+01      y =  3.396340e+03   -1.064716e+02
At t = 3.8000e+01      y =  3.289856e+03   -1.065284e+02
At t = 3.9000e+01      y =  3.183319e+03   -1.065573e+02
At t = 4.0000e+01      y =  3.076768e+03   -1.065799e+02
At t = 4.1000e+01      y =  2.970192e+03   -1.066143e+02
At t = 4.2000e+01      y =  2.863561e+03   -1.066533e+02
At t = 4.3000e+01      y =  2.756883e+03   -1.066648e+02
At t = 4.4000e+01      y =  2.650217e+03   -1.066463e+02
At t = 4.5000e+01      y =  2.543594e+03   -1.066556e+02
At t = 4.6000e+01      y =  2.436894e+03   -1.066744e+02
At t = 4.7000e+01      y =  2.330187e+03   -1.066484e+02
At t = 4.8000e+01      y =  2.223578e+03   -1.066447e+02
At t = 4.9000e+01      y =  2.116937e+03   -1.066480e+02
At t = 5.0000e+01      y =  2.010285e+03   -1.066545e+02
At t = 5.1000e+01      y =  1.903616e+03   -1.066564e+02
At t = 5.2000e+01      y =  1.796946e+03   -1.066559e+02
At t = 5.3000e+01      y =  1.690291e+03   -1.066595e+02
At t = 5.4000e+01      y =  1.583620e+03   -1.066654e+02
At t = 5.5000e+01      y =  1.476947e+03   -1.066711e+02
At t = 5.6000e+01      y =  1.370271e+03   -1.066766e+02
At t = 5.7000e+01      y =  1.263590e+03   -1.066803e+02
At t = 5.8000e+01      y =  1.156906e+03   -1.066826e+02
At t = 5.9000e+01      y =  1.050222e+03   -1.066783e+02
At t = 6.0000e+01      y =  9.435492e+02   -1.066736e+02
At t = 6.1000e+01      y =  8.368781e+02   -1.066730e+02
At t = 6.2000e+01      y =  7.301811e+02   -1.066683e+02
At t = 6.3000e+01      y =  6.234764e+02   -1.066626e+02
At t = 6.4000e+01      y =  5.168141e+02   -1.066649e+02
At t = 6.5000e+01      y =  4.101380e+02   -1.066842e+02
At t = 6.6000e+01      y =  3.034417e+02   -1.066812e+02
At t = 6.7000e+01      y =  1.967752e+02   -1.066640e+02
At t = 6.8000e+01      y =  9.012001e+01   -1.066633e+02
At t = 6.9000e+01      y = -1.654406e+01   -1.066595e+02

Final Statistics:
nst = 94     nfe  = 158    nsetups = 35     nfeLS = 0      nje =  9
nni = 155    ncfn = 7      netf = 6      nge = 181
 
