
1-D advection-diffusion equation, mesh size = 10
Sensitivity: YES ( STAGGERED + FULL ERROR CONTROL )

============================================================
     T     Q       H      NST                    Max norm   
============================================================
5.000e-01  3  5.517e-03   128
                                Solution         3.0529e+00 
                                Sensitivity 1    3.8668e+00 
                                Sensitivity 2    6.2020e-01 
------------------------------------------------------------
1.000e+00  3  8.418e-03   191
                                Solution         8.7534e-01 
                                Sensitivity 1    2.1743e+00 
                                Sensitivity 2    1.8909e-01 
------------------------------------------------------------
1.500e+00  3  8.418e-03   250
                                Solution         2.4949e-01 
                                Sensitivity 1    9.1826e-01 
                                Sensitivity 2    7.3922e-02 
------------------------------------------------------------
2.000e+00  3  8.418e-03   309
                                Solution         7.1100e-02 
                                Sensitivity 1    3.4668e-01 
                                Sensitivity 2    2.8226e-02 
------------------------------------------------------------
2.500e+00  3  8.418e-03   369
                                Solution         2.0262e-02 
                                Sensitivity 1    1.2301e-01 
                                Sensitivity 2    1.0086e-02 
------------------------------------------------------------
3.000e+00  2  7.492e-03   436
                                Solution         5.7731e-03 
                                Sensitivity 1    4.1958e-02 
                                Sensitivity 2    3.4560e-03 
------------------------------------------------------------
3.500e+00  2  8.428e-03   506
                                Solution         1.6431e-03 
                                Sensitivity 1    1.3921e-02 
                                Sensitivity 2    1.1664e-03 
------------------------------------------------------------
4.000e+00  2  8.500e-03   575
                                Solution         4.6845e-04 
                                Sensitivity 1    4.5306e-03 
                                Sensitivity 2    3.8565e-04 
------------------------------------------------------------
4.500e+00  1  1.026e-02   658
                                Solution         1.3446e-04 
                                Sensitivity 1    1.4576e-03 
                                Sensitivity 2    1.2614e-04 
------------------------------------------------------------
5.000e+00  1  1.004e-02   739
                                Solution         3.8785e-05 
                                Sensitivity 1    4.6608e-04 
                                Sensitivity 2    4.0688e-05 
------------------------------------------------------------

Final Statistics

nst     =   739

nfe     =  1842
netf    =     0    nsetups  =     0
nni     =  1051    ncfn     =    13

nfSe    =  2282    nfeS     =  4564
netfs   =     0    nsetupsS =     0
nniS    =  1138    ncfnS    =    49
