
1-D advection-diffusion equation, mesh size = 10 

Number of PEs =   2 
Sensitivity: YES ( STAGGERED + FULL ERROR CONTROL )

============================================================
     T     Q       H      NST                    Max norm   
============================================================
5.000e-01  3  6.065e-03   154
                                Solution         2.9536e+00 
                                Sensitivity 1    3.7415e+00 
                                Sensitivity 2    4.1763e-01 
------------------------------------------------------------
1.000e+00  2  9.243e-03   228
                                Solution         8.3668e-01 
                                Sensitivity 1    2.0424e+00 
                                Sensitivity 2    1.8909e-01 
------------------------------------------------------------
1.500e+00  2  6.488e-03   289
                                Solution         2.3838e-01 
                                Sensitivity 1    8.6659e-01 
                                Sensitivity 2    7.3919e-02 
------------------------------------------------------------
2.000e+00  2  9.303e-03   363
                                Solution         6.7929e-02 
                                Sensitivity 1    3.2814e-01 
                                Sensitivity 2    2.8226e-02 
------------------------------------------------------------
2.500e+00  3  3.902e-03   480
                                Solution         1.9355e-02 
                                Sensitivity 1    1.1666e-01 
                                Sensitivity 2    1.0085e-02 
------------------------------------------------------------
3.000e+00  3  3.902e-03   608
                                Solution         5.5077e-03 
                                Sensitivity 1    3.9829e-02 
                                Sensitivity 2    3.4556e-03 
------------------------------------------------------------
3.500e+00  3  3.902e-03   736
                                Solution         1.5749e-03 
                                Sensitivity 1    1.3247e-02 
                                Sensitivity 2    1.1670e-03 
------------------------------------------------------------
4.000e+00  3  3.902e-03   864
                                Solution         4.4244e-04 
                                Sensitivity 1    4.3022e-03 
                                Sensitivity 2    3.8639e-04 
------------------------------------------------------------
4.500e+00  3  3.902e-03   992
                                Solution         1.1955e-04 
                                Sensitivity 1    1.3737e-03 
                                Sensitivity 2    1.2546e-04 
------------------------------------------------------------
5.000e+00  3  3.902e-03  1120
                                Solution         4.3972e-05 
                                Sensitivity 1    4.4790e-04 
                                Sensitivity 2    4.0077e-05 
------------------------------------------------------------

Final Statistics

nst     =  1120

nfe     =  2597
netf    =     0    nsetups  =     0
nni     =  1470    ncfn     =     9

nfSe    =  3028    nfeS     =  6056
netfs   =     0    nsetupsS =     0
nniS    =  1511    ncfnS    =     4
