
Parallel Krylov adjoint sensitivity analysis example
2D Advection diffusion PDE with homogeneous Neumann B.C.
Computes gradient of G = int_t_Omega ( c_i^2 ) dt dOmega
with respect to the source values at each grid point.

Domain:
   0.000000 < x < 20.000000   mx = 80  npe_x = 2 
   0.000000 < y < 20.000000   my = 80  npe_y = 2 

Begin forward integration... done.   G = 3.872862e+02

Final Statistics.. 

lenrw   =  85429     leniw =    236
llrw    =  78786     lliw  =    126
nst     =    132
nfe     =    138     nfel  =    246
nni     =    135     nli   =    246
nsetups =     19     netf  =      0
npe     =      3     nps   =    372
ncfn    =      0     ncfl  =      0

Begin backward integration... done.

Final Statistics.. 

lenrw   = 150999     leniw =    236
llrw    =  78786     lliw  =    126
nst     =    126
nfe     =    139     nfel  =    263
nni     =    136     nli   =    263
nsetups =     21     netf  =      0
npe     =      3     nps   =    387
ncfn    =      0     ncfl  =      0

