
1-D advection-diffusion equation, mesh size = 10 

Number of PEs =   2 
Sensitivity: YES ( SIMULTANEOUS + FULL ERROR CONTROL )

============================================================
     T     Q       H      NST                    Max norm   
============================================================
5.000e-01  3  7.068e-03   109
                                Solution         2.9536e+00 
                                Sensitivity 1    3.7415e+00 
                                Sensitivity 2    4.1763e-01 
------------------------------------------------------------
1.000e+00  2  1.198e-02   174
                                Solution         8.3670e-01 
                                Sensitivity 1    2.0424e+00 
                                Sensitivity 2    1.8909e-01 
------------------------------------------------------------
1.500e+00  2  1.450e-02   240
                                Solution         2.3839e-01 
                                Sensitivity 1    8.6661e-01 
                                Sensitivity 2    7.3921e-02 
------------------------------------------------------------
2.000e+00  2  5.005e-03   320
                                Solution         6.7934e-02 
                                Sensitivity 1    3.2816e-01 
                                Sensitivity 2    2.8228e-02 
------------------------------------------------------------
2.500e+00  2  4.269e-03   403
                                Solution         1.9359e-02 
                                Sensitivity 1    1.1665e-01 
                                Sensitivity 2    1.0085e-02 
------------------------------------------------------------
3.000e+00  4  1.227e-02   476
                                Solution         5.5167e-03 
                                Sensitivity 1    3.9818e-02 
                                Sensitivity 2    3.4556e-03 
------------------------------------------------------------
3.500e+00  2  9.750e-03   544
                                Solution         1.5720e-03 
                                Sensitivity 1    1.3243e-02 
                                Sensitivity 2    1.1669e-03 
------------------------------------------------------------
4.000e+00  2  4.170e-03   618
                                Solution         4.4947e-04 
                                Sensitivity 1    4.3177e-03 
                                Sensitivity 2    3.8734e-04 
------------------------------------------------------------
4.500e+00  2  9.979e-03   698
                                Solution         1.2864e-04 
                                Sensitivity 1    1.3917e-03 
                                Sensitivity 2    1.2620e-04 
------------------------------------------------------------
5.000e+00  1  1.190e-02   772
                                Solution         3.7055e-05 
                                Sensitivity 1    4.4313e-04 
                                Sensitivity 2    4.0723e-05 
------------------------------------------------------------

Final Statistics

nst     =   772

nfe     =  1371
netf    =     1    nsetups  =     0
nni     =  1368    ncfn     =   126

nfSe    =  2742    nfeS     =  5484
netfs   =     0    nsetupsS =     0
nniS    =     0    ncfnS    =     0
