
1-D advection-diffusion equation, mesh size = 10
Sensitivity: YES ( SIMULTANEOUS + FULL ERROR CONTROL )

============================================================
     T     Q       H      NST                    Max norm   
============================================================
5.000e-01  3  9.049e-03   116
                                Solution         3.0529e+00 
                                Sensitivity 1    3.8668e+00 
                                Sensitivity 2    6.2020e-01 
------------------------------------------------------------
1.000e+00  3  1.716e-02   181
                                Solution         8.7532e-01 
                                Sensitivity 1    2.1743e+00 
                                Sensitivity 2    1.8909e-01 
------------------------------------------------------------
1.500e+00  2  8.726e-03   251
                                Solution         2.4948e-01 
                                Sensitivity 1    9.1826e-01 
                                Sensitivity 2    7.3922e-02 
------------------------------------------------------------
2.000e+00  2  2.708e-03   315
                                Solution         7.1094e-02 
                                Sensitivity 1    3.4666e-01 
                                Sensitivity 2    2.8228e-02 
------------------------------------------------------------
2.500e+00  2  6.180e-03   400
                                Solution         2.0260e-02 
                                Sensitivity 1    1.2301e-01 
                                Sensitivity 2    1.0085e-02 
------------------------------------------------------------
3.000e+00  2  1.975e-02   479
                                Solution         5.7733e-03 
                                Sensitivity 1    4.1956e-02 
                                Sensitivity 2    3.4556e-03 
------------------------------------------------------------
3.500e+00  2  1.313e-02   550
                                Solution         1.6452e-03 
                                Sensitivity 1    1.3920e-02 
                                Sensitivity 2    1.1669e-03 
------------------------------------------------------------
4.000e+00  2  1.382e-02   622
                                Solution         4.6883e-04 
                                Sensitivity 1    4.5234e-03 
                                Sensitivity 2    3.8633e-04 
------------------------------------------------------------
4.500e+00  1  4.900e-03   695
                                Solution         1.3441e-04 
                                Sensitivity 1    1.4567e-03 
                                Sensitivity 2    1.2603e-04 
------------------------------------------------------------
5.000e+00  1  8.923e-03   770
                                Solution         3.8860e-05 
                                Sensitivity 1    4.6724e-04 
                                Sensitivity 2    4.0793e-05 
------------------------------------------------------------

Final Statistics

nst     =   770

nfe     =  1372
netf    =     2    nsetups  =     0
nni     =  1369    ncfn     =   124

nfSe    =  2744    nfeS     =  5488
netfs   =     0    nsetupsS =     0
nniS    =     0    ncfnS    =     0
