
2-species diurnal advection-diffusion problem
Sensitivity: YES ( STAGGERED + FULL ERROR CONTROL )

========================================================================
     T     Q       H      NST                    Bottom left  Top right 
========================================================================
7.200e+03  5  1.010e+02   202
                                Solution         1.0468e+04   1.1185e+04 
                                                 2.5267e+11   2.6998e+11 
                                ----------------------------------------
                                Sensitivity 1   -6.4201e+19  -6.8598e+19 
                                                 7.1178e+19   7.6556e+19 
                                ----------------------------------------
                                Sensitivity 2   -4.3853e+14  -5.0065e+14 
                                                -2.4407e+18  -2.7842e+18 
------------------------------------------------------------------------
1.440e+04  5  3.578e+02   233
                                Solution         6.6590e+06   7.3008e+06 
                                                 2.5819e+11   2.8329e+11 
                                ----------------------------------------
                                Sensitivity 1   -4.0848e+22  -4.4785e+22 
                                                 5.9549e+22   6.7173e+22 
                                ----------------------------------------
                                Sensitivity 2   -4.5235e+17  -5.4317e+17 
                                                -6.5418e+21  -7.8315e+21 
------------------------------------------------------------------------
2.160e+04  4  2.687e+02   263
                                Solution         2.6650e+07   2.9307e+07 
                                                 2.9928e+11   3.3134e+11 
                                ----------------------------------------
                                Sensitivity 1   -1.6346e+23  -1.7976e+23 
                                                 3.8203e+23   4.4991e+23 
                                ----------------------------------------
                                Sensitivity 2   -7.6600e+18  -9.4432e+18 
                                                -7.6458e+22  -9.4501e+22 
------------------------------------------------------------------------
2.880e+04  3  1.393e+02   315
                                Solution         8.7021e+06   9.6500e+06 
                                                 3.3803e+11   3.7510e+11 
                                ----------------------------------------
                                Sensitivity 1   -5.3375e+22  -5.9187e+22 
                                                 5.4487e+23   6.7430e+23 
                                ----------------------------------------
                                Sensitivity 2   -4.8855e+18  -6.1040e+18 
                                                -1.7194e+23  -2.1518e+23 
------------------------------------------------------------------------
3.600e+04  4  6.503e+01   355
                                Solution         1.4040e+04   1.5609e+04 
                                                 3.3868e+11   3.7652e+11 
                                ----------------------------------------
                                Sensitivity 1   -8.6140e+19  -9.5761e+19 
                                                 5.2718e+23   6.6029e+23 
                                ----------------------------------------
                                Sensitivity 2   -8.4328e+15  -1.0549e+16 
                                                -1.8439e+23  -2.3096e+23 
------------------------------------------------------------------------
4.320e+04  4  2.134e+02   424
                                Solution         4.7715e-06   6.9299e-06 
                                                 3.3823e+11   3.8035e+11 
                                ----------------------------------------
                                Sensitivity 1   -1.7724e+10  -2.9943e+10 
                                                 5.2753e+23   6.7448e+23 
                                ----------------------------------------
                                Sensitivity 2   -2.7328e+08  -3.6560e+08 
                                                -1.8454e+23  -2.3595e+23 
------------------------------------------------------------------------
5.040e+04  4  3.691e+02   448
                                Solution         1.0780e-10   9.8421e-11 
                                                 3.3582e+11   3.8644e+11 
                                ----------------------------------------
                                Sensitivity 1    1.8254e+08   1.6855e+08 
                                                 5.2066e+23   6.9664e+23 
                                ----------------------------------------
                                Sensitivity 2   -1.2712e+08  -1.6491e+08 
                                                -1.8214e+23  -2.4370e+23 
------------------------------------------------------------------------
5.760e+04  5  6.284e+02   460
                                Solution         9.4278e-12   8.6226e-12 
                                                 3.3203e+11   3.9090e+11 
                                ----------------------------------------
                                Sensitivity 1   -1.7898e+06  -1.6113e+06 
                                                 5.0825e+23   7.1205e+23 
                                ----------------------------------------
                                Sensitivity 2    1.0042e+06   1.2672e+06 
                                                -1.7780e+23  -2.4909e+23 
------------------------------------------------------------------------
6.480e+04  4  2.843e+02   489
                                Solution        -5.7245e-08  -5.2986e-08 
                                                 3.3130e+11   3.9634e+11 
                                ----------------------------------------
                                Sensitivity 1    2.5229e+09   2.2955e+09 
                                                 5.0442e+23   7.3273e+23 
                                ----------------------------------------
                                Sensitivity 2    4.3141e+03   2.2878e+03 
                                                -1.7646e+23  -2.5633e+23 
------------------------------------------------------------------------
7.200e+04  5  4.918e+02   504
                                Solution        -9.5577e-08  -8.2401e-08 
                                                 3.3297e+11   4.0388e+11 
                                ----------------------------------------
                                Sensitivity 1   -9.3953e+09  -7.5529e+09 
                                                 5.0783e+23   7.6382e+23 
                                ----------------------------------------
                                Sensitivity 2    7.0893e+06   9.0043e+06 
                                                -1.7765e+23  -2.6720e+23 
------------------------------------------------------------------------
7.920e+04  5  8.018e+02   518
                                Solution         2.9604e-08   2.4396e-08 
                                                 3.3344e+11   4.1203e+11 
                                ----------------------------------------
                                Sensitivity 1   -6.6445e+08  -5.7262e+08 
                                                 5.0730e+23   7.9959e+23 
                                ----------------------------------------
                                Sensitivity 2    2.7235e+07   3.4466e+07 
                                                -1.7747e+23  -2.7972e+23 
------------------------------------------------------------------------
8.640e+04  5  8.018e+02   527
                                Solution        -5.1602e-09  -4.2130e-09 
                                                 3.3518e+11   4.1625e+11 
                                ----------------------------------------
                                Sensitivity 1    2.6199e+07   2.1239e+07 
                                                 5.1171e+23   8.2142e+23 
                                ----------------------------------------
                                Sensitivity 2   -1.8473e+06  -2.3292e+06 
                                                -1.7901e+23  -2.8736e+23 
------------------------------------------------------------------------

Final Statistics

nst     =   527

nfe     =  1144
netf    =    10    nsetups  =    94
nni     =   600    ncfn     =     0

nfSe    =  1250    nfeS     =  2500
netfs   =    14    nsetupsS =     0
nniS    =   622    ncfnS    =     0
