
2-species diurnal advection-diffusion problem
Sensitivity: YES ( SIMULTANEOUS + FULL ERROR CONTROL )

========================================================================
     T     Q       H      NST                    Bottom left  Top right 
========================================================================
7.200e+03  4  4.059e+00   460
                                Solution         1.0593e+04   1.1152e+04 
                                                 2.5567e+11   2.6917e+11 
                                ----------------------------------------
                                Sensitivity 1   -6.4963e+19  -6.8394e+19 
                                                 7.2120e+19   7.6303e+19 
                                ----------------------------------------
                                Sensitivity 2   -4.4900e+14  -4.9768e+14 
                                                -2.5038e+18  -2.7671e+18 
------------------------------------------------------------------------
1.440e+04  2  2.571e+01   828
                                Solution         6.9172e+06   7.2517e+06 
                                                 2.6829e+11   2.8137e+11 
                                ----------------------------------------
                                Sensitivity 1   -4.2432e+22  -4.4483e+22 
                                                 6.2762e+22   6.6564e+22 
                                ----------------------------------------
                                Sensitivity 2   -4.8955e+17  -5.3580e+17 
                                                -7.1116e+21  -7.7237e+21 
------------------------------------------------------------------------
2.160e+04  2  1.326e+01  1496
                                Solution         2.7558e+07   2.9196e+07 
                                                 3.1024e+11   3.3000e+11 
                                ----------------------------------------
                                Sensitivity 1   -1.6903e+23  -1.7907e+23 
                                                 4.0588e+23   4.4683e+23 
                                ----------------------------------------
                                Sensitivity 2   -8.2851e+18  -9.3610e+18 
                                                -8.2851e+22  -9.3662e+22 
------------------------------------------------------------------------
2.880e+04  3  5.575e+01  1718
                                Solution         8.9631e+06   9.8602e+06 
                                                 3.4824e+11   3.8331e+11 
                                ----------------------------------------
                                Sensitivity 1   -5.4975e+22  -6.0476e+22 
                                                 5.8239e+23   7.0578e+23 
                                ----------------------------------------
                                Sensitivity 2   -5.2367e+18  -6.4007e+18 
                                                -1.8450e+23  -2.2574e+23 
------------------------------------------------------------------------
3.600e+04  3  3.502e+01  1846
                                Solution         1.4433e+04   1.6660e+04 
                                                 3.4814e+11   4.0186e+11 
                                ----------------------------------------
                                Sensitivity 1   -8.8547e+19  -1.0220e+20 
                                                 5.6473e+23   7.6273e+23 
                                ----------------------------------------
                                Sensitivity 2   -9.0220e+15  -1.2170e+16 
                                                -1.9753e+23  -2.6679e+23 
------------------------------------------------------------------------
4.320e+04  4  3.459e+02  2181
                                Solution        -2.9275e-14  -1.4453e-14 
                                                 3.4900e+11   4.0867e+11 
                                ----------------------------------------
                                Sensitivity 1   -3.9399e+04  -7.9657e+03 
                                                 5.7083e+23   7.9553e+23 
                                ----------------------------------------
                                Sensitivity 2    2.9258e+00   4.4155e+00 
                                                -1.9969e+23  -2.7830e+23 
------------------------------------------------------------------------
5.040e+04  4  3.459e+02  2201
                                Solution         2.9854e-14   4.4164e-14 
                                                 3.5570e+11   4.1225e+11 
                                ----------------------------------------
                                Sensitivity 1   -1.8449e+02  -2.7086e+02 
                                                 5.9553e+23   8.1822e+23 
                                ----------------------------------------
                                Sensitivity 2   -5.1575e-03  -7.2012e-03 
                                                -2.0833e+23  -2.8624e+23 
------------------------------------------------------------------------
5.760e+04  4  2.225e+02  2225
                                Solution        -2.2464e-07  -1.4458e-08 
                                                 3.6425e+11   4.1628e+11 
                                ----------------------------------------
                                Sensitivity 1    4.4161e+08   3.0554e+07 
                                                 6.2592e+23   8.4334e+23 
                                ----------------------------------------
                                Sensitivity 2    4.1003e+03   3.2522e+02 
                                                -2.1897e+23  -2.9502e+23 
------------------------------------------------------------------------
6.480e+04  5  1.907e+02  2255
                                Solution        -2.2887e-09  -7.1895e-10 
                                                 3.6334e+11   4.2182e+11 
                                ----------------------------------------
                                Sensitivity 1   -2.5558e+10  -4.9461e+09 
                                                 6.2461e+23   8.7310e+23 
                                ----------------------------------------
                                Sensitivity 2   -1.6996e+03  -2.2025e+04 
                                                -2.1850e+23  -3.0543e+23 
------------------------------------------------------------------------
7.200e+04  4  3.646e+02  2341
                                Solution         3.3347e-15  -3.3533e-16 
                                                 3.6192e+11   4.3354e+11 
                                ----------------------------------------
                                Sensitivity 1   -9.6012e+03   1.3901e+03 
                                                 6.2310e+23   9.2797e+23 
                                ----------------------------------------
                                Sensitivity 2   -4.0903e-01  -8.1281e-01 
                                                -2.1798e+23  -3.2463e+23 
------------------------------------------------------------------------
7.920e+04  5  5.499e+02  2361
                                Solution         3.5987e-20  -4.0208e-21 
                                                 3.6148e+11   4.4474e+11 
                                ----------------------------------------
                                Sensitivity 1   -1.1963e-01   1.5264e-02 
                                                 6.2481e+23   9.8067e+23 
                                ----------------------------------------
                                Sensitivity 2   -9.7049e-07   5.7840e-07 
                                                -2.1858e+23  -3.4307e+23 
------------------------------------------------------------------------
8.640e+04  5  5.499e+02  2374
                                Solution        -8.1580e-21   9.2821e-22 
                                                 3.6318e+11   4.4524e+11 
                                ----------------------------------------
                                Sensitivity 1    1.9093e-02  -2.5612e-03 
                                                 6.3248e+23   9.8819e+23 
                                ----------------------------------------
                                Sensitivity 2    3.5770e-07   4.1828e-07 
                                                -2.2126e+23  -3.4570e+23 
------------------------------------------------------------------------

Final Statistics

nst     =  2374

nfe     =  3384
netf    =   176    nsetups  =   481
nni     =  3380    ncfn     =    10

nfSe    =  6768    nfeS     = 13536
netfs   =     0    nsetupsS =     0
nniS    =     0    ncfnS    =     0

nli     =  7118    ncfl     =     0
npe     =    51    nps      = 15281
