
2-species diurnal advection-diffusion problem

t = 7.20e+03   no. steps = 204   order = 5   stepsize = 1.91e+02
At bottom left:  c1, c2 =    1.047e+04    2.527e+11 
At top right:    c1, c2 =    1.119e+04    2.700e+11 

t = 1.44e+04   no. steps = 232   order = 5   stepsize = 4.53e+02
At bottom left:  c1, c2 =    6.659e+06    2.582e+11 
At top right:    c1, c2 =    7.301e+06    2.833e+11 

t = 2.16e+04   no. steps = 248   order = 5   stepsize = 4.53e+02
At bottom left:  c1, c2 =    2.665e+07    2.993e+11 
At top right:    c1, c2 =    2.931e+07    3.313e+11 

t = 2.88e+04   no. steps = 274   order = 4   stepsize = 3.10e+02
At bottom left:  c1, c2 =    8.702e+06    3.380e+11 
At top right:    c1, c2 =    9.650e+06    3.751e+11 

t = 3.60e+04   no. steps = 306   order = 4   stepsize = 9.18e+01
At bottom left:  c1, c2 =    1.404e+04    3.387e+11 
At top right:    c1, c2 =    1.561e+04    3.765e+11 

t = 4.32e+04   no. steps = 363   order = 4   stepsize = 3.90e+02
At bottom left:  c1, c2 =    4.717e-08    3.382e+11 
At top right:    c1, c2 =    1.035e-07    3.804e+11 

t = 5.04e+04   no. steps = 374   order = 5   stepsize = 7.15e+02
At bottom left:  c1, c2 =    5.245e-07    3.358e+11 
At top right:    c1, c2 =    1.253e-06    3.864e+11 

t = 5.76e+04   no. steps = 384   order = 5   stepsize = 7.15e+02
At bottom left:  c1, c2 =   -1.604e-07    3.320e+11 
At top right:    c1, c2 =    4.884e-07    3.909e+11 

t = 6.48e+04   no. steps = 394   order = 5   stepsize = 7.15e+02
At bottom left:  c1, c2 =    7.981e-10    3.313e+11 
At top right:    c1, c2 =   -1.094e-08    3.963e+11 

t = 7.20e+04   no. steps = 404   order = 5   stepsize = 7.15e+02
At bottom left:  c1, c2 =    2.007e-10    3.330e+11 
At top right:    c1, c2 =    7.000e-09    4.039e+11 

t = 7.92e+04   no. steps = 414   order = 5   stepsize = 7.15e+02
At bottom left:  c1, c2 =    1.314e-11    3.334e+11 
At top right:    c1, c2 =    4.772e-10    4.120e+11 

t = 8.64e+04   no. steps = 424   order = 5   stepsize = 7.15e+02
At bottom left:  c1, c2 =    7.668e-13    3.352e+11 
At top right:    c1, c2 =    5.316e-11    4.163e+11 


Final Statistics: 

lenrw   =  2696     leniw   =   156
lenrwls =  2454     leniwls =   126
nst     =   424
nfe     =   531     nfels   =   608
nni     =   528     nli     =   608
nsetups =    67     netf    =    20
npe     =     8     nps     =  1086
ncfn    =     0     ncfl    =     0

