
2-species diurnal advection-diffusion problem
Sensitivity: YES ( STAGGERED + FULL ERROR CONTROL )

========================================================================
     T     Q       H      NST                    Bottom left  Top right 
========================================================================
7.200e+03  5  9.918e+01   224
                                Solution         1.0593e+04   1.1152e+04 
                                                 2.5567e+11   2.6917e+11 
                                ----------------------------------------
                                Sensitivity 1   -6.4963e+19  -6.8394e+19 
                                                 7.2120e+19   7.6303e+19 
                                ----------------------------------------
                                Sensitivity 2   -4.4900e+14  -4.9768e+14 
                                                -2.5039e+18  -2.7671e+18 
------------------------------------------------------------------------
1.440e+04  5  2.127e+02   272
                                Solution         6.9172e+06   7.2517e+06 
                                                 2.6829e+11   2.8137e+11 
                                ----------------------------------------
                                Sensitivity 1   -4.2432e+22  -4.4483e+22 
                                                 6.2762e+22   6.6563e+22 
                                ----------------------------------------
                                Sensitivity 2   -4.8955e+17  -5.3580e+17 
                                                -7.1116e+21  -7.7236e+21 
------------------------------------------------------------------------
2.160e+04  4  1.234e+02   362
                                Solution         2.7558e+07   2.9196e+07 
                                                 3.1024e+11   3.3000e+11 
                                ----------------------------------------
                                Sensitivity 1   -1.6903e+23  -1.7907e+23 
                                                 4.0588e+23   4.4683e+23 
                                ----------------------------------------
                                Sensitivity 2   -8.2851e+18  -9.3610e+18 
                                                -8.2851e+22  -9.3662e+22 
------------------------------------------------------------------------
2.880e+04  4  1.921e+02   415
                                Solution         8.9631e+06   9.8602e+06 
                                                 3.4824e+11   3.8331e+11 
                                ----------------------------------------
                                Sensitivity 1   -5.4975e+22  -6.0476e+22 
                                                 5.8239e+23   7.0579e+23 
                                ----------------------------------------
                                Sensitivity 2   -5.2367e+18  -6.4007e+18 
                                                -1.8450e+23  -2.2574e+23 
------------------------------------------------------------------------
3.600e+04  4  1.272e+02   453
                                Solution         1.4433e+04   1.6660e+04 
                                                 3.4814e+11   4.0186e+11 
                                ----------------------------------------
                                Sensitivity 1   -8.8547e+19  -1.0220e+20 
                                                 5.6474e+23   7.6273e+23 
                                ----------------------------------------
                                Sensitivity 2   -9.0220e+15  -1.2170e+16 
                                                -1.9753e+23  -2.6679e+23 
------------------------------------------------------------------------
4.320e+04  3  2.843e+02   523
                                Solution        -1.5322e-10  -1.7158e-10 
                                                 3.4900e+11   4.0867e+11 
                                ----------------------------------------
                                Sensitivity 1    3.2629e+06   3.6587e+06 
                                                 5.7083e+23   7.9553e+23 
                                ----------------------------------------
                                Sensitivity 2    1.5435e+05   1.8949e+05 
                                                -1.9969e+23  -2.7830e+23 
------------------------------------------------------------------------
5.040e+04  3  2.843e+02   548
                                Solution         9.0076e-15   8.4303e-15 
                                                 3.5570e+11   4.1225e+11 
                                ----------------------------------------
                                Sensitivity 1   -5.5230e+01  -5.1682e+01 
                                                 5.9553e+23   8.1823e+23 
                                ----------------------------------------
                                Sensitivity 2   -1.1212e-02  -1.3547e-02 
                                                -2.0833e+23  -2.8624e+23 
------------------------------------------------------------------------
5.760e+04  4  1.701e+02   583
                                Solution        -1.2929e-10  -1.0352e-08 
                                                 3.6425e+11   4.1628e+11 
                                ----------------------------------------
                                Sensitivity 1    1.7086e+06   2.4055e+07 
                                                 6.2593e+23   8.4334e+23 
                                ----------------------------------------
                                Sensitivity 2    2.8580e+01  -1.9130e+02 
                                                -2.1897e+23  -2.9502e+23 
------------------------------------------------------------------------
6.480e+04  5  3.350e+02   606
                                Solution        -1.6295e-08  -3.1444e-08 
                                                 3.6334e+11   4.2182e+11 
                                ----------------------------------------
                                Sensitivity 1    5.6791e+08   1.3656e+09 
                                                 6.2460e+23   8.7310e+23 
                                ----------------------------------------
                                Sensitivity 2    9.3812e+03  -4.8262e+03 
                                                -2.1850e+23  -3.0544e+23 
------------------------------------------------------------------------
7.200e+04  5  4.070e+02   638
                                Solution        -4.7585e-11  -1.0174e-10 
                                                 3.6192e+11   4.3354e+11 
                                ----------------------------------------
                                Sensitivity 1    8.4276e+06   1.0489e+07 
                                                 6.2311e+23   9.2797e+23 
                                ----------------------------------------
                                Sensitivity 2    1.4841e+03   5.5067e+03 
                                                -2.1798e+23  -3.2463e+23 
------------------------------------------------------------------------
7.920e+04  5  4.070e+02   655
                                Solution         3.1133e-15   7.4655e-15 
                                                 3.6148e+11   4.4474e+11 
                                ----------------------------------------
                                Sensitivity 1    4.9486e+02   6.1858e+02 
                                                 6.2482e+23   9.8068e+23 
                                ----------------------------------------
                                Sensitivity 2    1.4310e-01   1.8347e-01 
                                                -2.1858e+23  -3.4307e+23 
------------------------------------------------------------------------
8.640e+04  5  4.070e+02   673
                                Solution         3.6777e-18   8.3737e-18 
                                                 3.6318e+11   4.4524e+11 
                                ----------------------------------------
                                Sensitivity 1   -2.5384e-01  -3.9733e-01 
                                                 6.3248e+23   9.8819e+23 
                                ----------------------------------------
                                Sensitivity 2   -5.1512e-05  -7.0244e-05 
                                                -2.2126e+23  -3.4570e+23 
------------------------------------------------------------------------

Final Statistics

nst     =   673

nfe     =  1455
netf    =     8    nsetups  =   110
nni     =   758    ncfn     =     0

nfSe    =  1620    nfeS     =  3240
netfs   =    21    nsetupsS =     0
nniS    =   807    ncfnS    =     0

nli     =  2175    ncfl     =     0
npe     =    12    nps      =  4200
