
2-species diurnal advection-diffusion problem
Sensitivity: YES ( SIMULTANEOUS + FULL ERROR CONTROL )

========================================================================
     T     Q       H      NST                    Bottom left  Top right 
========================================================================
7.200e+03  4  4.482e+01   255
                                Solution         1.0468e+04   1.1185e+04 
                                                 2.5267e+11   2.6998e+11 
                                ----------------------------------------
                                Sensitivity 1   -6.4202e+19  -6.8598e+19 
                                                 7.1178e+19   7.6557e+19 
                                ----------------------------------------
                                Sensitivity 2   -4.3853e+14  -5.0066e+14 
                                                -2.4407e+18  -2.7842e+18 
------------------------------------------------------------------------
1.440e+04  4  2.446e+02   425
                                Solution         6.6590e+06   7.3008e+06 
                                                 2.5819e+11   2.8329e+11 
                                ----------------------------------------
                                Sensitivity 1   -4.0848e+22  -4.4785e+22 
                                                 5.9549e+22   6.7173e+22 
                                ----------------------------------------
                                Sensitivity 2   -4.5235e+17  -5.4317e+17 
                                                -6.5418e+21  -7.8315e+21 
------------------------------------------------------------------------
2.160e+04  4  2.446e+02   454
                                Solution         2.6650e+07   2.9308e+07 
                                                 2.9928e+11   3.3134e+11 
                                ----------------------------------------
                                Sensitivity 1   -1.6346e+23  -1.7976e+23 
                                                 3.8203e+23   4.4991e+23 
                                ----------------------------------------
                                Sensitivity 2   -7.6601e+18  -9.4433e+18 
                                                -7.6459e+22  -9.4501e+22 
------------------------------------------------------------------------
2.880e+04  4  1.633e+02   589
                                Solution         8.7022e+06   9.6501e+06 
                                                 3.3804e+11   3.7510e+11 
                                ----------------------------------------
                                Sensitivity 1   -5.3376e+22  -5.9188e+22 
                                                 5.4488e+23   6.7431e+23 
                                ----------------------------------------
                                Sensitivity 2   -4.8856e+18  -6.1041e+18 
                                                -1.7194e+23  -2.1518e+23 
------------------------------------------------------------------------
3.600e+04  3  2.511e+01   808
                                Solution         1.4040e+04   1.5609e+04 
                                                 3.3868e+11   3.7652e+11 
                                ----------------------------------------
                                Sensitivity 1   -8.6141e+19  -9.5762e+19 
                                                 5.2719e+23   6.6030e+23 
                                ----------------------------------------
                                Sensitivity 2   -8.4329e+15  -1.0549e+16 
                                                -1.8439e+23  -2.3096e+23 
------------------------------------------------------------------------
4.320e+04  4  2.157e+02   974
                                Solution        -3.4169e-08  -4.2008e-08 
                                                 3.3824e+11   3.8035e+11 
                                ----------------------------------------
                                Sensitivity 1    4.7968e+07   6.0826e+07 
                                                 5.2753e+23   6.7448e+23 
                                ----------------------------------------
                                Sensitivity 2    5.4951e+02   7.8850e+02 
                                                -1.8455e+23  -2.3595e+23 
------------------------------------------------------------------------
5.040e+04  4  2.157e+02  1007
                                Solution        -2.2799e-07  -2.7061e-07 
                                                 3.3582e+11   3.8645e+11 
                                ----------------------------------------
                                Sensitivity 1   -6.6059e+10  -7.8583e+10 
                                                 5.2067e+23   6.9665e+23 
                                ----------------------------------------
                                Sensitivity 2   -6.4443e+07  -8.8850e+07 
                                                -1.8215e+23  -2.4371e+23 
------------------------------------------------------------------------
5.760e+04  4  2.157e+02  1040
                                Solution        -9.8118e-07  -1.1209e-06 
                                                 3.3203e+11   3.9090e+11 
                                ----------------------------------------
                                Sensitivity 1    1.4101e+11   1.6098e+11 
                                                 5.0826e+23   7.1206e+23 
                                ----------------------------------------
                                Sensitivity 2    3.3862e+08   4.8019e+08 
                                                -1.7780e+23  -2.4910e+23 
------------------------------------------------------------------------
6.480e+04  4  1.488e+02  1086
                                Solution         3.1105e-08   3.3067e-08 
                                                 3.3130e+11   3.9634e+11 
                                ----------------------------------------
                                Sensitivity 1    6.2626e+10   6.7222e+10 
                                                 5.0443e+23   7.3274e+23 
                                ----------------------------------------
                                Sensitivity 2   -8.0927e+07  -1.0395e+08 
                                                -1.7646e+23  -2.5633e+23 
------------------------------------------------------------------------
7.200e+04  4  4.128e+02  1133
                                Solution        -8.0936e-10  -8.4121e-10 
                                                 3.3298e+11   4.0389e+11 
                                ----------------------------------------
                                Sensitivity 1    1.2950e+09   1.3543e+09 
                                                 5.0784e+23   7.6383e+23 
                                ----------------------------------------
                                Sensitivity 2   -9.5253e+05  -1.1646e+06 
                                                -1.7766e+23  -2.6721e+23 
------------------------------------------------------------------------
7.920e+04  4  6.434e+02  1147
                                Solution        -4.4073e-11  -4.6098e-11 
                                                 3.3344e+11   4.1203e+11 
                                ----------------------------------------
                                Sensitivity 1   -1.4622e+07  -1.5318e+07 
                                                 5.0731e+23   7.9960e+23 
                                ----------------------------------------
                                Sensitivity 2    6.9210e+02   8.4074e+02 
                                                -1.7747e+23  -2.7972e+23 
------------------------------------------------------------------------
8.640e+04  4  6.434e+02  1158
                                Solution         8.8404e-14   9.2461e-14 
                                                 3.3518e+11   4.1625e+11 
                                ----------------------------------------
                                Sensitivity 1   -4.0472e+05  -4.2342e+05 
                                                 5.1172e+23   8.2143e+23 
                                ----------------------------------------
                                Sensitivity 2   -2.0268e+00  -2.7377e+00 
                                                -1.7901e+23  -2.8736e+23 
------------------------------------------------------------------------

Final Statistics

nst     =  1158

nfe     =  1498
netf    =    50    nsetups  =   171
nni     =  1495    ncfn     =     0

nfSe    =  2996    nfeS     =  5992
netfs   =     0    nsetupsS =     0
nniS    =     0    ncfnS    =     0
