
Create and allocate CVODES memory for forward run

Allocate global memory

Forward integration

ncheck = 7

   g = int_x int_y c6(Tfinal,x,y) dx dy = 35988.913585 


Create and allocate CVODES memory for backward run

Backward integration

Maximum sensitivity with respect to I.C. of species 1
  mu max = 5.198969e-04
at
  x = 9.473684e-01
  y = 1.000000e+00

Maximum sensitivity with respect to I.C. of species 2
  mu max = 4.958686e-04
at
  x = 9.473684e-01
  y = 1.000000e+00

Maximum sensitivity with respect to I.C. of species 3
  mu max = 4.737317e-04
at
  x = 9.473684e-01
  y = 1.000000e+00

Maximum sensitivity with respect to I.C. of species 4
  mu max = 4.821980e-13
at
  x = 5.263158e-01
  y = 5.263158e-01

Maximum sensitivity with respect to I.C. of species 5
  mu max = 4.828604e-13
at
  x = 5.263158e-01
  y = 5.263158e-01

Maximum sensitivity with respect to I.C. of species 6
  mu max = 5.047494e-13
at
  x = 6.842105e-01
  y = 6.842105e-01
