-------------------
Forward integration
-------------------

ncheck = 1

     y:      2.2732e-01   1.3534e-01   3.1472e-02     G:      5.3088e-01

     yS1:   -1.6714e-01   0.0000e+00   0.0000e+00
     yS2:    2.1339e-01   0.0000e+00  -1.0885e-01

   dG/dp:   -1.2838e-01   1.8037e-02

Final Statistics for forward pb.
--------------------------------
 Number steps:   143

 Function evaluations:
  f:          164
  fQ:         146
  fS:         164
  fQS:        146
 Error test failures:
  netf:         2
  netfQ:        0
  netfS:        0
  netfQS:       0
 Linear solver setups:
  nsetups:     27
  nsetupsS:     0
 Nonlinear iterations:
  nni:        161
 Convergence failures:
  ncfn:         0

---------------------------------------------
Backward integration ... (2 adjoint problems)
---------------------------------------------

   dG/dp:   -1.2838e-01   1.8036e-02   (from backward pb. 1)
            -1.2838e-01   1.8036e-02   (from backward pb. 2)

   H = d2G/dp2:
        (1)            (2)
    1.5628e-01    -7.8678e-02
   -7.8678e-02     8.9814e-02

Final Statistics for backward pb. 1
-----------------------------------
 Number steps:    92

 Function evaluations:
  f:          117
  fQ:          99
 Error test failures:
  netf:         1
  netfQ:        4
 Linear solver setups:
  nsetups:     26
 Nonlinear iterations:
  nni:        114
 Convergence failures:
  ncfn:         0

Final Statistics for backward pb. 2
-----------------------------------
 Number steps:    96

 Function evaluations:
  f:          123
  fQ:         101
 Error test failures:
  netf:         3
  netfQ:        2
 Linear solver setups:
  nsetups:     26
 Nonlinear iterations:
  nni:        120
 Convergence failures:
  ncfn:         0

-----------------------
Finite Difference tests
-----------------------

del_p = 0.01

p1+  y:     2.2566e-01   1.3534e-01   3.1472e-02     G:     5.2960e-01
p1-  y:     2.2900e-01   1.3534e-01   3.1472e-02     G:     5.3217e-01
p2+  y:     2.2943e-01   1.3534e-01   3.0399e-02     G:     5.3106e-01
p2-  y:     2.2516e-01   1.3534e-01   3.2577e-02     G:     5.3070e-01

   dG/dp:   -1.2760e-01   1.8478e-02   (fwd FD)
            -1.2917e-01   1.7579e-02   (bck FD)
            -1.2838e-01   1.8028e-02   (cntr FD)

  H(1,1):    1.5634e-01
  H(2,2):    8.9883e-02
