
Particle traveling on the unit circle example
---------------------------------------------
alpha      = 1.0000e+00
num orbits = 100
---------------------------------------------
rtol       = 0.0001
atol       = 1e-09
proj sol   = 1
proj err   = 0
nout       = 0
tstop      = 0
---------------------------------------------

     t            x              y             err x          err y       err constr
0.0000e+00   1.000000e+00   0.000000e+00   0.000000e+00   0.000000e+00   0.000000e+00
6.2832e+02   9.978143e-01   6.608060e-02  -2.185712e-03   6.608060e-02   0.000000e+00

Integration Statistics:
Number of steps taken = 4220  
Number of function evaluations = 6178  
Number of linear solver setups = 890   
Number of Jacobian evaluations = 103   
Number of nonlinear solver iterations = 6175  
Number of convergence failures = 38    
Number of error test failures = 364   
