

rtol = 1.00e-05, atol = 1.00e-05
Project    x         y         x'        y'     |     g      |    nst     rhs eval    setups (J eval)  |   cf   ef
  YES   5.75e-06  3.39e-03  3.41e-04  1.00e-01  |  0.00e+00  |   1389     1637+96         93 ( 24)     |    0    9
  NO    6.84e-01  9.48e-01  4.62e+00  1.56e+00  |  1.37e-03  |   1537     1762+108       121 ( 27)     |    0   44


rtol = 1.00e-06, atol = 1.00e-06
Project    x         y         x'        y'     |     g      |    nst     rhs eval    setups (J eval)  |   cf   ef
  YES   1.15e-07  4.79e-04  1.01e-05  2.12e-02  |  1.93e-34  |   2092     2334+140       122 ( 35)     |    0    3
  NO    1.18e-02  1.96e-02  4.66e-01  4.35e+00  |  2.31e-02  |   2258     2513+156       162 ( 39)     |    0   34


rtol = 1.00e-07, atol = 1.00e-07
Project    x         y         x'        y'     |     g      |    nst     rhs eval    setups (J eval)  |   cf   ef
  YES   2.26e-09  6.72e-05  2.01e-07  2.98e-03  |  1.93e-34  |   3102     3376+208       177 ( 52)     |    0    5
  NO    1.85e-04  2.91e-02  1.18e-02  8.76e-01  |  4.76e-04  |   3245     3552+232       209 ( 58)     |    0   40


rtol = 1.00e-08, atol = 1.00e-08
Project    x         y         x'        y'     |     g      |    nst     rhs eval    setups (J eval)  |   cf   ef
  YES   9.44e-11  1.37e-05  8.23e-09  5.99e-04  |  0.00e+00  |   4301     4733+292       241 ( 73)     |    0    6
  NO    1.77e-05  1.02e-02  7.69e-04  2.43e-01  |  6.92e-05  |   4577     4930+308       256 ( 77)     |    0    9


rtol = 1.00e-09, atol = 1.00e-09
Project    x         y         x'        y'     |     g      |    nst     rhs eval    setups (J eval)  |   cf   ef
  YES   1.60e-12  1.79e-06  1.39e-10  7.79e-05  |  0.00e+00  |   6547     7061+436       351 (109)     |    0    5
  NO    1.38e-06  1.70e-03  1.11e-04  3.90e-02  |  5.65e-06  |   6671     7132+448       353 (112)     |    0    2
