 
3-species kinetics problem
Sensitivity: YES ( STAGGERED1 + FULL ERROR CONTROL )

=======================================================================
     T     Q       H      NST           y1           y2           y3    
=======================================================================
4.000e-01  3  1.156e-01    96
                  Solution         9.8517e-01   3.3864e-05   1.4794e-02 
                  Sensitivity 1   -3.5593e-01   3.9026e-04   3.5554e-01 
                  Sensitivity 2    9.5504e-08  -2.1307e-10  -9.5291e-08 
                  Sensitivity 3   -1.5845e-11  -5.2901e-13   1.6374e-11 
-----------------------------------------------------------------------
4.000e+00  4  3.381e-01   116
                  Solution         9.0552e-01   2.2405e-05   9.4459e-02 
                  Sensitivity 1   -1.8761e+00   1.7921e-04   1.8759e+00 
                  Sensitivity 2    2.9614e-06  -5.8306e-10  -2.9608e-06 
                  Sensitivity 3   -4.9337e-10  -2.7626e-13   4.9365e-10 
-----------------------------------------------------------------------
4.000e+01  3  1.834e+00   207
                  Solution         7.1581e-01   9.1845e-06   2.8418e-01 
                  Sensitivity 1   -4.2478e+00   4.5904e-05   4.2478e+00 
                  Sensitivity 2    1.3732e-05  -2.3565e-10  -1.3732e-05 
                  Sensitivity 3   -2.2886e-09  -1.1380e-13   2.2887e-09 
-----------------------------------------------------------------------
4.000e+02  3  1.490e+01   359
                  Solution         4.5048e-01   3.2225e-06   5.4951e-01 
                  Sensitivity 1   -5.9586e+00   3.5378e-06   5.9586e+00 
                  Sensitivity 2    2.2739e-05  -2.2578e-11  -2.2739e-05 
                  Sensitivity 3   -3.7899e-09  -4.9945e-14   3.7900e-09 
-----------------------------------------------------------------------
4.000e+03  3  1.635e+02   523
                  Solution         1.8319e-01   8.9418e-07   8.1681e-01 
                  Sensitivity 1   -4.7500e+00  -5.9941e-06   4.7500e+00 
                  Sensitivity 2    1.8809e-05   2.3127e-11  -1.8809e-05 
                  Sensitivity 3   -3.1348e-09  -1.8758e-14   3.1348e-09 
-----------------------------------------------------------------------
4.000e+04  3  2.247e+03   618
                  Solution         3.8978e-02   1.6215e-07   9.6102e-01 
                  Sensitivity 1   -1.5748e+00  -2.7618e-06   1.5748e+00 
                  Sensitivity 2    6.2870e-06   1.1002e-11  -6.2870e-06 
                  Sensitivity 3   -1.0478e-09  -4.5362e-15   1.0478e-09 
-----------------------------------------------------------------------
4.000e+05  4  1.406e+04   660
                  Solution         4.9407e-03   1.9860e-08   9.9506e-01 
                  Sensitivity 1   -2.3631e-01  -4.5805e-07   2.3631e-01 
                  Sensitivity 2    9.4492e-07   1.8311e-12  -9.4492e-07 
                  Sensitivity 3   -1.5758e-10  -6.3658e-16   1.5758e-10 
-----------------------------------------------------------------------
4.000e+06  4  1.810e+05   699
                  Solution         5.1721e-04   2.0699e-09   9.9948e-01 
                  Sensitivity 1   -2.5698e-02  -5.1149e-08   2.5698e-02 
                  Sensitivity 2    1.0294e-07   2.0520e-13  -1.0294e-07 
                  Sensitivity 3   -1.7163e-11  -6.8720e-17   1.7163e-11 
-----------------------------------------------------------------------
4.000e+07  4  5.031e+06   747
                  Solution         5.1305e-05   2.0523e-10   9.9995e-01 
                  Sensitivity 1   -2.6167e-03  -5.3372e-09   2.6167e-03 
                  Sensitivity 2    1.0396e-08   2.1066e-14  -1.0396e-08 
                  Sensitivity 3   -1.6910e-12  -6.7650e-18   1.6911e-12 
-----------------------------------------------------------------------
4.000e+08  2  4.480e+07   797
                  Solution         4.3939e-06   1.7576e-11   1.0000e+00 
                  Sensitivity 1   -2.1357e-04  -4.1489e-10   2.1357e-04 
                  Sensitivity 2    9.0907e-10   1.8787e-15  -9.0907e-10 
                  Sensitivity 3   -1.5792e-13  -6.3170e-19   1.5792e-13 
-----------------------------------------------------------------------
4.000e+09  1  1.928e+09   812
                  Solution         8.2616e-08   3.3046e-13   1.0000e+00 
                  Sensitivity 1   -2.8133e-05  -1.0427e-10   2.8133e-05 
                  Sensitivity 2    6.9267e-12  -5.3397e-18  -6.9266e-12 
                  Sensitivity 3    3.1484e-14   1.2594e-19  -3.1484e-14 
-----------------------------------------------------------------------
4.000e+10  1  2.753e+10   817
                  Solution         3.2149e-08   1.2860e-13   1.0000e+00 
                  Sensitivity 1   -4.2795e-06  -1.3903e-11   4.2796e-06 
                  Sensitivity 2    6.4840e-12   1.3076e-17  -6.4840e-12 
                  Sensitivity 3    2.3135e-15   9.2539e-21  -2.3135e-15 
-----------------------------------------------------------------------

Final Statistics:
nst = 817    nfe = 1841   nsetups = 179    nfeLS = 0      nje = 17
nni = 960    nnf = 0      netf = 0         ncfn = 0     

nfSe = 3115   nfeS = 0      nsetupsS = 1     
nniS = 3106   nnfS = 1      netfS = 61     ncfnS = 0     

