
Adjoint Sensitivity Example for Chemical Kinetics
-------------------------------------------------

ODE: dy1/dt = -p1*y1 + p2*y2*y3
     dy2/dt =  p1*y1 - p2*y2*y3 - p3*(y2)^2
     dy3/dt =  p3*(y2)^2

Find dG/dp for
     G = int_t0^tB0 g(t,p,y) dt
     g(t,p,y) = y3


Create and allocate CVODES memory for forward runs
Forward integration ... done ( nst = 343 )

ncheck = 2

--------------------------------------------------------
G:            3.9981e+07 
--------------------------------------------------------

Create and allocate CVODES memory for backward run
Backward integration from tB0 =   4.0000e+07

--------------------------------------------------------
returned t:   4.0000e+01
tout:         4.0000e+01
lambda(t):    3.9966e+07   3.9966e+07   3.9966e+07
y(t):         7.1586e-01   9.1854e-06   2.8413e-01
--------------------------------------------------------

Done ( nst = 185 )
--------------------------------------------------------
returned t:   0.0000e+00
lambda(t0):   3.9966e+07   3.9966e+07   3.9966e+07
y(t0):        1.0000e+00   0.0000e+00   0.0000e+00
dG/dp:        8.0323e+05  -3.2023e+00   5.3190e-04
--------------------------------------------------------

Re-initialize CVODES memory for backward run
Backward integration from tB0 =   5.0000e+01

--------------------------------------------------------
returned t:   4.0000e+01
tout:         4.0000e+01
lambda(t):    2.8965e-01   1.7625e+00   9.3565e+00
y(t):         7.1586e-01   9.1854e-06   2.8413e-01
--------------------------------------------------------

Done ( nst = 195 )
--------------------------------------------------------
returned t:   0.0000e+00
lambda(t0):   8.4164e+00   1.6087e+01   1.6092e+01
y(t0):        1.0000e+00   0.0000e+00   0.0000e+00
dG/dp:        1.7337e+02  -5.0545e-04   8.4241e-08
--------------------------------------------------------

Free memory

