 
3-species kinetics problem
Sensitivity: YES ( STAGGERED1 + FULL ERROR CONTROL )

=======================================================================
     T     Q       H      NST           y1           y2           y3    
=======================================================================
4.000e-01  3  5.340e-02   110
                  Solution         9.8517e-01   3.3864e-05   1.4794e-02 
                  Sensitivity 1   -3.5595e-01   3.9025e-04   3.5556e-01 
                  Sensitivity 2    9.5428e-08  -2.1309e-10  -9.5215e-08 
                  Sensitivity 3   -1.5833e-11  -5.2901e-13   1.6362e-11 
-----------------------------------------------------------------------
4.000e+00  4  2.663e-01   145
                  Solution         9.0552e-01   2.2405e-05   9.4457e-02 
                  Sensitivity 1   -1.8760e+00   1.7923e-04   1.8758e+00 
                  Sensitivity 2    2.9615e-06  -5.8302e-10  -2.9609e-06 
                  Sensitivity 3   -4.9337e-10  -2.7627e-13   4.9364e-10 
-----------------------------------------------------------------------
4.000e+01  3  2.050e+00   245
                  Solution         7.1583e-01   9.1854e-06   2.8417e-01 
                  Sensitivity 1   -4.2476e+00   4.5911e-05   4.2475e+00 
                  Sensitivity 2    1.3731e-05  -2.3571e-10  -1.3731e-05 
                  Sensitivity 3   -2.2884e-09  -1.1381e-13   2.2885e-09 
-----------------------------------------------------------------------
4.000e+02  2  6.419e+00   394
                  Solution         4.5048e-01   3.2224e-06   5.4951e-01 
                  Sensitivity 1   -5.9587e+00   3.5369e-06   5.9587e+00 
                  Sensitivity 2    2.2740e-05  -2.2575e-11  -2.2740e-05 
                  Sensitivity 3   -3.7900e-09  -4.9945e-14   3.7900e-09 
-----------------------------------------------------------------------
4.000e+03  2  1.189e+02   562
                  Solution         1.8320e-01   8.9420e-07   8.1680e-01 
                  Sensitivity 1   -4.7500e+00  -5.9938e-06   4.7500e+00 
                  Sensitivity 2    1.8809e-05   2.3128e-11  -1.8809e-05 
                  Sensitivity 3   -3.1348e-09  -1.8758e-14   3.1348e-09 
-----------------------------------------------------------------------
4.000e+04  4  1.974e+03   628
                  Solution         3.8981e-02   1.6216e-07   9.6102e-01 
                  Sensitivity 1   -1.5749e+00  -2.7620e-06   1.5749e+00 
                  Sensitivity 2    6.2872e-06   1.1002e-11  -6.2872e-06 
                  Sensitivity 3   -1.0479e-09  -4.5364e-15   1.0479e-09 
-----------------------------------------------------------------------
4.000e+05  5  3.010e+04   674
                  Solution         4.9378e-03   1.9848e-08   9.9506e-01 
                  Sensitivity 1   -2.3630e-01  -4.5832e-07   2.3630e-01 
                  Sensitivity 2    9.4489e-07   1.8321e-12  -9.4489e-07 
                  Sensitivity 3   -1.5750e-10  -6.3621e-16   1.5750e-10 
-----------------------------------------------------------------------
4.000e+06  3  1.808e+05   725
                  Solution         5.1698e-04   2.0690e-09   9.9948e-01 
                  Sensitivity 1   -2.5671e-02  -5.1066e-08   2.5671e-02 
                  Sensitivity 2    1.0268e-07   2.0427e-13  -1.0269e-07 
                  Sensitivity 3   -1.7115e-11  -6.8532e-17   1.7115e-11 
-----------------------------------------------------------------------
4.000e+07  3  1.561e+06   776
                  Solution         5.2050e-05   2.0821e-10   9.9995e-01 
                  Sensitivity 1   -2.5992e-03  -5.1924e-09   2.5992e-03 
                  Sensitivity 2    1.0397e-08   2.0771e-14  -1.0397e-08 
                  Sensitivity 3   -1.7337e-12  -6.9354e-18   1.7337e-12 
-----------------------------------------------------------------------
4.000e+08  4  1.701e+07   818
                  Solution         5.2112e-06   2.0845e-11   9.9999e-01 
                  Sensitivity 1   -2.6050e-04  -5.2088e-10   2.6050e-04 
                  Sensitivity 2    1.0420e-09   2.0835e-15  -1.0420e-09 
                  Sensitivity 3   -1.7376e-13  -6.9505e-19   1.7376e-13 
-----------------------------------------------------------------------
4.000e+09  3  3.211e+08   857
                  Solution         5.2102e-07   2.0841e-12   1.0000e+00 
                  Sensitivity 1   -2.6027e-05  -5.2007e-11   2.6027e-05 
                  Sensitivity 2    1.0412e-10   2.0808e-16  -1.0412e-10 
                  Sensitivity 3   -1.7382e-14  -6.9527e-20   1.7382e-14 
-----------------------------------------------------------------------
4.000e+10  3  5.442e+09   890
                  Solution         5.1959e-08   2.0783e-13   1.0000e+00 
                  Sensitivity 1   -2.6041e-06  -5.2207e-12   2.6041e-06 
                  Sensitivity 2    1.0457e-11   2.1043e-17  -1.0457e-11 
                  Sensitivity 3   -1.7321e-15  -6.9282e-21   1.7321e-15 
-----------------------------------------------------------------------

Final Statistics:
Current time                  = 41204979120.7478235892396169042544
Steps                         = 890
Error test fails              = 0
NLS step fails                = 0
Constraint fails              = 0
Constraint corrections        = 0
Initial step size             = 1.6561517585431437950818065509132e-18
Last step size                = 5442262527.90343348998930482434044
Current step size             = 9363791685.04425965611101161828284
Last method order             = 3
Current method order          = 3
Stab. lim. order reductions   = 0
RHS fn evals                  = 1987
NLS iters                     = 1030
NLS fails                     = 0
NLS iters per step            = 1.15730337078651685393258426966292
LS setups                     = 194
Jac fn evals                  = 17
LS RHS fn evals               = 0
Prec setup evals              = 0
Prec solves                   = 0
LS iters                      = 0
LS fails                      = 0
Jac-times setups              = 0
Jac-times evals               = 0
LS iters per NLS iter         = 0
Jac evals per NLS iter        = 0.0165048543689320388349514563106796
Prec evals per NLS iter       = 0
Root fn evals                 = 0
Sens fn evals                 = 3315
Sens RHS fn evals             = 0
Sens error test fails         = 64
Sens NLS iters                = 3306
Sens NLS fails                = 0
Sens NLS step fails           = 0
Sens stgr1 NLS iters          = 1169, 1094, 1043
Sens stgr1 NLS fails          = 0, 0, 0
Sens stgr1 NLS step fails     = 0, 0, 0
Sens LS setups                = 0
