 
3-species kinetics problem

At t = 2.6402e-01      y =  9.899653e-01    3.470557e-05    1.000000e-02
    rootsfound[] =   0   1
At t = 4.0000e-01      y =  9.851685e-01    3.386321e-05    1.479766e-02
At t = 4.0000e+00      y =  9.055269e-01    2.240597e-05    9.445073e-02
At t = 4.0000e+01      y =  7.158513e-01    9.187202e-06    2.841395e-01
At t = 4.0000e+02      y =  4.505010e-01    3.222757e-06    5.494958e-01
At t = 4.0000e+03      y =  1.832324e-01    8.944334e-07    8.167667e-01
At t = 4.0000e+04      y =  3.898570e-02    1.621899e-07    9.610141e-01
At t = 4.0000e+05      y =  4.941283e-03    1.986213e-08    9.950587e-01
At t = 4.0000e+06      y =  5.189527e-04    2.076814e-09    9.994810e-01
At t = 2.0849e+07      y =  1.000000e-04    4.000398e-10    9.999000e-01
    rootsfound[] =  -1   0
At t = 4.0000e+07      y =  5.034221e-05    2.013835e-10    9.999497e-01
At t = 4.0000e+08      y =  5.870931e-06    2.348383e-11    9.999941e-01
At t = 4.0000e+09      y =  4.942925e-07    1.977170e-12    9.999995e-01
At t = 4.0000e+10      y =  2.146787e-07    8.587148e-13    9.999998e-01

Final Statistics:
nst = 437    nfe = 610    nsetups = 93     nfeLS = 0      nje = 10
nni = 607    nnf = 2      netf = 14        ncfn = 0       nge = 470

