
Slider-Crank example for IDAS:

Forward integration ... done!

Final Run Statistics: 

Number of steps                    = 238
Number of residual evaluations     = 1153
Number of Jacobian evaluations     = 46
Number of nonlinear iterations     = 693
Number of error test failures      = 1
Number of nonlinear conv. failures = 26
Number of step solver failures     = 1
--------------------------------------------
  G =       3.3366135450830449
--------------------------------------------

-------------F O R W A R D------------------
   dG/dp:    3.3345e-01  -3.6374e-01
--------------------------------------------



   Checking using Finite Differences 

---------------BACKWARD------------------
   dG/dp:    3.3345e-01  -3.6375e-01
-----------------------------------------

---------------FORWARD-------------------
   dG/dp:    3.3345e-01  -3.6375e-01
-----------------------------------------

--------------CENTERED-------------------
   dG/dp:    3.3345e-01  -3.6375e-01
-----------------------------------------

