
 Brusselator PDE -  DAE parallel example problem for IDA 

Number of species ns: 2     Mesh dimensions: 82 x 82
Total system size: 13448
Subgrid dimensions: 41 x 41     Processor array: 2 x 2
Tolerance parameters:  rtol = 1e-05   atol = 1e-05
Linear solver: SUNLinSol_SPGMR     Max. Krylov dimension maxl: 16
Preconditioner: band-block-diagonal (IDABBDPRE), with parameters
     mudq = 82,  mldq = 82,  mukeep = 2,  mlkeep = 2
CalcIC called to correct initial concentrations 

-----------------------------------------------------------
  t        bottom-left  top-right    | nst  k      h
-----------------------------------------------------------

0.00e+00   5.0038e-01   1.4996e+00   |   0  0   1.0000e-06
           1.0019e+00   5.9981e+00   |

1.00e-03   4.9944e-01   1.5076e+00   |  11  1   5.1200e-04
           1.0034e+00   5.9896e+00   |

1.00e-02   4.9119e-01   1.5832e+00   |  17  2   2.0480e-03
           1.0170e+00   5.9082e+00   |

1.00e-01   4.2223e-01   3.0684e+00   |  31  4   7.4373e-03
           1.1419e+00   4.3097e+00   |

4.00e-01   3.0652e-01   5.4104e+00   |  72  5   7.4373e-03
           1.4714e+00   6.1133e-01   |

[ERROR][rank 0][/mnt/d/workon/sundials/src/idas/idas.c:5745][IDAHandleFailure] At t = 0.660482539987768381336773413985415 and h = 7.09280368286595769756678105376037e-09, the corrector convergence failed repeatedly or with |h| = hmin.

SUNDIALS_ERROR(1): IDASolve() failed with retval = -4


SUNDIALS_ERROR(2): IDASolve() failed with retval = -4


SUNDIALS_ERROR(3): IDASolve() failed with retval = -4


SUNDIALS_ERROR(0): IDASolve() failed with retval = -4

--------------------------------------------------------------------------
MPI_ABORT was invoked on rank 1 in communicator MPI_COMM_WORLD
with errorcode 1.

NOTE: invoking MPI_ABORT causes Open MPI to kill all MPI processes.
You may or may not see output from other processes, depending on
exactly when Open MPI kills them.
--------------------------------------------------------------------------
[DESKTOP-K4RAB39:44835] 3 more processes have sent help message help-mpi-api.txt / mpi-abort
[DESKTOP-K4RAB39:44835] Set MCA parameter "orte_base_help_aggregate" to 0 to see all help / error messages
