
idasHeat2D_kry: Heat equation, serial example problem for IDA 
                Discretized heat equation on 2D unit square. 
                Zero boundary conditions, polynomial initial conditions.
                Mesh dimensions: 10 x 10     Total system size: 100

Tolerance parameters:  rtol = 0   atol = -8.4877e-08
Constraints set to force all solution components >= 0. 
Linear solver: SPGMR, preconditioner using diagonal elements. 


Case 1: gsytpe = SUN_MODIFIED_GS

   Output Summary (umax = max-norm of solution) 

  time     umax       k  nst  nni  nje   nre   nreLS    h      npe nps
----------------------------------------------------------------------
 -0.00 -7.76169e-167  2   12   14    7    14     7  8.38e-269    8  21
 -0.00  6.79699e+218  3   15   18   12    18    12  8.38e-269    8  30
 -0.00  -1.44770e+78  3   18   24   21    24    21  -9.02e-154    9  45
 -0.00 -1.11387e+218  3   22   29   30    29    30  -9.02e-154    9  59
 -0.00  9.37946e+276  4   28   36   44    36    44  -9.02e-154    9  80
 -0.00   3.20001e+66  4   35   44   67    44    67  -9.02e-154   10 111
 -0.00   0.00000e+00  1   39   51   77    51    77  -9.02e-154   12 128
 -0.00   0.00000e+00  1   41   53   77    53    77  -9.02e-154   14 130
 -0.00   0.00000e+00  1   43   55   77    55    77  -9.02e-154   16 132
 -0.00   0.00000e+00  1   44   56   77    56    77  -9.02e-154   17 133
 -0.00   0.00000e+00  1   45   57   77    57    77  -9.02e-154   18 134

Error test failures            = 1
Nonlinear convergence failures = 0
Linear convergence failures    = 0


Case 2: gstype = SUN_CLASSICAL_GS

   Output Summary (umax = max-norm of solution) 

  time     umax       k  nst  nni  nje   nre   nreLS    h      npe nps
----------------------------------------------------------------------
 -0.00 -7.76169e-167  2   12   14    7    14     7  8.38e-269    8  21
 -0.00  6.79699e+218  3   15   18   12    18    12  8.38e-269    8  30
 -0.00  -1.44770e+78  3   18   24   21    24    21  -9.02e-154    9  45
 -0.00 -1.11387e+218  3   22   29   30    29    30  -9.02e-154    9  59
 -0.00  9.37946e+276  4   28   36   44    36    44  -9.02e-154    9  80
 -0.00   3.20001e+66  4   35   44   67    44    67  -9.02e-154   10 111
 -0.00   0.00000e+00  1   39   51   77    51    77  -9.02e-154   12 128
 -0.00   0.00000e+00  1   41   53   77    53    77  -9.02e-154   14 130
 -0.00   0.00000e+00  1   43   55   77    55    77  -9.02e-154   16 132
 -0.00   0.00000e+00  1   44   56   77    56    77  -9.02e-154   17 133
 -0.00   0.00000e+00  1   45   57   77    57    77  -9.02e-154   18 134

Error test failures            = 1
Nonlinear convergence failures = 0
Linear convergence failures    = 0
