
Starting integration of the FORWARD problem


 BRUSSELATOR: chemically reacting system

Number of species ns: 2     Mesh dimensions: 42 x 42
Total system size: 3528
Subgrid dimensions: 21 x 21     Processor array: 2 x 2
Tolerance parameters:  rtol = 1e-05   atol = 1e-05
Linear solver: SUNLinSol_SPGMR     Max. Krylov dimension maxl: 16
Preconditioner: band-block-diagonal (IDABBDPRE), with parameters
     mudq = 42,  mldq = 42,  mukeep = 2,  mlkeep = 2
-----------------------------------------------------------
  t        bottom-left  top-right    | nst  k      h
-----------------------------------------------------------

1.00e+00   2.6132e-01   3.0982e+00   | 108  5   3.7607e-02
           1.9993e+00   1.0125e+00   |

-----------------------------------------------------------

Final statistics: 

Number of steps                    = 108
Number of residual evaluations     = 308
Number of nonlinear iterations     = 134
Number of error test failures      = 2
Number of nonlinear conv. failures = 0

Number of linear iterations        = 172
Number of linear conv. failures    = 0

Number of preconditioner setups    = 21
Number of preconditioner solves    = 308
Number of local residual evals.    = 1806

		 BACKWARD problem
-----------------------------------------------------------

Final statistics: 

Number of steps                    = 78
Number of residual evaluations     = 196
Number of nonlinear iterations     = 89
Number of error test failures      = 0
Number of nonlinear conv. failures = 0

Number of linear iterations        = 107
Number of linear conv. failures    = 0

Number of preconditioner setups    = 15
Number of preconditioner solves    = 196
Number of local residual evals.    = 1290
