[ERROR][rank 0][/mnt/d/workon/sundials/src/kinsol/kinsol.c:555][KINSol] The maximum number of iterations was reached before convergence.

ERROR: KINSol() failed -- returned -6

Solve the nonlinear system:
    3x - cos((y-1)z) - 1/2 = 0
    x^2 - 81(y-0.9)^2 + sin(z) + 1.06 = 0
    exp(-x(y-1)) + 20z + (10 pi - 3)/3 = 0
Analytic solution:
    x = 0.5
    y = 1
    z = -0.523599
Solution method: Anderson accelerated fixed point iteration.
    tolerance    = 1.38778e-15
    max iters    = 30
    m_aa         = 0
    delay_aa     = 0
    damping_aa   = 1
    damping_fp   = 1
    damping_fn   = ON
    depth_fn     = OFF
    orth routine = 0
