Predator-prey test problem -- KINSol (parallel-BBD version)

Mesh dimensions = 20 X 20
Number of species = 6
Total system size = 2400

Subgrid dimensions = 10 X 10
Processor array is 2 X 2

Flag globalstrategy = 0 (0 = None, 1 = Linesearch)
Linear solver is SPGMR with maxl = 20, maxlrst = 2
Preconditioning uses band-block-diagonal matrix from KINBBDPRE
  Difference quotient half-bandwidths: mudq = 11, mldq = 11
  Retained band block half-bandwidths: mukeep = 6, mlkeep = 6
Tolerance parameters:  fnormtol = 1e-07   scsteptol = 1e-13

Initial profile of concentration
At all mesh points:  1 1 1   30000 30000 30000


Computed equilibrium species concentrations:

At bottom left:
 1.16447 1.16447 1.16447 34933.2 34933.2 34933.2

At top right:
 1.25516 1.25516 1.25516 37652.6 37652.6 37652.6

Final Statistics..
nni    =    48    nli   =  2741
nfe    =    49    nfeSG =  2789
nps    =  2789    npe   =     6     ncfl  =    45
